Epoch 1
  [loss hits: which prototype was nearest each embedding]
    level=P2 cls=0 | coarse:7639, fine_0:3146, fine_1:3699, fine_2:1840, fine_3:6192
    level=P2 cls=1 | coarse:6530, fine_0:591, fine_1:2680, fine_2:4594, fine_3:1193
    level=P3 cls=0 | coarse:3, fine_0:7, fine_2:4, fine_3:2
    level=P3 cls=1 | coarse:643, fine_0:217, fine_1:266, fine_2:1410, fine_3:404
    level=P4 cls=1 | coarse:23, fine_0:7, fine_1:78, fine_2:96
  [fine-win rate] 26426/41264 embeddings preferred a fine proto over the coarse (64.0%)

Epoch 2
  [loss hits: which prototype was nearest each embedding]
    level=P2 cls=0 | coarse:7922, fine_0:4321, fine_1:3253, fine_2:1844, fine_3:4176
    level=P2 cls=1 | coarse:4901, fine_0:345, fine_1:4302, fine_2:5856, fine_3:364
    level=P3 cls=0 | coarse:55, fine_0:259, fine_1:37, fine_2:64, fine_3:23
    level=P3 cls=1 | coarse:731, fine_0:1, fine_1:487, fine_2:1399, fine_3:178
    level=P4 cls=1 | coarse:54, fine_0:12, fine_1:44, fine_2:86
  [fine-win rate] 27051/40714 embeddings preferred a fine proto over the coarse (66.4%)

Epoch 3
  [loss hits: which prototype was nearest each embedding]
    level=P2 cls=0 | coarse:7050, fine_0:5546, fine_1:1618, fine_2:1348, fine_3:4020
    level=P2 cls=1 | coarse:4386, fine_0:585, fine_1:3652, fine_2:6034, fine_3:571
    level=P3 cls=0 | coarse:28, fine_0:128, fine_1:136, fine_2:54, fine_3:4
    level=P3 cls=1 | coarse:1226, fine_0:21, fine_1:599, fine_2:1397, fine_3:405
    level=P4 cls=1 | coarse:13, fine_0:15, fine_1:37, fine_2:55
  [fine-win rate] 26225/38928 embeddings preferred a fine proto over the coarse (67.4%)

Epoch 4
  [loss hits: which prototype was nearest each embedding]
    level=P2 cls=0 | coarse:8926, fine_0:4888, fine_1:1432, fine_2:1238, fine_3:3800
    level=P2 cls=1 | coarse:3018, fine_0:575, fine_1:4870, fine_2:6479, fine_3:656
    level=P3 cls=0 | fine_0:1, fine_1:1
    level=P3 cls=1 | coarse:1078, fine_0:9, fine_1:433, fine_2:865, fine_3:511
    level=P4 cls=1 | coarse:1, fine_2:1
  [fine-win rate] 25759/38782 embeddings preferred a fine proto over the coarse (66.4%)

Epoch 5
  [loss hits: which prototype was nearest each embedding]
    level=P2 cls=0 | coarse:9929, fine_0:7157, fine_1:821, fine_2:879, fine_3:2462
    level=P2 cls=1 | coarse:1908, fine_0:369, fine_1:3882, fine_2:6559, fine_3:558
    level=P3 cls=0 | coarse:23, fine_0:94, fine_1:120, fine_2:31, fine_3:18
    level=P3 cls=1 | coarse:763, fine_0:17, fine_1:141, fine_2:720, fine_3:365
    level=P4 cls=1 | coarse:11, fine_0:14, fine_1:1, fine_2:26
  [fine-win rate] 24234/36868 embeddings preferred a fine proto over the coarse (65.7%)

Epoch 6
  [loss hits: which prototype was nearest each embedding]
    level=P2 cls=0 | coarse:11394, fine_0:6115, fine_1:937, fine_2:920, fine_3:2972
    level=P2 cls=1 | coarse:2961, fine_0:558, fine_1:5154, fine_2:7372, fine_3:321
    level=P3 cls=0 | coarse:24, fine_0:17, fine_1:20, fine_2:30, fine_3:9
    level=P3 cls=1 | coarse:1301, fine_0:6, fine_1:287, fine_2:1260, fine_3:386
    level=P4 cls=1 | coarse:15, fine_0:76, fine_1:12, fine_2:97
  [fine-win rate] 26549/42244 embeddings preferred a fine proto over the coarse (62.8%)

Epoch 7
  [loss hits: which prototype was nearest each embedding]
    level=P2 cls=0 | coarse:10348, fine_0:7962, fine_1:1460, fine_2:657, fine_3:1389
    level=P2 cls=1 | coarse:3484, fine_0:401, fine_1:2893, fine_2:8903, fine_3:915
    level=P3 cls=0 | coarse:5, fine_0:10, fine_1:9, fine_2:20
    level=P3 cls=1 | coarse:1473, fine_0:2, fine_1:369, fine_2:1549, fine_3:649
    level=P4 cls=1 | coarse:40, fine_0:41, fine_1:90, fine_2:84, fine_3:5
  [fine-win rate] 27408/42758 embeddings preferred a fine proto over the coarse (64.1%)

Epoch 8
  [loss hits: which prototype was nearest each embedding]
    level=P2 cls=0 | coarse:12949, fine_0:6565, fine_1:1236, fine_2:1009, fine_3:2967
    level=P2 cls=1 | coarse:2657, fine_0:289, fine_1:3513, fine_2:6458, fine_3:581
    level=P3 cls=0 | coarse:12, fine_0:19, fine_1:41, fine_2:12, fine_3:8
    level=P3 cls=1 | coarse:1145, fine_0:5, fine_1:201, fine_2:1372, fine_3:343
    level=P4 cls=1 | coarse:8, fine_0:46, fine_1:52, fine_2:2
  [fine-win rate] 24719/41490 embeddings preferred a fine proto over the coarse (59.6%)

Epoch 9
  [loss hits: which prototype was nearest each embedding]
    level=P2 cls=0 | coarse:9537, fine_0:6010, fine_1:1410, fine_2:651, fine_3:1612
    level=P2 cls=1 | coarse:1860, fine_0:347, fine_1:2590, fine_2:6303, fine_3:1190
    level=P3 cls=0 | coarse:3, fine_0:8, fine_1:15, fine_2:11, fine_3:7
    level=P3 cls=1 | coarse:933, fine_0:6, fine_1:365, fine_2:1528, fine_3:150
    level=P4 cls=1 | fine_0:1, fine_1:1
  [fine-win rate] 22205/34538 embeddings preferred a fine proto over the coarse (64.3%)

Epoch 10
  [loss hits: which prototype was nearest each embedding]
    level=P2 cls=0 | coarse:10254, fine_0:8085, fine_1:1496, fine_2:438, fine_3:2223
    level=P2 cls=1 | coarse:2628, fine_0:265, fine_1:2663, fine_2:6684, fine_3:692
    level=P3 cls=0 | coarse:57, fine_0:119, fine_1:108, fine_2:71, fine_3:23
    level=P3 cls=1 | coarse:770, fine_0:5, fine_1:124, fine_2:1049, fine_3:176
    level=P4 cls=1 | coarse:5, fine_0:49, fine_1:55, fine_2:1
  [fine-win rate] 24326/38040 embeddings preferred a fine proto over the coarse (63.9%)

Epoch 11
  [loss hits: which prototype was nearest each embedding]
    level=P2 cls=0 | coarse:9476, fine_0:6286, fine_1:1567, fine_2:356, fine_3:1987
    level=P2 cls=1 | coarse:2096, fine_0:177, fine_1:4375, fine_2:8420, fine_3:228
    level=P3 cls=0 | coarse:20, fine_0:29, fine_1:73, fine_2:29, fine_3:3
    level=P3 cls=1 | coarse:973, fine_0:5, fine_1:170, fine_2:1533, fine_3:177
    level=P4 cls=1 | coarse:40, fine_0:227, fine_1:275, fine_2:10
  [fine-win rate] 25927/38532 embeddings preferred a fine proto over the coarse (67.3%)

Epoch 12
  [loss hits: which prototype was nearest each embedding]
    level=P2 cls=0 | coarse:11666, fine_0:6524, fine_1:1416, fine_2:630, fine_3:1628
    level=P2 cls=1 | coarse:1430, fine_0:340, fine_1:2723, fine_2:4345, fine_3:376
    level=P3 cls=0 | coarse:6, fine_0:59, fine_1:77, fine_2:27, fine_3:1
    level=P3 cls=1 | coarse:1089, fine_0:6, fine_1:214, fine_2:1508, fine_3:299
    level=P4 cls=1 | coarse:39, fine_0:18, fine_1:59, fine_2:2
  [fine-win rate] 20252/34482 embeddings preferred a fine proto over the coarse (58.7%)

Epoch 13
  [loss hits: which prototype was nearest each embedding]
    level=P2 cls=0 | coarse:8596, fine_0:7278, fine_1:1260, fine_2:450, fine_3:1346
    level=P2 cls=1 | coarse:2090, fine_0:179, fine_1:4186, fine_2:7541, fine_3:538
    level=P3 cls=0 | coarse:86, fine_0:216, fine_1:212, fine_2:122, fine_3:22
    level=P3 cls=1 | coarse:1530, fine_0:6, fine_1:138, fine_2:1874, fine_3:144
    level=P4 cls=1 | coarse:1, fine_0:8, fine_1:9
  [fine-win rate] 25529/37832 embeddings preferred a fine proto over the coarse (67.5%)

Epoch 14
  [loss hits: which prototype was nearest each embedding]
    level=P2 cls=0 | coarse:8434, fine_0:6156, fine_1:1016, fine_2:311, fine_3:1071
    level=P2 cls=1 | coarse:2193, fine_0:227, fine_1:5052, fine_2:7133, fine_3:277
    level=P3 cls=0 | coarse:33, fine_0:85, fine_1:93, fine_2:57, fine_3:8
    level=P3 cls=1 | coarse:1716, fine_0:1, fine_1:186, fine_2:2497, fine_3:408
    level=P4 cls=1 | coarse:27, fine_0:28, fine_1:55
  [fine-win rate] 24661/37064 embeddings preferred a fine proto over the coarse (66.5%)

Epoch 15
  [loss hits: which prototype was nearest each embedding]
    level=P2 cls=0 | coarse:8439, fine_0:6593, fine_1:1098, fine_2:189, fine_3:959
    level=P2 cls=1 | coarse:2533, fine_0:331, fine_1:4114, fine_2:8678, fine_3:740
    level=P3 cls=0 | coarse:58, fine_0:106, fine_1:74, fine_2:98, fine_3:4
    level=P3 cls=1 | coarse:897, fine_1:256, fine_2:1322, fine_3:39
    level=P4 cls=1 | coarse:15, fine_0:41, fine_1:56
  [fine-win rate] 24698/36640 embeddings preferred a fine proto over the coarse (67.4%)

Epoch 16
  [loss hits: which prototype was nearest each embedding]
    level=P2 cls=0 | coarse:8887, fine_0:5843, fine_1:1407, fine_2:240, fine_3:1249
    level=P2 cls=1 | coarse:2067, fine_0:286, fine_1:5385, fine_2:10544, fine_3:486
    level=P3 cls=0 | coarse:18, fine_0:47, fine_1:24, fine_2:20, fine_3:3
    level=P3 cls=1 | coarse:879, fine_0:6, fine_1:325, fine_2:1311, fine_3:229
    level=P4 cls=1 | coarse:8, fine_0:56, fine_1:63, fine_2:1
  [fine-win rate] 27525/39384 embeddings preferred a fine proto over the coarse (69.9%)

Epoch 17
  [loss hits: which prototype was nearest each embedding]
    level=P2 cls=0 | coarse:9832, fine_0:7565, fine_1:2048, fine_2:257, fine_3:910
    level=P2 cls=1 | coarse:1585, fine_0:181, fine_1:4404, fine_2:10615, fine_3:247
    level=P3 cls=0 | coarse:6, fine_0:4, fine_1:1, fine_2:8, fine_3:1
    level=P3 cls=1 | coarse:572, fine_0:1, fine_1:622, fine_2:1422, fine_3:221
    level=P4 cls=1 | coarse:23, fine_0:11, fine_1:34
  [fine-win rate] 28552/40570 embeddings preferred a fine proto over the coarse (70.4%)

Epoch 18
  [loss hits: which prototype was nearest each embedding]
    level=P2 cls=0 | coarse:10883, fine_0:8062, fine_1:1013, fine_2:288, fine_3:1492
    level=P2 cls=1 | coarse:1563, fine_0:247, fine_1:6196, fine_2:8495, fine_3:277
    level=P3 cls=0 | coarse:23, fine_0:33, fine_1:24, fine_2:24, fine_3:8
    level=P3 cls=1 | coarse:851, fine_0:1, fine_1:659, fine_2:2005, fine_3:226
    level=P4 cls=1 | coarse:1, fine_0:2, fine_1:3
  [fine-win rate] 29055/42376 embeddings preferred a fine proto over the coarse (68.6%)

Epoch 19
  [loss hits: which prototype was nearest each embedding]
    level=P2 cls=0 | coarse:8730, fine_0:6275, fine_1:1520, fine_2:215, fine_3:820
    level=P2 cls=1 | coarse:1035, fine_0:211, fine_1:3142, fine_2:6140, fine_3:246
    level=P3 cls=0 | coarse:2, fine_0:2, fine_1:1, fine_2:4, fine_3:1
    level=P3 cls=1 | coarse:761, fine_0:4, fine_1:649, fine_2:1437, fine_3:83
    level=P4 cls=1 | coarse:5, fine_0:1, fine_1:6
  [fine-win rate] 20757/31290 embeddings preferred a fine proto over the coarse (66.3%)

Epoch 20
  [loss hits: which prototype was nearest each embedding]
    level=P2 cls=0 | coarse:10526, fine_0:5399, fine_1:1214, fine_2:228, fine_3:1295
    level=P2 cls=1 | coarse:1205, fine_0:356, fine_1:4521, fine_2:7974, fine_3:134
    level=P3 cls=0 | coarse:6, fine_0:11, fine_1:8, fine_2:5
    level=P3 cls=1 | coarse:1263, fine_0:6, fine_1:782, fine_2:2195, fine_3:52
    level=P4 cls=1 | coarse:1, fine_1:1
  [fine-win rate] 24181/37182 embeddings preferred a fine proto over the coarse (65.0%)

Epoch 21
  [loss hits: which prototype was nearest each embedding]
    level=P2 cls=0 | coarse:12233, fine_0:8723, fine_1:1465, fine_2:263, fine_3:1282
    level=P2 cls=1 | coarse:1730, fine_0:135, fine_1:5036, fine_2:9228, fine_3:301
    level=P3 cls=0 | coarse:18, fine_0:24, fine_1:60, fine_2:20, fine_3:2
    level=P3 cls=1 | coarse:670, fine_0:3, fine_1:1500, fine_2:2333, fine_3:76
    level=P4 cls=1 | coarse:2, fine_0:1, fine_1:3
  [fine-win rate] 30455/45108 embeddings preferred a fine proto over the coarse (67.5%)

Epoch 22
  [loss hits: which prototype was nearest each embedding]
    level=P2 cls=0 | coarse:9495, fine_0:5964, fine_1:1871, fine_2:170, fine_3:808
    level=P2 cls=1 | coarse:970, fine_0:181, fine_1:3767, fine_2:7025, fine_3:205
    level=P3 cls=0 | coarse:21, fine_0:9, fine_1:31, fine_2:12, fine_3:1
    level=P3 cls=1 | coarse:893, fine_0:1, fine_1:641, fine_2:1730, fine_3:67
    level=P4 cls=1 | coarse:2, fine_0:3, fine_1:5
  [fine-win rate] 22491/33872 embeddings preferred a fine proto over the coarse (66.4%)

Epoch 23
  [loss hits: which prototype was nearest each embedding]
    level=P2 cls=0 | coarse:9202, fine_0:6365, fine_1:1036, fine_2:214, fine_3:543
    level=P2 cls=1 | coarse:1663, fine_0:241, fine_1:3341, fine_2:8040, fine_3:329
    level=P3 cls=0 | coarse:2, fine_0:2, fine_1:2, fine_2:4, fine_3:2
    level=P3 cls=1 | coarse:448, fine_0:1, fine_1:508, fine_2:1031, fine_3:24
    level=P4 cls=1 | coarse:15, fine_0:16, fine_1:35
  [fine-win rate] 21734/33064 embeddings preferred a fine proto over the coarse (65.7%)

Epoch 24
  [loss hits: which prototype was nearest each embedding]
    level=P2 cls=0 | coarse:10633, fine_0:5985, fine_1:1318, fine_2:178, fine_3:1186
    level=P2 cls=1 | coarse:1020, fine_0:134, fine_1:2249, fine_2:6166, fine_3:235
    level=P3 cls=0 | coarse:46, fine_0:164, fine_1:49, fine_2:60, fine_3:1
    level=P3 cls=1 | coarse:300, fine_1:866, fine_2:1215, fine_3:67
    level=P4 cls=1 | coarse:5, fine_0:1, fine_1:7, fine_2:1
  [fine-win rate] 19882/31886 embeddings preferred a fine proto over the coarse (62.4%)

Epoch 25
  [loss hits: which prototype was nearest each embedding]
    level=P2 cls=0 | coarse:13158, fine_0:8787, fine_1:1707, fine_2:178, fine_3:1222
    level=P2 cls=1 | coarse:2202, fine_0:179, fine_1:6081, fine_2:9309, fine_3:531
    level=P3 cls=0 | coarse:33, fine_0:121, fine_1:36, fine_2:28, fine_3:4
    level=P3 cls=1 | coarse:914, fine_0:6, fine_1:880, fine_2:1884, fine_3:70
    level=P4 cls=1 | fine_0:36, fine_1:36
  [fine-win rate] 31095/47402 embeddings preferred a fine proto over the coarse (65.6%)

Epoch 26
  [loss hits: which prototype was nearest each embedding]
    level=P2 cls=0 | coarse:9929, fine_0:6715, fine_1:1772, fine_2:103, fine_3:505
    level=P2 cls=1 | coarse:970, fine_0:147, fine_1:3421, fine_2:6114, fine_3:106
    level=P3 cls=0 | coarse:87, fine_0:173, fine_1:21, fine_2:79, fine_3:6
    level=P3 cls=1 | coarse:950, fine_1:710, fine_2:1933, fine_3:61
    level=P4 cls=1 | fine_0:1, fine_1:1
  [fine-win rate] 21868/33804 embeddings preferred a fine proto over the coarse (64.7%)

Epoch 27
  [loss hits: which prototype was nearest each embedding]
    level=P2 cls=0 | coarse:9273, fine_0:5650, fine_1:1094, fine_2:160, fine_3:1177
    level=P2 cls=1 | coarse:970, fine_0:143, fine_1:2398, fine_2:6171, fine_3:128
    level=P3 cls=0 | coarse:26, fine_0:7, fine_1:52, fine_2:19, fine_3:2
    level=P3 cls=1 | coarse:637, fine_1:917, fine_2:1719, fine_3:19
    level=P4 cls=1 | coarse:6, fine_0:2, fine_1:8
  [fine-win rate] 19666/30578 embeddings preferred a fine proto over the coarse (64.3%)

Epoch 28
  [loss hits: which prototype was nearest each embedding]
    level=P2 cls=0 | coarse:12358, fine_0:6369, fine_1:1428, fine_2:222, fine_3:1743
    level=P2 cls=1 | coarse:1541, fine_0:307, fine_1:4170, fine_2:6718, fine_3:204
    level=P3 cls=0 | coarse:7, fine_0:8, fine_1:14, fine_2:9, fine_3:2
    level=P3 cls=1 | coarse:596, fine_1:794, fine_2:1472, fine_3:78
    level=P4 cls=1 | coarse:17, fine_0:87, fine_1:102, fine_2:2
  [fine-win rate] 23729/38248 embeddings preferred a fine proto over the coarse (62.0%)

Epoch 29
  [loss hits: which prototype was nearest each embedding]
    level=P2 cls=0 | coarse:10724, fine_0:5452, fine_1:2112, fine_2:114, fine_3:560
    level=P2 cls=1 | coarse:1229, fine_0:233, fine_1:2850, fine_2:6494, fine_3:282
    level=P3 cls=0 | coarse:67, fine_0:47, fine_1:78, fine_2:31, fine_3:1
    level=P3 cls=1 | coarse:548, fine_1:720, fine_2:1338, fine_3:44
    level=P4 cls=1 | coarse:47, fine_0:20, fine_1:67
  [fine-win rate] 20443/33058 embeddings preferred a fine proto over the coarse (61.8%)

Epoch 30
  [loss hits: which prototype was nearest each embedding]
    level=P2 cls=0 | coarse:9248, fine_0:6029, fine_1:2020, fine_2:74, fine_3:619
    level=P2 cls=1 | coarse:1277, fine_0:205, fine_1:3496, fine_2:8018, fine_3:394
    level=P3 cls=0 | coarse:32, fine_0:21, fine_1:56, fine_2:35
    level=P3 cls=1 | coarse:759, fine_1:1263, fine_2:2124, fine_3:56
    level=P4 cls=1 | coarse:63, fine_0:17, fine_1:80
  [fine-win rate] 24507/35886 embeddings preferred a fine proto over the coarse (68.3%)

Epoch 31
  [loss hits: which prototype was nearest each embedding]
    level=P2 cls=0 | coarse:10510, fine_0:6753, fine_1:2134, fine_2:116, fine_3:803
    level=P2 cls=1 | coarse:1600, fine_0:103, fine_1:3926, fine_2:8973, fine_3:246
    level=P3 cls=0 | coarse:56, fine_0:37, fine_1:34, fine_2:27, fine_3:6
    level=P3 cls=1 | coarse:607, fine_1:691, fine_2:1328, fine_3:60
    level=P4 cls=1 | coarse:17, fine_0:8, fine_1:26, fine_2:5
  [fine-win rate] 25276/38066 embeddings preferred a fine proto over the coarse (66.4%)

Epoch 32
  [loss hits: which prototype was nearest each embedding]
    level=P2 cls=0 | coarse:8989, fine_0:3617, fine_1:1546, fine_2:110, fine_3:1048
    level=P2 cls=1 | coarse:1526, fine_0:56, fine_1:2857, fine_2:6290, fine_3:215
    level=P3 cls=0 | coarse:238, fine_0:285, fine_1:67, fine_2:118, fine_3:2
    level=P3 cls=1 | coarse:523, fine_0:3, fine_1:644, fine_2:1214, fine_3:38
    level=P4 cls=1 | coarse:17, fine_0:60, fine_1:78, fine_2:1
  [fine-win rate] 18249/29542 embeddings preferred a fine proto over the coarse (61.8%)

Epoch 33
  [loss hits: which prototype was nearest each embedding]
    level=P2 cls=0 | coarse:13397, fine_0:5167, fine_1:2146, fine_2:107, fine_3:1227
    level=P2 cls=1 | coarse:1508, fine_0:220, fine_1:5755, fine_2:11668, fine_3:239
    level=P3 cls=0 | coarse:14, fine_0:6, fine_1:17, fine_2:14, fine_3:1
    level=P3 cls=1 | coarse:519, fine_1:954, fine_2:1552, fine_3:99
    level=P4 cls=1 | coarse:5, fine_0:3, fine_1:8
  [fine-win rate] 29183/44626 embeddings preferred a fine proto over the coarse (65.4%)

Epoch 34
  [loss hits: which prototype was nearest each embedding]
    level=P2 cls=0 | coarse:11592, fine_0:6640, fine_1:1297, fine_2:94, fine_3:1203
    level=P2 cls=1 | coarse:1541, fine_0:170, fine_1:4005, fine_2:9249, fine_3:255
    level=P3 cls=0 | coarse:12, fine_0:6, fine_1:24, fine_2:16
    level=P3 cls=1 | coarse:362, fine_0:4, fine_1:1413, fine_2:1807, fine_3:28
    level=P4 cls=1 | coarse:23, fine_0:23, fine_1:52, fine_2:6
  [fine-win rate] 26292/39822 embeddings preferred a fine proto over the coarse (66.0%)

Epoch 35
  [loss hits: which prototype was nearest each embedding]
    level=P2 cls=0 | coarse:9054, fine_0:5004, fine_1:2100, fine_2:128, fine_3:1022
    level=P2 cls=1 | coarse:1229, fine_0:105, fine_1:3848, fine_2:10647, fine_3:201
    level=P3 cls=0 | coarse:43, fine_0:5, fine_1:63, fine_2:20, fine_3:1
    level=P3 cls=1 | coarse:557, fine_1:1088, fine_2:1795, fine_3:32
    level=P4 cls=1 | coarse:66, fine_0:64, fine_1:133, fine_2:3
  [fine-win rate] 26259/37208 embeddings preferred a fine proto over the coarse (70.6%)

Epoch 36
  [loss hits: which prototype was nearest each embedding]
    level=P2 cls=0 | coarse:9701, fine_0:6525, fine_1:1342, fine_2:90, fine_3:734
    level=P2 cls=1 | coarse:1557, fine_0:310, fine_1:5624, fine_2:12036, fine_3:115
    level=P3 cls=0 | coarse:23, fine_0:29, fine_1:36, fine_2:13, fine_3:1
    level=P3 cls=1 | coarse:412, fine_1:1084, fine_2:1590, fine_3:40
    level=P4 cls=1 | coarse:43, fine_0:17, fine_1:60
  [fine-win rate] 29646/41382 embeddings preferred a fine proto over the coarse (71.6%)

Epoch 37
  [loss hits: which prototype was nearest each embedding]
    level=P2 cls=0 | coarse:14715, fine_0:8118, fine_1:2268, fine_2:157, fine_3:1476
    level=P2 cls=1 | coarse:1452, fine_0:127, fine_1:4431, fine_2:10464, fine_3:154
    level=P3 cls=0 | coarse:14, fine_0:24, fine_1:21, fine_2:30, fine_3:1
    level=P3 cls=1 | coarse:306, fine_0:1, fine_1:1125, fine_2:1477, fine_3:27
    level=P4 cls=1 | coarse:22, fine_0:8, fine_1:31, fine_2:1
  [fine-win rate] 29941/46450 embeddings preferred a fine proto over the coarse (64.5%)

Epoch 38
  [loss hits: which prototype was nearest each embedding]
    level=P2 cls=0 | coarse:9431, fine_0:4474, fine_1:1367, fine_2:109, fine_3:1365
    level=P2 cls=1 | coarse:1304, fine_0:145, fine_1:2492, fine_2:7133, fine_3:166
    level=P3 cls=0 | coarse:83, fine_0:129, fine_1:30, fine_2:59, fine_3:1
    level=P3 cls=1 | coarse:253, fine_0:1, fine_1:840, fine_2:1115, fine_3:15
    level=P4 cls=1 | coarse:5, fine_0:6, fine_1:11
  [fine-win rate] 19458/30534 embeddings preferred a fine proto over the coarse (63.7%)

Epoch 39
  [loss hits: which prototype was nearest each embedding]
    level=P2 cls=0 | coarse:10890, fine_0:6215, fine_1:1914, fine_2:148, fine_3:719
    level=P2 cls=1 | coarse:1233, fine_0:141, fine_1:2036, fine_2:7463, fine_3:73
    level=P3 cls=0 | coarse:30, fine_0:14, fine_1:42, fine_2:21, fine_3:3
    level=P3 cls=1 | coarse:432, fine_0:1, fine_1:1146, fine_2:1670, fine_3:35
    level=P4 cls=1 | coarse:17, fine_0:1, fine_1:18
  [fine-win rate] 21660/34262 embeddings preferred a fine proto over the coarse (63.2%)

Epoch 40
  [loss hits: which prototype was nearest each embedding]
    level=P2 cls=0 | coarse:12381, fine_0:7281, fine_1:1777, fine_2:130, fine_3:841
    level=P2 cls=1 | coarse:1388, fine_0:148, fine_1:3244, fine_2:8210, fine_3:156
    level=P3 cls=0 | coarse:45, fine_0:69, fine_1:16, fine_2:41, fine_3:1
    level=P3 cls=1 | coarse:209, fine_1:1155, fine_2:1465, fine_3:47
    level=P4 cls=1 | coarse:12, fine_0:68, fine_1:105, fine_2:1
  [fine-win rate] 24755/38790 embeddings preferred a fine proto over the coarse (63.8%)

Epoch 41
  [loss hits: which prototype was nearest each embedding]
    level=P2 cls=0 | coarse:7170, fine_0:2641, fine_1:2499, fine_2:73, fine_3:729
    level=P2 cls=1 | coarse:1139, fine_0:172, fine_1:2433, fine_2:4668, fine_3:156
    level=P3 cls=0 | coarse:31, fine_0:123, fine_1:112, fine_2:116
    level=P3 cls=1 | coarse:216, fine_1:1252, fine_2:1506, fine_3:16
    level=P4 cls=1 | coarse:22, fine_0:33, fine_1:55
  [fine-win rate] 16584/25162 embeddings preferred a fine proto over the coarse (65.9%)

Epoch 42
  [loss hits: which prototype was nearest each embedding]
    level=P2 cls=0 | coarse:7608, fine_0:1958, fine_1:2713, fine_2:126, fine_3:1319
    level=P2 cls=1 | coarse:841, fine_0:218, fine_1:2930, fine_2:3942, fine_3:87
    level=P3 cls=0 | coarse:92, fine_0:132, fine_1:46, fine_2:47, fine_3:3
    level=P3 cls=1 | coarse:353, fine_1:1178, fine_2:1566, fine_3:45
    level=P4 cls=1 | coarse:23, fine_0:5, fine_1:28
  [fine-win rate] 16343/25260 embeddings preferred a fine proto over the coarse (64.7%)

Epoch 43
  [loss hits: which prototype was nearest each embedding]
    level=P2 cls=0 | coarse:8421, fine_0:2645, fine_1:1954, fine_2:88, fine_3:778
    level=P2 cls=1 | coarse:800, fine_0:86, fine_1:2386, fine_2:5013, fine_3:99
    level=P3 cls=0 | coarse:1, fine_0:2, fine_1:1, fine_2:2
    level=P3 cls=1 | coarse:403, fine_1:991, fine_2:1487, fine_3:79
    level=P4 cls=1 | coarse:37, fine_0:33, fine_1:70
  [fine-win rate] 15714/25376 embeddings preferred a fine proto over the coarse (61.9%)

Epoch 44
  [loss hits: which prototype was nearest each embedding]
    level=P2 cls=0 | coarse:6819, fine_0:2556, fine_1:1919, fine_2:101, fine_3:989
    level=P2 cls=1 | coarse:863, fine_0:82, fine_1:2261, fine_2:4702, fine_3:66
    level=P3 cls=0 | coarse:128, fine_0:127, fine_1:39, fine_2:90
    level=P3 cls=1 | coarse:422, fine_1:1086, fine_2:1533, fine_3:29
    level=P4 cls=1 | coarse:79, fine_0:47, fine_1:126
  [fine-win rate] 15753/24064 embeddings preferred a fine proto over the coarse (65.5%)

Epoch 45
  [loss hits: which prototype was nearest each embedding]
    level=P2 cls=0 | coarse:7398, fine_0:3027, fine_1:1406, fine_2:71, fine_3:894
    level=P2 cls=1 | coarse:801, fine_0:182, fine_1:2453, fine_2:4925, fine_3:101
    level=P3 cls=0 | coarse:122, fine_0:120, fine_1:100, fine_2:72, fine_3:2
    level=P3 cls=1 | coarse:492, fine_0:2, fine_1:936, fine_2:1447, fine_3:45
    level=P4 cls=1 | coarse:63, fine_0:55, fine_1:118
  [fine-win rate] 15956/24832 embeddings preferred a fine proto over the coarse (64.3%)

Epoch 46
  [loss hits: which prototype was nearest each embedding]
    level=P2 cls=0 | coarse:7501, fine_0:3667, fine_1:1405, fine_2:78, fine_3:763
    level=P2 cls=1 | coarse:612, fine_0:124, fine_1:2421, fine_2:4946, fine_3:65
    level=P3 cls=0 | coarse:9, fine_0:20, fine_1:12, fine_2:14, fine_3:1
    level=P3 cls=1 | coarse:463, fine_0:1, fine_1:967, fine_2:1491, fine_3:8
    level=P4 cls=1 | coarse:71, fine_0:13, fine_1:84
  [fine-win rate] 16080/24736 embeddings preferred a fine proto over the coarse (65.0%)

Epoch 47
  [loss hits: which prototype was nearest each embedding]
    level=P2 cls=0 | coarse:7747, fine_0:3002, fine_1:1608, fine_2:78, fine_3:781
    level=P2 cls=1 | coarse:823, fine_0:93, fine_1:2084, fine_2:4178, fine_3:80
    level=P3 cls=0 | coarse:94, fine_0:92, fine_1:65, fine_2:58, fine_3:3
    level=P3 cls=1 | coarse:710, fine_0:1, fine_1:960, fine_2:1778, fine_3:45
    level=P4 cls=1 | coarse:35, fine_0:44, fine_1:81
  [fine-win rate] 15031/24440 embeddings preferred a fine proto over the coarse (61.5%)

Epoch 48
  [loss hits: which prototype was nearest each embedding]
    level=P2 cls=0 | coarse:8680, fine_0:2843, fine_1:1644, fine_2:88, fine_3:977
    level=P2 cls=1 | coarse:839, fine_0:214, fine_1:2356, fine_2:4443, fine_3:94
    level=P3 cls=0 | coarse:31, fine_0:78, fine_1:27, fine_2:88, fine_3:4
    level=P3 cls=1 | coarse:796, fine_0:2, fine_1:831, fine_2:1737, fine_3:68
    level=P4 cls=1 | coarse:49, fine_0:40, fine_1:89
  [fine-win rate] 15623/26018 embeddings preferred a fine proto over the coarse (60.0%)

Epoch 49
  [loss hits: which prototype was nearest each embedding]
    level=P2 cls=0 | coarse:7694, fine_0:2893, fine_1:1601, fine_2:78, fine_3:618
    level=P2 cls=1 | coarse:678, fine_0:96, fine_1:2145, fine_2:4918, fine_3:69
    level=P3 cls=0 | coarse:119, fine_0:105, fine_1:92, fine_2:56, fine_3:2
    level=P3 cls=1 | coarse:426, fine_0:2, fine_1:1116, fine_2:1576, fine_3:30
    level=P4 cls=1 | fine_0:1, fine_1:1
  [fine-win rate] 15399/24316 embeddings preferred a fine proto over the coarse (63.3%)

Epoch 50
  [loss hits: which prototype was nearest each embedding]
    level=P2 cls=0 | coarse:7650, fine_0:3358, fine_1:1758, fine_2:125, fine_3:881
    level=P2 cls=1 | coarse:864, fine_0:140, fine_1:1969, fine_2:5363, fine_3:86
    level=P3 cls=0 | coarse:123, fine_0:128, fine_1:41, fine_2:66, fine_3:4
    level=P3 cls=1 | coarse:385, fine_1:838, fine_2:1241, fine_3:26
    level=P4 cls=1 | coarse:89, fine_0:94, fine_1:185
  [fine-win rate] 16303/25414 embeddings preferred a fine proto over the coarse (64.1%)

