Epoch 1
  [loss hits: which prototype was nearest each embedding]
    level=P2 cls=0 | coarse:1211, fine_0:382, fine_1:5306, fine_2:207, fine_3:219
    level=P2 cls=1 | coarse:1471, fine_0:51, fine_1:5683, fine_2:701, fine_3:798
    level=P3 cls=0 | coarse:88, fine_0:696, fine_1:18, fine_2:17, fine_3:137
    level=P3 cls=1 | coarse:1825, fine_0:688, fine_1:454, fine_2:3509, fine_3:102
    level=P4 cls=0 | coarse:7, fine_0:1, fine_1:1
    level=P4 cls=1 | coarse:715, fine_0:455, fine_1:220
  [fine-win rate] 19645/24962 embeddings preferred a fine proto over the coarse (78.7%)

Epoch 2
  [loss hits: which prototype was nearest each embedding]
    level=P2 cls=0 | coarse:1795, fine_0:375, fine_1:4336, fine_2:1274, fine_3:675
    level=P2 cls=1 | coarse:74, fine_0:121, fine_1:7756, fine_2:210, fine_3:9
    level=P3 cls=0 | coarse:69, fine_0:833, fine_1:49, fine_2:5, fine_3:9
    level=P3 cls=1 | coarse:3963, fine_0:18, fine_1:380, fine_2:2304, fine_3:37
    level=P4 cls=0 | coarse:6
    level=P4 cls=1 | coarse:832, fine_0:453, fine_1:4
  [fine-win rate] 18848/25587 embeddings preferred a fine proto over the coarse (73.7%)

Epoch 3
  [loss hits: which prototype was nearest each embedding]
    level=P2 cls=0 | coarse:1888, fine_0:522, fine_1:1370, fine_2:2764, fine_3:302
    level=P2 cls=1 | coarse:15, fine_0:134, fine_1:8062, fine_2:29, fine_3:2
    level=P3 cls=0 | coarse:276, fine_0:392, fine_1:248, fine_2:9
    level=P3 cls=1 | coarse:4400, fine_0:7, fine_1:1867, fine_2:487, fine_3:29
    level=P4 cls=0 | coarse:33
    level=P4 cls=1 | coarse:677, fine_0:601
  [fine-win rate] 16825/24114 embeddings preferred a fine proto over the coarse (69.8%)

Epoch 4
  [loss hits: which prototype was nearest each embedding]
    level=P2 cls=0 | coarse:2095, fine_0:186, fine_1:665, fine_2:3310, fine_3:175
    level=P2 cls=1 | coarse:4, fine_0:106, fine_1:7705, fine_2:1, fine_3:4
    level=P3 cls=0 | coarse:546, fine_0:261, fine_1:379, fine_2:3, fine_3:6
    level=P3 cls=1 | coarse:3029, fine_0:15, fine_1:3760, fine_2:292, fine_3:21
    level=P4 cls=0 | coarse:20
    level=P4 cls=1 | coarse:1292, fine_0:179, fine_1:1
  [fine-win rate] 17069/24055 embeddings preferred a fine proto over the coarse (71.0%)

Epoch 5
  [loss hits: which prototype was nearest each embedding]
    level=P2 cls=0 | coarse:3245, fine_0:347, fine_1:2005, fine_2:2294, fine_3:219
    level=P2 cls=1 | coarse:8, fine_0:42, fine_1:7748, fine_3:1
    level=P3 cls=0 | coarse:436, fine_0:175, fine_1:440, fine_2:6, fine_3:5
    level=P3 cls=1 | coarse:2880, fine_0:15, fine_1:3925, fine_2:185, fine_3:24
    level=P4 cls=0 | coarse:6
    level=P4 cls=1 | coarse:1242, fine_0:83
  [fine-win rate] 17514/25331 embeddings preferred a fine proto over the coarse (69.1%)

Epoch 6
  [loss hits: which prototype was nearest each embedding]
    level=P2 cls=0 | coarse:3814, fine_0:347, fine_1:1799, fine_2:1026, fine_3:132
    level=P2 cls=1 | coarse:2, fine_0:88, fine_1:7640
    level=P3 cls=0 | coarse:315, fine_0:229, fine_1:310, fine_3:9
    level=P3 cls=1 | coarse:2565, fine_0:3, fine_1:4688, fine_2:227, fine_3:10
    level=P4 cls=0 | coarse:28, fine_2:2
    level=P4 cls=1 | coarse:1492, fine_0:71, fine_1:1
  [fine-win rate] 16582/24798 embeddings preferred a fine proto over the coarse (66.9%)

Epoch 7
  [loss hits: which prototype was nearest each embedding]
    level=P2 cls=0 | coarse:4512, fine_0:478, fine_1:1587, fine_2:492, fine_3:170
    level=P2 cls=1 | fine_0:37, fine_1:7544
    level=P3 cls=0 | coarse:521, fine_0:241, fine_1:441, fine_2:6, fine_3:4
    level=P3 cls=1 | coarse:1976, fine_0:11, fine_1:5069, fine_2:161, fine_3:10
    level=P4 cls=0 | coarse:19
    level=P4 cls=1 | coarse:1475, fine_0:45
  [fine-win rate] 16296/24799 embeddings preferred a fine proto over the coarse (65.7%)

Epoch 8
  [loss hits: which prototype was nearest each embedding]
    level=P2 cls=0 | coarse:5597, fine_0:493, fine_1:1567, fine_2:315, fine_3:154
    level=P2 cls=1 | coarse:1, fine_0:52, fine_1:9222, fine_2:3, fine_3:1
    level=P3 cls=0 | coarse:463, fine_0:209, fine_1:467, fine_2:6, fine_3:4
    level=P3 cls=1 | coarse:2080, fine_0:3, fine_1:4322, fine_2:178, fine_3:13
    level=P4 cls=0 | coarse:8
    level=P4 cls=1 | coarse:1311, fine_0:21
  [fine-win rate] 17030/26490 embeddings preferred a fine proto over the coarse (64.3%)

Epoch 9
  [loss hits: which prototype was nearest each embedding]
    level=P2 cls=0 | coarse:4574, fine_0:327, fine_1:2028, fine_2:303, fine_3:154
    level=P2 cls=1 | coarse:2, fine_0:44, fine_1:7671, fine_2:2
    level=P3 cls=0 | coarse:384, fine_0:310, fine_1:214, fine_2:7, fine_3:5
    level=P3 cls=1 | coarse:1828, fine_0:5, fine_1:5428, fine_2:195, fine_3:22
    level=P4 cls=0 | coarse:35
    level=P4 cls=1 | coarse:1690, fine_0:42
  [fine-win rate] 16757/25270 embeddings preferred a fine proto over the coarse (66.3%)

Epoch 10
  [loss hits: which prototype was nearest each embedding]
    level=P2 cls=0 | coarse:5680, fine_0:531, fine_1:1443, fine_2:306, fine_3:71
    level=P2 cls=1 | coarse:1, fine_0:37, fine_1:7542, fine_3:1
    level=P3 cls=0 | coarse:622, fine_0:275, fine_1:307, fine_2:3, fine_3:2
    level=P3 cls=1 | coarse:1677, fine_0:7, fine_1:5181, fine_2:184, fine_3:13
    level=P4 cls=0 | coarse:7, fine_0:1
    level=P4 cls=1 | coarse:1466, fine_0:14
  [fine-win rate] 15918/25371 embeddings preferred a fine proto over the coarse (62.7%)

Epoch 11
  [loss hits: which prototype was nearest each embedding]
    level=P2 cls=0 | coarse:4822, fine_0:393, fine_1:1374, fine_2:227, fine_3:89
    level=P2 cls=1 | coarse:6, fine_0:48, fine_1:8233, fine_2:1, fine_3:10
    level=P3 cls=0 | coarse:320, fine_0:425, fine_1:243, fine_2:5, fine_3:8
    level=P3 cls=1 | coarse:2000, fine_0:7, fine_1:4453, fine_2:195, fine_3:13
    level=P4 cls=0 | coarse:24
    level=P4 cls=1 | coarse:1748, fine_0:26
  [fine-win rate] 15750/24670 embeddings preferred a fine proto over the coarse (63.8%)

Epoch 12
  [loss hits: which prototype was nearest each embedding]
    level=P2 cls=0 | coarse:5474, fine_0:504, fine_1:1535, fine_2:160, fine_3:75
    level=P2 cls=1 | fine_0:43, fine_1:6640
    level=P3 cls=0 | coarse:451, fine_0:282, fine_1:233, fine_2:2, fine_3:3
    level=P3 cls=1 | coarse:1535, fine_0:8, fine_1:4548, fine_2:248, fine_3:15
    level=P4 cls=0 | coarse:10
    level=P4 cls=1 | coarse:1339, fine_0:5
  [fine-win rate] 14301/23110 embeddings preferred a fine proto over the coarse (61.9%)

Epoch 13
  [loss hits: which prototype was nearest each embedding]
    level=P2 cls=0 | coarse:5137, fine_0:364, fine_1:1323, fine_2:80, fine_3:74
    level=P2 cls=1 | coarse:10, fine_0:47, fine_1:6751, fine_3:4
    level=P3 cls=0 | coarse:476, fine_0:324, fine_1:287, fine_2:3, fine_3:9
    level=P3 cls=1 | coarse:1492, fine_0:9, fine_1:5291, fine_2:275, fine_3:8
    level=P4 cls=0 | coarse:34
    level=P4 cls=1 | coarse:1523, fine_0:11, fine_1:1
  [fine-win rate] 14861/23533 embeddings preferred a fine proto over the coarse (63.1%)

Epoch 14
  [loss hits: which prototype was nearest each embedding]
    level=P2 cls=0 | coarse:5159, fine_0:481, fine_1:1157, fine_2:88, fine_3:101
    level=P2 cls=1 | coarse:2, fine_0:28, fine_1:7402, fine_3:2
    level=P3 cls=0 | coarse:477, fine_0:327, fine_1:198, fine_2:1, fine_3:4
    level=P3 cls=1 | coarse:1780, fine_0:4, fine_1:5224, fine_2:173, fine_3:3
    level=P4 cls=0 | coarse:42
    level=P4 cls=1 | coarse:1250, fine_0:18
  [fine-win rate] 15211/23921 embeddings preferred a fine proto over the coarse (63.6%)

Epoch 15
  [loss hits: which prototype was nearest each embedding]
    level=P2 cls=0 | coarse:4403, fine_0:511, fine_1:1595, fine_2:119, fine_3:81
    level=P2 cls=1 | coarse:1, fine_0:31, fine_1:8209, fine_2:2, fine_3:2
    level=P3 cls=0 | coarse:635, fine_0:552, fine_1:221, fine_2:5, fine_3:8
    level=P3 cls=1 | coarse:1248, fine_0:2, fine_1:5311, fine_2:179, fine_3:13
    level=P4 cls=0 | coarse:35
    level=P4 cls=1 | coarse:1354, fine_0:8, fine_1:1
  [fine-win rate] 16850/24526 embeddings preferred a fine proto over the coarse (68.7%)

Epoch 16
  [loss hits: which prototype was nearest each embedding]
    level=P2 cls=0 | coarse:4627, fine_0:497, fine_1:1517, fine_2:159, fine_3:53
    level=P2 cls=1 | coarse:7, fine_0:71, fine_1:8665, fine_2:1, fine_3:6
    level=P3 cls=0 | coarse:620, fine_0:425, fine_1:123, fine_2:3, fine_3:3
    level=P3 cls=1 | coarse:1264, fine_0:4, fine_1:5823, fine_2:185, fine_3:13
    level=P4 cls=0 | coarse:11
    level=P4 cls=1 | coarse:1732, fine_0:9, fine_1:1
  [fine-win rate] 17558/25819 embeddings preferred a fine proto over the coarse (68.0%)

Epoch 17
  [loss hits: which prototype was nearest each embedding]
    level=P2 cls=0 | coarse:5393, fine_0:565, fine_1:1709, fine_2:97, fine_3:53
    level=P2 cls=1 | coarse:1, fine_0:11, fine_1:8583, fine_3:2
    level=P3 cls=0 | coarse:520, fine_0:241, fine_1:166, fine_2:4, fine_3:3
    level=P3 cls=1 | coarse:1365, fine_0:6, fine_1:5542, fine_2:175, fine_3:5
    level=P4 cls=0 | coarse:29
    level=P4 cls=1 | coarse:1303, fine_0:39
  [fine-win rate] 17201/25812 embeddings preferred a fine proto over the coarse (66.6%)

Epoch 18
  [loss hits: which prototype was nearest each embedding]
    level=P2 cls=0 | coarse:4663, fine_0:566, fine_1:2155, fine_2:47, fine_3:33
    level=P2 cls=1 | coarse:2, fine_0:23, fine_1:7134, fine_2:1, fine_3:3
    level=P3 cls=0 | coarse:458, fine_0:523, fine_1:87, fine_2:4, fine_3:6
    level=P3 cls=1 | coarse:1331, fine_0:2, fine_1:6116, fine_2:185, fine_3:6
    level=P4 cls=0 | coarse:21, fine_2:10
    level=P4 cls=1 | coarse:1216, fine_0:149
  [fine-win rate] 17050/24741 embeddings preferred a fine proto over the coarse (68.9%)

Epoch 19
  [loss hits: which prototype was nearest each embedding]
    level=P2 cls=0 | coarse:4075, fine_0:406, fine_1:1794, fine_2:44, fine_3:33
    level=P2 cls=1 | coarse:2, fine_0:5, fine_1:7674, fine_2:1
    level=P3 cls=0 | coarse:506, fine_0:382, fine_1:146, fine_2:1, fine_3:2
    level=P3 cls=1 | coarse:1172, fine_0:4, fine_1:5756, fine_2:137, fine_3:4
    level=P4 cls=0 | coarse:16
    level=P4 cls=1 | coarse:1495, fine_0:27, fine_1:1
  [fine-win rate] 16417/23683 embeddings preferred a fine proto over the coarse (69.3%)

Epoch 20
  [loss hits: which prototype was nearest each embedding]
    level=P2 cls=0 | coarse:4751, fine_0:469, fine_1:2415, fine_2:66, fine_3:63
    level=P2 cls=1 | fine_0:20, fine_1:8175, fine_2:1
    level=P3 cls=0 | coarse:431, fine_0:522, fine_1:96, fine_2:2, fine_3:5
    level=P3 cls=1 | coarse:1240, fine_1:6035, fine_2:122, fine_3:7
    level=P4 cls=0 | coarse:11
    level=P4 cls=1 | coarse:1475, fine_0:9
  [fine-win rate] 18007/25915 embeddings preferred a fine proto over the coarse (69.5%)

Epoch 21
  [loss hits: which prototype was nearest each embedding]
    level=P2 cls=0 | coarse:4553, fine_0:411, fine_1:1701, fine_2:43, fine_3:40
    level=P2 cls=1 | fine_0:10, fine_1:7693, fine_3:2
    level=P3 cls=0 | coarse:397, fine_0:297, fine_1:115, fine_2:1, fine_3:3
    level=P3 cls=1 | coarse:1638, fine_0:1, fine_1:5820, fine_2:209, fine_3:9
    level=P4 cls=0 | coarse:18
    level=P4 cls=1 | coarse:1577, fine_0:10
  [fine-win rate] 16365/24548 embeddings preferred a fine proto over the coarse (66.7%)

Epoch 22
  [loss hits: which prototype was nearest each embedding]
    level=P2 cls=0 | coarse:4605, fine_0:467, fine_1:2229, fine_2:31, fine_3:19
    level=P2 cls=1 | coarse:1, fine_0:7, fine_1:6627, fine_2:3
    level=P3 cls=0 | coarse:449, fine_0:362, fine_1:79, fine_2:3, fine_3:2
    level=P3 cls=1 | coarse:1068, fine_0:2, fine_1:5592, fine_2:169, fine_3:6
    level=P4 cls=0 | coarse:11
    level=P4 cls=1 | coarse:1352, fine_0:16, fine_1:4
  [fine-win rate] 15618/23104 embeddings preferred a fine proto over the coarse (67.6%)

Epoch 23
  [loss hits: which prototype was nearest each embedding]
    level=P2 cls=0 | coarse:3284, fine_0:319, fine_1:2498, fine_2:25, fine_3:38
    level=P2 cls=1 | coarse:1, fine_0:15, fine_1:7957, fine_2:1, fine_3:1
    level=P3 cls=0 | coarse:444, fine_0:244, fine_1:115, fine_2:6, fine_3:3
    level=P3 cls=1 | coarse:898, fine_0:1, fine_1:5541, fine_2:104, fine_3:8
    level=P4 cls=0 | coarse:10
    level=P4 cls=1 | coarse:1522, fine_0:7
  [fine-win rate] 16883/23042 embeddings preferred a fine proto over the coarse (73.3%)

Epoch 24
  [loss hits: which prototype was nearest each embedding]
    level=P2 cls=0 | coarse:3334, fine_0:297, fine_1:2934, fine_2:40, fine_3:49
    level=P2 cls=1 | fine_0:25, fine_1:8028
    level=P3 cls=0 | coarse:408, fine_0:542, fine_1:71, fine_2:4, fine_3:4
    level=P3 cls=1 | coarse:949, fine_1:5495, fine_2:131, fine_3:5
    level=P4 cls=0 | coarse:21
    level=P4 cls=1 | coarse:1430, fine_0:8, fine_1:1
  [fine-win rate] 17634/23776 embeddings preferred a fine proto over the coarse (74.2%)

Epoch 25
  [loss hits: which prototype was nearest each embedding]
    level=P2 cls=0 | coarse:3770, fine_0:322, fine_1:2915, fine_2:35, fine_3:42
    level=P2 cls=1 | coarse:6, fine_0:7, fine_1:8110, fine_3:1
    level=P3 cls=0 | coarse:403, fine_0:346, fine_1:62, fine_2:1
    level=P3 cls=1 | coarse:1102, fine_0:1, fine_1:5998, fine_2:125, fine_3:7
    level=P4 cls=0 | coarse:21
    level=P4 cls=1 | coarse:1338, fine_0:12
  [fine-win rate] 17984/24624 embeddings preferred a fine proto over the coarse (73.0%)

Epoch 26
  [loss hits: which prototype was nearest each embedding]
    level=P2 cls=0 | coarse:4647, fine_0:475, fine_1:2301, fine_2:25, fine_3:33
    level=P2 cls=1 | coarse:1, fine_0:43, fine_1:6404
    level=P3 cls=0 | coarse:566, fine_0:388, fine_1:171, fine_2:5, fine_3:2
    level=P3 cls=1 | coarse:1226, fine_0:3, fine_1:5913, fine_2:139, fine_3:7
    level=P4 cls=0 | coarse:27
    level=P4 cls=1 | coarse:1440, fine_0:8, fine_1:2
  [fine-win rate] 15919/23826 embeddings preferred a fine proto over the coarse (66.8%)

Epoch 27
  [loss hits: which prototype was nearest each embedding]
    level=P2 cls=0 | coarse:2856, fine_0:305, fine_1:2806, fine_2:25, fine_3:41
    level=P2 cls=1 | coarse:1, fine_0:9, fine_1:7202, fine_3:2
    level=P3 cls=0 | coarse:453, fine_0:394, fine_1:74, fine_2:2, fine_3:2
    level=P3 cls=1 | coarse:1040, fine_1:5765, fine_2:169, fine_3:7
    level=P4 cls=0 | coarse:8
    level=P4 cls=1 | coarse:1536, fine_0:4
  [fine-win rate] 16807/22701 embeddings preferred a fine proto over the coarse (74.0%)

Epoch 28
  [loss hits: which prototype was nearest each embedding]
    level=P2 cls=0 | coarse:3491, fine_0:283, fine_1:2965, fine_2:29, fine_3:61
    level=P2 cls=1 | coarse:3, fine_0:27, fine_1:7772
    level=P3 cls=0 | coarse:781, fine_0:436, fine_1:68, fine_2:2, fine_3:1
    level=P3 cls=1 | coarse:1148, fine_0:4, fine_1:5775, fine_2:232, fine_3:5
    level=P4 cls=0 | coarse:9, fine_2:1
    level=P4 cls=1 | coarse:1549, fine_0:5
  [fine-win rate] 17666/24647 embeddings preferred a fine proto over the coarse (71.7%)

Epoch 29
  [loss hits: which prototype was nearest each embedding]
    level=P2 cls=0 | coarse:4405, fine_0:408, fine_1:3005, fine_2:36, fine_3:23
    level=P2 cls=1 | fine_0:5, fine_1:7340
    level=P3 cls=0 | coarse:581, fine_0:449, fine_1:72, fine_2:1, fine_3:2
    level=P3 cls=1 | coarse:1081, fine_0:2, fine_1:5780, fine_2:138, fine_3:3
    level=P4 cls=0 | coarse:13
    level=P4 cls=1 | coarse:1371, fine_0:9
  [fine-win rate] 17273/24724 embeddings preferred a fine proto over the coarse (69.9%)

Epoch 30
  [loss hits: which prototype was nearest each embedding]
    level=P2 cls=0 | coarse:3109, fine_0:297, fine_1:3732, fine_2:35, fine_3:41
    level=P2 cls=1 | coarse:1, fine_0:10, fine_1:7288, fine_3:3
    level=P3 cls=0 | coarse:423, fine_0:446, fine_1:58, fine_2:3, fine_3:2
    level=P3 cls=1 | coarse:1180, fine_1:6261, fine_2:134, fine_3:2
    level=P4 cls=0 | coarse:12
    level=P4 cls=1 | coarse:1571, fine_0:19
  [fine-win rate] 18331/24627 embeddings preferred a fine proto over the coarse (74.4%)

Epoch 31
  [loss hits: which prototype was nearest each embedding]
    level=P2 cls=0 | coarse:3710, fine_0:314, fine_1:3116, fine_2:37, fine_3:56
    level=P2 cls=1 | coarse:2, fine_0:4, fine_1:7766, fine_2:2, fine_3:1
    level=P3 cls=0 | coarse:765, fine_0:272, fine_1:100, fine_2:2
    level=P3 cls=1 | coarse:1254, fine_0:3, fine_1:5655, fine_2:120, fine_3:1
    level=P4 cls=0 | coarse:10
    level=P4 cls=1 | coarse:1335, fine_0:25
  [fine-win rate] 17474/24550 embeddings preferred a fine proto over the coarse (71.2%)

Epoch 32
  [loss hits: which prototype was nearest each embedding]
    level=P2 cls=0 | coarse:2796, fine_0:306, fine_1:3374, fine_2:28, fine_3:41
    level=P2 cls=1 | fine_0:8, fine_1:6917, fine_3:1
    level=P3 cls=0 | coarse:551, fine_0:369, fine_1:66, fine_2:3, fine_3:1
    level=P3 cls=1 | coarse:1094, fine_0:1, fine_1:5773, fine_2:156, fine_3:2
    level=P4 cls=0 | coarse:15
    level=P4 cls=1 | coarse:1673, fine_0:13
  [fine-win rate] 17059/23188 embeddings preferred a fine proto over the coarse (73.6%)

Epoch 33
  [loss hits: which prototype was nearest each embedding]
    level=P2 cls=0 | coarse:3287, fine_0:329, fine_1:4095, fine_2:27, fine_3:35
    level=P2 cls=1 | fine_0:18, fine_1:7453
    level=P3 cls=0 | coarse:637, fine_0:399, fine_1:57, fine_2:1, fine_3:1
    level=P3 cls=1 | coarse:869, fine_1:5675, fine_2:120, fine_3:2
    level=P4 cls=0 | coarse:22
    level=P4 cls=1 | coarse:1394, fine_0:11
  [fine-win rate] 18223/24432 embeddings preferred a fine proto over the coarse (74.6%)

Epoch 34
  [loss hits: which prototype was nearest each embedding]
    level=P2 cls=0 | coarse:2452, fine_0:209, fine_1:3875, fine_2:27, fine_3:18
    level=P2 cls=1 | fine_0:8, fine_1:8152, fine_2:1
    level=P3 cls=0 | coarse:547, fine_0:436, fine_1:71, fine_2:4, fine_3:3
    level=P3 cls=1 | coarse:986, fine_0:3, fine_1:6052, fine_2:112, fine_3:2
    level=P4 cls=0 | coarse:46
    level=P4 cls=1 | coarse:1423, fine_0:8
  [fine-win rate] 18981/24435 embeddings preferred a fine proto over the coarse (77.7%)

Epoch 35
  [loss hits: which prototype was nearest each embedding]
    level=P2 cls=0 | coarse:2368, fine_0:223, fine_1:3847, fine_2:11, fine_3:13
    level=P2 cls=1 | fine_0:6, fine_1:8150
    level=P3 cls=0 | coarse:303, fine_0:212, fine_1:39, fine_2:1, fine_3:3
    level=P3 cls=1 | coarse:945, fine_1:5683, fine_2:90, fine_3:6
    level=P4 cls=0 | coarse:11
    level=P4 cls=1 | coarse:1359, fine_0:8
  [fine-win rate] 18292/23278 embeddings preferred a fine proto over the coarse (78.6%)

Epoch 36
  [loss hits: which prototype was nearest each embedding]
    level=P2 cls=0 | coarse:2883, fine_0:217, fine_1:4151, fine_2:23, fine_3:29
    level=P2 cls=1 | coarse:11, fine_0:11, fine_1:8911, fine_3:2
    level=P3 cls=0 | coarse:397, fine_0:231, fine_1:55, fine_2:1, fine_3:1
    level=P3 cls=1 | coarse:880, fine_1:5723, fine_2:98, fine_3:5
    level=P4 cls=0 | coarse:44
    level=P4 cls=1 | coarse:1688, fine_0:7
  [fine-win rate] 19465/25368 embeddings preferred a fine proto over the coarse (76.7%)

Epoch 37
  [loss hits: which prototype was nearest each embedding]
    level=P2 cls=0 | coarse:2819, fine_0:255, fine_1:4229, fine_2:16, fine_3:16
    level=P2 cls=1 | coarse:2, fine_0:12, fine_1:7662
    level=P3 cls=0 | coarse:417, fine_0:326, fine_1:61, fine_2:3
    level=P3 cls=1 | coarse:805, fine_0:2, fine_1:5664, fine_2:124, fine_3:4
    level=P4 cls=0 | coarse:19
    level=P4 cls=1 | coarse:1434, fine_0:7
  [fine-win rate] 18381/23877 embeddings preferred a fine proto over the coarse (77.0%)

Epoch 38
  [loss hits: which prototype was nearest each embedding]
    level=P2 cls=0 | coarse:2322, fine_0:291, fine_1:4571, fine_2:24, fine_3:24
    level=P2 cls=1 | fine_0:11, fine_1:8044
    level=P3 cls=0 | coarse:517, fine_0:348, fine_1:67, fine_2:2, fine_3:2
    level=P3 cls=1 | coarse:823, fine_0:4, fine_1:6174, fine_2:74, fine_3:3
    level=P4 cls=0 | coarse:7
    level=P4 cls=1 | coarse:1196, fine_0:5
  [fine-win rate] 19644/24509 embeddings preferred a fine proto over the coarse (80.2%)

Epoch 39
  [loss hits: which prototype was nearest each embedding]
    level=P2 cls=0 | coarse:2851, fine_0:259, fine_1:4983, fine_2:16, fine_3:35
    level=P2 cls=1 | coarse:1, fine_0:5, fine_1:6989, fine_3:3
    level=P3 cls=0 | coarse:730, fine_0:226, fine_1:63, fine_2:2, fine_3:1
    level=P3 cls=1 | coarse:853, fine_0:1, fine_1:6312, fine_2:79, fine_3:1
    level=P4 cls=0 | coarse:25
    level=P4 cls=1 | coarse:1690, fine_0:1
  [fine-win rate] 18976/25126 embeddings preferred a fine proto over the coarse (75.5%)

Epoch 40
  [loss hits: which prototype was nearest each embedding]
    level=P2 cls=0 | coarse:2825, fine_0:287, fine_1:4798, fine_2:21, fine_3:30
    level=P2 cls=1 | fine_0:2, fine_1:7765
    level=P3 cls=0 | coarse:583, fine_0:303, fine_1:74, fine_2:1, fine_3:2
    level=P3 cls=1 | coarse:889, fine_0:1, fine_1:5902, fine_2:106, fine_3:3
    level=P4 cls=0 | coarse:21
    level=P4 cls=1 | coarse:1458
  [fine-win rate] 19295/25071 embeddings preferred a fine proto over the coarse (77.0%)

Epoch 41
  [loss hits: which prototype was nearest each embedding]
    level=P2 cls=0 | coarse:1200, fine_0:102, fine_1:2895, fine_2:5, fine_3:8
    level=P2 cls=1 | fine_0:3, fine_1:3216
    level=P3 cls=0 | coarse:367, fine_0:411, fine_1:78, fine_2:4, fine_3:3
    level=P3 cls=1 | coarse:422, fine_0:1, fine_1:4741, fine_2:62, fine_3:1
    level=P4 cls=0 | coarse:27
    level=P4 cls=1 | coarse:1606, fine_0:9, fine_1:2
  [fine-win rate] 11541/15163 embeddings preferred a fine proto over the coarse (76.1%)

Epoch 42
  [loss hits: which prototype was nearest each embedding]
    level=P2 cls=0 | coarse:1531, fine_0:178, fine_1:2493, fine_2:8, fine_3:13
    level=P2 cls=1 | coarse:1, fine_0:2, fine_1:3648
    level=P3 cls=0 | coarse:657, fine_0:180, fine_1:99, fine_2:4, fine_3:1
    level=P3 cls=1 | coarse:661, fine_1:4150, fine_2:44, fine_3:1
    level=P4 cls=0 | coarse:33
    level=P4 cls=1 | coarse:1589, fine_0:5
  [fine-win rate] 10826/15298 embeddings preferred a fine proto over the coarse (70.8%)

Epoch 43
  [loss hits: which prototype was nearest each embedding]
    level=P2 cls=0 | coarse:1406, fine_0:93, fine_1:2756, fine_2:12, fine_3:5
    level=P2 cls=1 | fine_0:3, fine_1:3583
    level=P3 cls=0 | coarse:601, fine_0:173, fine_1:56, fine_2:4, fine_3:1
    level=P3 cls=1 | coarse:500, fine_0:2, fine_1:4443, fine_2:68, fine_3:3
    level=P4 cls=0 | coarse:51
    level=P4 cls=1 | coarse:1441, fine_0:9, fine_1:1
  [fine-win rate] 11212/15211 embeddings preferred a fine proto over the coarse (73.7%)

Epoch 44
  [loss hits: which prototype was nearest each embedding]
    level=P2 cls=0 | coarse:1602, fine_0:113, fine_1:2285, fine_2:9, fine_3:2
    level=P2 cls=1 | fine_0:1, fine_1:3333
    level=P3 cls=0 | coarse:791, fine_0:272, fine_1:104, fine_2:2, fine_3:2
    level=P3 cls=1 | coarse:363, fine_1:4654, fine_2:44, fine_3:1
    level=P4 cls=0 | coarse:18
    level=P4 cls=1 | coarse:1688, fine_0:27
  [fine-win rate] 10849/15311 embeddings preferred a fine proto over the coarse (70.9%)

Epoch 45
  [loss hits: which prototype was nearest each embedding]
    level=P2 cls=0 | coarse:1301, fine_0:151, fine_1:2368, fine_2:8, fine_3:5
    level=P2 cls=1 | fine_1:3211
    level=P3 cls=0 | coarse:749, fine_0:379, fine_1:97, fine_2:1, fine_3:1
    level=P3 cls=1 | coarse:486, fine_1:4907, fine_2:48
    level=P4 cls=0 | coarse:36
    level=P4 cls=1 | coarse:1429, fine_0:13, fine_1:3
  [fine-win rate] 11192/15193 embeddings preferred a fine proto over the coarse (73.7%)

Epoch 46
  [loss hits: which prototype was nearest each embedding]
    level=P2 cls=0 | coarse:1526, fine_0:158, fine_1:2450, fine_2:10, fine_3:2
    level=P2 cls=1 | fine_0:2, fine_1:3305
    level=P3 cls=0 | coarse:759, fine_0:284, fine_1:35, fine_2:1, fine_3:1
    level=P3 cls=1 | coarse:511, fine_1:4752, fine_2:45
    level=P4 cls=0 | coarse:7
    level=P4 cls=1 | coarse:1469, fine_0:15
  [fine-win rate] 11060/15332 embeddings preferred a fine proto over the coarse (72.1%)

Epoch 47
  [loss hits: which prototype was nearest each embedding]
    level=P2 cls=0 | coarse:1417, fine_0:112, fine_1:2743, fine_2:4, fine_3:10
    level=P2 cls=1 | fine_0:3, fine_1:3433
    level=P3 cls=0 | coarse:520, fine_0:407, fine_1:41, fine_2:2, fine_3:3
    level=P3 cls=1 | coarse:715, fine_0:1, fine_1:4621, fine_2:58
    level=P4 cls=0 | coarse:13
    level=P4 cls=1 | coarse:1249, fine_0:11
  [fine-win rate] 11449/15363 embeddings preferred a fine proto over the coarse (74.5%)

Epoch 48
  [loss hits: which prototype was nearest each embedding]
    level=P2 cls=0 | coarse:1458, fine_0:107, fine_1:2915, fine_2:9, fine_3:4
    level=P2 cls=1 | fine_0:2, fine_1:3307
    level=P3 cls=0 | coarse:376, fine_0:303, fine_1:36, fine_2:3
    level=P3 cls=1 | coarse:596, fine_0:1, fine_1:4673, fine_2:53
    level=P4 cls=0 | coarse:5
    level=P4 cls=1 | coarse:1407, fine_0:11
  [fine-win rate] 11424/15266 embeddings preferred a fine proto over the coarse (74.8%)

Epoch 49
  [loss hits: which prototype was nearest each embedding]
    level=P2 cls=0 | coarse:1426, fine_0:94, fine_1:2543, fine_2:5, fine_3:8
    level=P2 cls=1 | fine_0:1, fine_1:3305
    level=P3 cls=0 | coarse:650, fine_0:348, fine_1:43
    level=P3 cls=1 | coarse:475, fine_1:4680, fine_2:59, fine_3:3
    level=P4 cls=0 | coarse:27
    level=P4 cls=1 | coarse:1542, fine_0:17
  [fine-win rate] 11106/15226 embeddings preferred a fine proto over the coarse (72.9%)

Epoch 50
  [loss hits: which prototype was nearest each embedding]
    level=P2 cls=0 | coarse:1206, fine_0:69, fine_1:2795, fine_2:6, fine_3:9
    level=P2 cls=1 | fine_0:2, fine_1:3447
    level=P3 cls=0 | coarse:715, fine_0:300, fine_1:33, fine_2:1
    level=P3 cls=1 | coarse:551, fine_1:4221, fine_2:97
    level=P4 cls=0 | coarse:17
    level=P4 cls=1 | coarse:1698, fine_0:11
  [fine-win rate] 10991/15178 embeddings preferred a fine proto over the coarse (72.4%)

