Epoch 1
  [loss hits: which prototype was nearest each embedding]
    level=P2 cls=0 | coarse:11346, fine_0:6042, fine_1:2087, fine_2:95, fine_3:3414
    level=P2 cls=1 | coarse:3181, fine_0:310, fine_1:2548, fine_2:9639, fine_3:150
    level=P2 cls=2 | coarse:1937, fine_0:775, fine_1:4475, fine_2:2302, fine_3:1355
    level=P2 cls=3 | coarse:703, fine_0:11, fine_1:42, fine_2:1028, fine_3:430
    level=P3 cls=0 | fine_0:5, fine_1:4, fine_2:2, fine_3:5
    level=P3 cls=1 | coarse:716, fine_1:568, fine_2:1524, fine_3:132
    level=P3 cls=2 | coarse:181, fine_0:2, fine_1:53, fine_2:116, fine_3:300
    level=P3 cls=3 | coarse:13, fine_0:50, fine_1:1, fine_2:11, fine_3:49
    level=P4 cls=1 | fine_0:102, fine_2:102
    level=P4 cls=2 | coarse:28, fine_1:11, fine_2:25, fine_3:30
    level=P4 cls=3 | fine_2:13, fine_3:1
  [fine-win rate] 37809/55914 embeddings preferred a fine proto over the coarse (67.6%)

Epoch 2
  [loss hits: which prototype was nearest each embedding]
    level=P2 cls=0 | coarse:10998, fine_0:5792, fine_1:1875, fine_2:89, fine_3:2954
    level=P2 cls=1 | coarse:2994, fine_0:244, fine_1:3023, fine_2:9660, fine_3:125
    level=P2 cls=2 | coarse:634, fine_0:274, fine_1:3861, fine_2:1328, fine_3:3349
    level=P2 cls=3 | coarse:226, fine_0:8, fine_1:32, fine_2:191, fine_3:101
    level=P3 cls=0 | coarse:22, fine_0:122, fine_1:109, fine_2:24, fine_3:161
    level=P3 cls=1 | coarse:919, fine_1:47, fine_2:1577, fine_3:253
    level=P3 cls=2 | coarse:319, fine_0:5, fine_1:49, fine_2:72, fine_3:207
    level=P3 cls=3 | coarse:15, fine_0:28, fine_1:6, fine_2:14, fine_3:23
    level=P4 cls=1 | coarse:38, fine_0:83, fine_1:9, fine_2:56, fine_3:10
    level=P4 cls=2 | coarse:37, fine_0:1, fine_1:3, fine_2:6, fine_3:35
    level=P4 cls=3 | fine_2:2
  [fine-win rate] 35808/52010 embeddings preferred a fine proto over the coarse (68.8%)

Epoch 3
  [loss hits: which prototype was nearest each embedding]
    level=P2 cls=0 | coarse:10909, fine_0:3438, fine_1:2124, fine_2:95, fine_3:3388
    level=P2 cls=1 | coarse:2486, fine_0:301, fine_1:5381, fine_2:7183, fine_3:83
    level=P2 cls=2 | coarse:1200, fine_0:359, fine_1:4838, fine_2:1343, fine_3:3214
    level=P2 cls=3 | coarse:548, fine_0:19, fine_1:39, fine_2:446, fine_3:460
    level=P3 cls=0 | coarse:17, fine_0:30, fine_1:132, fine_2:36, fine_3:135
    level=P3 cls=1 | coarse:1320, fine_1:55, fine_2:1692, fine_3:581
    level=P3 cls=2 | coarse:275, fine_0:7, fine_1:58, fine_2:68, fine_3:178
    level=P3 cls=3 | coarse:14, fine_0:28, fine_1:3, fine_2:11, fine_3:22
    level=P4 cls=1 | coarse:24, fine_0:35, fine_1:1, fine_2:60
    level=P4 cls=2 | coarse:23, fine_1:6, fine_2:29, fine_3:34
    level=P4 cls=3 | fine_0:1, fine_1:3, fine_2:10
  [fine-win rate] 35926/52742 embeddings preferred a fine proto over the coarse (68.1%)

Epoch 4
  [loss hits: which prototype was nearest each embedding]
    level=P2 cls=0 | coarse:10604, fine_0:5261, fine_1:1624, fine_2:87, fine_3:2884
    level=P2 cls=1 | coarse:2478, fine_0:318, fine_1:5570, fine_2:7222, fine_3:106
    level=P2 cls=2 | coarse:2230, fine_0:316, fine_1:6274, fine_2:1510, fine_3:3976
    level=P2 cls=3 | coarse:664, fine_0:21, fine_1:42, fine_2:514, fine_3:369
    level=P3 cls=0 | fine_0:1, fine_1:1
    level=P3 cls=1 | coarse:1139, fine_1:130, fine_2:1352, fine_3:275
    level=P3 cls=2 | coarse:242, fine_0:11, fine_1:82, fine_2:56, fine_3:235
    level=P3 cls=3 | coarse:33, fine_0:27, fine_1:5, fine_2:20, fine_3:25
    level=P4 cls=1 | fine_0:1, fine_1:1
    level=P4 cls=2 | coarse:22, fine_0:2, fine_1:5, fine_2:7, fine_3:20
    level=P4 cls=3 | coarse:5, fine_0:1, fine_2:5, fine_3:1
  [fine-win rate] 38357/55774 embeddings preferred a fine proto over the coarse (68.8%)

Epoch 5
  [loss hits: which prototype was nearest each embedding]
    level=P2 cls=0 | coarse:11080, fine_0:5164, fine_1:2221, fine_2:97, fine_3:2954
    level=P2 cls=1 | coarse:1884, fine_0:130, fine_1:5351, fine_2:5890, fine_3:55
    level=P2 cls=2 | coarse:1657, fine_0:361, fine_1:4350, fine_2:1593, fine_3:2485
    level=P2 cls=3 | coarse:614, fine_0:4, fine_1:31, fine_2:485, fine_3:212
    level=P3 cls=0 | coarse:1, fine_0:12, fine_1:138, fine_2:9, fine_3:126
    level=P3 cls=1 | coarse:921, fine_1:69, fine_2:623, fine_3:393
    level=P3 cls=2 | coarse:259, fine_0:7, fine_1:113, fine_2:54, fine_3:265
    level=P3 cls=3 | coarse:52, fine_0:34, fine_1:6, fine_2:2, fine_3:6
    level=P4 cls=1 | coarse:3, fine_0:12, fine_1:24, fine_3:13
    level=P4 cls=2 | coarse:90, fine_0:5, fine_1:10, fine_2:12, fine_3:53
    level=P4 cls=3 | fine_2:31, fine_3:1
  [fine-win rate] 33401/49962 embeddings preferred a fine proto over the coarse (66.9%)

Epoch 6
  [loss hits: which prototype was nearest each embedding]
    level=P2 cls=0 | coarse:11922, fine_0:4514, fine_1:2941, fine_2:188, fine_3:3135
    level=P2 cls=1 | coarse:2859, fine_0:527, fine_1:5827, fine_2:6941, fine_3:298
    level=P2 cls=2 | coarse:1484, fine_0:301, fine_1:3565, fine_2:1315, fine_3:2125
    level=P2 cls=3 | coarse:390, fine_0:2, fine_1:11, fine_2:430, fine_3:173
    level=P3 cls=0 | coarse:4, fine_0:5, fine_1:47, fine_2:7, fine_3:37
    level=P3 cls=1 | coarse:1389, fine_1:21, fine_2:1435, fine_3:395
    level=P3 cls=2 | coarse:118, fine_0:2, fine_1:24, fine_2:21, fine_3:75
    level=P3 cls=3 | coarse:46, fine_0:35, fine_1:4, fine_2:3, fine_3:18
    level=P4 cls=1 | coarse:22, fine_0:79, fine_1:68, fine_3:31
    level=P4 cls=2 | coarse:46, fine_0:1, fine_1:18, fine_2:42, fine_3:29
    level=P4 cls=3 | coarse:1, fine_2:15, fine_3:2
  [fine-win rate] 34707/52988 embeddings preferred a fine proto over the coarse (65.5%)

Epoch 7
  [loss hits: which prototype was nearest each embedding]
    level=P2 cls=0 | coarse:11855, fine_0:6267, fine_1:1747, fine_2:37, fine_3:2256
    level=P2 cls=1 | coarse:3343, fine_0:330, fine_1:6790, fine_2:6151, fine_3:82
    level=P2 cls=2 | coarse:1483, fine_0:147, fine_1:4248, fine_2:1021, fine_3:3341
    level=P2 cls=3 | coarse:393, fine_0:15, fine_1:10, fine_2:278, fine_3:164
    level=P3 cls=0 | coarse:1, fine_0:4, fine_1:17, fine_2:8, fine_3:14
    level=P3 cls=1 | coarse:1903, fine_1:138, fine_2:1402, fine_3:599
    level=P3 cls=2 | coarse:214, fine_0:14, fine_1:70, fine_2:34, fine_3:184
    level=P3 cls=3 | coarse:29, fine_0:29, fine_1:4, fine_2:8, fine_3:10
    level=P4 cls=1 | coarse:15, fine_0:116, fine_1:14, fine_3:115
    level=P4 cls=2 | coarse:15, fine_0:3, fine_1:23, fine_2:28, fine_3:13
    level=P4 cls=3 | coarse:1, fine_0:1, fine_1:3, fine_2:26, fine_3:13
  [fine-win rate] 35774/55026 embeddings preferred a fine proto over the coarse (65.0%)

Epoch 8
  [loss hits: which prototype was nearest each embedding]
    level=P2 cls=0 | coarse:13610, fine_0:4479, fine_1:2574, fine_2:90, fine_3:4219
    level=P2 cls=1 | coarse:2258, fine_0:182, fine_1:6115, fine_2:4943, fine_3:70
    level=P2 cls=2 | coarse:2163, fine_0:1004, fine_1:6218, fine_2:1467, fine_3:2900
    level=P2 cls=3 | coarse:372, fine_0:11, fine_1:48, fine_2:439, fine_3:210
    level=P3 cls=0 | coarse:8, fine_0:3, fine_1:42, fine_3:39
    level=P3 cls=1 | coarse:1630, fine_1:67, fine_2:1156, fine_3:213
    level=P3 cls=2 | coarse:118, fine_0:12, fine_1:96, fine_2:29, fine_3:157
    level=P3 cls=3 | coarse:59, fine_0:55, fine_1:10, fine_2:5, fine_3:5
    level=P4 cls=1 | coarse:13, fine_0:43, fine_3:52
    level=P4 cls=2 | coarse:41, fine_0:7, fine_1:9, fine_2:1, fine_3:4
    level=P4 cls=3 | coarse:2, fine_0:2, fine_2:10
  [fine-win rate] 36986/57260 embeddings preferred a fine proto over the coarse (64.6%)

Epoch 9
  [loss hits: which prototype was nearest each embedding]
    level=P2 cls=0 | coarse:11020, fine_0:3885, fine_1:2079, fine_2:41, fine_3:2429
    level=P2 cls=1 | coarse:1605, fine_0:326, fine_1:4961, fine_2:5436, fine_3:32
    level=P2 cls=2 | coarse:1077, fine_0:203, fine_1:4063, fine_2:1147, fine_3:3320
    level=P2 cls=3 | coarse:343, fine_0:6, fine_1:21, fine_2:226, fine_3:134
    level=P3 cls=0 | fine_0:5, fine_1:20, fine_2:6, fine_3:13
    level=P3 cls=1 | coarse:1469, fine_1:23, fine_2:1357, fine_3:133
    level=P3 cls=2 | coarse:113, fine_0:2, fine_1:126, fine_2:14, fine_3:227
    level=P3 cls=3 | coarse:32, fine_0:31, fine_1:6, fine_3:5
    level=P4 cls=1 | fine_0:1, fine_3:1
    level=P4 cls=2 | coarse:22, fine_0:24, fine_1:4, fine_2:7, fine_3:39
    level=P4 cls=3 | fine_2:51, fine_3:1
  [fine-win rate] 30405/46086 embeddings preferred a fine proto over the coarse (66.0%)

Epoch 10
  [loss hits: which prototype was nearest each embedding]
    level=P2 cls=0 | coarse:13063, fine_0:3620, fine_1:2530, fine_2:93, fine_3:3304
    level=P2 cls=1 | coarse:2435, fine_0:138, fine_1:5761, fine_2:4692, fine_3:122
    level=P2 cls=2 | coarse:1903, fine_0:363, fine_1:4197, fine_2:1838, fine_3:2195
    level=P2 cls=3 | coarse:342, fine_0:10, fine_1:26, fine_2:341, fine_3:195
    level=P3 cls=0 | coarse:12, fine_0:28, fine_1:174, fine_2:18, fine_3:146
    level=P3 cls=1 | coarse:979, fine_0:1, fine_1:15, fine_2:979, fine_3:150
    level=P3 cls=2 | coarse:127, fine_0:6, fine_1:160, fine_2:26, fine_3:269
    level=P3 cls=3 | coarse:43, fine_0:34, fine_1:2, fine_2:1
    level=P4 cls=1 | coarse:16, fine_0:37, fine_1:4, fine_3:53
    level=P4 cls=2 | coarse:52, fine_0:1, fine_1:6, fine_2:3, fine_3:42
    level=P4 cls=3 | fine_1:1, fine_2:6, fine_3:1
  [fine-win rate] 31588/50560 embeddings preferred a fine proto over the coarse (62.5%)

Epoch 11
  [loss hits: which prototype was nearest each embedding]
    level=P2 cls=0 | coarse:10907, fine_0:2894, fine_1:2935, fine_2:60, fine_3:3228
    level=P2 cls=1 | coarse:2418, fine_0:140, fine_1:7138, fine_2:5708, fine_3:38
    level=P2 cls=2 | coarse:1987, fine_0:356, fine_1:4042, fine_2:1226, fine_3:2185
    level=P2 cls=3 | coarse:249, fine_0:5, fine_1:30, fine_2:206, fine_3:126
    level=P3 cls=0 | coarse:1, fine_0:6, fine_1:75, fine_2:2, fine_3:70
    level=P3 cls=1 | coarse:1409, fine_1:29, fine_2:1218, fine_3:202
    level=P3 cls=2 | coarse:100, fine_0:11, fine_1:180, fine_2:22, fine_3:211
    level=P3 cls=3 | coarse:48, fine_0:50, fine_1:6, fine_3:4
    level=P4 cls=1 | coarse:52, fine_0:231, fine_1:8, fine_3:261
    level=P4 cls=2 | coarse:57, fine_1:1, fine_3:54
    level=P4 cls=3 | coarse:1, fine_0:1, fine_2:15, fine_3:3
  [fine-win rate] 32977/50206 embeddings preferred a fine proto over the coarse (65.7%)

Epoch 12
  [loss hits: which prototype was nearest each embedding]
    level=P2 cls=0 | coarse:13495, fine_0:2959, fine_1:2292, fine_2:73, fine_3:3249
    level=P2 cls=1 | coarse:1293, fine_0:208, fine_1:4293, fine_2:3520, fine_3:94
    level=P2 cls=2 | coarse:2403, fine_0:300, fine_1:5763, fine_2:1921, fine_3:2567
    level=P2 cls=3 | coarse:117, fine_0:8, fine_1:16, fine_2:177, fine_3:102
    level=P3 cls=0 | fine_0:1, fine_1:85, fine_2:1, fine_3:83
    level=P3 cls=1 | coarse:1432, fine_1:34, fine_2:1351, fine_3:299
    level=P3 cls=2 | coarse:159, fine_0:18, fine_1:219, fine_2:41, fine_3:251
    level=P3 cls=3 | coarse:36, fine_0:43, fine_1:9, fine_2:2, fine_3:10
    level=P4 cls=1 | coarse:13, fine_0:46, fine_3:59
    level=P4 cls=2 | coarse:48, fine_0:2, fine_1:1, fine_2:11, fine_3:36
    level=P4 cls=3 | coarse:1, fine_2:13
  [fine-win rate] 30157/49154 embeddings preferred a fine proto over the coarse (61.4%)

Epoch 13
  [loss hits: which prototype was nearest each embedding]
    level=P2 cls=0 | coarse:12816, fine_0:1254, fine_1:2559, fine_2:60, fine_3:2531
    level=P2 cls=1 | coarse:1859, fine_0:283, fine_1:7099, fine_2:5482, fine_3:33
    level=P2 cls=2 | coarse:2303, fine_0:389, fine_1:4659, fine_2:1019, fine_3:2630
    level=P2 cls=3 | coarse:92, fine_0:22, fine_1:12, fine_2:55, fine_3:51
    level=P3 cls=0 | coarse:31, fine_0:40, fine_1:304, fine_2:21, fine_3:262
    level=P3 cls=1 | coarse:1746, fine_0:1, fine_1:24, fine_2:1753, fine_3:168
    level=P3 cls=2 | coarse:127, fine_0:9, fine_1:223, fine_2:42, fine_3:255
    level=P3 cls=3 | coarse:8, fine_0:10, fine_1:2, fine_3:4
    level=P4 cls=1 | coarse:1, fine_0:8, fine_3:9
    level=P4 cls=2 | coarse:34, fine_0:4, fine_1:1, fine_3:33
    level=P4 cls=3 | coarse:1, fine_0:1, fine_2:8
  [fine-win rate] 31320/50338 embeddings preferred a fine proto over the coarse (62.2%)

Epoch 14
  [loss hits: which prototype was nearest each embedding]
    level=P2 cls=0 | coarse:9754, fine_0:4102, fine_1:1409, fine_2:47, fine_3:2076
    level=P2 cls=1 | coarse:1733, fine_0:193, fine_1:6702, fine_2:6239, fine_3:103
    level=P2 cls=2 | coarse:1504, fine_0:246, fine_1:4507, fine_2:1245, fine_3:2556
    level=P2 cls=3 | coarse:102, fine_0:8, fine_1:11, fine_2:72, fine_3:63
    level=P3 cls=0 | coarse:2, fine_0:11, fine_1:136, fine_2:5, fine_3:122
    level=P3 cls=1 | coarse:2577, fine_0:3, fine_1:65, fine_2:1836, fine_3:327
    level=P3 cls=2 | coarse:132, fine_0:21, fine_1:205, fine_2:57, fine_3:249
    level=P3 cls=3 | coarse:15, fine_0:12, fine_1:3, fine_2:1, fine_3:5
    level=P4 cls=1 | coarse:6, fine_0:49, fine_1:1, fine_3:54
    level=P4 cls=2 | coarse:31, fine_0:15, fine_1:7, fine_2:19, fine_3:28
    level=P4 cls=3 | coarse:1, fine_0:1, fine_2:8
  [fine-win rate] 32819/48676 embeddings preferred a fine proto over the coarse (67.4%)

Epoch 15
  [loss hits: which prototype was nearest each embedding]
    level=P2 cls=0 | coarse:10724, fine_0:3053, fine_1:2000, fine_2:26, fine_3:2097
    level=P2 cls=1 | coarse:2286, fine_0:223, fine_1:7847, fine_2:6029, fine_3:75
    level=P2 cls=2 | coarse:2386, fine_0:753, fine_1:5188, fine_2:1638, fine_3:2465
    level=P2 cls=3 | coarse:204, fine_0:5, fine_1:33, fine_2:143, fine_3:77
    level=P3 cls=0 | coarse:13, fine_0:26, fine_1:168, fine_2:12, fine_3:121
    level=P3 cls=1 | coarse:1306, fine_0:1, fine_1:5, fine_2:1140, fine_3:62
    level=P3 cls=2 | coarse:57, fine_0:5, fine_1:169, fine_2:18, fine_3:175
    level=P3 cls=3 | coarse:24, fine_0:52, fine_1:40, fine_2:3, fine_3:3
    level=P4 cls=1 | coarse:11, fine_0:40, fine_1:5, fine_3:56
    level=P4 cls=2 | coarse:15, fine_0:14, fine_3:19
    level=P4 cls=3 | fine_2:8
  [fine-win rate] 33794/50820 embeddings preferred a fine proto over the coarse (66.5%)

Epoch 16
  [loss hits: which prototype was nearest each embedding]
    level=P2 cls=0 | coarse:9989, fine_0:2932, fine_1:2772, fine_2:44, fine_3:2343
    level=P2 cls=1 | coarse:2333, fine_0:214, fine_1:9248, fine_2:7125, fine_3:68
    level=P2 cls=2 | coarse:2095, fine_0:417, fine_1:4207, fine_2:988, fine_3:2119
    level=P2 cls=3 | coarse:560, fine_0:11, fine_1:26, fine_2:440, fine_3:203
    level=P3 cls=0 | coarse:15, fine_0:11, fine_1:44, fine_2:6, fine_3:36
    level=P3 cls=1 | coarse:1340, fine_0:3, fine_1:15, fine_2:1249, fine_3:143
    level=P3 cls=2 | coarse:61, fine_0:7, fine_1:168, fine_2:12, fine_3:194
    level=P3 cls=3 | coarse:21, fine_0:38, fine_1:20, fine_3:1
    level=P4 cls=1 | coarse:7, fine_0:52, fine_1:5, fine_3:64
    level=P4 cls=2 | coarse:14, fine_0:12, fine_1:1, fine_2:4, fine_3:17
    level=P4 cls=3 | coarse:3, fine_0:1, fine_2:25, fine_3:1
  [fine-win rate] 35286/51724 embeddings preferred a fine proto over the coarse (68.2%)

Epoch 17
  [loss hits: which prototype was nearest each embedding]
    level=P2 cls=0 | coarse:11778, fine_0:4711, fine_1:2283, fine_2:66, fine_3:2096
    level=P2 cls=1 | coarse:1881, fine_0:162, fine_1:8260, fine_2:6779, fine_3:94
    level=P2 cls=2 | coarse:1534, fine_0:292, fine_1:4213, fine_2:1631, fine_3:2844
    level=P2 cls=3 | coarse:416, fine_0:3, fine_1:22, fine_2:284, fine_3:211
    level=P3 cls=0 | fine_0:3, fine_1:10, fine_3:7
    level=P3 cls=1 | coarse:1383, fine_1:43, fine_2:1219, fine_3:193
    level=P3 cls=2 | coarse:102, fine_0:5, fine_1:225, fine_2:27, fine_3:287
    level=P3 cls=3 | coarse:45, fine_0:53, fine_1:6, fine_2:1, fine_3:5
    level=P4 cls=1 | coarse:17, fine_0:15, fine_1:2, fine_3:34
    level=P4 cls=2 | coarse:43, fine_0:16, fine_1:2, fine_2:5, fine_3:40
    level=P4 cls=3 | coarse:2, fine_2:13, fine_3:1
  [fine-win rate] 36163/53364 embeddings preferred a fine proto over the coarse (67.8%)

Epoch 18
  [loss hits: which prototype was nearest each embedding]
    level=P2 cls=0 | coarse:13461, fine_0:3634, fine_1:2048, fine_2:43, fine_3:2750
    level=P2 cls=1 | coarse:1817, fine_0:212, fine_1:8178, fine_2:6673, fine_3:60
    level=P2 cls=2 | coarse:1465, fine_0:371, fine_1:3868, fine_2:1229, fine_3:2495
    level=P2 cls=3 | coarse:504, fine_0:8, fine_1:24, fine_2:328, fine_3:232
    level=P3 cls=0 | coarse:5, fine_0:7, fine_1:51, fine_2:5, fine_3:44
    level=P3 cls=1 | coarse:1868, fine_0:1, fine_1:82, fine_2:1568, fine_3:223
    level=P3 cls=2 | coarse:80, fine_0:3, fine_1:266, fine_2:30, fine_3:285
    level=P3 cls=3 | coarse:31, fine_0:60, fine_1:35, fine_2:1, fine_3:9
    level=P4 cls=1 | fine_0:3, fine_3:3
    level=P4 cls=2 | coarse:27, fine_0:11, fine_1:4, fine_2:18, fine_3:26
    level=P4 cls=3 | fine_2:4
  [fine-win rate] 34892/54150 embeddings preferred a fine proto over the coarse (64.4%)

Epoch 19
  [loss hits: which prototype was nearest each embedding]
    level=P2 cls=0 | coarse:10520, fine_0:3151, fine_1:1884, fine_2:29, fine_3:2318
    level=P2 cls=1 | coarse:1630, fine_0:196, fine_1:5305, fine_2:3739, fine_3:68
    level=P2 cls=2 | coarse:2074, fine_0:672, fine_1:5899, fine_2:1715, fine_3:3194
    level=P2 cls=3 | coarse:252, fine_0:4, fine_1:24, fine_2:188, fine_3:192
    level=P3 cls=0 | fine_0:1, fine_1:4, fine_2:1, fine_3:4
    level=P3 cls=1 | coarse:1476, fine_1:19, fine_2:1239, fine_3:200
    level=P3 cls=2 | coarse:131, fine_0:9, fine_1:310, fine_2:43, fine_3:293
    level=P3 cls=3 | coarse:46, fine_0:56, fine_1:11, fine_3:5
    level=P4 cls=1 | coarse:1, fine_0:5, fine_3:6
    level=P4 cls=2 | coarse:30, fine_0:32, fine_1:10, fine_3:32
    level=P4 cls=3 | fine_2:8
  [fine-win rate] 30866/47026 embeddings preferred a fine proto over the coarse (65.6%)

Epoch 20
  [loss hits: which prototype was nearest each embedding]
    level=P2 cls=0 | coarse:12227, fine_0:1246, fine_1:3080, fine_2:39, fine_3:2482
    level=P2 cls=1 | coarse:1719, fine_0:274, fine_1:6980, fine_2:5340, fine_3:55
    level=P2 cls=2 | coarse:2026, fine_0:494, fine_1:4125, fine_2:1261, fine_3:2114
    level=P2 cls=3 | coarse:280, fine_0:13, fine_1:25, fine_2:164, fine_3:96
    level=P3 cls=0 | fine_0:5, fine_1:15, fine_2:1, fine_3:9
    level=P3 cls=1 | coarse:2132, fine_0:1, fine_1:18, fine_2:1853, fine_3:294
    level=P3 cls=2 | coarse:90, fine_0:5, fine_1:213, fine_2:15, fine_3:193
    level=P3 cls=3 | coarse:39, fine_0:51, fine_1:23, fine_2:2, fine_3:1
    level=P4 cls=1 | fine_0:1, fine_3:1
    level=P4 cls=2 | coarse:26, fine_0:18, fine_1:2, fine_3:36
    level=P4 cls=3 | fine_1:1, fine_2:32, fine_3:1
  [fine-win rate] 30579/49118 embeddings preferred a fine proto over the coarse (62.3%)

Epoch 21
  [loss hits: which prototype was nearest each embedding]
    level=P2 cls=0 | coarse:14374, fine_0:4726, fine_1:2374, fine_2:85, fine_3:2811
    level=P2 cls=1 | coarse:1746, fine_0:140, fine_1:8131, fine_2:6510, fine_3:37
    level=P2 cls=2 | coarse:1684, fine_0:598, fine_1:4566, fine_2:1750, fine_3:2674
    level=P2 cls=3 | coarse:626, fine_0:14, fine_1:28, fine_2:368, fine_3:260
    level=P3 cls=0 | fine_1:62, fine_2:3, fine_3:59
    level=P3 cls=1 | coarse:2329, fine_1:22, fine_2:2096, fine_3:135
    level=P3 cls=2 | coarse:109, fine_0:5, fine_1:134, fine_2:17, fine_3:147
    level=P3 cls=3 | coarse:53, fine_0:57, fine_1:5, fine_2:2, fine_3:13
    level=P4 cls=1 | coarse:1, fine_0:1, fine_1:1, fine_3:3
    level=P4 cls=2 | coarse:53, fine_0:4, fine_1:3, fine_2:16, fine_3:48
    level=P4 cls=3 | fine_2:18
  [fine-win rate] 37923/58898 embeddings preferred a fine proto over the coarse (64.4%)

Epoch 22
  [loss hits: which prototype was nearest each embedding]
    level=P2 cls=0 | coarse:10984, fine_0:3065, fine_1:2351, fine_2:40, fine_3:2542
    level=P2 cls=1 | coarse:1076, fine_0:201, fine_1:6030, fine_2:4947, fine_3:42
    level=P2 cls=2 | coarse:2400, fine_0:629, fine_1:5373, fine_2:1500, fine_3:2680
    level=P2 cls=3 | coarse:63, fine_0:5, fine_1:16, fine_2:66, fine_3:40
    level=P3 cls=0 | coarse:2, fine_0:1, fine_1:35, fine_2:4, fine_3:32
    level=P3 cls=1 | coarse:1613, fine_1:26, fine_2:1510, fine_3:183
    level=P3 cls=2 | coarse:122, fine_0:12, fine_1:171, fine_2:40, fine_3:237
    level=P3 cls=3 | coarse:41, fine_0:34, fine_1:5, fine_2:2, fine_3:16
    level=P4 cls=1 | coarse:1, fine_0:3, fine_1:2, fine_3:4
    level=P4 cls=2 | coarse:68, fine_1:6, fine_2:2, fine_3:44
    level=P4 cls=3 | fine_2:18
  [fine-win rate] 31914/48284 embeddings preferred a fine proto over the coarse (66.1%)

Epoch 23
  [loss hits: which prototype was nearest each embedding]
    level=P2 cls=0 | coarse:9715, fine_0:4128, fine_1:1428, fine_2:38, fine_3:2243
    level=P2 cls=1 | coarse:2141, fine_0:193, fine_1:6476, fine_2:4793, fine_3:115
    level=P2 cls=2 | coarse:2601, fine_0:549, fine_1:5909, fine_2:1605, fine_3:3214
    level=P2 cls=3 | coarse:659, fine_0:16, fine_1:15, fine_2:386, fine_3:304
    level=P3 cls=0 | coarse:4, fine_0:1, fine_1:3, fine_2:1, fine_3:3
    level=P3 cls=1 | coarse:997, fine_0:2, fine_1:9, fine_2:949, fine_3:55
    level=P3 cls=2 | coarse:93, fine_0:10, fine_1:323, fine_2:40, fine_3:332
    level=P3 cls=3 | coarse:37, fine_0:33, fine_1:9, fine_2:3, fine_3:6
    level=P4 cls=1 | coarse:4, fine_0:29, fine_3:33
    level=P4 cls=2 | coarse:58, fine_1:5, fine_2:4, fine_3:45
    level=P4 cls=3 | fine_2:18, fine_3:2
  [fine-win rate] 33327/49636 embeddings preferred a fine proto over the coarse (67.1%)

Epoch 24
  [loss hits: which prototype was nearest each embedding]
    level=P2 cls=0 | coarse:12679, fine_0:2227, fine_1:2024, fine_2:41, fine_3:2619
    level=P2 cls=1 | coarse:1112, fine_0:100, fine_1:4850, fine_2:3753, fine_3:13
    level=P2 cls=2 | coarse:2477, fine_0:446, fine_1:5533, fine_2:1471, fine_3:2935
    level=P2 cls=3 | coarse:292, fine_0:12, fine_1:16, fine_2:221, fine_3:157
    level=P3 cls=0 | coarse:3, fine_0:10, fine_1:152, fine_2:19, fine_3:136
    level=P3 cls=1 | coarse:1184, fine_0:4, fine_1:18, fine_2:1156, fine_3:86
    level=P3 cls=2 | coarse:62, fine_0:7, fine_1:200, fine_2:25, fine_3:196
    level=P3 cls=3 | coarse:13, fine_0:25, fine_1:13, fine_3:3
    level=P4 cls=1 | coarse:2, fine_0:4, fine_1:1, fine_3:7
    level=P4 cls=2 | coarse:50, fine_1:19, fine_2:20, fine_3:23
    level=P4 cls=3 | fine_2:4
  [fine-win rate] 28546/46420 embeddings preferred a fine proto over the coarse (61.5%)

Epoch 25
  [loss hits: which prototype was nearest each embedding]
    level=P2 cls=0 | coarse:14219, fine_0:4690, fine_1:2833, fine_2:62, fine_3:3488
    level=P2 cls=1 | coarse:2912, fine_0:143, fine_1:9011, fine_2:6178, fine_3:124
    level=P2 cls=2 | coarse:1757, fine_0:561, fine_1:4163, fine_2:1064, fine_3:1865
    level=P2 cls=3 | coarse:154, fine_0:8, fine_1:18, fine_2:116, fine_3:60
    level=P3 cls=0 | coarse:6, fine_0:11, fine_1:106, fine_2:10, fine_3:89
    level=P3 cls=1 | coarse:1761, fine_0:1, fine_1:63, fine_2:1592, fine_3:337
    level=P3 cls=2 | coarse:75, fine_0:9, fine_1:207, fine_2:35, fine_3:164
    level=P3 cls=3 | coarse:15, fine_0:31, fine_1:27, fine_3:1
    level=P4 cls=1 | coarse:8, fine_0:18, fine_1:14, fine_3:32
    level=P4 cls=2 | coarse:36, fine_1:1, fine_2:7, fine_3:30
    level=P4 cls=3 | fine_2:22, fine_3:2
  [fine-win rate] 37193/58136 embeddings preferred a fine proto over the coarse (64.0%)

Epoch 26
  [loss hits: which prototype was nearest each embedding]
    level=P2 cls=0 | coarse:10803, fine_0:3877, fine_1:2551, fine_2:29, fine_3:2094
    level=P2 cls=1 | coarse:1160, fine_0:178, fine_1:5078, fine_2:4467, fine_3:29
    level=P2 cls=2 | coarse:1587, fine_0:375, fine_1:3921, fine_2:1268, fine_3:2475
    level=P2 cls=3 | coarse:496, fine_0:9, fine_1:13, fine_2:299, fine_3:175
    level=P3 cls=0 | coarse:1, fine_0:13, fine_1:181, fine_2:4, fine_3:167
    level=P3 cls=1 | coarse:1786, fine_1:36, fine_2:1697, fine_3:135
    level=P3 cls=2 | coarse:110, fine_0:7, fine_1:205, fine_2:35, fine_3:169
    level=P3 cls=3 | coarse:30, fine_0:47, fine_1:39, fine_2:1, fine_3:5
    level=P4 cls=1 | coarse:1, fine_3:1
    level=P4 cls=2 | coarse:53, fine_1:5, fine_2:2, fine_3:34
    level=P4 cls=3 | coarse:1, fine_2:35
  [fine-win rate] 29656/45684 embeddings preferred a fine proto over the coarse (64.9%)

Epoch 27
  [loss hits: which prototype was nearest each embedding]
    level=P2 cls=0 | coarse:10609, fine_0:1621, fine_1:2903, fine_2:42, fine_3:2677
    level=P2 cls=1 | coarse:1129, fine_0:203, fine_1:4855, fine_2:3776, fine_3:45
    level=P2 cls=2 | coarse:2096, fine_0:873, fine_1:4262, fine_2:1141, fine_3:1676
    level=P2 cls=3 | coarse:132, fine_0:8, fine_1:22, fine_2:142, fine_3:62
    level=P3 cls=0 | fine_1:53, fine_3:53
    level=P3 cls=1 | coarse:1666, fine_1:16, fine_2:1441, fine_3:169
    level=P3 cls=2 | coarse:68, fine_0:6, fine_1:160, fine_2:22, fine_3:124
    level=P3 cls=3 | coarse:26, fine_0:49, fine_1:34, fine_3:3
    level=P4 cls=1 | coarse:3, fine_0:5, fine_3:8
    level=P4 cls=2 | coarse:25, fine_0:2, fine_1:1, fine_2:4, fine_3:20
    level=P4 cls=3 | coarse:1, fine_0:1, fine_2:25, fine_3:1
  [fine-win rate] 26505/42260 embeddings preferred a fine proto over the coarse (62.7%)

Epoch 28
  [loss hits: which prototype was nearest each embedding]
    level=P2 cls=0 | coarse:11454, fine_0:4505, fine_1:2265, fine_2:34, fine_3:3982
    level=P2 cls=1 | coarse:1464, fine_0:118, fine_1:6311, fine_2:5041, fine_3:48
    level=P2 cls=2 | coarse:1566, fine_0:293, fine_1:4148, fine_2:1357, fine_3:2850
    level=P2 cls=3 | coarse:419, fine_0:3, fine_1:11, fine_2:324, fine_3:187
    level=P3 cls=0 | fine_1:17, fine_2:3, fine_3:20
    level=P3 cls=1 | coarse:1404, fine_1:9, fine_2:1344, fine_3:183
    level=P3 cls=2 | coarse:101, fine_0:10, fine_1:223, fine_2:40, fine_3:176
    level=P3 cls=3 | coarse:11, fine_0:14, fine_1:12, fine_3:7
    level=P4 cls=1 | coarse:19, fine_0:81, fine_1:14, fine_3:94
    level=P4 cls=2 | coarse:77, fine_0:2, fine_1:3, fine_2:9, fine_3:57
    level=P4 cls=3 | fine_2:5, fine_3:1
  [fine-win rate] 33801/50316 embeddings preferred a fine proto over the coarse (67.2%)

Epoch 29
  [loss hits: which prototype was nearest each embedding]
    level=P2 cls=0 | coarse:11991, fine_0:2441, fine_1:2919, fine_2:29, fine_3:1910
    level=P2 cls=1 | coarse:1252, fine_0:281, fine_1:5377, fine_2:4295, fine_3:33
    level=P2 cls=2 | coarse:1971, fine_0:625, fine_1:3956, fine_2:1413, fine_3:1881
    level=P2 cls=3 | coarse:83, fine_0:8, fine_1:21, fine_2:93, fine_3:45
    level=P3 cls=0 | fine_0:11, fine_1:111, fine_2:2, fine_3:100
    level=P3 cls=1 | coarse:1291, fine_0:1, fine_1:14, fine_2:1239, fine_3:105
    level=P3 cls=2 | coarse:157, fine_0:8, fine_1:227, fine_2:53, fine_3:87
    level=P3 cls=3 | coarse:28, fine_0:27, fine_1:25, fine_2:2, fine_3:6
    level=P4 cls=1 | coarse:6, fine_0:60, fine_1:2, fine_3:66
    level=P4 cls=2 | coarse:37, fine_0:2, fine_1:5, fine_2:11, fine_3:23
    level=P4 cls=3 | fine_0:1, fine_1:7, fine_2:12
  [fine-win rate] 27534/44350 embeddings preferred a fine proto over the coarse (62.1%)

Epoch 30
  [loss hits: which prototype was nearest each embedding]
    level=P2 cls=0 | coarse:10553, fine_0:3692, fine_1:2451, fine_2:38, fine_3:1904
    level=P2 cls=1 | coarse:1496, fine_0:251, fine_1:6525, fine_2:5303, fine_3:35
    level=P2 cls=2 | coarse:1918, fine_0:444, fine_1:4058, fine_2:1186, fine_3:2370
    level=P2 cls=3 | coarse:546, fine_0:13, fine_1:25, fine_2:350, fine_3:240
    level=P3 cls=0 | coarse:2, fine_0:3, fine_1:67, fine_2:4, fine_3:68
    level=P3 cls=1 | coarse:2021, fine_0:4, fine_1:20, fine_2:2030, fine_3:127
    level=P3 cls=2 | coarse:93, fine_0:8, fine_1:317, fine_2:32, fine_3:284
    level=P3 cls=3 | coarse:34, fine_0:34, fine_1:18, fine_2:3, fine_3:9
    level=P4 cls=1 | coarse:17, fine_0:60, fine_1:8, fine_3:75
    level=P4 cls=2 | coarse:74, fine_1:11, fine_2:5, fine_3:54
    level=P4 cls=3 | fine_0:1, fine_1:1, fine_2:8
  [fine-win rate] 32136/48890 embeddings preferred a fine proto over the coarse (65.7%)

Epoch 31
  [loss hits: which prototype was nearest each embedding]
    level=P2 cls=0 | coarse:12281, fine_0:2763, fine_1:3035, fine_2:38, fine_3:2323
    level=P2 cls=1 | coarse:1555, fine_0:114, fine_1:7263, fine_2:5952, fine_3:42
    level=P2 cls=2 | coarse:1562, fine_0:597, fine_1:3602, fine_2:1295, fine_3:1924
    level=P2 cls=3 | coarse:136, fine_0:13, fine_1:21, fine_2:115, fine_3:121
    level=P3 cls=0 | coarse:4, fine_0:6, fine_1:77, fine_2:3, fine_3:70
    level=P3 cls=1 | coarse:1306, fine_0:1, fine_1:28, fine_2:1268, fine_3:83
    level=P3 cls=2 | coarse:35, fine_0:3, fine_1:145, fine_2:19, fine_3:146
    level=P3 cls=3 | coarse:18, fine_0:33, fine_1:26, fine_2:3, fine_3:8
    level=P4 cls=1 | coarse:6, fine_0:22, fine_3:28
    level=P4 cls=2 | coarse:39, fine_0:1, fine_1:3, fine_2:8, fine_3:33
    level=P4 cls=3 | fine_2:6
  [fine-win rate] 31238/48180 embeddings preferred a fine proto over the coarse (64.8%)

Epoch 32
  [loss hits: which prototype was nearest each embedding]
    level=P2 cls=0 | coarse:10048, fine_0:2264, fine_1:1766, fine_2:42, fine_3:1888
    level=P2 cls=1 | coarse:1970, fine_0:98, fine_1:5366, fine_2:3591, fine_3:87
    level=P2 cls=2 | coarse:2046, fine_0:833, fine_1:5001, fine_2:2035, fine_3:2367
    level=P2 cls=3 | coarse:190, fine_0:18, fine_1:16, fine_2:136, fine_3:106
    level=P3 cls=0 | coarse:38, fine_0:48, fine_1:319, fine_2:16, fine_3:289
    level=P3 cls=1 | coarse:1182, fine_0:1, fine_1:32, fine_2:1092, fine_3:115
    level=P3 cls=2 | coarse:98, fine_0:6, fine_1:301, fine_2:23, fine_3:300
    level=P3 cls=3 | coarse:22, fine_0:58, fine_1:40, fine_3:4
    level=P4 cls=1 | coarse:10, fine_0:69, fine_3:77
    level=P4 cls=2 | coarse:41, fine_0:1, fine_1:5, fine_2:4, fine_3:35
    level=P4 cls=3 | fine_2:22
  [fine-win rate] 28471/44116 embeddings preferred a fine proto over the coarse (64.5%)

Epoch 33
  [loss hits: which prototype was nearest each embedding]
    level=P2 cls=0 | coarse:13532, fine_0:3186, fine_1:2927, fine_2:41, fine_3:2722
    level=P2 cls=1 | coarse:2391, fine_0:156, fine_1:9506, fine_2:7446, fine_3:87
    level=P2 cls=2 | coarse:2287, fine_0:638, fine_1:5008, fine_2:1204, fine_3:2339
    level=P2 cls=3 | coarse:389, fine_0:11, fine_1:12, fine_2:296, fine_3:142
    level=P3 cls=0 | fine_0:1, fine_1:20, fine_2:7, fine_3:24
    level=P3 cls=1 | coarse:1455, fine_0:3, fine_1:44, fine_2:1435, fine_3:187
    level=P3 cls=2 | coarse:80, fine_0:7, fine_1:214, fine_2:14, fine_3:171
    level=P3 cls=3 | coarse:35, fine_0:98, fine_1:87, fine_2:1, fine_3:3
    level=P4 cls=1 | coarse:1, fine_0:7, fine_3:8
    level=P4 cls=2 | coarse:36, fine_1:1, fine_3:29
    level=P4 cls=3 | fine_2:44
  [fine-win rate] 38126/58332 embeddings preferred a fine proto over the coarse (65.4%)

Epoch 34
  [loss hits: which prototype was nearest each embedding]
    level=P2 cls=0 | coarse:12217, fine_0:4188, fine_1:1627, fine_2:53, fine_3:2899
    level=P2 cls=1 | coarse:2017, fine_0:177, fine_1:7619, fine_2:5599, fine_3:60
    level=P2 cls=2 | coarse:2117, fine_0:549, fine_1:5250, fine_2:1517, fine_3:3393
    level=P2 cls=3 | coarse:392, fine_0:15, fine_1:20, fine_2:201, fine_3:176
    level=P3 cls=0 | fine_0:4, fine_1:27, fine_2:2, fine_3:25
    level=P3 cls=1 | coarse:1816, fine_1:16, fine_2:1670, fine_3:112
    level=P3 cls=2 | coarse:75, fine_0:2, fine_1:303, fine_2:23, fine_3:275
    level=P3 cls=3 | coarse:6, fine_0:19, fine_1:16, fine_3:3
    level=P4 cls=1 | coarse:8, fine_0:44, fine_3:52
    level=P4 cls=2 | coarse:25, fine_3:23
    level=P4 cls=3 | fine_2:4
  [fine-win rate] 35963/54636 embeddings preferred a fine proto over the coarse (65.8%)

Epoch 35
  [loss hits: which prototype was nearest each embedding]
    level=P2 cls=0 | coarse:10852, fine_0:2200, fine_1:2572, fine_2:36, fine_3:1984
    level=P2 cls=1 | coarse:1567, fine_0:121, fine_1:7928, fine_2:6595, fine_3:25
    level=P2 cls=2 | coarse:1740, fine_0:590, fine_1:3751, fine_2:869, fine_3:1578
    level=P2 cls=3 | coarse:70, fine_0:11, fine_1:14, fine_2:57, fine_3:36
    level=P3 cls=0 | fine_1:65, fine_2:1, fine_3:66
    level=P3 cls=1 | coarse:1718, fine_0:1, fine_1:34, fine_2:1639, fine_3:80
    level=P3 cls=2 | coarse:79, fine_0:8, fine_1:183, fine_2:33, fine_3:161
    level=P3 cls=3 | coarse:28, fine_0:57, fine_1:31, fine_3:14
    level=P4 cls=1 | coarse:29, fine_0:98, fine_1:9, fine_3:130
    level=P4 cls=2 | coarse:51, fine_1:3, fine_2:2, fine_3:40
    level=P4 cls=3 | coarse:1, fine_0:1, fine_2:10
  [fine-win rate] 31033/47168 embeddings preferred a fine proto over the coarse (65.8%)

Epoch 36
  [loss hits: which prototype was nearest each embedding]
    level=P2 cls=0 | coarse:11051, fine_0:4406, fine_1:1465, fine_2:29, fine_3:1695
    level=P2 cls=1 | coarse:2541, fine_0:250, fine_1:8903, fine_2:8019, fine_3:73
    level=P2 cls=2 | coarse:2071, fine_0:432, fine_1:5208, fine_2:1474, fine_3:3589
    level=P2 cls=3 | coarse:368, fine_0:21, fine_1:24, fine_2:304, fine_3:157
    level=P3 cls=0 | coarse:4, fine_0:8, fine_1:49, fine_2:1, fine_3:40
    level=P3 cls=1 | coarse:1522, fine_1:17, fine_2:1399, fine_3:188
    level=P3 cls=2 | coarse:57, fine_0:1, fine_1:271, fine_2:11, fine_3:256
    level=P3 cls=3 | coarse:12, fine_0:24, fine_1:18, fine_2:1, fine_3:7
    level=P4 cls=1 | coarse:7, fine_0:53, fine_3:60
    level=P4 cls=2 | coarse:40, fine_1:5, fine_2:4, fine_3:29
    level=P4 cls=3 | fine_2:42
  [fine-win rate] 38533/56206 embeddings preferred a fine proto over the coarse (68.6%)

Epoch 37
  [loss hits: which prototype was nearest each embedding]
    level=P2 cls=0 | coarse:17190, fine_0:2404, fine_1:3790, fine_2:62, fine_3:3546
    level=P2 cls=1 | coarse:1947, fine_0:131, fine_1:8263, fine_2:6294, fine_3:43
    level=P2 cls=2 | coarse:2145, fine_0:920, fine_1:5229, fine_2:1617, fine_3:1917
    level=P2 cls=3 | coarse:217, fine_0:8, fine_1:14, fine_2:183, fine_3:100
    level=P3 cls=0 | fine_0:10, fine_1:38, fine_2:10, fine_3:32
    level=P3 cls=1 | coarse:1429, fine_1:21, fine_2:1397, fine_3:89
    level=P3 cls=2 | coarse:97, fine_0:6, fine_1:136, fine_2:20, fine_3:83
    level=P3 cls=3 | coarse:18, fine_0:29, fine_1:19, fine_2:1, fine_3:5
    level=P4 cls=1 | coarse:1, fine_0:13, fine_1:33, fine_3:15
    level=P4 cls=2 | coarse:33, fine_0:1, fine_1:2, fine_2:1, fine_3:31
    level=P4 cls=3 | fine_2:28
  [fine-win rate] 36541/59618 embeddings preferred a fine proto over the coarse (61.3%)

Epoch 38
  [loss hits: which prototype was nearest each embedding]
    level=P2 cls=0 | coarse:9637, fine_0:3187, fine_1:1898, fine_2:41, fine_3:2149
    level=P2 cls=1 | coarse:1621, fine_0:146, fine_1:5656, fine_2:3990, fine_3:61
    level=P2 cls=2 | coarse:2557, fine_0:512, fine_1:5986, fine_2:1674, fine_3:3789
    level=P2 cls=3 | coarse:478, fine_0:12, fine_1:25, fine_2:394, fine_3:219
    level=P3 cls=0 | coarse:2, fine_0:18, fine_1:145, fine_2:8, fine_3:129
    level=P3 cls=1 | coarse:1077, fine_1:26, fine_2:1021, fine_3:100
    level=P3 cls=2 | coarse:106, fine_0:9, fine_1:316, fine_2:28, fine_3:269
    level=P3 cls=3 | coarse:38, fine_0:67, fine_1:42, fine_2:1, fine_3:4
    level=P4 cls=1 | coarse:3, fine_0:1, fine_1:9, fine_3:9
    level=P4 cls=2 | coarse:90, fine_1:16, fine_2:10, fine_3:44
    level=P4 cls=3 | fine_2:6
  [fine-win rate] 32017/47626 embeddings preferred a fine proto over the coarse (67.2%)

Epoch 39
  [loss hits: which prototype was nearest each embedding]
    level=P2 cls=0 | coarse:12685, fine_0:3340, fine_1:2046, fine_2:50, fine_3:2193
    level=P2 cls=1 | coarse:1649, fine_0:78, fine_1:5454, fine_2:3775, fine_3:48
    level=P2 cls=2 | coarse:1418, fine_0:479, fine_1:3503, fine_2:1249, fine_3:2015
    level=P2 cls=3 | coarse:284, fine_0:10, fine_1:25, fine_2:356, fine_3:281
    level=P3 cls=0 | fine_1:55, fine_2:1, fine_3:54
    level=P3 cls=1 | coarse:1591, fine_1:38, fine_2:1533, fine_3:122
    level=P3 cls=2 | coarse:94, fine_0:4, fine_1:221, fine_2:24, fine_3:201
    level=P3 cls=3 | coarse:23, fine_0:43, fine_1:39, fine_2:2, fine_3:7
    level=P4 cls=1 | coarse:2, fine_0:14, fine_1:3, fine_3:17
    level=P4 cls=2 | coarse:62, fine_1:2, fine_2:19, fine_3:59
    level=P4 cls=3 | fine_2:8
  [fine-win rate] 27368/45176 embeddings preferred a fine proto over the coarse (60.6%)

Epoch 40
  [loss hits: which prototype was nearest each embedding]
    level=P2 cls=0 | coarse:13644, fine_0:4188, fine_1:2434, fine_2:44, fine_3:2542
    level=P2 cls=1 | coarse:1817, fine_0:135, fine_1:6464, fine_2:4810, fine_3:44
    level=P2 cls=2 | coarse:2197, fine_0:861, fine_1:4989, fine_2:1286, fine_3:2149
    level=P2 cls=3 | coarse:226, fine_0:10, fine_1:21, fine_2:335, fine_3:130
    level=P3 cls=0 | coarse:4, fine_0:16, fine_1:81, fine_2:9, fine_3:62
    level=P3 cls=1 | coarse:1395, fine_1:19, fine_2:1375, fine_3:87
    level=P3 cls=2 | coarse:48, fine_0:4, fine_1:130, fine_2:17, fine_3:107
    level=P3 cls=3 | coarse:18, fine_0:56, fine_1:42, fine_2:1, fine_3:3
    level=P4 cls=1 | coarse:8, fine_0:79, fine_1:9, fine_3:90
    level=P4 cls=2 | coarse:54, fine_1:1, fine_2:2, fine_3:41
    level=P4 cls=3 | coarse:1, fine_2:33
  [fine-win rate] 32706/52118 embeddings preferred a fine proto over the coarse (62.8%)

Epoch 41
  [loss hits: which prototype was nearest each embedding]
    level=P2 cls=0 | coarse:7650, fine_0:1572, fine_1:2570, fine_2:26, fine_3:1440
    level=P2 cls=1 | coarse:1602, fine_0:102, fine_1:4130, fine_2:2740, fine_3:28
    level=P2 cls=2 | coarse:1343, fine_0:484, fine_1:2616, fine_2:991, fine_3:1244
    level=P2 cls=3 | coarse:315, fine_0:7, fine_1:14, fine_2:200, fine_3:104
    level=P3 cls=0 | fine_0:6, fine_1:170, fine_2:24, fine_3:182
    level=P3 cls=1 | coarse:1457, fine_1:5, fine_2:1460, fine_3:68
    level=P3 cls=2 | coarse:132, fine_0:15, fine_1:126, fine_2:49, fine_3:54
    level=P3 cls=3 | coarse:25, fine_0:20, fine_1:18, fine_2:1, fine_3:4
    level=P4 cls=1 | coarse:6, fine_0:48, fine_1:1, fine_3:55
    level=P4 cls=2 | coarse:62, fine_1:5, fine_2:9, fine_3:48
    level=P4 cls=3 | coarse:2, fine_0:1, fine_1:1, fine_2:34
  [fine-win rate] 20672/33266 embeddings preferred a fine proto over the coarse (62.1%)

Epoch 42
  [loss hits: which prototype was nearest each embedding]
    level=P2 cls=0 | coarse:7696, fine_0:940, fine_1:3508, fine_2:35, fine_3:1751
    level=P2 cls=1 | coarse:1361, fine_0:65, fine_1:3959, fine_2:2711, fine_3:26
    level=P2 cls=2 | coarse:1474, fine_0:684, fine_1:2745, fine_2:870, fine_3:819
    level=P2 cls=3 | coarse:173, fine_0:7, fine_1:28, fine_2:145, fine_3:223
    level=P3 cls=0 | coarse:6, fine_0:29, fine_1:156, fine_2:5, fine_3:124
    level=P3 cls=1 | coarse:1564, fine_1:10, fine_2:1452, fine_3:116
    level=P3 cls=2 | coarse:203, fine_0:16, fine_1:195, fine_2:49, fine_3:33
    level=P3 cls=3 | coarse:31, fine_0:19, fine_1:17, fine_2:1, fine_3:6
    level=P4 cls=1 | coarse:3, fine_0:25, fine_3:28
    level=P4 cls=2 | coarse:48, fine_1:9, fine_2:14, fine_3:31
    level=P4 cls=3 | fine_2:7, fine_3:1
  [fine-win rate] 20859/33418 embeddings preferred a fine proto over the coarse (62.4%)

Epoch 43
  [loss hits: which prototype was nearest each embedding]
    level=P2 cls=0 | coarse:8166, fine_0:1102, fine_1:3124, fine_2:51, fine_3:1703
    level=P2 cls=1 | coarse:1259, fine_0:85, fine_1:4214, fine_2:2860, fine_3:76
    level=P2 cls=2 | coarse:1591, fine_0:793, fine_1:2457, fine_2:1009, fine_3:766
    level=P2 cls=3 | coarse:328, fine_0:10, fine_1:19, fine_2:154, fine_3:127
    level=P3 cls=0 | fine_0:1, fine_1:3, fine_2:2
    level=P3 cls=1 | coarse:1415, fine_1:6, fine_2:1384, fine_3:155
    level=P3 cls=2 | coarse:172, fine_0:6, fine_1:172, fine_2:36, fine_3:32
    level=P3 cls=3 | coarse:47, fine_0:13, fine_1:12, fine_2:2, fine_3:2
    level=P4 cls=1 | coarse:7, fine_0:59, fine_1:7, fine_3:67
    level=P4 cls=2 | coarse:50, fine_1:10, fine_3:36
    level=P4 cls=3 | fine_2:12
  [fine-win rate] 20567/33602 embeddings preferred a fine proto over the coarse (61.2%)

Epoch 44
  [loss hits: which prototype was nearest each embedding]
    level=P2 cls=0 | coarse:6736, fine_0:801, fine_1:3530, fine_2:39, fine_3:1534
    level=P2 cls=1 | coarse:1205, fine_0:66, fine_1:3960, fine_2:2754, fine_3:21
    level=P2 cls=2 | coarse:1596, fine_0:639, fine_1:2984, fine_2:731, fine_3:1052
    level=P2 cls=3 | coarse:296, fine_0:5, fine_1:14, fine_2:201, fine_3:118
    level=P3 cls=0 | coarse:6, fine_0:42, fine_1:181, fine_2:22, fine_3:133
    level=P3 cls=1 | coarse:1514, fine_1:10, fine_2:1400, fine_3:146
    level=P3 cls=2 | coarse:128, fine_0:14, fine_1:140, fine_2:37, fine_3:25
    level=P3 cls=3 | coarse:26, fine_0:18, fine_1:19, fine_2:2, fine_3:11
    level=P4 cls=1 | coarse:19, fine_0:105, fine_1:2, fine_3:126
    level=P4 cls=2 | coarse:56, fine_0:1, fine_1:12, fine_2:4, fine_3:35
    level=P4 cls=3 | fine_2:24
  [fine-win rate] 20958/32540 embeddings preferred a fine proto over the coarse (64.4%)

Epoch 45
  [loss hits: which prototype was nearest each embedding]
    level=P2 cls=0 | coarse:7593, fine_0:1476, fine_1:2137, fine_2:23, fine_3:1799
    level=P2 cls=1 | coarse:996, fine_0:143, fine_1:4103, fine_2:3308, fine_3:16
    level=P2 cls=2 | coarse:1366, fine_0:410, fine_1:2488, fine_2:963, fine_3:1285
    level=P2 cls=3 | coarse:177, fine_0:5, fine_1:19, fine_2:105, fine_3:104
    level=P3 cls=0 | coarse:2, fine_0:36, fine_1:203, fine_2:8, fine_3:167
    level=P3 cls=1 | coarse:1436, fine_1:16, fine_2:1372, fine_3:98
    level=P3 cls=2 | coarse:154, fine_0:2, fine_1:157, fine_2:38, fine_3:23
    level=P3 cls=3 | coarse:12, fine_0:29, fine_1:30, fine_3:3
    level=P4 cls=1 | coarse:14, fine_0:104, fine_3:118
    level=P4 cls=2 | coarse:46, fine_1:8, fine_2:16, fine_3:28
    level=P4 cls=3 | fine_2:10
  [fine-win rate] 20850/32646 embeddings preferred a fine proto over the coarse (63.9%)

Epoch 46
  [loss hits: which prototype was nearest each embedding]
    level=P2 cls=0 | coarse:7319, fine_0:1448, fine_1:3026, fine_2:22, fine_3:1815
    level=P2 cls=1 | coarse:862, fine_0:102, fine_1:4024, fine_2:3226, fine_3:42
    level=P2 cls=2 | coarse:1441, fine_0:516, fine_1:2663, fine_2:979, fine_3:1109
    level=P2 cls=3 | coarse:152, fine_0:5, fine_1:15, fine_2:104, fine_3:54
    level=P3 cls=0 | fine_0:3, fine_1:26, fine_2:3, fine_3:24
    level=P3 cls=1 | coarse:1453, fine_1:8, fine_2:1372, fine_3:97
    level=P3 cls=2 | coarse:208, fine_0:11, fine_1:205, fine_2:42, fine_3:6
    level=P3 cls=3 | coarse:43, fine_0:9, fine_1:31, fine_2:1, fine_3:2
    level=P4 cls=1 | coarse:8, fine_0:76, fine_3:84
    level=P4 cls=2 | coarse:50, fine_1:6, fine_2:4, fine_3:30
    level=P4 cls=3 | coarse:1, fine_0:2, fine_2:10, fine_3:1
  [fine-win rate] 21203/32740 embeddings preferred a fine proto over the coarse (64.8%)

Epoch 47
  [loss hits: which prototype was nearest each embedding]
    level=P2 cls=0 | coarse:7712, fine_0:1041, fine_1:3019, fine_2:31, fine_3:1667
    level=P2 cls=1 | coarse:1126, fine_0:99, fine_1:3613, fine_2:2497, fine_3:21
    level=P2 cls=2 | coarse:1471, fine_0:675, fine_1:2751, fine_2:943, fine_3:770
    level=P2 cls=3 | coarse:165, fine_0:8, fine_1:15, fine_2:77, fine_3:51
    level=P3 cls=0 | fine_0:11, fine_1:151, fine_2:5, fine_3:145
    level=P3 cls=1 | coarse:1709, fine_1:17, fine_2:1601, fine_3:167
    level=P3 cls=2 | coarse:139, fine_0:4, fine_1:138, fine_2:32, fine_3:1
    level=P3 cls=3 | coarse:34, fine_0:22, fine_1:33, fine_3:5
    level=P4 cls=1 | coarse:15, fine_0:60, fine_1:7, fine_2:1, fine_3:77
    level=P4 cls=2 | coarse:41, fine_1:3, fine_2:1, fine_3:33
    level=P4 cls=3 | fine_2:8
  [fine-win rate] 19800/32212 embeddings preferred a fine proto over the coarse (61.5%)

Epoch 48
  [loss hits: which prototype was nearest each embedding]
    level=P2 cls=0 | coarse:8391, fine_0:1223, fine_1:3181, fine_2:25, fine_3:1670
    level=P2 cls=1 | coarse:993, fine_0:107, fine_1:3893, fine_2:2946, fine_3:43
    level=P2 cls=2 | coarse:1424, fine_0:404, fine_1:2195, fine_2:1316, fine_3:1151
    level=P2 cls=3 | coarse:282, fine_0:10, fine_1:13, fine_2:178, fine_3:179
    level=P3 cls=0 | coarse:2, fine_0:14, fine_1:94, fine_2:24, fine_3:94
    level=P3 cls=1 | coarse:1693, fine_1:18, fine_2:1534, fine_3:189
    level=P3 cls=2 | coarse:204, fine_0:4, fine_1:200, fine_2:27, fine_3:17
    level=P3 cls=3 | coarse:20, fine_0:20, fine_1:20, fine_3:4
    level=P4 cls=1 | coarse:13, fine_0:76, fine_1:4, fine_3:85
    level=P4 cls=2 | coarse:57, fine_1:10, fine_2:5, fine_3:34
    level=P4 cls=3 | fine_2:10
  [fine-win rate] 21017/34096 embeddings preferred a fine proto over the coarse (61.6%)

Epoch 49
  [loss hits: which prototype was nearest each embedding]
    level=P2 cls=0 | coarse:7949, fine_0:1194, fine_1:2740, fine_2:12, fine_3:1243
    level=P2 cls=1 | coarse:887, fine_0:94, fine_1:3870, fine_2:3110, fine_3:51
    level=P2 cls=2 | coarse:1441, fine_0:457, fine_1:2644, fine_2:1108, fine_3:1342
    level=P2 cls=3 | coarse:313, fine_0:7, fine_1:18, fine_2:192, fine_3:148
    level=P3 cls=0 | fine_0:14, fine_1:182, fine_2:9, fine_3:169
    level=P3 cls=1 | coarse:1550, fine_1:10, fine_2:1508, fine_3:82
    level=P3 cls=2 | coarse:167, fine_0:8, fine_1:157, fine_2:41, fine_3:27
    level=P3 cls=3 | coarse:13, fine_0:29, fine_1:24
    level=P4 cls=1 | coarse:1, fine_3:1
    level=P4 cls=2 | coarse:50, fine_1:8, fine_2:21, fine_3:33
    level=P4 cls=3 | fine_2:13, fine_3:1
  [fine-win rate] 20567/32938 embeddings preferred a fine proto over the coarse (62.4%)

Epoch 50
  [loss hits: which prototype was nearest each embedding]
    level=P2 cls=0 | coarse:7627, fine_0:1851, fine_1:2733, fine_2:41, fine_3:1774
    level=P2 cls=1 | coarse:1152, fine_0:87, fine_1:4158, fine_2:3041, fine_3:16
    level=P2 cls=2 | coarse:1421, fine_0:387, fine_1:2955, fine_2:948, fine_3:1265
    level=P2 cls=3 | coarse:299, fine_0:1, fine_1:17, fine_2:213, fine_3:126
    level=P3 cls=0 | coarse:6, fine_0:37, fine_1:173, fine_2:13, fine_3:133
    level=P3 cls=1 | coarse:1241, fine_1:3, fine_2:1139, fine_3:107
    level=P3 cls=2 | coarse:199, fine_0:4, fine_1:163, fine_2:34, fine_3:32
    level=P3 cls=3 | coarse:19, fine_0:21, fine_1:25, fine_3:1
    level=P4 cls=1 | coarse:19, fine_0:164, fine_1:1, fine_2:1, fine_3:183
    level=P4 cls=2 | coarse:52, fine_0:1, fine_1:6, fine_2:5, fine_3:32
  [fine-win rate] 21891/33926 embeddings preferred a fine proto over the coarse (64.5%)

