Epoch 1
  [loss hits: which prototype was nearest each embedding]
    level=P2 cls=0 | coarse:13691, fine_0:4840, fine_1:3952, fine_2:22, fine_3:479
    level=P2 cls=1 | coarse:2582, fine_0:278, fine_1:3251, fine_2:9535, fine_3:182
    level=P2 cls=2 | coarse:1901, fine_0:940, fine_1:2269, fine_2:5533, fine_3:201
    level=P2 cls=3 | coarse:280, fine_0:22, fine_1:947, fine_2:74, fine_3:891
    level=P3 cls=0 | coarse:3, fine_1:8, fine_2:3, fine_3:2
    level=P3 cls=1 | coarse:810, fine_0:1, fine_1:539, fine_2:1557, fine_3:33
    level=P3 cls=2 | coarse:87, fine_0:5, fine_1:355, fine_2:7, fine_3:198
    level=P3 cls=3 | coarse:10, fine_0:3, fine_1:1, fine_2:6, fine_3:104
    level=P4 cls=1 | coarse:102, fine_2:102
    level=P4 cls=2 | coarse:14, fine_0:3, fine_1:8, fine_2:21, fine_3:48
    level=P4 cls=3 | coarse:1, fine_0:5, fine_1:1, fine_2:4, fine_3:3
  [fine-win rate] 36433/55914 embeddings preferred a fine proto over the coarse (65.2%)

Epoch 2
  [loss hits: which prototype was nearest each embedding]
    level=P2 cls=0 | coarse:11090, fine_0:5084, fine_1:5231, fine_2:8, fine_3:295
    level=P2 cls=1 | coarse:2485, fine_0:207, fine_1:3101, fine_2:10157, fine_3:96
    level=P2 cls=2 | coarse:858, fine_0:2939, fine_1:1484, fine_2:3968, fine_3:197
    level=P2 cls=3 | coarse:110, fine_0:27, fine_1:212, fine_2:39, fine_3:170
    level=P3 cls=0 | coarse:123, fine_0:1, fine_1:185, fine_2:123, fine_3:6
    level=P3 cls=1 | coarse:630, fine_1:26, fine_2:1985, fine_3:155
    level=P3 cls=2 | coarse:168, fine_0:2, fine_1:296, fine_2:31, fine_3:155
    level=P3 cls=3 | coarse:6, fine_0:10, fine_2:6, fine_3:64
    level=P4 cls=1 | coarse:88, fine_0:9, fine_1:1, fine_2:98
    level=P4 cls=2 | coarse:14, fine_1:13, fine_2:5, fine_3:50
    level=P4 cls=3 | fine_0:1, fine_3:1
  [fine-win rate] 36438/52010 embeddings preferred a fine proto over the coarse (70.1%)

Epoch 3
  [loss hits: which prototype was nearest each embedding]
    level=P2 cls=0 | coarse:11973, fine_0:3394, fine_1:4012, fine_2:53, fine_3:522
    level=P2 cls=1 | coarse:2032, fine_0:292, fine_1:4028, fine_2:9033, fine_3:49
    level=P2 cls=2 | coarse:897, fine_0:3516, fine_1:1276, fine_2:5106, fine_3:159
    level=P2 cls=3 | coarse:167, fine_0:23, fine_1:698, fine_2:51, fine_3:573
    level=P3 cls=0 | coarse:109, fine_0:60, fine_1:79, fine_2:101, fine_3:1
    level=P3 cls=1 | coarse:1252, fine_0:8, fine_1:17, fine_2:2119, fine_3:252
    level=P3 cls=2 | coarse:64, fine_0:1, fine_1:280, fine_2:15, fine_3:226
    level=P3 cls=3 | coarse:8, fine_0:5, fine_2:1, fine_3:64
    level=P4 cls=1 | coarse:16, fine_0:44, fine_2:60
    level=P4 cls=2 | fine_0:37, fine_1:38, fine_2:3, fine_3:14
    level=P4 cls=3 | fine_1:3, fine_2:9, fine_3:2
  [fine-win rate] 36224/52742 embeddings preferred a fine proto over the coarse (68.7%)

Epoch 4
  [loss hits: which prototype was nearest each embedding]
    level=P2 cls=0 | coarse:12012, fine_0:3234, fine_1:4526, fine_2:18, fine_3:670
    level=P2 cls=1 | coarse:2225, fine_0:248, fine_1:4686, fine_2:8414, fine_3:121
    level=P2 cls=2 | coarse:1792, fine_0:3761, fine_1:1606, fine_2:7006, fine_3:141
    level=P2 cls=3 | coarse:138, fine_0:34, fine_1:728, fine_2:58, fine_3:652
    level=P3 cls=0 | coarse:1, fine_1:1
    level=P3 cls=1 | coarse:1177, fine_0:1, fine_1:97, fine_2:1515, fine_3:106
    level=P3 cls=2 | coarse:52, fine_0:2, fine_1:315, fine_2:22, fine_3:235
    level=P3 cls=3 | coarse:3, fine_0:3, fine_1:1, fine_2:6, fine_3:97
    level=P4 cls=1 | fine_0:1, fine_2:1
    level=P4 cls=2 | fine_0:25, fine_1:23, fine_2:5, fine_3:3
    level=P4 cls=3 | fine_1:5, fine_2:6, fine_3:1
  [fine-win rate] 38374/55774 embeddings preferred a fine proto over the coarse (68.8%)

Epoch 5
  [loss hits: which prototype was nearest each embedding]
    level=P2 cls=0 | coarse:12488, fine_0:3888, fine_1:4871, fine_2:29, fine_3:240
    level=P2 cls=1 | coarse:1270, fine_0:108, fine_1:5327, fine_2:6590, fine_3:15
    level=P2 cls=2 | coarse:1676, fine_0:2148, fine_1:1485, fine_2:5011, fine_3:126
    level=P2 cls=3 | coarse:316, fine_0:18, fine_1:456, fine_2:47, fine_3:509
    level=P3 cls=0 | coarse:23, fine_0:6, fine_1:133, fine_2:123, fine_3:1
    level=P3 cls=1 | coarse:864, fine_1:43, fine_2:1008, fine_3:91
    level=P3 cls=2 | coarse:35, fine_0:4, fine_1:342, fine_2:11, fine_3:306
    level=P3 cls=3 | coarse:6, fine_0:1, fine_2:4, fine_3:89
    level=P4 cls=1 | coarse:18, fine_0:8, fine_2:25, fine_3:1
    level=P4 cls=2 | fine_0:82, fine_1:81, fine_2:4, fine_3:3
    level=P4 cls=3 | coarse:1, fine_0:1, fine_2:15, fine_3:15
  [fine-win rate] 33265/49962 embeddings preferred a fine proto over the coarse (66.6%)

Epoch 6
  [loss hits: which prototype was nearest each embedding]
    level=P2 cls=0 | coarse:12239, fine_0:4621, fine_1:5499, fine_2:76, fine_3:265
    level=P2 cls=1 | coarse:2303, fine_0:278, fine_1:5674, fine_2:7849, fine_3:348
    level=P2 cls=2 | coarse:1325, fine_0:1825, fine_1:1448, fine_2:4091, fine_3:101
    level=P2 cls=3 | coarse:165, fine_0:9, fine_1:381, fine_2:33, fine_3:418
    level=P3 cls=0 | coarse:21, fine_0:15, fine_1:35, fine_2:28, fine_3:1
    level=P3 cls=1 | coarse:1220, fine_0:3, fine_1:47, fine_2:1825, fine_3:145
    level=P3 cls=2 | coarse:20, fine_0:2, fine_1:116, fine_2:9, fine_3:93
    level=P3 cls=3 | coarse:2, fine_0:2, fine_1:1, fine_2:2, fine_3:99
    level=P4 cls=1 | coarse:42, fine_0:10, fine_1:85, fine_2:63
    level=P4 cls=2 | coarse:2, fine_0:62, fine_1:61, fine_2:5, fine_3:6
    level=P4 cls=3 | fine_1:2, fine_2:9, fine_3:7
  [fine-win rate] 35649/52988 embeddings preferred a fine proto over the coarse (67.3%)

Epoch 7
  [loss hits: which prototype was nearest each embedding]
    level=P2 cls=0 | coarse:11764, fine_0:5070, fine_1:5076, fine_2:32, fine_3:220
    level=P2 cls=1 | coarse:2630, fine_0:293, fine_1:6355, fine_2:7355, fine_3:63
    level=P2 cls=2 | coarse:1524, fine_0:3131, fine_1:1031, fine_2:4515, fine_3:39
    level=P2 cls=3 | coarse:123, fine_0:18, fine_1:323, fine_2:37, fine_3:359
    level=P3 cls=0 | coarse:9, fine_0:2, fine_1:15, fine_2:16, fine_3:2
    level=P3 cls=1 | coarse:1900, fine_0:1, fine_1:138, fine_2:1813, fine_3:190
    level=P3 cls=2 | coarse:42, fine_1:255, fine_2:21, fine_3:198
    level=P3 cls=3 | coarse:4, fine_0:4, fine_2:2, fine_3:70
    level=P4 cls=1 | coarse:6, fine_0:32, fine_1:156, fine_2:63, fine_3:3
    level=P4 cls=2 | coarse:2, fine_0:36, fine_1:39, fine_3:5
    level=P4 cls=3 | fine_1:2, fine_2:20, fine_3:22
  [fine-win rate] 37022/55026 embeddings preferred a fine proto over the coarse (67.3%)

Epoch 8
  [loss hits: which prototype was nearest each embedding]
    level=P2 cls=0 | coarse:14322, fine_0:3410, fine_1:6607, fine_2:20, fine_3:613
    level=P2 cls=1 | coarse:1770, fine_0:87, fine_1:5729, fine_2:5953, fine_3:29
    level=P2 cls=2 | coarse:1640, fine_0:3643, fine_1:1523, fine_2:6757, fine_3:189
    level=P2 cls=3 | coarse:121, fine_0:45, fine_1:497, fine_2:217, fine_3:200
    level=P3 cls=0 | coarse:28, fine_0:27, fine_1:20, fine_2:16, fine_3:1
    level=P3 cls=1 | coarse:1505, fine_1:34, fine_2:1474, fine_3:53
    level=P3 cls=2 | coarse:32, fine_0:1, fine_1:206, fine_2:13, fine_3:160
    level=P3 cls=3 | coarse:5, fine_0:5, fine_2:3, fine_3:121
    level=P4 cls=1 | coarse:47, fine_0:7, fine_2:54
    level=P4 cls=2 | coarse:1, fine_0:22, fine_1:29, fine_2:1, fine_3:9
    level=P4 cls=3 | fine_1:3, fine_2:5, fine_3:6
  [fine-win rate] 37789/57260 embeddings preferred a fine proto over the coarse (66.0%)

Epoch 9
  [loss hits: which prototype was nearest each embedding]
    level=P2 cls=0 | coarse:10318, fine_0:4081, fine_1:4746, fine_2:35, fine_3:274
    level=P2 cls=1 | coarse:1342, fine_0:263, fine_1:4446, fine_2:6280, fine_3:29
    level=P2 cls=2 | coarse:1113, fine_0:3081, fine_1:984, fine_2:4520, fine_3:112
    level=P2 cls=3 | coarse:131, fine_0:22, fine_1:285, fine_2:77, fine_3:215
    level=P3 cls=0 | coarse:8, fine_0:9, fine_1:11, fine_2:15, fine_3:1
    level=P3 cls=1 | coarse:1397, fine_0:1, fine_1:21, fine_2:1522, fine_3:41
    level=P3 cls=2 | coarse:19, fine_0:2, fine_1:240, fine_2:8, fine_3:213
    level=P3 cls=3 | coarse:4, fine_0:2, fine_3:68
    level=P4 cls=1 | coarse:1, fine_2:1
    level=P4 cls=2 | coarse:6, fine_0:33, fine_1:41, fine_2:6, fine_3:10
    level=P4 cls=3 | coarse:1, fine_2:25, fine_3:26
  [fine-win rate] 31746/46086 embeddings preferred a fine proto over the coarse (68.9%)

Epoch 10
  [loss hits: which prototype was nearest each embedding]
    level=P2 cls=0 | coarse:13835, fine_0:2797, fine_1:5622, fine_2:22, fine_3:334
    level=P2 cls=1 | coarse:2018, fine_0:198, fine_1:5363, fine_2:5466, fine_3:103
    level=P2 cls=2 | coarse:2194, fine_0:2255, fine_1:1267, fine_2:4641, fine_3:139
    level=P2 cls=3 | coarse:175, fine_0:20, fine_1:370, fine_2:31, fine_3:318
    level=P3 cls=0 | coarse:141, fine_0:112, fine_1:71, fine_2:49, fine_3:5
    level=P3 cls=1 | coarse:987, fine_0:1, fine_1:12, fine_2:1068, fine_3:56
    level=P3 cls=2 | coarse:35, fine_0:3, fine_1:285, fine_2:8, fine_3:257
    level=P3 cls=3 | coarse:2, fine_2:1, fine_3:77
    level=P4 cls=1 | coarse:54, fine_0:1, fine_2:55
    level=P4 cls=2 | coarse:9, fine_0:38, fine_1:45, fine_2:1, fine_3:11
    level=P4 cls=3 | coarse:1, fine_2:4, fine_3:3
  [fine-win rate] 31109/50560 embeddings preferred a fine proto over the coarse (61.5%)

Epoch 11
  [loss hits: which prototype was nearest each embedding]
    level=P2 cls=0 | coarse:12015, fine_0:2882, fine_1:4686, fine_2:15, fine_3:426
    level=P2 cls=1 | coarse:1281, fine_0:98, fine_1:7348, fine_2:6708, fine_3:7
    level=P2 cls=2 | coarse:1373, fine_0:2506, fine_1:1149, fine_2:4702, fine_3:66
    level=P2 cls=3 | coarse:141, fine_0:26, fine_1:209, fine_2:50, fine_3:190
    level=P3 cls=0 | coarse:21, fine_0:5, fine_1:65, fine_2:62, fine_3:1
    level=P3 cls=1 | coarse:1376, fine_0:1, fine_1:7, fine_2:1422, fine_3:52
    level=P3 cls=2 | coarse:37, fine_0:1, fine_1:258, fine_2:5, fine_3:223
    level=P3 cls=3 | coarse:5, fine_2:4, fine_3:99
    level=P4 cls=1 | coarse:240, fine_0:28, fine_1:13, fine_2:271
    level=P4 cls=2 | fine_0:56, fine_1:56
    level=P4 cls=3 | fine_1:3, fine_2:8, fine_3:9
  [fine-win rate] 33717/50206 embeddings preferred a fine proto over the coarse (67.2%)

Epoch 12
  [loss hits: which prototype was nearest each embedding]
    level=P2 cls=0 | coarse:13290, fine_0:1531, fine_1:6844, fine_2:16, fine_3:387
    level=P2 cls=1 | coarse:971, fine_0:213, fine_1:4281, fine_2:3896, fine_3:47
    level=P2 cls=2 | coarse:1780, fine_0:3260, fine_1:1356, fine_2:6514, fine_3:44
    level=P2 cls=3 | coarse:78, fine_0:16, fine_1:161, fine_2:48, fine_3:117
    level=P3 cls=0 | coarse:35, fine_0:9, fine_1:76, fine_2:50
    level=P3 cls=1 | coarse:1456, fine_0:1, fine_1:20, fine_2:1556, fine_3:83
    level=P3 cls=2 | coarse:62, fine_1:339, fine_2:12, fine_3:275
    level=P3 cls=3 | coarse:4, fine_2:2, fine_3:94
    level=P4 cls=1 | coarse:55, fine_0:4, fine_1:2, fine_2:57
    level=P4 cls=2 | coarse:1, fine_0:38, fine_1:53, fine_3:6
    level=P4 cls=3 | coarse:5, fine_1:2, fine_2:1, fine_3:6
  [fine-win rate] 31417/49154 embeddings preferred a fine proto over the coarse (63.9%)

Epoch 13
  [loss hits: which prototype was nearest each embedding]
    level=P2 cls=0 | coarse:13161, fine_0:724, fine_1:4766, fine_2:38, fine_3:531
    level=P2 cls=1 | coarse:1337, fine_0:188, fine_1:7079, fine_2:6128, fine_3:24
    level=P2 cls=2 | coarse:1508, fine_0:3535, fine_1:845, fine_2:5008, fine_3:104
    level=P2 cls=3 | coarse:85, fine_0:9, fine_1:66, fine_2:23, fine_3:49
    level=P3 cls=0 | coarse:208, fine_0:141, fine_1:183, fine_2:122, fine_3:4
    level=P3 cls=1 | coarse:1783, fine_0:1, fine_1:43, fine_2:1835, fine_3:30
    level=P3 cls=2 | coarse:40, fine_0:1, fine_1:323, fine_2:13, fine_3:279
    level=P3 cls=3 | fine_0:1, fine_3:23
    level=P4 cls=1 | coarse:9, fine_2:9
    level=P4 cls=2 | fine_0:33, fine_1:35, fine_2:1, fine_3:3
    level=P4 cls=3 | fine_1:1, fine_2:3, fine_3:6
  [fine-win rate] 32207/50338 embeddings preferred a fine proto over the coarse (64.0%)

Epoch 14
  [loss hits: which prototype was nearest each embedding]
    level=P2 cls=0 | coarse:10277, fine_0:2624, fine_1:4349, fine_2:2, fine_3:136
    level=P2 cls=1 | coarse:1369, fine_0:94, fine_1:6785, fine_2:6695, fine_3:27
    level=P2 cls=2 | coarse:1022, fine_0:2886, fine_1:1127, fine_2:4955, fine_3:68
    level=P2 cls=3 | coarse:32, fine_0:5, fine_1:107, fine_2:18, fine_3:94
    level=P3 cls=0 | coarse:116, fine_0:72, fine_1:64, fine_2:21, fine_3:3
    level=P3 cls=1 | coarse:2505, fine_1:203, fine_2:2032, fine_3:68
    level=P3 cls=2 | coarse:59, fine_1:327, fine_2:14, fine_3:264
    level=P3 cls=3 | coarse:2, fine_0:2, fine_1:1, fine_3:31
    level=P4 cls=1 | coarse:42, fine_0:11, fine_1:4, fine_2:53
    level=P4 cls=2 | coarse:4, fine_0:34, fine_1:49, fine_2:3, fine_3:10
    level=P4 cls=3 | coarse:1, fine_1:1, fine_2:3, fine_3:5
  [fine-win rate] 33247/48676 embeddings preferred a fine proto over the coarse (68.3%)

Epoch 15
  [loss hits: which prototype was nearest each embedding]
    level=P2 cls=0 | coarse:10296, fine_0:2594, fine_1:4743, fine_2:9, fine_3:258
    level=P2 cls=1 | coarse:1608, fine_0:187, fine_1:7765, fine_2:6883, fine_3:17
    level=P2 cls=2 | coarse:1858, fine_0:2901, fine_1:1606, fine_2:5874, fine_3:191
    level=P2 cls=3 | coarse:139, fine_0:20, fine_1:129, fine_2:25, fine_3:149
    level=P3 cls=0 | coarse:160, fine_0:89, fine_1:76, fine_2:15
    level=P3 cls=1 | coarse:1290, fine_0:1, fine_1:61, fine_2:1138, fine_3:24
    level=P3 cls=2 | coarse:33, fine_1:209, fine_2:5, fine_3:177
    level=P3 cls=3 | coarse:2, fine_0:2, fine_1:2, fine_2:1, fine_3:115
    level=P4 cls=1 | coarse:53, fine_0:3, fine_1:1, fine_2:55
    level=P4 cls=2 | fine_0:23, fine_1:24, fine_3:1
    level=P4 cls=3 | fine_1:1, fine_2:3, fine_3:4
  [fine-win rate] 35381/50820 embeddings preferred a fine proto over the coarse (69.6%)

Epoch 16
  [loss hits: which prototype was nearest each embedding]
    level=P2 cls=0 | coarse:10522, fine_0:2004, fine_1:5207, fine_2:12, fine_3:335
    level=P2 cls=1 | coarse:1876, fine_0:181, fine_1:8952, fine_2:7924, fine_3:55
    level=P2 cls=2 | coarse:1517, fine_0:2499, fine_1:1018, fine_2:4686, fine_3:106
    level=P2 cls=3 | coarse:137, fine_0:26, fine_1:519, fine_2:44, fine_3:514
    level=P3 cls=0 | coarse:46, fine_0:26, fine_1:27, fine_2:13
    level=P3 cls=1 | coarse:1377, fine_1:7, fine_2:1339, fine_3:27
    level=P3 cls=2 | coarse:21, fine_1:218, fine_2:9, fine_3:194
    level=P3 cls=3 | fine_2:1, fine_3:79
    level=P4 cls=1 | coarse:55, fine_0:5, fine_1:9, fine_2:59
    level=P4 cls=2 | coarse:1, fine_0:23, fine_1:23, fine_3:1
    level=P4 cls=3 | coarse:1, fine_1:1, fine_2:12, fine_3:16
  [fine-win rate] 36171/51724 embeddings preferred a fine proto over the coarse (69.9%)

Epoch 17
  [loss hits: which prototype was nearest each embedding]
    level=P2 cls=0 | coarse:10964, fine_0:3311, fine_1:6398, fine_2:32, fine_3:229
    level=P2 cls=1 | coarse:1276, fine_0:121, fine_1:8169, fine_2:7599, fine_3:11
    level=P2 cls=2 | coarse:1180, fine_0:3073, fine_1:1361, fine_2:4811, fine_3:89
    level=P2 cls=3 | coarse:202, fine_0:22, fine_1:306, fine_2:36, fine_3:370
    level=P3 cls=0 | coarse:9, fine_0:5, fine_1:5, fine_2:1
    level=P3 cls=1 | coarse:1381, fine_1:14, fine_2:1389, fine_3:54
    level=P3 cls=2 | coarse:38, fine_1:320, fine_2:5, fine_3:283
    level=P3 cls=3 | coarse:2, fine_0:1, fine_2:1, fine_3:106
    level=P4 cls=1 | coarse:33, fine_1:2, fine_2:33
    level=P4 cls=2 | fine_0:51, fine_1:54, fine_3:1
    level=P4 cls=3 | fine_1:1, fine_2:7, fine_3:8
  [fine-win rate] 38279/53364 embeddings preferred a fine proto over the coarse (71.7%)

Epoch 18
  [loss hits: which prototype was nearest each embedding]
    level=P2 cls=0 | coarse:12978, fine_0:2670, fine_1:5909, fine_2:20, fine_3:359
    level=P2 cls=1 | coarse:1247, fine_0:156, fine_1:8263, fine_2:7242, fine_3:32
    level=P2 cls=2 | coarse:1316, fine_0:2727, fine_1:1058, fine_2:4234, fine_3:93
    level=P2 cls=3 | coarse:255, fine_0:15, fine_1:418, fine_2:52, fine_3:356
    level=P3 cls=0 | coarse:39, fine_0:16, fine_1:39, fine_2:17, fine_3:1
    level=P3 cls=1 | coarse:1767, fine_0:2, fine_1:42, fine_2:1854, fine_3:77
    level=P3 cls=2 | coarse:43, fine_1:332, fine_2:6, fine_3:283
    level=P3 cls=3 | coarse:5, fine_0:1, fine_1:3, fine_2:1, fine_3:126
    level=P4 cls=1 | coarse:3, fine_2:3
    level=P4 cls=2 | fine_0:40, fine_1:42, fine_2:1, fine_3:3
    level=P4 cls=3 | fine_2:2, fine_3:2
  [fine-win rate] 36497/54150 embeddings preferred a fine proto over the coarse (67.4%)

Epoch 19
  [loss hits: which prototype was nearest each embedding]
    level=P2 cls=0 | coarse:10686, fine_0:2144, fine_1:4926, fine_2:2, fine_3:144
    level=P2 cls=1 | coarse:1004, fine_0:138, fine_1:5312, fine_2:4464, fine_3:20
    level=P2 cls=2 | coarse:1910, fine_0:3299, fine_1:1712, fine_2:6536, fine_3:97
    level=P2 cls=3 | coarse:97, fine_0:18, fine_1:269, fine_2:92, fine_3:184
    level=P3 cls=0 | coarse:2, fine_0:2, fine_1:2, fine_2:3, fine_3:1
    level=P3 cls=1 | coarse:1421, fine_1:8, fine_2:1474, fine_3:31
    level=P3 cls=2 | coarse:85, fine_1:400, fine_2:3, fine_3:298
    level=P3 cls=3 | coarse:2, fine_0:1, fine_1:1, fine_2:1, fine_3:113
    level=P4 cls=1 | coarse:6, fine_2:6
    level=P4 cls=2 | coarse:2, fine_0:38, fine_1:42, fine_2:10, fine_3:12
    level=P4 cls=3 | fine_2:4, fine_3:4
  [fine-win rate] 31811/47026 embeddings preferred a fine proto over the coarse (67.6%)

Epoch 20
  [loss hits: which prototype was nearest each embedding]
    level=P2 cls=0 | coarse:10677, fine_0:1027, fine_1:7014, fine_2:8, fine_3:348
    level=P2 cls=1 | coarse:986, fine_0:195, fine_1:6927, fine_2:6245, fine_3:15
    level=P2 cls=2 | coarse:2011, fine_0:2106, fine_1:1164, fine_2:4658, fine_3:81
    level=P2 cls=3 | coarse:128, fine_0:16, fine_1:211, fine_2:37, fine_3:186
    level=P3 cls=0 | coarse:10, fine_0:13, fine_1:2, fine_2:5
    level=P3 cls=1 | coarse:2083, fine_1:6, fine_2:2162, fine_3:47
    level=P3 cls=2 | coarse:48, fine_0:2, fine_1:250, fine_2:8, fine_3:208
    level=P3 cls=3 | coarse:5, fine_0:2, fine_2:2, fine_3:107
    level=P4 cls=1 | coarse:1, fine_2:1
    level=P4 cls=2 | fine_0:38, fine_1:42, fine_3:2
    level=P4 cls=3 | fine_1:1, fine_2:16, fine_3:17
  [fine-win rate] 33169/49118 embeddings preferred a fine proto over the coarse (67.5%)

Epoch 21
  [loss hits: which prototype was nearest each embedding]
    level=P2 cls=0 | coarse:14044, fine_0:4064, fine_1:5888, fine_2:28, fine_3:346
    level=P2 cls=1 | coarse:1305, fine_0:128, fine_1:8061, fine_2:7046, fine_3:24
    level=P2 cls=2 | coarse:1530, fine_0:3167, fine_1:1351, fine_2:5089, fine_3:135
    level=P2 cls=3 | coarse:224, fine_0:23, fine_1:461, fine_2:21, fine_3:567
    level=P3 cls=0 | coarse:48, fine_0:43, fine_1:16, fine_2:17
    level=P3 cls=1 | coarse:2262, fine_0:2, fine_1:27, fine_2:2269, fine_3:22
    level=P3 cls=2 | coarse:36, fine_0:1, fine_1:200, fine_2:8, fine_3:167
    level=P3 cls=3 | coarse:2, fine_1:1, fine_2:2, fine_3:125
    level=P4 cls=1 | coarse:3, fine_2:3
    level=P4 cls=2 | coarse:7, fine_0:52, fine_1:60, fine_2:1, fine_3:4
    level=P4 cls=3 | coarse:1, fine_1:1, fine_2:7, fine_3:9
  [fine-win rate] 39436/58898 embeddings preferred a fine proto over the coarse (67.0%)

Epoch 22
  [loss hits: which prototype was nearest each embedding]
    level=P2 cls=0 | coarse:11160, fine_0:2397, fine_1:5149, fine_2:6, fine_3:270
    level=P2 cls=1 | coarse:934, fine_0:116, fine_1:6006, fine_2:5225, fine_3:15
    level=P2 cls=2 | coarse:1886, fine_0:3335, fine_1:1254, fine_2:5951, fine_3:156
    level=P2 cls=3 | coarse:52, fine_0:11, fine_1:68, fine_2:22, fine_3:37
    level=P3 cls=0 | coarse:24, fine_0:17, fine_1:17, fine_2:15, fine_3:1
    level=P3 cls=1 | coarse:1611, fine_1:9, fine_2:1682, fine_3:30
    level=P3 cls=2 | coarse:54, fine_0:1, fine_1:284, fine_2:12, fine_3:231
    level=P3 cls=3 | coarse:5, fine_0:7, fine_2:2, fine_3:84
    level=P4 cls=1 | coarse:4, fine_0:1, fine_2:5
    level=P4 cls=2 | coarse:2, fine_0:49, fine_1:54, fine_2:6, fine_3:9
    level=P4 cls=3 | coarse:1, fine_2:8, fine_3:9
  [fine-win rate] 32551/48284 embeddings preferred a fine proto over the coarse (67.4%)

Epoch 23
  [loss hits: which prototype was nearest each embedding]
    level=P2 cls=0 | coarse:10586, fine_0:2523, fine_1:4307, fine_2:9, fine_3:127
    level=P2 cls=1 | coarse:1334, fine_0:130, fine_1:6384, fine_2:5826, fine_3:44
    level=P2 cls=2 | coarse:2750, fine_0:3307, fine_1:1328, fine_2:6336, fine_3:157
    level=P2 cls=3 | coarse:301, fine_0:12, fine_1:558, fine_2:65, fine_3:444
    level=P3 cls=0 | coarse:2, fine_0:2, fine_1:3, fine_2:4, fine_3:1
    level=P3 cls=1 | coarse:968, fine_1:3, fine_2:1035, fine_3:6
    level=P3 cls=2 | coarse:39, fine_1:399, fine_2:7, fine_3:353
    level=P3 cls=3 | coarse:1, fine_0:1, fine_2:1, fine_3:85
    level=P4 cls=1 | coarse:31, fine_0:2, fine_2:33
    level=P4 cls=2 | fine_0:54, fine_1:56, fine_3:2
    level=P4 cls=3 | fine_1:2, fine_2:8, fine_3:10
  [fine-win rate] 33624/49636 embeddings preferred a fine proto over the coarse (67.7%)

Epoch 24
  [loss hits: which prototype was nearest each embedding]
    level=P2 cls=0 | coarse:12524, fine_0:1567, fine_1:5246, fine_2:1, fine_3:252
    level=P2 cls=1 | coarse:645, fine_0:52, fine_1:4863, fine_2:4267, fine_3:1
    level=P2 cls=2 | coarse:2168, fine_0:3361, fine_1:1158, fine_2:6118, fine_3:57
    level=P2 cls=3 | coarse:143, fine_0:10, fine_1:276, fine_2:25, fine_3:244
    level=P3 cls=0 | coarse:89, fine_0:73, fine_1:73, fine_2:84, fine_3:1
    level=P3 cls=1 | coarse:1184, fine_1:8, fine_2:1227, fine_3:29
    level=P3 cls=2 | coarse:44, fine_0:1, fine_1:242, fine_2:4, fine_3:199
    level=P3 cls=3 | coarse:1, fine_2:2, fine_3:51
    level=P4 cls=1 | coarse:5, fine_0:2, fine_2:7
    level=P4 cls=2 | fine_0:48, fine_1:57, fine_3:7
    level=P4 cls=3 | coarse:1, fine_2:1, fine_3:2
  [fine-win rate] 29616/46420 embeddings preferred a fine proto over the coarse (63.8%)

Epoch 25
  [loss hits: which prototype was nearest each embedding]
    level=P2 cls=0 | coarse:13297, fine_0:3933, fine_1:7745, fine_2:3, fine_3:314
    level=P2 cls=1 | coarse:2394, fine_0:121, fine_1:8911, fine_2:6878, fine_3:64
    level=P2 cls=2 | coarse:1372, fine_0:2363, fine_1:992, fine_2:4579, fine_3:104
    level=P2 cls=3 | coarse:85, fine_0:16, fine_1:127, fine_2:30, fine_3:98
    level=P3 cls=0 | coarse:79, fine_0:76, fine_1:33, fine_2:32, fine_3:2
    level=P3 cls=1 | coarse:1797, fine_0:3, fine_1:36, fine_2:1859, fine_3:59
    level=P3 cls=2 | coarse:29, fine_0:1, fine_1:254, fine_2:2, fine_3:204
    level=P3 cls=3 | coarse:1, fine_3:73
    level=P4 cls=1 | coarse:24, fine_0:10, fine_1:8, fine_2:30
    level=P4 cls=2 | fine_0:34, fine_1:37, fine_3:3
    level=P4 cls=3 | fine_1:2, fine_2:11, fine_3:11
  [fine-win rate] 39058/58136 embeddings preferred a fine proto over the coarse (67.2%)

Epoch 26
  [loss hits: which prototype was nearest each embedding]
    level=P2 cls=0 | coarse:10224, fine_0:3260, fine_1:5641, fine_2:7, fine_3:222
    level=P2 cls=1 | coarse:666, fine_0:157, fine_1:5224, fine_2:4860, fine_3:5
    level=P2 cls=2 | coarse:1067, fine_0:3040, fine_1:1179, fine_2:4284, fine_3:56
    level=P2 cls=3 | coarse:266, fine_0:10, fine_1:357, fine_2:62, fine_3:297
    level=P3 cls=0 | coarse:166, fine_0:161, fine_1:23, fine_2:13, fine_3:3
    level=P3 cls=1 | coarse:1785, fine_0:2, fine_1:46, fine_2:1787, fine_3:34
    level=P3 cls=2 | coarse:37, fine_1:259, fine_2:7, fine_3:223
    level=P3 cls=3 | coarse:3, fine_0:1, fine_2:1, fine_3:117
    level=P4 cls=1 | fine_0:1, fine_2:1
    level=P4 cls=2 | fine_0:47, fine_1:47
    level=P4 cls=3 | fine_2:18, fine_3:18
  [fine-win rate] 31470/45684 embeddings preferred a fine proto over the coarse (68.9%)

Epoch 27
  [loss hits: which prototype was nearest each embedding]
    level=P2 cls=0 | coarse:10257, fine_0:1152, fine_1:5856, fine_2:5, fine_3:582
    level=P2 cls=1 | coarse:870, fine_0:179, fine_1:4841, fine_2:4109, fine_3:9
    level=P2 cls=2 | coarse:1415, fine_0:2429, fine_1:1292, fine_2:4871, fine_3:41
    level=P2 cls=3 | coarse:108, fine_0:13, fine_1:113, fine_2:37, fine_3:95
    level=P3 cls=0 | coarse:25, fine_0:11, fine_1:42, fine_2:26, fine_3:2
    level=P3 cls=1 | coarse:1626, fine_1:17, fine_2:1633, fine_3:16
    level=P3 cls=2 | coarse:36, fine_1:186, fine_2:5, fine_3:153
    level=P3 cls=3 | coarse:5, fine_1:1, fine_3:106
    level=P4 cls=1 | coarse:6, fine_0:1, fine_1:2, fine_2:7
    level=P4 cls=2 | fine_0:26, fine_1:26
    level=P4 cls=3 | coarse:1, fine_1:1, fine_2:12, fine_3:14
  [fine-win rate] 27911/42260 embeddings preferred a fine proto over the coarse (66.0%)

Epoch 28
  [loss hits: which prototype was nearest each embedding]
    level=P2 cls=0 | coarse:11528, fine_0:4080, fine_1:5806, fine_2:16, fine_3:810
    level=P2 cls=1 | coarse:1007, fine_0:90, fine_1:6180, fine_2:5679, fine_3:26
    level=P2 cls=2 | coarse:1305, fine_0:3099, fine_1:1203, fine_2:4562, fine_3:45
    level=P2 cls=3 | coarse:179, fine_0:6, fine_1:343, fine_2:35, fine_3:381
    level=P3 cls=0 | coarse:11, fine_0:11, fine_1:7, fine_2:10, fine_3:1
    level=P3 cls=1 | coarse:1411, fine_0:1, fine_1:7, fine_2:1477, fine_3:44
    level=P3 cls=2 | coarse:77, fine_1:268, fine_2:11, fine_3:194
    level=P3 cls=3 | coarse:6, fine_0:1, fine_2:3, fine_3:34
    level=P4 cls=1 | coarse:101, fine_0:2, fine_1:2, fine_2:103
    level=P4 cls=2 | coarse:1, fine_0:69, fine_1:74, fine_3:4
    level=P4 cls=3 | fine_1:1, fine_2:2, fine_3:3
  [fine-win rate] 34690/50316 embeddings preferred a fine proto over the coarse (68.9%)

Epoch 29
  [loss hits: which prototype was nearest each embedding]
    level=P2 cls=0 | coarse:10224, fine_0:1671, fine_1:7040, fine_2:8, fine_3:347
    level=P2 cls=1 | coarse:985, fine_0:297, fine_1:5288, fine_2:4654, fine_3:14
    level=P2 cls=2 | coarse:2027, fine_0:2081, fine_1:1203, fine_2:4439, fine_3:96
    level=P2 cls=3 | coarse:89, fine_0:12, fine_1:73, fine_2:39, fine_3:37
    level=P3 cls=0 | coarse:98, fine_0:98, fine_1:14, fine_2:14
    level=P3 cls=1 | coarse:1280, fine_1:29, fine_2:1310, fine_3:31
    level=P3 cls=2 | coarse:97, fine_0:1, fine_1:265, fine_2:3, fine_3:166
    level=P3 cls=3 | coarse:8, fine_0:2, fine_2:1, fine_3:77
    level=P4 cls=1 | coarse:67, fine_2:67
    level=P4 cls=2 | fine_0:33, fine_1:40, fine_3:5
    level=P4 cls=3 | fine_1:2, fine_2:8, fine_3:10
  [fine-win rate] 29475/44350 embeddings preferred a fine proto over the coarse (66.5%)

Epoch 30
  [loss hits: which prototype was nearest each embedding]
    level=P2 cls=0 | coarse:9214, fine_0:2838, fine_1:6206, fine_2:18, fine_3:362
    level=P2 cls=1 | coarse:982, fine_0:217, fine_1:6369, fine_2:6029, fine_3:13
    level=P2 cls=2 | coarse:1520, fine_0:2671, fine_1:1141, fine_2:4597, fine_3:47
    level=P2 cls=3 | coarse:217, fine_0:11, fine_1:433, fine_2:93, fine_3:420
    level=P3 cls=0 | coarse:23, fine_0:28, fine_1:42, fine_2:48, fine_3:3
    level=P3 cls=1 | coarse:1997, fine_0:1, fine_1:19, fine_2:2115, fine_3:70
    level=P3 cls=2 | coarse:64, fine_1:368, fine_2:7, fine_3:295
    level=P3 cls=3 | coarse:5, fine_0:2, fine_3:91
    level=P4 cls=1 | coarse:70, fine_0:6, fine_1:11, fine_2:73
    level=P4 cls=2 | fine_0:68, fine_1:72, fine_3:4
    level=P4 cls=3 | fine_2:5, fine_3:5
  [fine-win rate] 34798/48890 embeddings preferred a fine proto over the coarse (71.2%)

Epoch 31
  [loss hits: which prototype was nearest each embedding]
    level=P2 cls=0 | coarse:10987, fine_0:2301, fine_1:6761, fine_2:2, fine_3:389
    level=P2 cls=1 | coarse:1118, fine_0:82, fine_1:7194, fine_2:6524, fine_3:8
    level=P2 cls=2 | coarse:1448, fine_0:2154, fine_1:1163, fine_2:4147, fine_3:68
    level=P2 cls=3 | coarse:92, fine_0:13, fine_1:154, fine_2:56, fine_3:91
    level=P3 cls=0 | coarse:55, fine_0:54, fine_1:26, fine_2:24, fine_3:1
    level=P3 cls=1 | coarse:1297, fine_0:1, fine_1:6, fine_2:1364, fine_3:18
    level=P3 cls=2 | coarse:18, fine_1:174, fine_2:6, fine_3:150
    level=P3 cls=3 | coarse:3, fine_0:2, fine_3:83
    level=P4 cls=1 | coarse:8, fine_0:11, fine_1:33, fine_2:4
    level=P4 cls=2 | coarse:1, fine_0:38, fine_1:41, fine_2:1, fine_3:3
    level=P4 cls=3 | fine_2:3, fine_3:3
  [fine-win rate] 33153/48180 embeddings preferred a fine proto over the coarse (68.8%)

Epoch 32
  [loss hits: which prototype was nearest each embedding]
    level=P2 cls=0 | coarse:8621, fine_0:1921, fine_1:5040, fine_2:11, fine_3:415
    level=P2 cls=1 | coarse:1512, fine_0:72, fine_1:5165, fine_2:4301, fine_3:62
    level=P2 cls=2 | coarse:1819, fine_0:2566, fine_1:1507, fine_2:6191, fine_3:199
    level=P2 cls=3 | coarse:174, fine_0:18, fine_1:125, fine_2:73, fine_3:76
    level=P3 cls=0 | coarse:302, fine_0:303, fine_1:50, fine_2:52, fine_3:3
    level=P3 cls=1 | coarse:1168, fine_0:1, fine_1:10, fine_2:1228, fine_3:15
    level=P3 cls=2 | coarse:48, fine_0:1, fine_1:355, fine_2:9, fine_3:315
    level=P3 cls=3 | coarse:2, fine_3:122
    level=P4 cls=1 | coarse:14, fine_0:30, fine_1:103, fine_2:9
    level=P4 cls=2 | fine_0:40, fine_1:42, fine_2:1, fine_3:3
    level=P4 cls=3 | fine_1:2, fine_2:10, fine_3:10
  [fine-win rate] 30456/44116 embeddings preferred a fine proto over the coarse (69.0%)

Epoch 33
  [loss hits: which prototype was nearest each embedding]
    level=P2 cls=0 | coarse:12689, fine_0:2786, fine_1:6498, fine_2:2, fine_3:433
    level=P2 cls=1 | coarse:1349, fine_0:129, fine_1:9614, fine_2:8484, fine_3:10
    level=P2 cls=2 | coarse:2031, fine_0:2608, fine_1:1015, fine_2:5739, fine_3:83
    level=P2 cls=3 | coarse:172, fine_0:9, fine_1:318, fine_2:67, fine_3:284
    level=P3 cls=0 | coarse:19, fine_0:13, fine_1:10, fine_2:9, fine_3:1
    level=P3 cls=1 | coarse:1472, fine_0:14, fine_1:44, fine_2:1557, fine_3:37
    level=P3 cls=2 | coarse:41, fine_1:235, fine_2:5, fine_3:205
    level=P3 cls=3 | coarse:3, fine_0:2, fine_3:219
    level=P4 cls=1 | coarse:3, fine_0:3, fine_1:8, fine_2:2
    level=P4 cls=2 | fine_0:31, fine_1:33, fine_3:2
    level=P4 cls=3 | fine_2:22, fine_3:22
  [fine-win rate] 40553/58332 embeddings preferred a fine proto over the coarse (69.5%)

Epoch 34
  [loss hits: which prototype was nearest each embedding]
    level=P2 cls=0 | coarse:11963, fine_0:3327, fine_1:5139, fine_2:11, fine_3:544
    level=P2 cls=1 | coarse:1358, fine_0:172, fine_1:7537, fine_2:6391, fine_3:14
    level=P2 cls=2 | coarse:2021, fine_0:3528, fine_1:1288, fine_2:5857, fine_3:132
    level=P2 cls=3 | coarse:271, fine_0:15, fine_1:264, fine_2:38, fine_3:216
    level=P3 cls=0 | coarse:16, fine_0:12, fine_1:17, fine_2:13
    level=P3 cls=1 | coarse:1786, fine_1:6, fine_2:1801, fine_3:21
    level=P3 cls=2 | coarse:40, fine_1:333, fine_2:4, fine_3:301
    level=P3 cls=3 | fine_1:3, fine_3:41
    level=P4 cls=1 | coarse:51, fine_0:1, fine_1:6, fine_2:46
    level=P4 cls=2 | fine_0:22, fine_1:24, fine_3:2
    level=P4 cls=3 | fine_2:2, fine_3:2
  [fine-win rate] 37130/54636 embeddings preferred a fine proto over the coarse (68.0%)

Epoch 35
  [loss hits: which prototype was nearest each embedding]
    level=P2 cls=0 | coarse:9686, fine_0:1973, fine_1:5758, fine_2:1, fine_3:226
    level=P2 cls=1 | coarse:1011, fine_0:106, fine_1:7994, fine_2:7116, fine_3:9
    level=P2 cls=2 | coarse:1705, fine_0:1868, fine_1:835, fine_2:4063, fine_3:57
    level=P2 cls=3 | coarse:85, fine_0:11, fine_1:37, fine_2:21, fine_3:34
    level=P3 cls=0 | coarse:22, fine_0:11, fine_1:55, fine_2:44
    level=P3 cls=1 | coarse:1693, fine_1:27, fine_2:1736, fine_3:16
    level=P3 cls=2 | coarse:30, fine_1:236, fine_2:7, fine_3:191
    level=P3 cls=3 | coarse:4, fine_0:1, fine_3:125
    level=P4 cls=1 | coarse:107, fine_0:20, fine_1:61, fine_2:78
    level=P4 cls=2 | fine_0:48, fine_1:48
    level=P4 cls=3 | fine_1:1, fine_2:5, fine_3:6
  [fine-win rate] 32825/47168 embeddings preferred a fine proto over the coarse (69.6%)

Epoch 36
  [loss hits: which prototype was nearest each embedding]
    level=P2 cls=0 | coarse:9826, fine_0:3357, fine_1:5263, fine_2:8, fine_3:192
    level=P2 cls=1 | coarse:1560, fine_0:175, fine_1:9113, fine_2:8904, fine_3:34
    level=P2 cls=2 | coarse:1843, fine_0:3796, fine_1:1114, fine_2:5904, fine_3:117
    level=P2 cls=3 | coarse:112, fine_0:25, fine_1:363, fine_2:34, fine_3:340
    level=P3 cls=0 | coarse:43, fine_0:43, fine_1:9, fine_2:6, fine_3:1
    level=P3 cls=1 | coarse:1512, fine_0:1, fine_1:2, fine_2:1596, fine_3:15
    level=P3 cls=2 | coarse:20, fine_0:1, fine_1:297, fine_2:2, fine_3:276
    level=P3 cls=3 | coarse:5, fine_0:2, fine_2:1, fine_3:54
    level=P4 cls=1 | coarse:59, fine_0:1, fine_1:7, fine_2:53
    level=P4 cls=2 | fine_0:37, fine_1:40, fine_3:1
    level=P4 cls=3 | fine_1:3, fine_2:18, fine_3:21
  [fine-win rate] 41226/56206 embeddings preferred a fine proto over the coarse (73.3%)

Epoch 37
  [loss hits: which prototype was nearest each embedding]
    level=P2 cls=0 | coarse:15661, fine_0:1499, fine_1:9116, fine_2:4, fine_3:712
    level=P2 cls=1 | coarse:1161, fine_0:91, fine_1:8248, fine_2:7165, fine_3:13
    level=P2 cls=2 | coarse:1906, fine_0:2521, fine_1:1228, fine_2:6125, fine_3:48
    level=P2 cls=3 | coarse:131, fine_0:9, fine_1:181, fine_2:29, fine_3:172
    level=P3 cls=0 | coarse:31, fine_0:36, fine_1:8, fine_2:14, fine_3:1
    level=P3 cls=1 | coarse:1432, fine_0:2, fine_1:10, fine_2:1479, fine_3:13
    level=P3 cls=2 | coarse:32, fine_1:165, fine_2:3, fine_3:142
    level=P3 cls=3 | fine_0:1, fine_3:71
    level=P4 cls=1 | coarse:27, fine_0:1, fine_1:9, fine_2:25
    level=P4 cls=2 | fine_0:32, fine_1:35, fine_3:1
    level=P4 cls=3 | fine_2:14, fine_3:14
  [fine-win rate] 39237/59618 embeddings preferred a fine proto over the coarse (65.8%)

Epoch 38
  [loss hits: which prototype was nearest each embedding]
    level=P2 cls=0 | coarse:9224, fine_0:2673, fine_1:4617, fine_2:13, fine_3:385
    level=P2 cls=1 | coarse:1141, fine_0:83, fine_1:5496, fine_2:4743, fine_3:11
    level=P2 cls=2 | coarse:1880, fine_0:4556, fine_1:1456, fine_2:6514, fine_3:112
    level=P2 cls=3 | coarse:182, fine_0:23, fine_1:441, fine_2:67, fine_3:415
    level=P3 cls=0 | coarse:117, fine_0:107, fine_1:41, fine_2:37
    level=P3 cls=1 | coarse:1076, fine_0:2, fine_1:14, fine_2:1125, fine_3:7
    level=P3 cls=2 | coarse:38, fine_1:362, fine_2:10, fine_3:318
    level=P3 cls=3 | coarse:2, fine_3:150
    level=P4 cls=1 | coarse:3, fine_0:3, fine_1:13, fine_2:3
    level=P4 cls=2 | coarse:3, fine_0:64, fine_1:78, fine_2:6, fine_3:9
    level=P4 cls=3 | fine_2:3, fine_3:3
  [fine-win rate] 33960/47626 embeddings preferred a fine proto over the coarse (71.3%)

Epoch 39
  [loss hits: which prototype was nearest each embedding]
    level=P2 cls=0 | coarse:10667, fine_0:2838, fine_1:6650, fine_2:9, fine_3:150
    level=P2 cls=1 | coarse:1133, fine_0:68, fine_1:5342, fine_2:4453, fine_3:8
    level=P2 cls=2 | coarse:1131, fine_0:2430, fine_1:1051, fine_2:3946, fine_3:106
    level=P2 cls=3 | coarse:288, fine_0:21, fine_1:355, fine_2:127, fine_3:165
    level=P3 cls=0 | coarse:15, fine_0:1, fine_1:54, fine_2:39, fine_3:1
    level=P3 cls=1 | coarse:1570, fine_1:24, fine_2:1665, fine_3:25
    level=P3 cls=2 | coarse:33, fine_0:2, fine_1:265, fine_2:5, fine_3:239
    level=P3 cls=3 | coarse:4, fine_0:4, fine_3:106
    level=P4 cls=1 | coarse:16, fine_0:1, fine_1:2, fine_2:17
    level=P4 cls=2 | fine_0:68, fine_1:71, fine_3:3
    level=P4 cls=3 | fine_2:4, fine_3:4
  [fine-win rate] 30319/45176 embeddings preferred a fine proto over the coarse (67.1%)

Epoch 40
  [loss hits: which prototype was nearest each embedding]
    level=P2 cls=0 | coarse:11618, fine_0:3490, fine_1:7416, fine_2:9, fine_3:319
    level=P2 cls=1 | coarse:1338, fine_0:130, fine_1:6380, fine_2:5404, fine_3:18
    level=P2 cls=2 | coarse:2184, fine_0:2207, fine_1:1165, fine_2:5769, fine_3:157
    level=P2 cls=3 | coarse:236, fine_0:18, fine_1:233, fine_2:54, fine_3:181
    level=P3 cls=0 | coarse:70, fine_0:70, fine_1:15, fine_2:17
    level=P3 cls=1 | coarse:1394, fine_0:1, fine_1:7, fine_2:1450, fine_3:24
    level=P3 cls=2 | coarse:23, fine_1:149, fine_2:5, fine_3:129
    level=P3 cls=3 | coarse:1, fine_0:2, fine_3:117
    level=P4 cls=1 | coarse:88, fine_0:2, fine_1:20, fine_2:76
    level=P4 cls=2 | fine_0:47, fine_1:50, fine_3:1
    level=P4 cls=3 | fine_1:1, fine_2:16, fine_3:17
  [fine-win rate] 35166/52118 embeddings preferred a fine proto over the coarse (67.5%)

Epoch 41
  [loss hits: which prototype was nearest each embedding]
    level=P2 cls=0 | coarse:6137, fine_0:1501, fine_1:5438, fine_2:7, fine_3:175
    level=P2 cls=1 | coarse:1100, fine_0:78, fine_1:4145, fine_2:3260, fine_3:19
    level=P2 cls=2 | coarse:1265, fine_0:1677, fine_1:775, fine_2:2928, fine_3:33
    level=P2 cls=3 | coarse:112, fine_0:8, fine_1:253, fine_2:19, fine_3:248
    level=P3 cls=0 | coarse:136, fine_0:89, fine_1:81, fine_2:76
    level=P3 cls=1 | coarse:1465, fine_1:1, fine_2:1504, fine_3:20
    level=P3 cls=2 | coarse:80, fine_1:194, fine_2:6, fine_3:96
    level=P3 cls=3 | coarse:5, fine_0:1, fine_3:62
    level=P4 cls=1 | coarse:55, fine_1:1, fine_2:54
    level=P4 cls=2 | coarse:2, fine_0:57, fine_1:63, fine_3:2
    level=P4 cls=3 | fine_2:19, fine_3:19
  [fine-win rate] 22909/33266 embeddings preferred a fine proto over the coarse (68.9%)

Epoch 42
  [loss hits: which prototype was nearest each embedding]
    level=P2 cls=0 | coarse:5703, fine_0:537, fine_1:7374, fine_2:3, fine_3:313
    level=P2 cls=1 | coarse:886, fine_0:72, fine_1:3944, fine_2:3213, fine_3:7
    level=P2 cls=2 | coarse:1683, fine_0:877, fine_1:719, fine_2:3271, fine_3:42
    level=P2 cls=3 | coarse:210, fine_0:20, fine_1:185, fine_2:124, fine_3:37
    level=P3 cls=0 | coarse:146, fine_0:138, fine_1:19, fine_2:17
    level=P3 cls=1 | coarse:1548, fine_1:8, fine_2:1561, fine_3:25
    level=P3 cls=2 | coarse:164, fine_1:256, fine_2:11, fine_3:65
    level=P3 cls=3 | coarse:7, fine_2:1, fine_3:66
    level=P4 cls=1 | coarse:28, fine_2:28
    level=P4 cls=2 | coarse:6, fine_0:42, fine_1:51, fine_2:1, fine_3:2
    level=P4 cls=3 | fine_1:1, fine_2:3, fine_3:4
  [fine-win rate] 23037/33418 embeddings preferred a fine proto over the coarse (68.9%)

Epoch 43
  [loss hits: which prototype was nearest each embedding]
    level=P2 cls=0 | coarse:6819, fine_0:566, fine_1:6508, fine_3:253
    level=P2 cls=1 | coarse:788, fine_0:92, fine_1:4162, fine_2:3434, fine_3:18
    level=P2 cls=2 | coarse:1744, fine_0:891, fine_1:983, fine_2:2935, fine_3:63
    level=P2 cls=3 | coarse:177, fine_0:8, fine_1:207, fine_2:30, fine_3:216
    level=P3 cls=0 | coarse:1, fine_0:2, fine_1:1, fine_2:2
    level=P3 cls=1 | coarse:1435, fine_1:4, fine_2:1479, fine_3:42
    level=P3 cls=2 | coarse:157, fine_1:210, fine_2:3, fine_3:48
    level=P3 cls=3 | coarse:5, fine_3:71
    level=P4 cls=1 | coarse:57, fine_0:12, fine_1:12, fine_2:59
    level=P4 cls=2 | fine_0:43, fine_1:49, fine_3:4
    level=P4 cls=3 | coarse:1, fine_2:5, fine_3:6
  [fine-win rate] 22418/33602 embeddings preferred a fine proto over the coarse (66.7%)

Epoch 44
  [loss hits: which prototype was nearest each embedding]
    level=P2 cls=0 | coarse:4807, fine_0:565, fine_1:6942, fine_2:3, fine_3:323
    level=P2 cls=1 | coarse:828, fine_0:62, fine_1:3893, fine_2:3217, fine_3:6
    level=P2 cls=2 | coarse:1633, fine_0:1291, fine_1:575, fine_2:3425, fine_3:78
    level=P2 cls=3 | coarse:122, fine_0:9, fine_1:248, fine_2:27, fine_3:228
    level=P3 cls=0 | coarse:160, fine_0:163, fine_1:18, fine_2:43
    level=P3 cls=1 | coarse:1507, fine_1:10, fine_2:1532, fine_3:21
    level=P3 cls=2 | coarse:128, fine_1:172, fine_2:12, fine_3:32
    level=P3 cls=3 | coarse:13, fine_0:2, fine_2:1, fine_3:60
    level=P4 cls=1 | coarse:114, fine_0:7, fine_1:17, fine_2:114
    level=P4 cls=2 | coarse:2, fine_0:52, fine_1:53, fine_3:1
    level=P4 cls=3 | fine_2:12, fine_3:12
  [fine-win rate] 23226/32540 embeddings preferred a fine proto over the coarse (71.4%)

Epoch 45
  [loss hits: which prototype was nearest each embedding]
    level=P2 cls=0 | coarse:5841, fine_0:970, fine_1:5744, fine_2:9, fine_3:464
    level=P2 cls=1 | coarse:684, fine_0:129, fine_1:4066, fine_2:3681, fine_3:6
    level=P2 cls=2 | coarse:1122, fine_0:1612, fine_1:837, fine_2:2912, fine_3:29
    level=P2 cls=3 | coarse:80, fine_0:15, fine_1:157, fine_2:28, fine_3:130
    level=P3 cls=0 | coarse:171, fine_0:148, fine_1:47, fine_2:49, fine_3:1
    level=P3 cls=1 | coarse:1442, fine_0:1, fine_1:11, fine_2:1444, fine_3:24
    level=P3 cls=2 | coarse:165, fine_1:186, fine_2:8, fine_3:15
    level=P3 cls=3 | coarse:6, fine_3:68
    level=P4 cls=1 | coarse:107, fine_0:9, fine_1:13, fine_2:107
    level=P4 cls=2 | coarse:8, fine_0:35, fine_1:42, fine_2:6, fine_3:7
    level=P4 cls=3 | fine_2:5, fine_3:5
  [fine-win rate] 23020/32646 embeddings preferred a fine proto over the coarse (70.5%)

Epoch 46
  [loss hits: which prototype was nearest each embedding]
    level=P2 cls=0 | coarse:6518, fine_0:757, fine_1:6084, fine_2:1, fine_3:270
    level=P2 cls=1 | coarse:611, fine_0:107, fine_1:4018, fine_2:3514, fine_3:6
    level=P2 cls=2 | coarse:1292, fine_0:1370, fine_1:874, fine_2:3045, fine_3:127
    level=P2 cls=3 | coarse:55, fine_0:9, fine_1:141, fine_2:17, fine_3:108
    level=P3 cls=0 | coarse:23, fine_0:14, fine_1:10, fine_2:9
    level=P3 cls=1 | coarse:1456, fine_1:7, fine_2:1457, fine_3:10
    level=P3 cls=2 | coarse:208, fine_1:233, fine_2:6, fine_3:25
    level=P3 cls=3 | coarse:5, fine_3:81
    level=P4 cls=1 | coarse:81, fine_0:2, fine_1:2, fine_2:83
    level=P4 cls=2 | fine_0:40, fine_1:48, fine_3:2
    level=P4 cls=3 | coarse:1, fine_2:4, fine_3:9
  [fine-win rate] 22490/32740 embeddings preferred a fine proto over the coarse (68.7%)

Epoch 47
  [loss hits: which prototype was nearest each embedding]
    level=P2 cls=0 | coarse:5455, fine_0:708, fine_1:6969, fine_2:1, fine_3:337
    level=P2 cls=1 | coarse:716, fine_0:108, fine_1:3559, fine_2:2965, fine_3:8
    level=P2 cls=2 | coarse:1463, fine_0:822, fine_1:911, fine_2:3289, fine_3:125
    level=P2 cls=3 | coarse:162, fine_0:13, fine_1:53, fine_2:30, fine_3:58
    level=P3 cls=0 | coarse:138, fine_0:123, fine_1:26, fine_2:25
    level=P3 cls=1 | coarse:1715, fine_1:8, fine_2:1724, fine_3:47
    level=P3 cls=2 | coarse:146, fine_0:1, fine_1:153, fine_2:4, fine_3:10
    level=P3 cls=3 | coarse:11, fine_3:83
    level=P4 cls=1 | coarse:65, fine_0:10, fine_1:17, fine_2:68
    level=P4 cls=2 | coarse:2, fine_0:33, fine_1:41, fine_3:2
    level=P4 cls=3 | fine_2:4, fine_3:4
  [fine-win rate] 22339/32212 embeddings preferred a fine proto over the coarse (69.3%)

Epoch 48
  [loss hits: which prototype was nearest each embedding]
    level=P2 cls=0 | coarse:6169, fine_0:1008, fine_1:7093, fine_3:220
    level=P2 cls=1 | coarse:701, fine_0:110, fine_1:3861, fine_2:3304, fine_3:6
    level=P2 cls=2 | coarse:1327, fine_0:1382, fine_1:1109, fine_2:2591, fine_3:81
    level=P2 cls=3 | coarse:329, fine_0:13, fine_1:177, fine_2:59, fine_3:84
    level=P3 cls=0 | coarse:84, fine_0:78, fine_1:14, fine_2:51, fine_3:1
    level=P3 cls=1 | coarse:1689, fine_1:17, fine_2:1666, fine_3:62
    level=P3 cls=2 | coarse:188, fine_1:226, fine_2:6, fine_3:32
    level=P3 cls=3 | coarse:11, fine_1:2, fine_3:51
    level=P4 cls=1 | coarse:83, fine_0:4, fine_1:6, fine_2:85
    level=P4 cls=2 | fine_0:47, fine_1:55, fine_3:4
    level=P4 cls=3 | fine_2:5, fine_3:5
  [fine-win rate] 23515/34096 embeddings preferred a fine proto over the coarse (69.0%)

Epoch 49
  [loss hits: which prototype was nearest each embedding]
    level=P2 cls=0 | coarse:6327, fine_0:772, fine_1:5875, fine_2:3, fine_3:161
    level=P2 cls=1 | coarse:640, fine_0:109, fine_1:3876, fine_2:3362, fine_3:25
    level=P2 cls=2 | coarse:1265, fine_0:1632, fine_1:966, fine_2:3069, fine_3:60
    level=P2 cls=3 | coarse:115, fine_0:10, fine_1:271, fine_2:22, fine_3:260
    level=P3 cls=0 | coarse:169, fine_0:142, fine_1:40, fine_2:22, fine_3:1
    level=P3 cls=1 | coarse:1539, fine_1:11, fine_2:1559, fine_3:41
    level=P3 cls=2 | coarse:161, fine_1:203, fine_2:4, fine_3:32
    level=P3 cls=3 | coarse:2, fine_3:64
    level=P4 cls=1 | fine_0:1, fine_2:1
    level=P4 cls=2 | coarse:1, fine_0:40, fine_1:63, fine_3:8
    level=P4 cls=3 | fine_1:2, fine_2:5, fine_3:7
  [fine-win rate] 22719/32938 embeddings preferred a fine proto over the coarse (69.0%)

Epoch 50
  [loss hits: which prototype was nearest each embedding]
    level=P2 cls=0 | coarse:6343, fine_0:1117, fine_1:6200, fine_2:1, fine_3:365
    level=P2 cls=1 | coarse:661, fine_0:75, fine_1:4139, fine_2:3570, fine_3:9
    level=P2 cls=2 | coarse:1245, fine_0:1543, fine_1:854, fine_2:3248, fine_3:86
    level=P2 cls=3 | coarse:181, fine_0:13, fine_1:213, fine_2:16, fine_3:233
    level=P3 cls=0 | coarse:166, fine_0:168, fine_1:6, fine_2:19, fine_3:3
    level=P3 cls=1 | coarse:1229, fine_0:1, fine_1:2, fine_2:1226, fine_3:32
    level=P3 cls=2 | coarse:186, fine_1:215, fine_2:4, fine_3:27
    level=P3 cls=3 | coarse:4, fine_3:62
    level=P4 cls=1 | coarse:179, fine_0:5, fine_1:3, fine_2:181
    level=P4 cls=2 | coarse:1, fine_0:43, fine_1:48, fine_3:4
  [fine-win rate] 23731/33926 embeddings preferred a fine proto over the coarse (69.9%)

