EDNet 1.0 ✅ Python-3.10.4 ✅ torch-2.8.0+cu128 ✅CUDA:0 (NVIDIA A100-SXM4-40GB, 40441MiB)
[34m[1mengine/trainer: [0mtask=detect, mode=train, model=/home/ddwilde/scriptie/pretrained/small.pt, data=/home/ddwilde/scriptie/yaml/DOTA-shared-stage1.yaml, epochs=50, time=None, patience=100, batch=4, imgsz=640, save=True, save_period=-1, cache=False, device=None, workers=8, project=/home/ddwilde/scriptie/runs/dota_saab, name=stage1-saab, exist_ok=False, pretrained=True, optimizer=auto, verbose=True, seed=0, deterministic=True, single_cls=False, rect=False, cos_lr=False, close_mosaic=10, resume=False, amp=True, fraction=1.0, profile=False, freeze=None, multi_scale=False, continual={'enable': False, 'batches': [], 'adapter_strategy': 'last', 'save_history': True}, replay={'enable': True, 'buffer_per_class': 128, 'sample_per_batch': 32, 'loss_weight': 1.0, 'tiny_max_pixels': 320, 'box': {'enable': True, 'loss_weight': 1.0}}, kd={'enable': False, 'lambda_cls': 1.0, 'lambda_bbox': 1.0, 'top_k': 10, 'teacher_weights': None, 'teacher_nc': None, 'debug_batches': 10}, stage={'active_classes': [0, 1]}, overlap_mask=True, mask_ratio=4, dropout=0.0, val=True, split=val, save_json=False, save_hybrid=False, conf=None, iou=0.7, max_det=300, half=False, dnn=False, plots=True, per_class_tb_interval=1, source=None, vid_stride=1, stream_buffer=False, visualize=False, augment=False, agnostic_nms=False, classes=None, retina_masks=False, embed=None, show=False, save_frames=False, save_txt=False, save_conf=False, save_crop=False, show_labels=True, show_conf=True, show_boxes=True, line_width=None, format=torchscript, keras=False, optimize=False, int8=False, dynamic=False, simplify=False, opset=None, workspace=4, nms=False, lr0=0.01, lrf=0.01, momentum=0.937, weight_decay=0.0005, warmup_epochs=3.0, warmup_momentum=0.8, warmup_bias_lr=0.1, box=7.5, cls=0.5, dfl=1.5, pose=12.0, kobj=1.0, label_smoothing=0.0, nbs=64, hsv_h=0.015, hsv_s=0.7, hsv_v=0.4, degrees=0.0, translate=0.1, scale=0.5, shear=0.0, perspective=0.0, flipud=0.0, fliplr=0.5, bgr=0.0, mosaic=1.0, mixup=0.0, copy_paste=0.0, auto_augment=randaugment, erasing=0.4, crop_fraction=1.0, cfg=None, tracker=botsort.yaml, save_dir=/home/ddwilde/scriptie/runs/dota_saab/stage1-saab
Overriding model.yaml nc=10 with nc=2

                   from  n    params  module                                       arguments                     
  0                  -1  1       928  ednet.nn.modules.conv.Conv                   [3, 32, 3, 2]                 
  1                  -1  1     18560  ednet.nn.modules.conv.Conv                   [32, 64, 3, 2]                
  2                  -1  1     29056  ednet.nn.modules.block.C2f                   [64, 64, 1, True]             
  3                  -1  1     73984  ednet.nn.modules.conv.Conv                   [64, 128, 3, 2]               
  4                  -1  2    197632  ednet.nn.modules.block.C2f                   [128, 128, 2, True]           
  5                  -1  1    295424  ednet.nn.modules.conv.Conv                   [128, 256, 3, 2]              
  6                  -1  2    420864  ednet.nn.modules.block.C2f_FCA               [256, 256, 2, True]           
  7                  -1  1   1180672  ednet.nn.modules.conv.Conv                   [256, 512, 3, 2]              
  8                  -1  1   1095680  ednet.nn.modules.block.C2f_FCA               [512, 512, 1, True]           
  9                  -1  1    656896  ednet.nn.modules.block.SPPF                  [512, 512, 5]                 
 10                  -1  1    990976  ednet.nn.modules.block.PSA                   [512, 512]                    
 11                  -1  1         0  torch.nn.modules.upsampling.Upsample         [None, 2, 'nearest']          
 12             [-1, 6]  1         0  ednet.nn.modules.conv.Concat                 [1]                           
 13                  -1  1    591360  ednet.nn.modules.block.C2f                   [768, 256, 1]                 
 14                  -1  1         0  torch.nn.modules.upsampling.Upsample         [None, 2, 'nearest']          
 15             [-1, 4]  1         0  ednet.nn.modules.conv.Concat                 [1]                           
 16                  -1  1    148224  ednet.nn.modules.block.C2f                   [384, 128, 1]                 
 17                  -1  1         0  torch.nn.modules.upsampling.Upsample         [None, 2, 'nearest']          
 18             [-1, 2]  1         0  ednet.nn.modules.conv.Concat                 [1]                           
 19                  -1  1     37248  ednet.nn.modules.block.C2f                   [192, 64, 1]                  
 20                  -1  1     36992  ednet.nn.modules.conv.Conv                   [64, 64, 3, 2]                
 21            [-1, 16]  1         0  ednet.nn.modules.conv.Concat                 [1]                           
 22                  -1  1    123648  ednet.nn.modules.block.C2f                   [192, 128, 1]                 
 23                  -1  1    147712  ednet.nn.modules.conv.Conv                   [128, 128, 3, 2]              
 24            [-1, 13]  1         0  ednet.nn.modules.conv.Concat                 [1]                           
 25                  -1  1    493056  ednet.nn.modules.block.C2f                   [384, 256, 1]                 
 26                  -1  1     68864  ednet.nn.modules.block.SCDown                [256, 256, 3, 2]              
 27             [-1, 9]  1         0  ednet.nn.modules.conv.Concat                 [1]                           
 28                  -1  1   1089536  ednet.nn.modules.block.C2fCIB                [768, 512, 1, True, True]     
 29    [19, 22, 25, 28]  1   1621664  ednet.nn.modules.head.v10Detect              [2, [64, 128, 256, 512]]      
ednet-s summary: 510 layers, 9,318,976 parameters, 9,318,960 gradients

Active classes for this stage: (0, 1)
Transferred 737/753 items from pretrained weights
Replay feature tapper initialized for detection head levels: ['P2', 'P3', 'P4']
Box replay feature tapper initialized (cv2) for levels: ['P2', 'P3', 'P4']
Box prototype replay enabled | loss_weight=1.00
[34m[1mTensorBoard: [0mStart with 'tensorboard --logdir /home/ddwilde/scriptie/runs/dota_saab/stage1-saab', view at http://localhost:6006/
Freezing layer 'model.29.dfl.conv.weight'
[34m[1mAMP: [0mrunning Automatic Mixed Precision (AMP) checks with YOLOv8n...
[34m[1mAMP: [0mchecks passed ✅
Plotting labels to /home/ddwilde/scriptie/runs/dota_saab/stage1-saab/labels.jpg... 
[34m[1moptimizer:[0m 'optimizer=auto' found, ignoring 'lr0=0.01' and 'momentum=0.937' and determining best 'optimizer', 'lr0' and 'momentum' automatically... 
[34m[1moptimizer:[0m AdamW(lr=0.001667, momentum=0.9) with parameter groups 117 weight(decay=0.0), 145 weight(decay=0.0005), 139 bias(decay=0.0)
Trainable params: 401 tensors (9318960 weights). Top trainable=[('model.7.conv.weight', 1179648), ('model.9.cv2.conv.weight', 524288), ('model.8.cv2.conv.weight', 393216), ('model.28.cv1.conv.weight', 393216), ('model.28.cv2.conv.weight', 393216), ('model.5.conv.weight', 294912), ('model.29.cv2.3.0.conv.weight', 294912), ('model.29.one2one_cv2.3.0.conv.weight', 294912), ('model.8.cv1.conv.weight', 262144), ('model.10.cv1.conv.weight', 262144), ('model.10.cv2.conv.weight', 262144), ('model.13.cv1.conv.weight', 196608), ('model.13.m.0.cv1.conv.weight', 147456), ('model.13.m.0.cv2.conv.weight', 147456), ('model.23.conv.weight', 147456), ('model.25.m.0.cv1.conv.weight', 147456), ('model.25.m.0.cv2.conv.weight', 147456), ('model.29.cv2.2.0.conv.weight', 147456), ('model.29.one2one_cv2.2.0.conv.weight', 147456), ('model.6.cv2.conv.weight', 131072)]
Limiting positives to classes (0, 1)
Limiting positives to classes (0, 1)
[34m[1mTensorBoard: [0mmodel graph visualization added ✅
Image sizes 640 train, 640 val
Using 8 dataloader workers
Logging results to [1m/home/ddwilde/scriptie/runs/dota_saab/stage1-saab[0m
Starting training for 50 epochs...

      Epoch    GPU_mem   box_loss   cls_loss   dfl_lossreplay_loss  Instances       Size
Limiting positives to classes (0, 1)
Limiting positives to classes (0, 1)
                   all        186       8357      0.379       0.39      0.289      0.124
Saved 768 replay embeddings to /home/ddwilde/scriptie/runs/dota_saab/stage1-saab/replay/buffer.pt
Saved 768 box replay embeddings to /home/ddwilde/scriptie/runs/dota_saab/stage1-saab/replay/box_buffer.pt

      Epoch    GPU_mem   box_loss   cls_loss   dfl_lossreplay_loss  Instances       Size
                   all        186       8357      0.397      0.473      0.356      0.189
Saved 768 replay embeddings to /home/ddwilde/scriptie/runs/dota_saab/stage1-saab/replay/buffer.pt
Saved 768 box replay embeddings to /home/ddwilde/scriptie/runs/dota_saab/stage1-saab/replay/box_buffer.pt

      Epoch    GPU_mem   box_loss   cls_loss   dfl_lossreplay_loss  Instances       Size
                   all        186       8357      0.431      0.453      0.341      0.184
Saved 768 replay embeddings to /home/ddwilde/scriptie/runs/dota_saab/stage1-saab/replay/buffer.pt
Saved 768 box replay embeddings to /home/ddwilde/scriptie/runs/dota_saab/stage1-saab/replay/box_buffer.pt

      Epoch    GPU_mem   box_loss   cls_loss   dfl_lossreplay_loss  Instances       Size
                   all        186       8357      0.493      0.539       0.48      0.272
Saved 768 replay embeddings to /home/ddwilde/scriptie/runs/dota_saab/stage1-saab/replay/buffer.pt
Saved 768 box replay embeddings to /home/ddwilde/scriptie/runs/dota_saab/stage1-saab/replay/box_buffer.pt

      Epoch    GPU_mem   box_loss   cls_loss   dfl_lossreplay_loss  Instances       Size
                   all        186       8357      0.609      0.518      0.513      0.281
Saved 768 replay embeddings to /home/ddwilde/scriptie/runs/dota_saab/stage1-saab/replay/buffer.pt
Saved 768 box replay embeddings to /home/ddwilde/scriptie/runs/dota_saab/stage1-saab/replay/box_buffer.pt

      Epoch    GPU_mem   box_loss   cls_loss   dfl_lossreplay_loss  Instances       Size
                   all        186       8357        0.6      0.549      0.536      0.302
Saved 768 replay embeddings to /home/ddwilde/scriptie/runs/dota_saab/stage1-saab/replay/buffer.pt
Saved 768 box replay embeddings to /home/ddwilde/scriptie/runs/dota_saab/stage1-saab/replay/box_buffer.pt

      Epoch    GPU_mem   box_loss   cls_loss   dfl_lossreplay_loss  Instances       Size
                   all        186       8357       0.58       0.55      0.528      0.306
Saved 768 replay embeddings to /home/ddwilde/scriptie/runs/dota_saab/stage1-saab/replay/buffer.pt
Saved 768 box replay embeddings to /home/ddwilde/scriptie/runs/dota_saab/stage1-saab/replay/box_buffer.pt

      Epoch    GPU_mem   box_loss   cls_loss   dfl_lossreplay_loss  Instances       Size
                   all        186       8357      0.664      0.553      0.577      0.312
Saved 768 replay embeddings to /home/ddwilde/scriptie/runs/dota_saab/stage1-saab/replay/buffer.pt
Saved 768 box replay embeddings to /home/ddwilde/scriptie/runs/dota_saab/stage1-saab/replay/box_buffer.pt

      Epoch    GPU_mem   box_loss   cls_loss   dfl_lossreplay_loss  Instances       Size
                   all        186       8357       0.69      0.557      0.571      0.323
Saved 768 replay embeddings to /home/ddwilde/scriptie/runs/dota_saab/stage1-saab/replay/buffer.pt
Saved 768 box replay embeddings to /home/ddwilde/scriptie/runs/dota_saab/stage1-saab/replay/box_buffer.pt

      Epoch    GPU_mem   box_loss   cls_loss   dfl_lossreplay_loss  Instances       Size
                   all        186       8357      0.665      0.549      0.564      0.298
Saved 768 replay embeddings to /home/ddwilde/scriptie/runs/dota_saab/stage1-saab/replay/buffer.pt
Saved 768 box replay embeddings to /home/ddwilde/scriptie/runs/dota_saab/stage1-saab/replay/box_buffer.pt

      Epoch    GPU_mem   box_loss   cls_loss   dfl_lossreplay_loss  Instances       Size
                   all        186       8357       0.73      0.556      0.601      0.332
Saved 768 replay embeddings to /home/ddwilde/scriptie/runs/dota_saab/stage1-saab/replay/buffer.pt
Saved 768 box replay embeddings to /home/ddwilde/scriptie/runs/dota_saab/stage1-saab/replay/box_buffer.pt

      Epoch    GPU_mem   box_loss   cls_loss   dfl_lossreplay_loss  Instances       Size
                   all        186       8357      0.696      0.548      0.581      0.326
Saved 768 replay embeddings to /home/ddwilde/scriptie/runs/dota_saab/stage1-saab/replay/buffer.pt
Saved 768 box replay embeddings to /home/ddwilde/scriptie/runs/dota_saab/stage1-saab/replay/box_buffer.pt

      Epoch    GPU_mem   box_loss   cls_loss   dfl_lossreplay_loss  Instances       Size
                   all        186       8357      0.707      0.595      0.624      0.357
Saved 768 replay embeddings to /home/ddwilde/scriptie/runs/dota_saab/stage1-saab/replay/buffer.pt
Saved 768 box replay embeddings to /home/ddwilde/scriptie/runs/dota_saab/stage1-saab/replay/box_buffer.pt

      Epoch    GPU_mem   box_loss   cls_loss   dfl_lossreplay_loss  Instances       Size
                   all        186       8357      0.726      0.589      0.625      0.359
Saved 768 replay embeddings to /home/ddwilde/scriptie/runs/dota_saab/stage1-saab/replay/buffer.pt
Saved 768 box replay embeddings to /home/ddwilde/scriptie/runs/dota_saab/stage1-saab/replay/box_buffer.pt

      Epoch    GPU_mem   box_loss   cls_loss   dfl_lossreplay_loss  Instances       Size
                   all        186       8357      0.668      0.584      0.593      0.347
Saved 768 replay embeddings to /home/ddwilde/scriptie/runs/dota_saab/stage1-saab/replay/buffer.pt
Saved 768 box replay embeddings to /home/ddwilde/scriptie/runs/dota_saab/stage1-saab/replay/box_buffer.pt

      Epoch    GPU_mem   box_loss   cls_loss   dfl_lossreplay_loss  Instances       Size
                   all        186       8357      0.716      0.577      0.605      0.324
Saved 768 replay embeddings to /home/ddwilde/scriptie/runs/dota_saab/stage1-saab/replay/buffer.pt
Saved 768 box replay embeddings to /home/ddwilde/scriptie/runs/dota_saab/stage1-saab/replay/box_buffer.pt

      Epoch    GPU_mem   box_loss   cls_loss   dfl_lossreplay_loss  Instances       Size
                   all        186       8357       0.69      0.586      0.596      0.358
Saved 768 replay embeddings to /home/ddwilde/scriptie/runs/dota_saab/stage1-saab/replay/buffer.pt
Saved 768 box replay embeddings to /home/ddwilde/scriptie/runs/dota_saab/stage1-saab/replay/box_buffer.pt

      Epoch    GPU_mem   box_loss   cls_loss   dfl_lossreplay_loss  Instances       Size
                   all        186       8357      0.731      0.589      0.626      0.366
Saved 768 replay embeddings to /home/ddwilde/scriptie/runs/dota_saab/stage1-saab/replay/buffer.pt
Saved 768 box replay embeddings to /home/ddwilde/scriptie/runs/dota_saab/stage1-saab/replay/box_buffer.pt

      Epoch    GPU_mem   box_loss   cls_loss   dfl_lossreplay_loss  Instances       Size
                   all        186       8357      0.739      0.594      0.622      0.371
Saved 768 replay embeddings to /home/ddwilde/scriptie/runs/dota_saab/stage1-saab/replay/buffer.pt
Saved 768 box replay embeddings to /home/ddwilde/scriptie/runs/dota_saab/stage1-saab/replay/box_buffer.pt

      Epoch    GPU_mem   box_loss   cls_loss   dfl_lossreplay_loss  Instances       Size
                   all        186       8357      0.748      0.595      0.633      0.379
Saved 768 replay embeddings to /home/ddwilde/scriptie/runs/dota_saab/stage1-saab/replay/buffer.pt
Saved 768 box replay embeddings to /home/ddwilde/scriptie/runs/dota_saab/stage1-saab/replay/box_buffer.pt

      Epoch    GPU_mem   box_loss   cls_loss   dfl_lossreplay_loss  Instances       Size
                   all        186       8357      0.743      0.608      0.645      0.378
Saved 768 replay embeddings to /home/ddwilde/scriptie/runs/dota_saab/stage1-saab/replay/buffer.pt
Saved 768 box replay embeddings to /home/ddwilde/scriptie/runs/dota_saab/stage1-saab/replay/box_buffer.pt

      Epoch    GPU_mem   box_loss   cls_loss   dfl_lossreplay_loss  Instances       Size
                   all        186       8357      0.765      0.602      0.644      0.384
Saved 768 replay embeddings to /home/ddwilde/scriptie/runs/dota_saab/stage1-saab/replay/buffer.pt
Saved 768 box replay embeddings to /home/ddwilde/scriptie/runs/dota_saab/stage1-saab/replay/box_buffer.pt

      Epoch    GPU_mem   box_loss   cls_loss   dfl_lossreplay_loss  Instances       Size
                   all        186       8357      0.733      0.587      0.636      0.377
Saved 768 replay embeddings to /home/ddwilde/scriptie/runs/dota_saab/stage1-saab/replay/buffer.pt
Saved 768 box replay embeddings to /home/ddwilde/scriptie/runs/dota_saab/stage1-saab/replay/box_buffer.pt

      Epoch    GPU_mem   box_loss   cls_loss   dfl_lossreplay_loss  Instances       Size
                   all        186       8357      0.759      0.596      0.643      0.385
Saved 768 replay embeddings to /home/ddwilde/scriptie/runs/dota_saab/stage1-saab/replay/buffer.pt
Saved 768 box replay embeddings to /home/ddwilde/scriptie/runs/dota_saab/stage1-saab/replay/box_buffer.pt

      Epoch    GPU_mem   box_loss   cls_loss   dfl_lossreplay_loss  Instances       Size
                   all        186       8357      0.732      0.605      0.643      0.361
Saved 768 replay embeddings to /home/ddwilde/scriptie/runs/dota_saab/stage1-saab/replay/buffer.pt
Saved 768 box replay embeddings to /home/ddwilde/scriptie/runs/dota_saab/stage1-saab/replay/box_buffer.pt

      Epoch    GPU_mem   box_loss   cls_loss   dfl_lossreplay_loss  Instances       Size
                   all        186       8357      0.723      0.593      0.617      0.374
Saved 768 replay embeddings to /home/ddwilde/scriptie/runs/dota_saab/stage1-saab/replay/buffer.pt
Saved 768 box replay embeddings to /home/ddwilde/scriptie/runs/dota_saab/stage1-saab/replay/box_buffer.pt

      Epoch    GPU_mem   box_loss   cls_loss   dfl_lossreplay_loss  Instances       Size
                   all        186       8357      0.736      0.612      0.645      0.387
Saved 768 replay embeddings to /home/ddwilde/scriptie/runs/dota_saab/stage1-saab/replay/buffer.pt
Saved 768 box replay embeddings to /home/ddwilde/scriptie/runs/dota_saab/stage1-saab/replay/box_buffer.pt

      Epoch    GPU_mem   box_loss   cls_loss   dfl_lossreplay_loss  Instances       Size
                   all        186       8357      0.762      0.612      0.649      0.399
Saved 768 replay embeddings to /home/ddwilde/scriptie/runs/dota_saab/stage1-saab/replay/buffer.pt
Saved 768 box replay embeddings to /home/ddwilde/scriptie/runs/dota_saab/stage1-saab/replay/box_buffer.pt

      Epoch    GPU_mem   box_loss   cls_loss   dfl_lossreplay_loss  Instances       Size
                   all        186       8357      0.756      0.601      0.645      0.384
Saved 768 replay embeddings to /home/ddwilde/scriptie/runs/dota_saab/stage1-saab/replay/buffer.pt
Saved 768 box replay embeddings to /home/ddwilde/scriptie/runs/dota_saab/stage1-saab/replay/box_buffer.pt

      Epoch    GPU_mem   box_loss   cls_loss   dfl_lossreplay_loss  Instances       Size
                   all        186       8357      0.749      0.611      0.651      0.395
Saved 768 replay embeddings to /home/ddwilde/scriptie/runs/dota_saab/stage1-saab/replay/buffer.pt
Saved 768 box replay embeddings to /home/ddwilde/scriptie/runs/dota_saab/stage1-saab/replay/box_buffer.pt

      Epoch    GPU_mem   box_loss   cls_loss   dfl_lossreplay_loss  Instances       Size
                   all        186       8357      0.767      0.631       0.67      0.401
Saved 768 replay embeddings to /home/ddwilde/scriptie/runs/dota_saab/stage1-saab/replay/buffer.pt
Saved 768 box replay embeddings to /home/ddwilde/scriptie/runs/dota_saab/stage1-saab/replay/box_buffer.pt

      Epoch    GPU_mem   box_loss   cls_loss   dfl_lossreplay_loss  Instances       Size
                   all        186       8357      0.753      0.623       0.66      0.398
Saved 768 replay embeddings to /home/ddwilde/scriptie/runs/dota_saab/stage1-saab/replay/buffer.pt
Saved 768 box replay embeddings to /home/ddwilde/scriptie/runs/dota_saab/stage1-saab/replay/box_buffer.pt

      Epoch    GPU_mem   box_loss   cls_loss   dfl_lossreplay_loss  Instances       Size
                   all        186       8357      0.756      0.616      0.653      0.395
Saved 768 replay embeddings to /home/ddwilde/scriptie/runs/dota_saab/stage1-saab/replay/buffer.pt
Saved 768 box replay embeddings to /home/ddwilde/scriptie/runs/dota_saab/stage1-saab/replay/box_buffer.pt

      Epoch    GPU_mem   box_loss   cls_loss   dfl_lossreplay_loss  Instances       Size
                   all        186       8357       0.77      0.628      0.665      0.406
Saved 768 replay embeddings to /home/ddwilde/scriptie/runs/dota_saab/stage1-saab/replay/buffer.pt
Saved 768 box replay embeddings to /home/ddwilde/scriptie/runs/dota_saab/stage1-saab/replay/box_buffer.pt

      Epoch    GPU_mem   box_loss   cls_loss   dfl_lossreplay_loss  Instances       Size
                   all        186       8357      0.782      0.613      0.658      0.412
Saved 768 replay embeddings to /home/ddwilde/scriptie/runs/dota_saab/stage1-saab/replay/buffer.pt
Saved 768 box replay embeddings to /home/ddwilde/scriptie/runs/dota_saab/stage1-saab/replay/box_buffer.pt

      Epoch    GPU_mem   box_loss   cls_loss   dfl_lossreplay_loss  Instances       Size
                   all        186       8357       0.75      0.612      0.648      0.394
Saved 768 replay embeddings to /home/ddwilde/scriptie/runs/dota_saab/stage1-saab/replay/buffer.pt
Saved 768 box replay embeddings to /home/ddwilde/scriptie/runs/dota_saab/stage1-saab/replay/box_buffer.pt

      Epoch    GPU_mem   box_loss   cls_loss   dfl_lossreplay_loss  Instances       Size
                   all        186       8357      0.755      0.634      0.661      0.405
Saved 768 replay embeddings to /home/ddwilde/scriptie/runs/dota_saab/stage1-saab/replay/buffer.pt
Saved 768 box replay embeddings to /home/ddwilde/scriptie/runs/dota_saab/stage1-saab/replay/box_buffer.pt

      Epoch    GPU_mem   box_loss   cls_loss   dfl_lossreplay_loss  Instances       Size
                   all        186       8357       0.75      0.612      0.642      0.397
Saved 768 replay embeddings to /home/ddwilde/scriptie/runs/dota_saab/stage1-saab/replay/buffer.pt
Saved 768 box replay embeddings to /home/ddwilde/scriptie/runs/dota_saab/stage1-saab/replay/box_buffer.pt

      Epoch    GPU_mem   box_loss   cls_loss   dfl_lossreplay_loss  Instances       Size
                   all        186       8357      0.766      0.637      0.669      0.415
Saved 768 replay embeddings to /home/ddwilde/scriptie/runs/dota_saab/stage1-saab/replay/buffer.pt
Saved 768 box replay embeddings to /home/ddwilde/scriptie/runs/dota_saab/stage1-saab/replay/box_buffer.pt

      Epoch    GPU_mem   box_loss   cls_loss   dfl_lossreplay_loss  Instances       Size
                   all        186       8357      0.769      0.645      0.681      0.421
Saved 768 replay embeddings to /home/ddwilde/scriptie/runs/dota_saab/stage1-saab/replay/buffer.pt
Saved 768 box replay embeddings to /home/ddwilde/scriptie/runs/dota_saab/stage1-saab/replay/box_buffer.pt
Closing dataloader mosaic

      Epoch    GPU_mem   box_loss   cls_loss   dfl_lossreplay_loss  Instances       Size
                   all        186       8357      0.734      0.637      0.653      0.405
Saved 768 replay embeddings to /home/ddwilde/scriptie/runs/dota_saab/stage1-saab/replay/buffer.pt
Saved 768 box replay embeddings to /home/ddwilde/scriptie/runs/dota_saab/stage1-saab/replay/box_buffer.pt

      Epoch    GPU_mem   box_loss   cls_loss   dfl_lossreplay_loss  Instances       Size
                   all        186       8357      0.759       0.62      0.658      0.409
Saved 768 replay embeddings to /home/ddwilde/scriptie/runs/dota_saab/stage1-saab/replay/buffer.pt
Saved 768 box replay embeddings to /home/ddwilde/scriptie/runs/dota_saab/stage1-saab/replay/box_buffer.pt

      Epoch    GPU_mem   box_loss   cls_loss   dfl_lossreplay_loss  Instances       Size
                   all        186       8357      0.773      0.635      0.677      0.427
Saved 768 replay embeddings to /home/ddwilde/scriptie/runs/dota_saab/stage1-saab/replay/buffer.pt
Saved 768 box replay embeddings to /home/ddwilde/scriptie/runs/dota_saab/stage1-saab/replay/box_buffer.pt

      Epoch    GPU_mem   box_loss   cls_loss   dfl_lossreplay_loss  Instances       Size
                   all        186       8357      0.769       0.63       0.66      0.412
Saved 768 replay embeddings to /home/ddwilde/scriptie/runs/dota_saab/stage1-saab/replay/buffer.pt
Saved 768 box replay embeddings to /home/ddwilde/scriptie/runs/dota_saab/stage1-saab/replay/box_buffer.pt

      Epoch    GPU_mem   box_loss   cls_loss   dfl_lossreplay_loss  Instances       Size
                   all        186       8357      0.788      0.627      0.672      0.419
Saved 768 replay embeddings to /home/ddwilde/scriptie/runs/dota_saab/stage1-saab/replay/buffer.pt
Saved 768 box replay embeddings to /home/ddwilde/scriptie/runs/dota_saab/stage1-saab/replay/box_buffer.pt

      Epoch    GPU_mem   box_loss   cls_loss   dfl_lossreplay_loss  Instances       Size
                   all        186       8357      0.754      0.628       0.66      0.412
Saved 768 replay embeddings to /home/ddwilde/scriptie/runs/dota_saab/stage1-saab/replay/buffer.pt
Saved 768 box replay embeddings to /home/ddwilde/scriptie/runs/dota_saab/stage1-saab/replay/box_buffer.pt

      Epoch    GPU_mem   box_loss   cls_loss   dfl_lossreplay_loss  Instances       Size
                   all        186       8357      0.753       0.63      0.663      0.412
Saved 768 replay embeddings to /home/ddwilde/scriptie/runs/dota_saab/stage1-saab/replay/buffer.pt
Saved 768 box replay embeddings to /home/ddwilde/scriptie/runs/dota_saab/stage1-saab/replay/box_buffer.pt

      Epoch    GPU_mem   box_loss   cls_loss   dfl_lossreplay_loss  Instances       Size
                   all        186       8357      0.752      0.637      0.669      0.419
Saved 768 replay embeddings to /home/ddwilde/scriptie/runs/dota_saab/stage1-saab/replay/buffer.pt
Saved 768 box replay embeddings to /home/ddwilde/scriptie/runs/dota_saab/stage1-saab/replay/box_buffer.pt

      Epoch    GPU_mem   box_loss   cls_loss   dfl_lossreplay_loss  Instances       Size
                   all        186       8357       0.76      0.628      0.665      0.419
Saved 768 replay embeddings to /home/ddwilde/scriptie/runs/dota_saab/stage1-saab/replay/buffer.pt
Saved 768 box replay embeddings to /home/ddwilde/scriptie/runs/dota_saab/stage1-saab/replay/box_buffer.pt

      Epoch    GPU_mem   box_loss   cls_loss   dfl_lossreplay_loss  Instances       Size
                   all        186       8357      0.747      0.629      0.661      0.414
Saved 768 replay embeddings to /home/ddwilde/scriptie/runs/dota_saab/stage1-saab/replay/buffer.pt
Saved 768 box replay embeddings to /home/ddwilde/scriptie/runs/dota_saab/stage1-saab/replay/box_buffer.pt

50 epochs completed in 1.550 hours.
Optimizer stripped from /home/ddwilde/scriptie/runs/dota_saab/stage1-saab/weights/last.pt, 19.1MB
Optimizer stripped from /home/ddwilde/scriptie/runs/dota_saab/stage1-saab/weights/best.pt, 19.1MB

Validating /home/ddwilde/scriptie/runs/dota_saab/stage1-saab/weights/best.pt...
EDNet 1.0 ✅ Python-3.10.4 ✅ torch-2.8.0+cu128 ✅CUDA:0 (NVIDIA A100-SXM4-40GB, 40441MiB)
ednet-s summary (fused): 394 layers, 9,295,008 parameters, 0 gradients
                   all        186       8357      0.771      0.635      0.677      0.427
         small-vehicle         89       5547      0.752        0.5      0.557      0.306
         large-vehicle         73       2810       0.79      0.769      0.796      0.547
Speed: 0.1ms preprocess, 2.1ms inference, 0.0ms loss, 0.1ms postprocess per image
Results saved to [1m/home/ddwilde/scriptie/runs/dota_saab/stage1-saab[0m
Training finished. Results saved in: /home/ddwilde/scriptie/runs/dota_saab/stage1-saab
EDNet 1.0 ✅ Python-3.10.4 ✅ torch-2.8.0+cu128 ✅CUDA:0 (NVIDIA A100-SXM4-40GB, 40441MiB)
[34m[1mengine/trainer: [0mtask=detect, mode=train, model=/home/ddwilde/scriptie/runs/dota_saab/stage1-saab/weights/best.pt, data=/home/ddwilde/scriptie/yaml/DOTA-shared-stage2-replay.yaml, epochs=50, time=None, patience=100, batch=4, imgsz=640, save=True, save_period=-1, cache=False, device=None, workers=8, project=/home/ddwilde/scriptie/runs/dota_saab, name=stage2-saab, exist_ok=False, pretrained=True, optimizer=auto, verbose=True, seed=0, deterministic=True, single_cls=False, rect=False, cos_lr=False, close_mosaic=10, resume=False, amp=True, fraction=1.0, profile=False, freeze=None, multi_scale=False, continual={'enable': False, 'batches': [], 'adapter_strategy': 'last', 'save_history': True}, replay={'enable': True, 'buffer_per_class': 128, 'sample_per_batch': 32, 'loss_weight': 1.0, 'tiny_max_pixels': 320, 'init_buffer': '/home/ddwilde/scriptie/runs/dota_saab/stage1-saab/replay/buffer.pt', 'box': {'enable': True, 'loss_weight': 1.0, 'init_buffer': '/home/ddwilde/scriptie/runs/dota_saab/stage1-saab/replay/box_buffer.pt'}}, kd={'enable': False, 'lambda_cls': 1.0, 'lambda_bbox': 1.0, 'top_k': 10, 'teacher_weights': None, 'teacher_nc': None, 'debug_batches': 10}, stage={'active_classes': [2, 3], 'prev_classes': [0, 1]}, overlap_mask=True, mask_ratio=4, dropout=0.0, val=True, split=val, save_json=False, save_hybrid=False, conf=None, iou=0.7, max_det=300, half=False, dnn=False, plots=True, per_class_tb_interval=1, source=None, vid_stride=1, stream_buffer=False, visualize=False, augment=False, agnostic_nms=False, classes=None, retina_masks=False, embed=None, show=False, save_frames=False, save_txt=False, save_conf=False, save_crop=False, show_labels=True, show_conf=True, show_boxes=True, line_width=None, format=torchscript, keras=False, optimize=False, int8=False, dynamic=False, simplify=False, opset=None, workspace=4, nms=False, lr0=0.01, lrf=0.01, momentum=0.937, weight_decay=0.0005, warmup_epochs=3.0, warmup_momentum=0.8, warmup_bias_lr=0.1, box=7.5, cls=0.5, dfl=1.5, pose=12.0, kobj=1.0, label_smoothing=0.0, nbs=64, hsv_h=0.015, hsv_s=0.7, hsv_v=0.4, degrees=0.0, translate=0.1, scale=0.5, shear=0.0, perspective=0.0, flipud=0.0, fliplr=0.5, bgr=0.0, mosaic=1.0, mixup=0.0, copy_paste=0.0, auto_augment=randaugment, erasing=0.4, crop_fraction=1.0, cfg=None, tracker=botsort.yaml, save_dir=/home/ddwilde/scriptie/runs/dota_saab/stage2-saab
Overriding model.yaml nc=2 with nc=4

                   from  n    params  module                                       arguments                     
  0                  -1  1       928  ednet.nn.modules.conv.Conv                   [3, 32, 3, 2]                 
  1                  -1  1     18560  ednet.nn.modules.conv.Conv                   [32, 64, 3, 2]                
  2                  -1  1     29056  ednet.nn.modules.block.C2f                   [64, 64, 1, True]             
  3                  -1  1     73984  ednet.nn.modules.conv.Conv                   [64, 128, 3, 2]               
  4                  -1  2    197632  ednet.nn.modules.block.C2f                   [128, 128, 2, True]           
  5                  -1  1    295424  ednet.nn.modules.conv.Conv                   [128, 256, 3, 2]              
  6                  -1  2    420864  ednet.nn.modules.block.C2f_FCA               [256, 256, 2, True]           
  7                  -1  1   1180672  ednet.nn.modules.conv.Conv                   [256, 512, 3, 2]              
  8                  -1  1   1095680  ednet.nn.modules.block.C2f_FCA               [512, 512, 1, True]           
  9                  -1  1    656896  ednet.nn.modules.block.SPPF                  [512, 512, 5]                 
 10                  -1  1    990976  ednet.nn.modules.block.PSA                   [512, 512]                    
 11                  -1  1         0  torch.nn.modules.upsampling.Upsample         [None, 2, 'nearest']          
 12             [-1, 6]  1         0  ednet.nn.modules.conv.Concat                 [1]                           
 13                  -1  1    591360  ednet.nn.modules.block.C2f                   [768, 256, 1]                 
 14                  -1  1         0  torch.nn.modules.upsampling.Upsample         [None, 2, 'nearest']          
 15             [-1, 4]  1         0  ednet.nn.modules.conv.Concat                 [1]                           
 16                  -1  1    148224  ednet.nn.modules.block.C2f                   [384, 128, 1]                 
 17                  -1  1         0  torch.nn.modules.upsampling.Upsample         [None, 2, 'nearest']          
 18             [-1, 2]  1         0  ednet.nn.modules.conv.Concat                 [1]                           
 19                  -1  1     37248  ednet.nn.modules.block.C2f                   [192, 64, 1]                  
 20                  -1  1     36992  ednet.nn.modules.conv.Conv                   [64, 64, 3, 2]                
 21            [-1, 16]  1         0  ednet.nn.modules.conv.Concat                 [1]                           
 22                  -1  1    123648  ednet.nn.modules.block.C2f                   [192, 128, 1]                 
 23                  -1  1    147712  ednet.nn.modules.conv.Conv                   [128, 128, 3, 2]              
 24            [-1, 13]  1         0  ednet.nn.modules.conv.Concat                 [1]                           
 25                  -1  1    493056  ednet.nn.modules.block.C2f                   [384, 256, 1]                 
 26                  -1  1     68864  ednet.nn.modules.block.SCDown                [256, 256, 3, 2]              
 27             [-1, 9]  1         0  ednet.nn.modules.conv.Concat                 [1]                           
 28                  -1  1   1089536  ednet.nn.modules.block.C2fCIB                [768, 512, 1, True, True]     
 29    [19, 22, 25, 28]  1   1622704  ednet.nn.modules.head.v10Detect              [4, [64, 128, 256, 512]]      
ednet-s summary: 510 layers, 9,320,016 parameters, 9,320,000 gradients

Active classes for this stage: (2, 3)
Replay/previous classes for this stage: (0, 1)
Transferred 737/753 items from pretrained weights
Replay active: extended active_classes → (0, 1, 2, 3)
Replay feature tapper initialized for detection head levels: ['P2', 'P3', 'P4']
Loaded 768 replay embeddings from /home/ddwilde/scriptie/runs/dota_saab/stage1-saab/replay/buffer.pt
Box replay feature tapper initialized (cv2) for levels: ['P2', 'P3', 'P4']
Loaded 768 box replay embeddings from /home/ddwilde/scriptie/runs/dota_saab/stage1-saab/replay/box_buffer.pt
Box prototype replay enabled | loss_weight=1.00
[34m[1mTensorBoard: [0mStart with 'tensorboard --logdir /home/ddwilde/scriptie/runs/dota_saab/stage2-saab', view at http://localhost:6006/
Freezing layer 'model.29.dfl.conv.weight'
[34m[1mAMP: [0mrunning Automatic Mixed Precision (AMP) checks with YOLOv8n...
[34m[1mAMP: [0mchecks passed ✅
Plotting labels to /home/ddwilde/scriptie/runs/dota_saab/stage2-saab/labels.jpg... 
[34m[1moptimizer:[0m 'optimizer=auto' found, ignoring 'lr0=0.01' and 'momentum=0.937' and determining best 'optimizer', 'lr0' and 'momentum' automatically... 
[34m[1moptimizer:[0m AdamW(lr=0.00125, momentum=0.9) with parameter groups 117 weight(decay=0.0), 145 weight(decay=0.0005), 139 bias(decay=0.0)
Trainable params: 401 tensors (9320000 weights). Top trainable=[('model.7.conv.weight', 1179648), ('model.9.cv2.conv.weight', 524288), ('model.8.cv2.conv.weight', 393216), ('model.28.cv1.conv.weight', 393216), ('model.28.cv2.conv.weight', 393216), ('model.5.conv.weight', 294912), ('model.29.cv2.3.0.conv.weight', 294912), ('model.29.one2one_cv2.3.0.conv.weight', 294912), ('model.8.cv1.conv.weight', 262144), ('model.10.cv1.conv.weight', 262144), ('model.10.cv2.conv.weight', 262144), ('model.13.cv1.conv.weight', 196608), ('model.13.m.0.cv1.conv.weight', 147456), ('model.13.m.0.cv2.conv.weight', 147456), ('model.23.conv.weight', 147456), ('model.25.m.0.cv1.conv.weight', 147456), ('model.25.m.0.cv2.conv.weight', 147456), ('model.29.cv2.2.0.conv.weight', 147456), ('model.29.one2one_cv2.2.0.conv.weight', 147456), ('model.6.cv2.conv.weight', 131072)]
Limiting positives to classes (0, 1, 2, 3)
Replay targets limited to previous classes (0, 1)
Limiting positives to classes (0, 1, 2, 3)
Replay targets limited to previous classes (0, 1)
[34m[1mTensorBoard: [0mmodel graph visualization added ✅
Image sizes 640 train, 640 val
Using 8 dataloader workers
Logging results to [1m/home/ddwilde/scriptie/runs/dota_saab/stage2-saab[0m
Starting training for 50 epochs...

      Epoch    GPU_mem   box_loss   cls_loss   dfl_lossreplay_loss  Instances       Size
Limiting positives to classes (0, 1, 2, 3)
Replay targets limited to previous classes (0, 1)
Limiting positives to classes (0, 1, 2, 3)
Replay targets limited to previous classes (0, 1)
Replay tap config not set; GT-driven replay skipped for this batch.
Replay tap config not set; GT-driven replay skipped for this batch.
                   all        186      10109     0.0579      0.153     0.0482     0.0306
Saved 2184 replay embeddings to /home/ddwilde/scriptie/runs/dota_saab/stage2-saab/replay/buffer.pt
Saved 2184 box replay embeddings to /home/ddwilde/scriptie/runs/dota_saab/stage2-saab/replay/box_buffer.pt

      Epoch    GPU_mem   box_loss   cls_loss   dfl_lossreplay_loss  Instances       Size
                   all        186      10109        0.1      0.282       0.13     0.0675
Saved 2193 replay embeddings to /home/ddwilde/scriptie/runs/dota_saab/stage2-saab/replay/buffer.pt
Saved 2193 box replay embeddings to /home/ddwilde/scriptie/runs/dota_saab/stage2-saab/replay/box_buffer.pt

      Epoch    GPU_mem   box_loss   cls_loss   dfl_lossreplay_loss  Instances       Size
                   all        186      10109      0.152      0.345      0.216      0.111
Saved 2201 replay embeddings to /home/ddwilde/scriptie/runs/dota_saab/stage2-saab/replay/buffer.pt
Saved 2201 box replay embeddings to /home/ddwilde/scriptie/runs/dota_saab/stage2-saab/replay/box_buffer.pt

      Epoch    GPU_mem   box_loss   cls_loss   dfl_lossreplay_loss  Instances       Size
                   all        186      10109      0.231      0.317      0.269      0.139
Saved 2214 replay embeddings to /home/ddwilde/scriptie/runs/dota_saab/stage2-saab/replay/buffer.pt
Saved 2214 box replay embeddings to /home/ddwilde/scriptie/runs/dota_saab/stage2-saab/replay/box_buffer.pt

      Epoch    GPU_mem   box_loss   cls_loss   dfl_lossreplay_loss  Instances       Size
                   all        186      10109      0.559      0.155       0.22       0.11
Saved 2221 replay embeddings to /home/ddwilde/scriptie/runs/dota_saab/stage2-saab/replay/buffer.pt
Saved 2221 box replay embeddings to /home/ddwilde/scriptie/runs/dota_saab/stage2-saab/replay/box_buffer.pt

      Epoch    GPU_mem   box_loss   cls_loss   dfl_lossreplay_loss  Instances       Size
                   all        186      10109       0.65      0.131      0.178      0.086
Saved 2225 replay embeddings to /home/ddwilde/scriptie/runs/dota_saab/stage2-saab/replay/buffer.pt
Saved 2225 box replay embeddings to /home/ddwilde/scriptie/runs/dota_saab/stage2-saab/replay/box_buffer.pt

      Epoch    GPU_mem   box_loss   cls_loss   dfl_lossreplay_loss  Instances       Size
                   all        186      10109      0.186      0.426      0.305      0.163
Saved 2229 replay embeddings to /home/ddwilde/scriptie/runs/dota_saab/stage2-saab/replay/buffer.pt
Saved 2229 box replay embeddings to /home/ddwilde/scriptie/runs/dota_saab/stage2-saab/replay/box_buffer.pt

      Epoch    GPU_mem   box_loss   cls_loss   dfl_lossreplay_loss  Instances       Size
                   all        186      10109      0.178       0.49      0.337      0.177
Saved 2241 replay embeddings to /home/ddwilde/scriptie/runs/dota_saab/stage2-saab/replay/buffer.pt
Saved 2241 box replay embeddings to /home/ddwilde/scriptie/runs/dota_saab/stage2-saab/replay/box_buffer.pt

      Epoch    GPU_mem   box_loss   cls_loss   dfl_lossreplay_loss  Instances       Size
                   all        186      10109      0.247      0.401      0.349      0.192
Saved 2252 replay embeddings to /home/ddwilde/scriptie/runs/dota_saab/stage2-saab/replay/buffer.pt
Saved 2252 box replay embeddings to /home/ddwilde/scriptie/runs/dota_saab/stage2-saab/replay/box_buffer.pt

      Epoch    GPU_mem   box_loss   cls_loss   dfl_lossreplay_loss  Instances       Size
                   all        186      10109      0.152      0.411      0.291      0.154
Saved 2264 replay embeddings to /home/ddwilde/scriptie/runs/dota_saab/stage2-saab/replay/buffer.pt
Saved 2264 box replay embeddings to /home/ddwilde/scriptie/runs/dota_saab/stage2-saab/replay/box_buffer.pt

      Epoch    GPU_mem   box_loss   cls_loss   dfl_lossreplay_loss  Instances       Size
                   all        186      10109      0.184      0.432      0.343      0.189
Saved 2270 replay embeddings to /home/ddwilde/scriptie/runs/dota_saab/stage2-saab/replay/buffer.pt
Saved 2270 box replay embeddings to /home/ddwilde/scriptie/runs/dota_saab/stage2-saab/replay/box_buffer.pt

      Epoch    GPU_mem   box_loss   cls_loss   dfl_lossreplay_loss  Instances       Size
                   all        186      10109      0.184      0.465      0.345      0.184
Saved 2271 replay embeddings to /home/ddwilde/scriptie/runs/dota_saab/stage2-saab/replay/buffer.pt
Saved 2271 box replay embeddings to /home/ddwilde/scriptie/runs/dota_saab/stage2-saab/replay/box_buffer.pt

      Epoch    GPU_mem   box_loss   cls_loss   dfl_lossreplay_loss  Instances       Size
                   all        186      10109       0.17       0.48       0.36      0.193
Saved 2274 replay embeddings to /home/ddwilde/scriptie/runs/dota_saab/stage2-saab/replay/buffer.pt
Saved 2274 box replay embeddings to /home/ddwilde/scriptie/runs/dota_saab/stage2-saab/replay/box_buffer.pt

      Epoch    GPU_mem   box_loss   cls_loss   dfl_lossreplay_loss  Instances       Size
                   all        186      10109      0.208      0.488      0.396      0.219
Saved 2279 replay embeddings to /home/ddwilde/scriptie/runs/dota_saab/stage2-saab/replay/buffer.pt
Saved 2279 box replay embeddings to /home/ddwilde/scriptie/runs/dota_saab/stage2-saab/replay/box_buffer.pt

      Epoch    GPU_mem   box_loss   cls_loss   dfl_lossreplay_loss  Instances       Size
                   all        186      10109      0.175      0.463      0.349      0.192
Saved 2283 replay embeddings to /home/ddwilde/scriptie/runs/dota_saab/stage2-saab/replay/buffer.pt
Saved 2283 box replay embeddings to /home/ddwilde/scriptie/runs/dota_saab/stage2-saab/replay/box_buffer.pt

      Epoch    GPU_mem   box_loss   cls_loss   dfl_lossreplay_loss  Instances       Size
                   all        186      10109      0.939      0.154      0.313       0.16
Saved 2285 replay embeddings to /home/ddwilde/scriptie/runs/dota_saab/stage2-saab/replay/buffer.pt
Saved 2285 box replay embeddings to /home/ddwilde/scriptie/runs/dota_saab/stage2-saab/replay/box_buffer.pt

      Epoch    GPU_mem   box_loss   cls_loss   dfl_lossreplay_loss  Instances       Size
                   all        186      10109      0.235      0.441      0.351      0.188
Saved 2290 replay embeddings to /home/ddwilde/scriptie/runs/dota_saab/stage2-saab/replay/buffer.pt
Saved 2290 box replay embeddings to /home/ddwilde/scriptie/runs/dota_saab/stage2-saab/replay/box_buffer.pt

      Epoch    GPU_mem   box_loss   cls_loss   dfl_lossreplay_loss  Instances       Size
                   all        186      10109      0.141      0.507      0.351      0.192
Saved 2301 replay embeddings to /home/ddwilde/scriptie/runs/dota_saab/stage2-saab/replay/buffer.pt
Saved 2301 box replay embeddings to /home/ddwilde/scriptie/runs/dota_saab/stage2-saab/replay/box_buffer.pt

      Epoch    GPU_mem   box_loss   cls_loss   dfl_lossreplay_loss  Instances       Size
                   all        186      10109      0.255      0.495      0.415      0.231
Saved 2302 replay embeddings to /home/ddwilde/scriptie/runs/dota_saab/stage2-saab/replay/buffer.pt
Saved 2302 box replay embeddings to /home/ddwilde/scriptie/runs/dota_saab/stage2-saab/replay/box_buffer.pt

      Epoch    GPU_mem   box_loss   cls_loss   dfl_lossreplay_loss  Instances       Size
                   all        186      10109      0.189      0.503      0.388      0.206
Saved 2304 replay embeddings to /home/ddwilde/scriptie/runs/dota_saab/stage2-saab/replay/buffer.pt
Saved 2304 box replay embeddings to /home/ddwilde/scriptie/runs/dota_saab/stage2-saab/replay/box_buffer.pt

      Epoch    GPU_mem   box_loss   cls_loss   dfl_lossreplay_loss  Instances       Size
                   all        186      10109      0.129      0.512      0.319      0.167
Saved 2304 replay embeddings to /home/ddwilde/scriptie/runs/dota_saab/stage2-saab/replay/buffer.pt
Saved 2304 box replay embeddings to /home/ddwilde/scriptie/runs/dota_saab/stage2-saab/replay/box_buffer.pt

      Epoch    GPU_mem   box_loss   cls_loss   dfl_lossreplay_loss  Instances       Size
                   all        186      10109      0.675      0.314      0.363      0.194
Saved 2304 replay embeddings to /home/ddwilde/scriptie/runs/dota_saab/stage2-saab/replay/buffer.pt
Saved 2304 box replay embeddings to /home/ddwilde/scriptie/runs/dota_saab/stage2-saab/replay/box_buffer.pt

      Epoch    GPU_mem   box_loss   cls_loss   dfl_lossreplay_loss  Instances       Size
                   all        186      10109      0.214      0.458      0.369      0.212
Saved 2304 replay embeddings to /home/ddwilde/scriptie/runs/dota_saab/stage2-saab/replay/buffer.pt
Saved 2304 box replay embeddings to /home/ddwilde/scriptie/runs/dota_saab/stage2-saab/replay/box_buffer.pt

      Epoch    GPU_mem   box_loss   cls_loss   dfl_lossreplay_loss  Instances       Size
                   all        186      10109      0.167      0.543      0.398      0.227
Saved 2304 replay embeddings to /home/ddwilde/scriptie/runs/dota_saab/stage2-saab/replay/buffer.pt
Saved 2304 box replay embeddings to /home/ddwilde/scriptie/runs/dota_saab/stage2-saab/replay/box_buffer.pt

      Epoch    GPU_mem   box_loss   cls_loss   dfl_lossreplay_loss  Instances       Size
                   all        186      10109      0.169      0.501       0.36      0.192
Saved 2304 replay embeddings to /home/ddwilde/scriptie/runs/dota_saab/stage2-saab/replay/buffer.pt
Saved 2304 box replay embeddings to /home/ddwilde/scriptie/runs/dota_saab/stage2-saab/replay/box_buffer.pt

      Epoch    GPU_mem   box_loss   cls_loss   dfl_lossreplay_loss  Instances       Size
                   all        186      10109      0.187      0.536      0.385      0.213
Saved 2304 replay embeddings to /home/ddwilde/scriptie/runs/dota_saab/stage2-saab/replay/buffer.pt
Saved 2304 box replay embeddings to /home/ddwilde/scriptie/runs/dota_saab/stage2-saab/replay/box_buffer.pt

      Epoch    GPU_mem   box_loss   cls_loss   dfl_lossreplay_loss  Instances       Size
                   all        186      10109      0.189      0.537      0.404      0.221
Saved 2304 replay embeddings to /home/ddwilde/scriptie/runs/dota_saab/stage2-saab/replay/buffer.pt
Saved 2304 box replay embeddings to /home/ddwilde/scriptie/runs/dota_saab/stage2-saab/replay/box_buffer.pt

      Epoch    GPU_mem   box_loss   cls_loss   dfl_lossreplay_loss  Instances       Size
