EDNet 1.0 ✅ Python-3.10.4 ✅ torch-2.8.0+cu128 ✅CUDA:0 (NVIDIA A100-SXM4-40GB, 40441MiB)
[34m[1mengine/trainer: [0mtask=detect, mode=train, model=/home/ddwilde/scriptie/pretrained/small.pt, data=/home/ddwilde/scriptie/yaml/DOTA-stage1.yaml, epochs=50, time=None, patience=100, batch=4, imgsz=640, save=True, save_period=-1, cache=False, device=None, workers=8, project=/home/ddwilde/scriptie/runs/dota_replay, name=stage1-replay, exist_ok=False, pretrained=True, optimizer=auto, verbose=True, seed=0, deterministic=True, single_cls=False, rect=False, cos_lr=False, close_mosaic=10, resume=False, amp=True, fraction=1.0, profile=False, freeze=None, multi_scale=False, continual={'enable': False, 'batches': [], 'adapter_strategy': 'last', 'save_history': True}, replay={'enable': False, 'tap_layers': {'P2': 19, 'P3': 22, 'P4': 25}, 'tiny_max_pixels': 128, 'context_scale': 1.5, 'buffer_per_class': 64, 'sample_per_batch': 16, 'loss_weight': 1.0, 'scale_weighting': 'stride', 'store_dir': 'replay', 'buffer_file': 'buffer.pt', 'init_buffer': None, 'carryover_growth': 1.5, 'memory_dir': None, 'memory_ratio': 0.25, 'prototypes': {'num_fine': 4, 'use_coarse': True, 'ema_alpha': 0.05, 'init_sim_thresh': 0.9, 'gate_min_cos': 0.0, 'init_strategy': 'first_k', 'weight_by_count': False}, 'box': {'enable': False, 'loss_weight': 1.0, 'buffer_file': 'box_buffer.pt', 'init_buffer': None}}, kd={'enable': False, 'lambda_cls': 1.0, 'lambda_bbox': 1.0, 'top_k': 10, 'teacher_weights': None, 'teacher_nc': None, 'debug_batches': 10}, stage={'active_classes': None, 'prev_classes': None, 'pseudo_labels_dir': None}, overlap_mask=True, mask_ratio=4, dropout=0.0, val=True, split=val, save_json=False, save_hybrid=False, conf=None, iou=0.7, max_det=300, half=False, dnn=False, plots=True, per_class_tb_interval=1, source=None, vid_stride=1, stream_buffer=False, visualize=False, augment=False, agnostic_nms=False, classes=None, retina_masks=False, embed=None, show=False, save_frames=False, save_txt=False, save_conf=False, save_crop=False, show_labels=True, show_conf=True, show_boxes=True, line_width=None, format=torchscript, keras=False, optimize=False, int8=False, dynamic=False, simplify=False, opset=None, workspace=4, nms=False, lr0=0.01, lrf=0.01, momentum=0.937, weight_decay=0.0005, warmup_epochs=3.0, warmup_momentum=0.8, warmup_bias_lr=0.1, box=7.5, cls=0.5, dfl=1.5, pose=12.0, kobj=1.0, label_smoothing=0.0, nbs=64, hsv_h=0.015, hsv_s=0.7, hsv_v=0.4, degrees=0.0, translate=0.1, scale=0.5, shear=0.0, perspective=0.0, flipud=0.0, fliplr=0.5, bgr=0.0, mosaic=1.0, mixup=0.0, copy_paste=0.0, auto_augment=randaugment, erasing=0.4, crop_fraction=1.0, cfg=None, tracker=botsort.yaml, save_dir=/home/ddwilde/scriptie/runs/dota_replay/stage1-replay
Overriding model.yaml nc=10 with nc=2

                   from  n    params  module                                       arguments                     
  0                  -1  1       928  ednet.nn.modules.conv.Conv                   [3, 32, 3, 2]                 
  1                  -1  1     18560  ednet.nn.modules.conv.Conv                   [32, 64, 3, 2]                
  2                  -1  1     29056  ednet.nn.modules.block.C2f                   [64, 64, 1, True]             
  3                  -1  1     73984  ednet.nn.modules.conv.Conv                   [64, 128, 3, 2]               
  4                  -1  2    197632  ednet.nn.modules.block.C2f                   [128, 128, 2, True]           
  5                  -1  1    295424  ednet.nn.modules.conv.Conv                   [128, 256, 3, 2]              
  6                  -1  2    420864  ednet.nn.modules.block.C2f_FCA               [256, 256, 2, True]           
  7                  -1  1   1180672  ednet.nn.modules.conv.Conv                   [256, 512, 3, 2]              
  8                  -1  1   1095680  ednet.nn.modules.block.C2f_FCA               [512, 512, 1, True]           
  9                  -1  1    656896  ednet.nn.modules.block.SPPF                  [512, 512, 5]                 
 10                  -1  1    990976  ednet.nn.modules.block.PSA                   [512, 512]                    
 11                  -1  1         0  torch.nn.modules.upsampling.Upsample         [None, 2, 'nearest']          
 12             [-1, 6]  1         0  ednet.nn.modules.conv.Concat                 [1]                           
 13                  -1  1    591360  ednet.nn.modules.block.C2f                   [768, 256, 1]                 
 14                  -1  1         0  torch.nn.modules.upsampling.Upsample         [None, 2, 'nearest']          
 15             [-1, 4]  1         0  ednet.nn.modules.conv.Concat                 [1]                           
 16                  -1  1    148224  ednet.nn.modules.block.C2f                   [384, 128, 1]                 
 17                  -1  1         0  torch.nn.modules.upsampling.Upsample         [None, 2, 'nearest']          
 18             [-1, 2]  1         0  ednet.nn.modules.conv.Concat                 [1]                           
 19                  -1  1     37248  ednet.nn.modules.block.C2f                   [192, 64, 1]                  
 20                  -1  1     36992  ednet.nn.modules.conv.Conv                   [64, 64, 3, 2]                
 21            [-1, 16]  1         0  ednet.nn.modules.conv.Concat                 [1]                           
 22                  -1  1    123648  ednet.nn.modules.block.C2f                   [192, 128, 1]                 
 23                  -1  1    147712  ednet.nn.modules.conv.Conv                   [128, 128, 3, 2]              
 24            [-1, 13]  1         0  ednet.nn.modules.conv.Concat                 [1]                           
 25                  -1  1    493056  ednet.nn.modules.block.C2f                   [384, 256, 1]                 
 26                  -1  1     68864  ednet.nn.modules.block.SCDown                [256, 256, 3, 2]              
 27             [-1, 9]  1         0  ednet.nn.modules.conv.Concat                 [1]                           
 28                  -1  1   1089536  ednet.nn.modules.block.C2fCIB                [768, 512, 1, True, True]     
 29    [19, 22, 25, 28]  1   1621664  ednet.nn.modules.head.v10Detect              [2, [64, 128, 256, 512]]      
ednet-s summary: 510 layers, 9,318,976 parameters, 9,318,960 gradients

Transferred 737/753 items from pretrained weights
[34m[1mTensorBoard: [0mStart with 'tensorboard --logdir /home/ddwilde/scriptie/runs/dota_replay/stage1-replay', view at http://localhost:6006/
Freezing layer 'model.29.dfl.conv.weight'
[34m[1mAMP: [0mrunning Automatic Mixed Precision (AMP) checks with YOLOv8n...
[34m[1mAMP: [0mchecks passed ✅
Plotting labels to /home/ddwilde/scriptie/runs/dota_replay/stage1-replay/labels.jpg... 
[34m[1moptimizer:[0m 'optimizer=auto' found, ignoring 'lr0=0.01' and 'momentum=0.937' and determining best 'optimizer', 'lr0' and 'momentum' automatically... 
[34m[1moptimizer:[0m AdamW(lr=0.001667, momentum=0.9) with parameter groups 117 weight(decay=0.0), 145 weight(decay=0.0005), 139 bias(decay=0.0)
Trainable params: 401 tensors (9318960 weights). Top trainable=[('model.7.conv.weight', 1179648), ('model.9.cv2.conv.weight', 524288), ('model.8.cv2.conv.weight', 393216), ('model.28.cv1.conv.weight', 393216), ('model.28.cv2.conv.weight', 393216), ('model.5.conv.weight', 294912), ('model.29.cv2.3.0.conv.weight', 294912), ('model.29.one2one_cv2.3.0.conv.weight', 294912), ('model.8.cv1.conv.weight', 262144), ('model.10.cv1.conv.weight', 262144), ('model.10.cv2.conv.weight', 262144), ('model.13.cv1.conv.weight', 196608), ('model.13.m.0.cv1.conv.weight', 147456), ('model.13.m.0.cv2.conv.weight', 147456), ('model.23.conv.weight', 147456), ('model.25.m.0.cv1.conv.weight', 147456), ('model.25.m.0.cv2.conv.weight', 147456), ('model.29.cv2.2.0.conv.weight', 147456), ('model.29.one2one_cv2.2.0.conv.weight', 147456), ('model.6.cv2.conv.weight', 131072)]
[34m[1mTensorBoard: [0mmodel graph visualization added ✅
Image sizes 640 train, 640 val
Using 8 dataloader workers
Logging results to [1m/home/ddwilde/scriptie/runs/dota_replay/stage1-replay[0m
Starting training for 50 epochs...

      Epoch    GPU_mem   box_loss   cls_loss   dfl_loss  Instances       Size
                   all        186       8357      0.329      0.373       0.24      0.109

      Epoch    GPU_mem   box_loss   cls_loss   dfl_loss  Instances       Size
                   all        186       8357      0.384       0.37      0.287      0.161

      Epoch    GPU_mem   box_loss   cls_loss   dfl_loss  Instances       Size
                   all        186       8357      0.474      0.482        0.4      0.226

      Epoch    GPU_mem   box_loss   cls_loss   dfl_loss  Instances       Size
                   all        186       8357      0.522      0.493      0.423      0.232

      Epoch    GPU_mem   box_loss   cls_loss   dfl_loss  Instances       Size
                   all        186       8357        0.6      0.511      0.509      0.293

      Epoch    GPU_mem   box_loss   cls_loss   dfl_loss  Instances       Size
                   all        186       8357      0.601      0.518      0.509      0.293

      Epoch    GPU_mem   box_loss   cls_loss   dfl_loss  Instances       Size
                   all        186       8357      0.619      0.509      0.512      0.285

      Epoch    GPU_mem   box_loss   cls_loss   dfl_loss  Instances       Size
                   all        186       8357      0.645      0.568      0.565      0.329

      Epoch    GPU_mem   box_loss   cls_loss   dfl_loss  Instances       Size
                   all        186       8357      0.655      0.561      0.563      0.321

      Epoch    GPU_mem   box_loss   cls_loss   dfl_loss  Instances       Size
                   all        186       8357      0.611      0.532      0.524      0.308

      Epoch    GPU_mem   box_loss   cls_loss   dfl_loss  Instances       Size
                   all        186       8357      0.659      0.563      0.574      0.334

      Epoch    GPU_mem   box_loss   cls_loss   dfl_loss  Instances       Size
                   all        186       8357      0.704      0.554      0.587      0.336

      Epoch    GPU_mem   box_loss   cls_loss   dfl_loss  Instances       Size
                   all        186       8357      0.704      0.573      0.607       0.36

      Epoch    GPU_mem   box_loss   cls_loss   dfl_loss  Instances       Size
                   all        186       8357      0.695      0.582      0.608      0.357

      Epoch    GPU_mem   box_loss   cls_loss   dfl_loss  Instances       Size
                   all        186       8357      0.685      0.583      0.605      0.348

      Epoch    GPU_mem   box_loss   cls_loss   dfl_loss  Instances       Size
                   all        186       8357      0.697      0.584      0.615      0.363

      Epoch    GPU_mem   box_loss   cls_loss   dfl_loss  Instances       Size
                   all        186       8357      0.716      0.603      0.628      0.373

      Epoch    GPU_mem   box_loss   cls_loss   dfl_loss  Instances       Size
                   all        186       8357      0.693      0.576      0.612      0.359

      Epoch    GPU_mem   box_loss   cls_loss   dfl_loss  Instances       Size
                   all        186       8357      0.706      0.577      0.611      0.349

      Epoch    GPU_mem   box_loss   cls_loss   dfl_loss  Instances       Size
                   all        186       8357      0.719      0.594      0.627      0.377

      Epoch    GPU_mem   box_loss   cls_loss   dfl_loss  Instances       Size
                   all        186       8357      0.754      0.597      0.629      0.385

      Epoch    GPU_mem   box_loss   cls_loss   dfl_loss  Instances       Size
                   all        186       8357       0.75      0.595      0.633      0.383

      Epoch    GPU_mem   box_loss   cls_loss   dfl_loss  Instances       Size
                   all        186       8357      0.753      0.617      0.656      0.408

      Epoch    GPU_mem   box_loss   cls_loss   dfl_loss  Instances       Size
                   all        186       8357      0.722      0.613      0.637      0.383

      Epoch    GPU_mem   box_loss   cls_loss   dfl_loss  Instances       Size
                   all        186       8357      0.735      0.621      0.648      0.401

      Epoch    GPU_mem   box_loss   cls_loss   dfl_loss  Instances       Size
                   all        186       8357      0.741      0.619      0.646      0.388

      Epoch    GPU_mem   box_loss   cls_loss   dfl_loss  Instances       Size
                   all        186       8357      0.723      0.615      0.643      0.395

      Epoch    GPU_mem   box_loss   cls_loss   dfl_loss  Instances       Size
                   all        186       8357      0.735      0.627      0.655      0.397

      Epoch    GPU_mem   box_loss   cls_loss   dfl_loss  Instances       Size
                   all        186       8357       0.74      0.626      0.649      0.399

      Epoch    GPU_mem   box_loss   cls_loss   dfl_loss  Instances       Size
                   all        186       8357      0.714      0.615      0.636      0.386

      Epoch    GPU_mem   box_loss   cls_loss   dfl_loss  Instances       Size
                   all        186       8357      0.734      0.639      0.659      0.399

      Epoch    GPU_mem   box_loss   cls_loss   dfl_loss  Instances       Size
                   all        186       8357      0.721      0.603      0.635      0.383

      Epoch    GPU_mem   box_loss   cls_loss   dfl_loss  Instances       Size
                   all        186       8357      0.721      0.637      0.647      0.398

      Epoch    GPU_mem   box_loss   cls_loss   dfl_loss  Instances       Size
                   all        186       8357      0.758      0.627      0.666      0.411

      Epoch    GPU_mem   box_loss   cls_loss   dfl_loss  Instances       Size
                   all        186       8357      0.735      0.633      0.656      0.409

      Epoch    GPU_mem   box_loss   cls_loss   dfl_loss  Instances       Size
                   all        186       8357      0.746      0.631      0.659      0.408

      Epoch    GPU_mem   box_loss   cls_loss   dfl_loss  Instances       Size
                   all        186       8357      0.752      0.635      0.664      0.403

      Epoch    GPU_mem   box_loss   cls_loss   dfl_loss  Instances       Size
                   all        186       8357      0.725      0.618      0.648      0.401

      Epoch    GPU_mem   box_loss   cls_loss   dfl_loss  Instances       Size
                   all        186       8357      0.735      0.628      0.655      0.408

      Epoch    GPU_mem   box_loss   cls_loss   dfl_loss  Instances       Size
                   all        186       8357      0.746      0.632      0.662      0.413
Closing dataloader mosaic

      Epoch    GPU_mem   box_loss   cls_loss   dfl_loss  Instances       Size
                   all        186       8357      0.748      0.632      0.663      0.415

      Epoch    GPU_mem   box_loss   cls_loss   dfl_loss  Instances       Size
                   all        186       8357      0.751      0.633      0.661      0.412

      Epoch    GPU_mem   box_loss   cls_loss   dfl_loss  Instances       Size
                   all        186       8357      0.734      0.609      0.646      0.415

      Epoch    GPU_mem   box_loss   cls_loss   dfl_loss  Instances       Size
                   all        186       8357      0.764      0.622      0.667      0.422

      Epoch    GPU_mem   box_loss   cls_loss   dfl_loss  Instances       Size
                   all        186       8357      0.748      0.632      0.669      0.422

      Epoch    GPU_mem   box_loss   cls_loss   dfl_loss  Instances       Size
                   all        186       8357      0.749      0.636      0.667      0.418

      Epoch    GPU_mem   box_loss   cls_loss   dfl_loss  Instances       Size
                   all        186       8357      0.745       0.64      0.667      0.415

      Epoch    GPU_mem   box_loss   cls_loss   dfl_loss  Instances       Size
                   all        186       8357      0.748       0.64      0.673      0.422

      Epoch    GPU_mem   box_loss   cls_loss   dfl_loss  Instances       Size
                   all        186       8357      0.756      0.636      0.673      0.425

      Epoch    GPU_mem   box_loss   cls_loss   dfl_loss  Instances       Size
                   all        186       8357      0.747      0.638      0.672      0.425

50 epochs completed in 0.305 hours.
Optimizer stripped from /home/ddwilde/scriptie/runs/dota_replay/stage1-replay/weights/last.pt, 19.1MB
Optimizer stripped from /home/ddwilde/scriptie/runs/dota_replay/stage1-replay/weights/best.pt, 19.1MB

Validating /home/ddwilde/scriptie/runs/dota_replay/stage1-replay/weights/best.pt...
EDNet 1.0 ✅ Python-3.10.4 ✅ torch-2.8.0+cu128 ✅CUDA:0 (NVIDIA A100-SXM4-40GB, 40441MiB)
ednet-s summary (fused): 394 layers, 9,295,008 parameters, 0 gradients
                   all        186       8357      0.756      0.636      0.673      0.425
         small-vehicle         89       5547      0.685      0.532      0.565      0.307
         large-vehicle         73       2810      0.827       0.74      0.782      0.544
Speed: 0.1ms preprocess, 2.1ms inference, 0.0ms loss, 0.1ms postprocess per image
Results saved to [1m/home/ddwilde/scriptie/runs/dota_replay/stage1-replay[0m
Training finished. Results saved in: /home/ddwilde/scriptie/runs/dota_replay/stage1-replay
EDNet 1.0 ✅ Python-3.10.4 ✅ torch-2.8.0+cu128 ✅CUDA:0 (NVIDIA A100-SXM4-40GB, 40441MiB)
[34m[1mengine/trainer: [0mtask=detect, mode=train, model=/home/ddwilde/scriptie/runs/dota_replay/stage1-replay/weights/best.pt, data=/home/ddwilde/scriptie/yaml/DOTA-stage2.yaml, epochs=50, time=None, patience=100, batch=4, imgsz=640, save=True, save_period=-1, cache=False, device=None, workers=8, project=/home/ddwilde/scriptie/runs/dota_replay, name=stage2-replay, exist_ok=False, pretrained=True, optimizer=auto, verbose=True, seed=0, deterministic=True, single_cls=False, rect=False, cos_lr=False, close_mosaic=10, resume=False, amp=True, fraction=1.0, profile=False, freeze=None, multi_scale=False, continual={'enable': False, 'batches': [], 'adapter_strategy': 'last', 'save_history': True}, replay={'enable': True, 'memory_dir': '/home/ddwilde/scriptie/datasets/memory/stage1', 'memory_ratio': 0.25}, kd={'enable': False, 'lambda_cls': 1.0, 'lambda_bbox': 1.0, 'top_k': 10, 'teacher_weights': None, 'teacher_nc': None, 'debug_batches': 10}, stage={'active_classes': None, 'prev_classes': None, 'pseudo_labels_dir': None}, overlap_mask=True, mask_ratio=4, dropout=0.0, val=True, split=val, save_json=False, save_hybrid=False, conf=None, iou=0.7, max_det=300, half=False, dnn=False, plots=True, per_class_tb_interval=1, source=None, vid_stride=1, stream_buffer=False, visualize=False, augment=False, agnostic_nms=False, classes=None, retina_masks=False, embed=None, show=False, save_frames=False, save_txt=False, save_conf=False, save_crop=False, show_labels=True, show_conf=True, show_boxes=True, line_width=None, format=torchscript, keras=False, optimize=False, int8=False, dynamic=False, simplify=False, opset=None, workspace=4, nms=False, lr0=0.01, lrf=0.01, momentum=0.937, weight_decay=0.0005, warmup_epochs=3.0, warmup_momentum=0.8, warmup_bias_lr=0.1, box=7.5, cls=0.5, dfl=1.5, pose=12.0, kobj=1.0, label_smoothing=0.0, nbs=64, hsv_h=0.015, hsv_s=0.7, hsv_v=0.4, degrees=0.0, translate=0.1, scale=0.5, shear=0.0, perspective=0.0, flipud=0.0, fliplr=0.5, bgr=0.0, mosaic=1.0, mixup=0.0, copy_paste=0.0, auto_augment=randaugment, erasing=0.4, crop_fraction=1.0, cfg=None, tracker=botsort.yaml, save_dir=/home/ddwilde/scriptie/runs/dota_replay/stage2-replay
Overriding model.yaml nc=2 with nc=4

                   from  n    params  module                                       arguments                     
  0                  -1  1       928  ednet.nn.modules.conv.Conv                   [3, 32, 3, 2]                 
  1                  -1  1     18560  ednet.nn.modules.conv.Conv                   [32, 64, 3, 2]                
  2                  -1  1     29056  ednet.nn.modules.block.C2f                   [64, 64, 1, True]             
  3                  -1  1     73984  ednet.nn.modules.conv.Conv                   [64, 128, 3, 2]               
  4                  -1  2    197632  ednet.nn.modules.block.C2f                   [128, 128, 2, True]           
  5                  -1  1    295424  ednet.nn.modules.conv.Conv                   [128, 256, 3, 2]              
  6                  -1  2    420864  ednet.nn.modules.block.C2f_FCA               [256, 256, 2, True]           
  7                  -1  1   1180672  ednet.nn.modules.conv.Conv                   [256, 512, 3, 2]              
  8                  -1  1   1095680  ednet.nn.modules.block.C2f_FCA               [512, 512, 1, True]           
  9                  -1  1    656896  ednet.nn.modules.block.SPPF                  [512, 512, 5]                 
 10                  -1  1    990976  ednet.nn.modules.block.PSA                   [512, 512]                    
 11                  -1  1         0  torch.nn.modules.upsampling.Upsample         [None, 2, 'nearest']          
 12             [-1, 6]  1         0  ednet.nn.modules.conv.Concat                 [1]                           
 13                  -1  1    591360  ednet.nn.modules.block.C2f                   [768, 256, 1]                 
 14                  -1  1         0  torch.nn.modules.upsampling.Upsample         [None, 2, 'nearest']          
 15             [-1, 4]  1         0  ednet.nn.modules.conv.Concat                 [1]                           
 16                  -1  1    148224  ednet.nn.modules.block.C2f                   [384, 128, 1]                 
 17                  -1  1         0  torch.nn.modules.upsampling.Upsample         [None, 2, 'nearest']          
 18             [-1, 2]  1         0  ednet.nn.modules.conv.Concat                 [1]                           
 19                  -1  1     37248  ednet.nn.modules.block.C2f                   [192, 64, 1]                  
 20                  -1  1     36992  ednet.nn.modules.conv.Conv                   [64, 64, 3, 2]                
 21            [-1, 16]  1         0  ednet.nn.modules.conv.Concat                 [1]                           
 22                  -1  1    123648  ednet.nn.modules.block.C2f                   [192, 128, 1]                 
 23                  -1  1    147712  ednet.nn.modules.conv.Conv                   [128, 128, 3, 2]              
 24            [-1, 13]  1         0  ednet.nn.modules.conv.Concat                 [1]                           
 25                  -1  1    493056  ednet.nn.modules.block.C2f                   [384, 256, 1]                 
 26                  -1  1     68864  ednet.nn.modules.block.SCDown                [256, 256, 3, 2]              
 27             [-1, 9]  1         0  ednet.nn.modules.conv.Concat                 [1]                           
 28                  -1  1   1089536  ednet.nn.modules.block.C2fCIB                [768, 512, 1, True, True]     
 29    [19, 22, 25, 28]  1   1622704  ednet.nn.modules.head.v10Detect              [4, [64, 128, 256, 512]]      
ednet-s summary: 510 layers, 9,320,016 parameters, 9,320,000 gradients

Transferred 737/753 items from pretrained weights
Replay feature tapper initialized for detection head levels: ['P2', 'P3', 'P4']
[34m[1mTensorBoard: [0mStart with 'tensorboard --logdir /home/ddwilde/scriptie/runs/dota_replay/stage2-replay', view at http://localhost:6006/
Freezing layer 'model.29.dfl.conv.weight'
[34m[1mAMP: [0mrunning Automatic Mixed Precision (AMP) checks with YOLOv8n...
[34m[1mAMP: [0mchecks passed ✅
Plotting labels to /home/ddwilde/scriptie/runs/dota_replay/stage2-replay/labels.jpg... 
[34m[1moptimizer:[0m 'optimizer=auto' found, ignoring 'lr0=0.01' and 'momentum=0.937' and determining best 'optimizer', 'lr0' and 'momentum' automatically... 
[34m[1moptimizer:[0m AdamW(lr=0.00125, momentum=0.9) with parameter groups 117 weight(decay=0.0), 145 weight(decay=0.0005), 139 bias(decay=0.0)
Trainable params: 401 tensors (9320000 weights). Top trainable=[('model.7.conv.weight', 1179648), ('model.9.cv2.conv.weight', 524288), ('model.8.cv2.conv.weight', 393216), ('model.28.cv1.conv.weight', 393216), ('model.28.cv2.conv.weight', 393216), ('model.5.conv.weight', 294912), ('model.29.cv2.3.0.conv.weight', 294912), ('model.29.one2one_cv2.3.0.conv.weight', 294912), ('model.8.cv1.conv.weight', 262144), ('model.10.cv1.conv.weight', 262144), ('model.10.cv2.conv.weight', 262144), ('model.13.cv1.conv.weight', 196608), ('model.13.m.0.cv1.conv.weight', 147456), ('model.13.m.0.cv2.conv.weight', 147456), ('model.23.conv.weight', 147456), ('model.25.m.0.cv1.conv.weight', 147456), ('model.25.m.0.cv2.conv.weight', 147456), ('model.29.cv2.2.0.conv.weight', 147456), ('model.29.one2one_cv2.2.0.conv.weight', 147456), ('model.6.cv2.conv.weight', 131072)]
Memory replay enabled from /home/ddwilde/scriptie/datasets/memory/stage1/images with batch size 1 (25.0% of primary batch).
[34m[1mTensorBoard: [0mmodel graph visualization added ✅
Image sizes 640 train, 640 val
Using 8 dataloader workers
Logging results to [1m/home/ddwilde/scriptie/runs/dota_replay/stage2-replay[0m
Starting training for 50 epochs...

      Epoch    GPU_mem   box_loss   cls_loss   dfl_lossreplay_loss  Instances       Size
                   all        186      10109      0.031      0.166     0.0355     0.0204
Saved 697 replay embeddings to /home/ddwilde/scriptie/runs/dota_replay/stage2-replay/replay/buffer.pt

      Epoch    GPU_mem   box_loss   cls_loss   dfl_lossreplay_loss  Instances       Size
                   all        186      10109      0.125      0.146      0.076      0.049
Saved 727 replay embeddings to /home/ddwilde/scriptie/runs/dota_replay/stage2-replay/replay/buffer.pt

      Epoch    GPU_mem   box_loss   cls_loss   dfl_lossreplay_loss  Instances       Size
                   all        186      10109      0.151      0.165      0.117     0.0734
Saved 743 replay embeddings to /home/ddwilde/scriptie/runs/dota_replay/stage2-replay/replay/buffer.pt

      Epoch    GPU_mem   box_loss   cls_loss   dfl_lossreplay_loss  Instances       Size
                   all        186      10109      0.156      0.258      0.151     0.0883
Saved 752 replay embeddings to /home/ddwilde/scriptie/runs/dota_replay/stage2-replay/replay/buffer.pt

      Epoch    GPU_mem   box_loss   cls_loss   dfl_lossreplay_loss  Instances       Size
                   all        186      10109      0.505      0.241      0.185      0.109
Saved 758 replay embeddings to /home/ddwilde/scriptie/runs/dota_replay/stage2-replay/replay/buffer.pt

      Epoch    GPU_mem   box_loss   cls_loss   dfl_lossreplay_loss  Instances       Size
                   all        186      10109      0.489      0.258      0.174      0.108
Saved 766 replay embeddings to /home/ddwilde/scriptie/runs/dota_replay/stage2-replay/replay/buffer.pt

      Epoch    GPU_mem   box_loss   cls_loss   dfl_lossreplay_loss  Instances       Size
                   all        186      10109      0.484      0.219      0.154     0.0831
Saved 768 replay embeddings to /home/ddwilde/scriptie/runs/dota_replay/stage2-replay/replay/buffer.pt

      Epoch    GPU_mem   box_loss   cls_loss   dfl_lossreplay_loss  Instances       Size
                   all        186      10109      0.503      0.273       0.19      0.109
Saved 768 replay embeddings to /home/ddwilde/scriptie/runs/dota_replay/stage2-replay/replay/buffer.pt

      Epoch    GPU_mem   box_loss   cls_loss   dfl_lossreplay_loss  Instances       Size
                   all        186      10109      0.516      0.298      0.217      0.127
Saved 768 replay embeddings to /home/ddwilde/scriptie/runs/dota_replay/stage2-replay/replay/buffer.pt

      Epoch    GPU_mem   box_loss   cls_loss   dfl_lossreplay_loss  Instances       Size
                   all        186      10109      0.517      0.303      0.233      0.134
Saved 768 replay embeddings to /home/ddwilde/scriptie/runs/dota_replay/stage2-replay/replay/buffer.pt

      Epoch    GPU_mem   box_loss   cls_loss   dfl_lossreplay_loss  Instances       Size
                   all        186      10109      0.605       0.32       0.27      0.156
Saved 768 replay embeddings to /home/ddwilde/scriptie/runs/dota_replay/stage2-replay/replay/buffer.pt

      Epoch    GPU_mem   box_loss   cls_loss   dfl_lossreplay_loss  Instances       Size
                   all        186      10109      0.597      0.307      0.269       0.14
Saved 768 replay embeddings to /home/ddwilde/scriptie/runs/dota_replay/stage2-replay/replay/buffer.pt

      Epoch    GPU_mem   box_loss   cls_loss   dfl_lossreplay_loss  Instances       Size
                   all        186      10109      0.634      0.363      0.332      0.182
Saved 768 replay embeddings to /home/ddwilde/scriptie/runs/dota_replay/stage2-replay/replay/buffer.pt

      Epoch    GPU_mem   box_loss   cls_loss   dfl_lossreplay_loss  Instances       Size
                   all        186      10109      0.634      0.362      0.328      0.177
Saved 768 replay embeddings to /home/ddwilde/scriptie/runs/dota_replay/stage2-replay/replay/buffer.pt

      Epoch    GPU_mem   box_loss   cls_loss   dfl_lossreplay_loss  Instances       Size
                   all        186      10109       0.67      0.377      0.356      0.192
Saved 768 replay embeddings to /home/ddwilde/scriptie/runs/dota_replay/stage2-replay/replay/buffer.pt

      Epoch    GPU_mem   box_loss   cls_loss   dfl_lossreplay_loss  Instances       Size
                   all        186      10109       0.67      0.375      0.353      0.195
Saved 768 replay embeddings to /home/ddwilde/scriptie/runs/dota_replay/stage2-replay/replay/buffer.pt

      Epoch    GPU_mem   box_loss   cls_loss   dfl_lossreplay_loss  Instances       Size
                   all        186      10109      0.658       0.37      0.343      0.185
Saved 768 replay embeddings to /home/ddwilde/scriptie/runs/dota_replay/stage2-replay/replay/buffer.pt

      Epoch    GPU_mem   box_loss   cls_loss   dfl_lossreplay_loss  Instances       Size
                   all        186      10109       0.66      0.394      0.374       0.21
Saved 768 replay embeddings to /home/ddwilde/scriptie/runs/dota_replay/stage2-replay/replay/buffer.pt

      Epoch    GPU_mem   box_loss   cls_loss   dfl_lossreplay_loss  Instances       Size
                   all        186      10109      0.687      0.393       0.39      0.217
Saved 768 replay embeddings to /home/ddwilde/scriptie/runs/dota_replay/stage2-replay/replay/buffer.pt

      Epoch    GPU_mem   box_loss   cls_loss   dfl_lossreplay_loss  Instances       Size
                   all        186      10109      0.709      0.399      0.408      0.233
Saved 768 replay embeddings to /home/ddwilde/scriptie/runs/dota_replay/stage2-replay/replay/buffer.pt

      Epoch    GPU_mem   box_loss   cls_loss   dfl_lossreplay_loss  Instances       Size
                   all        186      10109      0.703      0.405      0.397      0.219
Saved 768 replay embeddings to /home/ddwilde/scriptie/runs/dota_replay/stage2-replay/replay/buffer.pt

      Epoch    GPU_mem   box_loss   cls_loss   dfl_lossreplay_loss  Instances       Size
                   all        186      10109       0.67      0.384      0.363      0.202
Saved 768 replay embeddings to /home/ddwilde/scriptie/runs/dota_replay/stage2-replay/replay/buffer.pt

      Epoch    GPU_mem   box_loss   cls_loss   dfl_lossreplay_loss  Instances       Size
                   all        186      10109      0.698      0.399      0.393       0.22
Saved 768 replay embeddings to /home/ddwilde/scriptie/runs/dota_replay/stage2-replay/replay/buffer.pt

      Epoch    GPU_mem   box_loss   cls_loss   dfl_lossreplay_loss  Instances       Size
                   all        186      10109      0.685      0.402      0.398      0.232
Saved 768 replay embeddings to /home/ddwilde/scriptie/runs/dota_replay/stage2-replay/replay/buffer.pt

      Epoch    GPU_mem   box_loss   cls_loss   dfl_lossreplay_loss  Instances       Size
                   all        186      10109      0.686      0.389      0.386      0.218
Saved 768 replay embeddings to /home/ddwilde/scriptie/runs/dota_replay/stage2-replay/replay/buffer.pt

      Epoch    GPU_mem   box_loss   cls_loss   dfl_lossreplay_loss  Instances       Size
                   all        186      10109      0.718      0.414      0.417      0.234
Saved 768 replay embeddings to /home/ddwilde/scriptie/runs/dota_replay/stage2-replay/replay/buffer.pt

      Epoch    GPU_mem   box_loss   cls_loss   dfl_lossreplay_loss  Instances       Size
                   all        186      10109       0.73      0.414      0.424      0.244
Saved 768 replay embeddings to /home/ddwilde/scriptie/runs/dota_replay/stage2-replay/replay/buffer.pt

      Epoch    GPU_mem   box_loss   cls_loss   dfl_lossreplay_loss  Instances       Size
                   all        186      10109      0.724      0.418      0.422      0.237
Saved 768 replay embeddings to /home/ddwilde/scriptie/runs/dota_replay/stage2-replay/replay/buffer.pt

      Epoch    GPU_mem   box_loss   cls_loss   dfl_lossreplay_loss  Instances       Size
                   all        186      10109      0.686      0.427       0.41      0.234
Saved 768 replay embeddings to /home/ddwilde/scriptie/runs/dota_replay/stage2-replay/replay/buffer.pt

      Epoch    GPU_mem   box_loss   cls_loss   dfl_lossreplay_loss  Instances       Size
                   all        186      10109      0.695       0.42      0.397      0.228
Saved 768 replay embeddings to /home/ddwilde/scriptie/runs/dota_replay/stage2-replay/replay/buffer.pt

      Epoch    GPU_mem   box_loss   cls_loss   dfl_lossreplay_loss  Instances       Size
                   all        186      10109      0.731      0.435      0.437      0.252
Saved 768 replay embeddings to /home/ddwilde/scriptie/runs/dota_replay/stage2-replay/replay/buffer.pt

      Epoch    GPU_mem   box_loss   cls_loss   dfl_lossreplay_loss  Instances       Size
                   all        186      10109      0.709      0.408       0.41       0.23
Saved 768 replay embeddings to /home/ddwilde/scriptie/runs/dota_replay/stage2-replay/replay/buffer.pt

      Epoch    GPU_mem   box_loss   cls_loss   dfl_lossreplay_loss  Instances       Size
                   all        186      10109      0.721       0.42      0.419      0.239
Saved 768 replay embeddings to /home/ddwilde/scriptie/runs/dota_replay/stage2-replay/replay/buffer.pt

      Epoch    GPU_mem   box_loss   cls_loss   dfl_lossreplay_loss  Instances       Size
                   all        186      10109       0.75      0.441      0.448      0.262
Saved 768 replay embeddings to /home/ddwilde/scriptie/runs/dota_replay/stage2-replay/replay/buffer.pt

      Epoch    GPU_mem   box_loss   cls_loss   dfl_lossreplay_loss  Instances       Size
                   all        186      10109      0.745      0.438      0.443      0.253
Saved 768 replay embeddings to /home/ddwilde/scriptie/runs/dota_replay/stage2-replay/replay/buffer.pt

      Epoch    GPU_mem   box_loss   cls_loss   dfl_lossreplay_loss  Instances       Size
                   all        186      10109      0.729      0.413      0.427      0.243
Saved 768 replay embeddings to /home/ddwilde/scriptie/runs/dota_replay/stage2-replay/replay/buffer.pt

      Epoch    GPU_mem   box_loss   cls_loss   dfl_lossreplay_loss  Instances       Size
                   all        186      10109      0.751      0.426      0.443      0.257
Saved 768 replay embeddings to /home/ddwilde/scriptie/runs/dota_replay/stage2-replay/replay/buffer.pt

      Epoch    GPU_mem   box_loss   cls_loss   dfl_lossreplay_loss  Instances       Size
                   all        186      10109      0.767      0.435      0.458      0.268
Saved 768 replay embeddings to /home/ddwilde/scriptie/runs/dota_replay/stage2-replay/replay/buffer.pt

      Epoch    GPU_mem   box_loss   cls_loss   dfl_lossreplay_loss  Instances       Size
                   all        186      10109      0.761      0.443      0.457      0.266
Saved 768 replay embeddings to /home/ddwilde/scriptie/runs/dota_replay/stage2-replay/replay/buffer.pt

      Epoch    GPU_mem   box_loss   cls_loss   dfl_lossreplay_loss  Instances       Size
                   all        186      10109      0.742      0.431      0.444      0.258
Saved 768 replay embeddings to /home/ddwilde/scriptie/runs/dota_replay/stage2-replay/replay/buffer.pt
Closing dataloader mosaic

      Epoch    GPU_mem   box_loss   cls_loss   dfl_lossreplay_loss  Instances       Size
                   all        186      10109      0.739      0.435      0.442      0.256
Saved 768 replay embeddings to /home/ddwilde/scriptie/runs/dota_replay/stage2-replay/replay/buffer.pt

      Epoch    GPU_mem   box_loss   cls_loss   dfl_lossreplay_loss  Instances       Size
                   all        186      10109      0.761      0.437      0.457      0.268
Saved 768 replay embeddings to /home/ddwilde/scriptie/runs/dota_replay/stage2-replay/replay/buffer.pt

      Epoch    GPU_mem   box_loss   cls_loss   dfl_lossreplay_loss  Instances       Size
                   all        186      10109      0.762      0.439      0.459      0.269
Saved 768 replay embeddings to /home/ddwilde/scriptie/runs/dota_replay/stage2-replay/replay/buffer.pt

      Epoch    GPU_mem   box_loss   cls_loss   dfl_lossreplay_loss  Instances       Size
                   all        186      10109       0.76      0.437      0.456      0.267
Saved 768 replay embeddings to /home/ddwilde/scriptie/runs/dota_replay/stage2-replay/replay/buffer.pt

      Epoch    GPU_mem   box_loss   cls_loss   dfl_lossreplay_loss  Instances       Size
                   all        186      10109      0.763       0.44      0.462      0.268
Saved 768 replay embeddings to /home/ddwilde/scriptie/runs/dota_replay/stage2-replay/replay/buffer.pt

      Epoch    GPU_mem   box_loss   cls_loss   dfl_lossreplay_loss  Instances       Size
                   all        186      10109      0.792       0.44      0.474      0.277
Saved 768 replay embeddings to /home/ddwilde/scriptie/runs/dota_replay/stage2-replay/replay/buffer.pt

      Epoch    GPU_mem   box_loss   cls_loss   dfl_lossreplay_loss  Instances       Size
                   all        186      10109      0.799       0.44      0.477      0.281
Saved 768 replay embeddings to /home/ddwilde/scriptie/runs/dota_replay/stage2-replay/replay/buffer.pt

      Epoch    GPU_mem   box_loss   cls_loss   dfl_lossreplay_loss  Instances       Size
                   all        186      10109      0.792      0.444      0.478      0.281
Saved 768 replay embeddings to /home/ddwilde/scriptie/runs/dota_replay/stage2-replay/replay/buffer.pt

      Epoch    GPU_mem   box_loss   cls_loss   dfl_lossreplay_loss  Instances       Size
                   all        186      10109        0.8       0.44      0.478      0.281
Saved 768 replay embeddings to /home/ddwilde/scriptie/runs/dota_replay/stage2-replay/replay/buffer.pt

      Epoch    GPU_mem   box_loss   cls_loss   dfl_lossreplay_loss  Instances       Size
                   all        186      10109      0.795      0.443      0.477      0.281
Saved 768 replay embeddings to /home/ddwilde/scriptie/runs/dota_replay/stage2-replay/replay/buffer.pt

50 epochs completed in 0.304 hours.
Optimizer stripped from /home/ddwilde/scriptie/runs/dota_replay/stage2-replay/weights/last.pt, 19.1MB
Optimizer stripped from /home/ddwilde/scriptie/runs/dota_replay/stage2-replay/weights/best.pt, 19.1MB

Validating /home/ddwilde/scriptie/runs/dota_replay/stage2-replay/weights/best.pt...
EDNet 1.0 ✅ Python-3.10.4 ✅ torch-2.8.0+cu128 ✅CUDA:0 (NVIDIA A100-SXM4-40GB, 40441MiB)
ednet-s summary (fused): 394 layers, 9,296,048 parameters, 0 gradients
                   all        186      10109      0.799      0.441      0.478      0.281
         small-vehicle         89       5547      0.634      0.416       0.45      0.235
         large-vehicle         73       2810      0.719      0.697      0.719      0.471
                 plane         45       1720      0.844       0.65      0.738      0.416
            helicopter          5         32          1          0    0.00587    0.00331
Speed: 0.2ms preprocess, 5.6ms inference, 0.0ms loss, 0.1ms postprocess per image
Results saved to [1m/home/ddwilde/scriptie/runs/dota_replay/stage2-replay[0m
Training finished. Results saved in: /home/ddwilde/scriptie/runs/dota_replay/stage2-replay
EDNet 1.0 ✅ Python-3.10.4 ✅ torch-2.8.0+cu128 ✅CUDA:0 (NVIDIA A100-SXM4-40GB, 40441MiB)
[34m[1mengine/trainer: [0mtask=detect, mode=train, model=/home/ddwilde/scriptie/runs/dota_replay/stage2-replay/weights/best.pt, data=/home/ddwilde/scriptie/yaml/DOTA-stage3.yaml, epochs=50, time=None, patience=100, batch=4, imgsz=640, save=True, save_period=-1, cache=False, device=None, workers=8, project=/home/ddwilde/scriptie/runs/dota_replay, name=stage3-replay, exist_ok=False, pretrained=True, optimizer=auto, verbose=True, seed=0, deterministic=True, single_cls=False, rect=False, cos_lr=False, close_mosaic=10, resume=False, amp=True, fraction=1.0, profile=False, freeze=None, multi_scale=False, continual={'enable': False, 'batches': [], 'adapter_strategy': 'last', 'save_history': True}, replay={'enable': True, 'memory_dir': '/home/ddwilde/scriptie/datasets/memory/stage2', 'memory_ratio': 0.25}, kd={'enable': False, 'lambda_cls': 1.0, 'lambda_bbox': 1.0, 'top_k': 10, 'teacher_weights': None, 'teacher_nc': None, 'debug_batches': 10}, stage={'active_classes': None, 'prev_classes': None, 'pseudo_labels_dir': None}, overlap_mask=True, mask_ratio=4, dropout=0.0, val=True, split=val, save_json=False, save_hybrid=False, conf=None, iou=0.7, max_det=300, half=False, dnn=False, plots=True, per_class_tb_interval=1, source=None, vid_stride=1, stream_buffer=False, visualize=False, augment=False, agnostic_nms=False, classes=None, retina_masks=False, embed=None, show=False, save_frames=False, save_txt=False, save_conf=False, save_crop=False, show_labels=True, show_conf=True, show_boxes=True, line_width=None, format=torchscript, keras=False, optimize=False, int8=False, dynamic=False, simplify=False, opset=None, workspace=4, nms=False, lr0=0.01, lrf=0.01, momentum=0.937, weight_decay=0.0005, warmup_epochs=3.0, warmup_momentum=0.8, warmup_bias_lr=0.1, box=7.5, cls=0.5, dfl=1.5, pose=12.0, kobj=1.0, label_smoothing=0.0, nbs=64, hsv_h=0.015, hsv_s=0.7, hsv_v=0.4, degrees=0.0, translate=0.1, scale=0.5, shear=0.0, perspective=0.0, flipud=0.0, fliplr=0.5, bgr=0.0, mosaic=1.0, mixup=0.0, copy_paste=0.0, auto_augment=randaugment, erasing=0.4, crop_fraction=1.0, cfg=None, tracker=botsort.yaml, save_dir=/home/ddwilde/scriptie/runs/dota_replay/stage3-replay
Overriding model.yaml nc=4 with nc=5

                   from  n    params  module                                       arguments                     
  0                  -1  1       928  ednet.nn.modules.conv.Conv                   [3, 32, 3, 2]                 
  1                  -1  1     18560  ednet.nn.modules.conv.Conv                   [32, 64, 3, 2]                
  2                  -1  1     29056  ednet.nn.modules.block.C2f                   [64, 64, 1, True]             
  3                  -1  1     73984  ednet.nn.modules.conv.Conv                   [64, 128, 3, 2]               
  4                  -1  2    197632  ednet.nn.modules.block.C2f                   [128, 128, 2, True]           
  5                  -1  1    295424  ednet.nn.modules.conv.Conv                   [128, 256, 3, 2]              
  6                  -1  2    420864  ednet.nn.modules.block.C2f_FCA               [256, 256, 2, True]           
  7                  -1  1   1180672  ednet.nn.modules.conv.Conv                   [256, 512, 3, 2]              
  8                  -1  1   1095680  ednet.nn.modules.block.C2f_FCA               [512, 512, 1, True]           
  9                  -1  1    656896  ednet.nn.modules.block.SPPF                  [512, 512, 5]                 
 10                  -1  1    990976  ednet.nn.modules.block.PSA                   [512, 512]                    
 11                  -1  1         0  torch.nn.modules.upsampling.Upsample         [None, 2, 'nearest']          
 12             [-1, 6]  1         0  ednet.nn.modules.conv.Concat                 [1]                           
 13                  -1  1    591360  ednet.nn.modules.block.C2f                   [768, 256, 1]                 
 14                  -1  1         0  torch.nn.modules.upsampling.Upsample         [None, 2, 'nearest']          
 15             [-1, 4]  1         0  ednet.nn.modules.conv.Concat                 [1]                           
 16                  -1  1    148224  ednet.nn.modules.block.C2f                   [384, 128, 1]                 
 17                  -1  1         0  torch.nn.modules.upsampling.Upsample         [None, 2, 'nearest']          
 18             [-1, 2]  1         0  ednet.nn.modules.conv.Concat                 [1]                           
 19                  -1  1     37248  ednet.nn.modules.block.C2f                   [192, 64, 1]                  
 20                  -1  1     36992  ednet.nn.modules.conv.Conv                   [64, 64, 3, 2]                
 21            [-1, 16]  1         0  ednet.nn.modules.conv.Concat                 [1]                           
 22                  -1  1    123648  ednet.nn.modules.block.C2f                   [192, 128, 1]                 
 23                  -1  1    147712  ednet.nn.modules.conv.Conv                   [128, 128, 3, 2]              
 24            [-1, 13]  1         0  ednet.nn.modules.conv.Concat                 [1]                           
 25                  -1  1    493056  ednet.nn.modules.block.C2f                   [384, 256, 1]                 
 26                  -1  1     68864  ednet.nn.modules.block.SCDown                [256, 256, 3, 2]              
 27             [-1, 9]  1         0  ednet.nn.modules.conv.Concat                 [1]                           
 28                  -1  1   1089536  ednet.nn.modules.block.C2fCIB                [768, 512, 1, True, True]     
 29    [19, 22, 25, 28]  1   1623224  ednet.nn.modules.head.v10Detect              [5, [64, 128, 256, 512]]      
ednet-s summary: 510 layers, 9,320,536 parameters, 9,320,520 gradients

Transferred 737/753 items from pretrained weights
Replay feature tapper initialized for detection head levels: ['P2', 'P3', 'P4']
[34m[1mTensorBoard: [0mStart with 'tensorboard --logdir /home/ddwilde/scriptie/runs/dota_replay/stage3-replay', view at http://localhost:6006/
Freezing layer 'model.29.dfl.conv.weight'
[34m[1mAMP: [0mrunning Automatic Mixed Precision (AMP) checks with YOLOv8n...
[34m[1mAMP: [0mchecks passed ✅
Plotting labels to /home/ddwilde/scriptie/runs/dota_replay/stage3-replay/labels.jpg... 
[34m[1moptimizer:[0m 'optimizer=auto' found, ignoring 'lr0=0.01' and 'momentum=0.937' and determining best 'optimizer', 'lr0' and 'momentum' automatically... 
[34m[1moptimizer:[0m AdamW(lr=0.001111, momentum=0.9) with parameter groups 117 weight(decay=0.0), 145 weight(decay=0.0005), 139 bias(decay=0.0)
Trainable params: 401 tensors (9320520 weights). Top trainable=[('model.7.conv.weight', 1179648), ('model.9.cv2.conv.weight', 524288), ('model.8.cv2.conv.weight', 393216), ('model.28.cv1.conv.weight', 393216), ('model.28.cv2.conv.weight', 393216), ('model.5.conv.weight', 294912), ('model.29.cv2.3.0.conv.weight', 294912), ('model.29.one2one_cv2.3.0.conv.weight', 294912), ('model.8.cv1.conv.weight', 262144), ('model.10.cv1.conv.weight', 262144), ('model.10.cv2.conv.weight', 262144), ('model.13.cv1.conv.weight', 196608), ('model.13.m.0.cv1.conv.weight', 147456), ('model.13.m.0.cv2.conv.weight', 147456), ('model.23.conv.weight', 147456), ('model.25.m.0.cv1.conv.weight', 147456), ('model.25.m.0.cv2.conv.weight', 147456), ('model.29.cv2.2.0.conv.weight', 147456), ('model.29.one2one_cv2.2.0.conv.weight', 147456), ('model.6.cv2.conv.weight', 131072)]
Memory replay enabled from /home/ddwilde/scriptie/datasets/memory/stage2/images with batch size 1 (25.0% of primary batch).
[34m[1mTensorBoard: [0mmodel graph visualization added ✅
Image sizes 640 train, 640 val
Using 8 dataloader workers
Logging results to [1m/home/ddwilde/scriptie/runs/dota_replay/stage3-replay[0m
Starting training for 50 epochs...

      Epoch    GPU_mem   box_loss   cls_loss   dfl_lossreplay_loss  Instances       Size
                   all        186      15849      0.714      0.105      0.114      0.074
Saved 871 replay embeddings to /home/ddwilde/scriptie/runs/dota_replay/stage3-replay/replay/buffer.pt

      Epoch    GPU_mem   box_loss   cls_loss   dfl_lossreplay_loss  Instances       Size
                   all        186      15849      0.579      0.159      0.159     0.0975
Saved 907 replay embeddings to /home/ddwilde/scriptie/runs/dota_replay/stage3-replay/replay/buffer.pt

      Epoch    GPU_mem   box_loss   cls_loss   dfl_lossreplay_loss  Instances       Size
                   all        186      15849      0.535      0.161      0.165     0.0927
Saved 911 replay embeddings to /home/ddwilde/scriptie/runs/dota_replay/stage3-replay/replay/buffer.pt

      Epoch    GPU_mem   box_loss   cls_loss   dfl_lossreplay_loss  Instances       Size
                   all        186      15849      0.294       0.17      0.174     0.0914
Saved 915 replay embeddings to /home/ddwilde/scriptie/runs/dota_replay/stage3-replay/replay/buffer.pt

      Epoch    GPU_mem   box_loss   cls_loss   dfl_lossreplay_loss  Instances       Size
                   all        186      15849      0.587      0.162      0.172     0.0874
Saved 916 replay embeddings to /home/ddwilde/scriptie/runs/dota_replay/stage3-replay/replay/buffer.pt

      Epoch    GPU_mem   box_loss   cls_loss   dfl_lossreplay_loss  Instances       Size
                   all        186      15849      0.571      0.219      0.234      0.118
Saved 927 replay embeddings to /home/ddwilde/scriptie/runs/dota_replay/stage3-replay/replay/buffer.pt

      Epoch    GPU_mem   box_loss   cls_loss   dfl_lossreplay_loss  Instances       Size
                   all        186      15849      0.606      0.254       0.27       0.15
Saved 933 replay embeddings to /home/ddwilde/scriptie/runs/dota_replay/stage3-replay/replay/buffer.pt

      Epoch    GPU_mem   box_loss   cls_loss   dfl_lossreplay_loss  Instances       Size
                   all        186      15849      0.658      0.282      0.321      0.176
Saved 934 replay embeddings to /home/ddwilde/scriptie/runs/dota_replay/stage3-replay/replay/buffer.pt

      Epoch    GPU_mem   box_loss   cls_loss   dfl_lossreplay_loss  Instances       Size
                   all        186      15849      0.631      0.291      0.311      0.176
Saved 941 replay embeddings to /home/ddwilde/scriptie/runs/dota_replay/stage3-replay/replay/buffer.pt

      Epoch    GPU_mem   box_loss   cls_loss   dfl_lossreplay_loss  Instances       Size
                   all        186      15849      0.665      0.308       0.35      0.189
Saved 945 replay embeddings to /home/ddwilde/scriptie/runs/dota_replay/stage3-replay/replay/buffer.pt

      Epoch    GPU_mem   box_loss   cls_loss   dfl_lossreplay_loss  Instances       Size
                   all        186      15849        0.7      0.322      0.363      0.201
Saved 950 replay embeddings to /home/ddwilde/scriptie/runs/dota_replay/stage3-replay/replay/buffer.pt

      Epoch    GPU_mem   box_loss   cls_loss   dfl_lossreplay_loss  Instances       Size
                   all        186      15849      0.686       0.35      0.376      0.207
Saved 952 replay embeddings to /home/ddwilde/scriptie/runs/dota_replay/stage3-replay/replay/buffer.pt

      Epoch    GPU_mem   box_loss   cls_loss   dfl_lossreplay_loss  Instances       Size
                   all        186      15849      0.699      0.368      0.393      0.214
Saved 960 replay embeddings to /home/ddwilde/scriptie/runs/dota_replay/stage3-replay/replay/buffer.pt

      Epoch    GPU_mem   box_loss   cls_loss   dfl_lossreplay_loss  Instances       Size
                   all        186      15849       0.73      0.382      0.415      0.228
Saved 960 replay embeddings to /home/ddwilde/scriptie/runs/dota_replay/stage3-replay/replay/buffer.pt

      Epoch    GPU_mem   box_loss   cls_loss   dfl_lossreplay_loss  Instances       Size
                   all        186      15849      0.678      0.342       0.36      0.192
Saved 960 replay embeddings to /home/ddwilde/scriptie/runs/dota_replay/stage3-replay/replay/buffer.pt

      Epoch    GPU_mem   box_loss   cls_loss   dfl_lossreplay_loss  Instances       Size
                   all        186      15849      0.713      0.375      0.405      0.222
Saved 960 replay embeddings to /home/ddwilde/scriptie/runs/dota_replay/stage3-replay/replay/buffer.pt

      Epoch    GPU_mem   box_loss   cls_loss   dfl_lossreplay_loss  Instances       Size
                   all        186      15849      0.706      0.383      0.409       0.22
Saved 960 replay embeddings to /home/ddwilde/scriptie/runs/dota_replay/stage3-replay/replay/buffer.pt

      Epoch    GPU_mem   box_loss   cls_loss   dfl_lossreplay_loss  Instances       Size
                   all        186      15849      0.728      0.383      0.414      0.222
Saved 960 replay embeddings to /home/ddwilde/scriptie/runs/dota_replay/stage3-replay/replay/buffer.pt

      Epoch    GPU_mem   box_loss   cls_loss   dfl_lossreplay_loss  Instances       Size
                   all        186      15849      0.704      0.382        0.4      0.216
Saved 960 replay embeddings to /home/ddwilde/scriptie/runs/dota_replay/stage3-replay/replay/buffer.pt

      Epoch    GPU_mem   box_loss   cls_loss   dfl_lossreplay_loss  Instances       Size
                   all        186      15849       0.77      0.407      0.452       0.25
Saved 960 replay embeddings to /home/ddwilde/scriptie/runs/dota_replay/stage3-replay/replay/buffer.pt

      Epoch    GPU_mem   box_loss   cls_loss   dfl_lossreplay_loss  Instances       Size
                   all        186      15849      0.767      0.395      0.445      0.242
Saved 960 replay embeddings to /home/ddwilde/scriptie/runs/dota_replay/stage3-replay/replay/buffer.pt

      Epoch    GPU_mem   box_loss   cls_loss   dfl_lossreplay_loss  Instances       Size
                   all        186      15849      0.719      0.397      0.419      0.225
Saved 960 replay embeddings to /home/ddwilde/scriptie/runs/dota_replay/stage3-replay/replay/buffer.pt

      Epoch    GPU_mem   box_loss   cls_loss   dfl_lossreplay_loss  Instances       Size
                   all        186      15849      0.739      0.404      0.439      0.243
Saved 960 replay embeddings to /home/ddwilde/scriptie/runs/dota_replay/stage3-replay/replay/buffer.pt

      Epoch    GPU_mem   box_loss   cls_loss   dfl_lossreplay_loss  Instances       Size
                   all        186      15849      0.744      0.388      0.424       0.23
Saved 960 replay embeddings to /home/ddwilde/scriptie/runs/dota_replay/stage3-replay/replay/buffer.pt

      Epoch    GPU_mem   box_loss   cls_loss   dfl_lossreplay_loss  Instances       Size
                   all        186      15849      0.761      0.395       0.44      0.243
Saved 960 replay embeddings to /home/ddwilde/scriptie/runs/dota_replay/stage3-replay/replay/buffer.pt

      Epoch    GPU_mem   box_loss   cls_loss   dfl_lossreplay_loss  Instances       Size
