EDNet 1.0 ✅ Python-3.10.4 ✅ torch-2.8.0+cu128 ✅CUDA:0 (NVIDIA A100-SXM4-40GB, 40441MiB)
[34m[1mengine/trainer: [0mtask=detect, mode=train, model=/home/ddwilde/scriptie/runs/dota_kd/stage1-kd/weights/best.pt, data=/home/ddwilde/scriptie/yaml/DOTA-stage2.yaml, epochs=50, time=None, patience=100, batch=4, imgsz=640, save=True, save_period=-1, cache=False, device=None, workers=8, project=/home/ddwilde/scriptie/runs/dota_kd, name=stage2-kd, exist_ok=False, pretrained=True, optimizer=auto, verbose=True, seed=0, deterministic=True, single_cls=False, rect=False, cos_lr=False, close_mosaic=10, resume=False, amp=True, fraction=1.0, profile=False, freeze=None, multi_scale=False, continual={'enable': False, 'batches': [], 'adapter_strategy': 'last', 'save_history': True}, replay={'enable': False, 'tap_layers': {'P2': 19, 'P3': 22, 'P4': 25}, 'tiny_max_pixels': 128, 'context_scale': 1.5, 'buffer_per_class': 64, 'sample_per_batch': 16, 'loss_weight': 1.0, 'scale_weighting': 'stride', 'store_dir': 'replay', 'buffer_file': 'buffer.pt', 'init_buffer': None, 'carryover_growth': 1.5, 'memory_dir': None, 'memory_ratio': 0.25, 'prototypes': {'num_fine': 4, 'use_coarse': True, 'ema_alpha': 0.05, 'init_sim_thresh': 0.9, 'gate_min_cos': 0.0, 'init_strategy': 'first_k', 'weight_by_count': False}, 'box': {'enable': False, 'loss_weight': 1.0, 'buffer_file': 'box_buffer.pt', 'init_buffer': None}}, kd={'enable': True, 'teacher_weights': '/home/ddwilde/scriptie/runs/dota_kd/stage1-kd/weights/best.pt', 'teacher_nc': 2, 'lambda_cls': 1.0, 'lambda_bbox': 1.0, 'top_k': 10}, stage={'active_classes': [2, 3], 'prev_classes': [0, 1]}, overlap_mask=True, mask_ratio=4, dropout=0.0, val=True, split=val, save_json=False, save_hybrid=False, conf=None, iou=0.7, max_det=300, half=False, dnn=False, plots=True, per_class_tb_interval=1, source=None, vid_stride=1, stream_buffer=False, visualize=False, augment=False, agnostic_nms=False, classes=None, retina_masks=False, embed=None, show=False, save_frames=False, save_txt=False, save_conf=False, save_crop=False, show_labels=True, show_conf=True, show_boxes=True, line_width=None, format=torchscript, keras=False, optimize=False, int8=False, dynamic=False, simplify=False, opset=None, workspace=4, nms=False, lr0=0.01, lrf=0.01, momentum=0.937, weight_decay=0.0005, warmup_epochs=3.0, warmup_momentum=0.8, warmup_bias_lr=0.1, box=7.5, cls=0.5, dfl=1.5, pose=12.0, kobj=1.0, label_smoothing=0.0, nbs=64, hsv_h=0.015, hsv_s=0.7, hsv_v=0.4, degrees=0.0, translate=0.1, scale=0.5, shear=0.0, perspective=0.0, flipud=0.0, fliplr=0.5, bgr=0.0, mosaic=1.0, mixup=0.0, copy_paste=0.0, auto_augment=randaugment, erasing=0.4, crop_fraction=1.0, cfg=None, tracker=botsort.yaml, save_dir=/home/ddwilde/scriptie/runs/dota_kd/stage2-kd
Overriding model.yaml nc=2 with nc=4

                   from  n    params  module                                       arguments                     
  0                  -1  1       928  ednet.nn.modules.conv.Conv                   [3, 32, 3, 2]                 
  1                  -1  1     18560  ednet.nn.modules.conv.Conv                   [32, 64, 3, 2]                
  2                  -1  1     29056  ednet.nn.modules.block.C2f                   [64, 64, 1, True]             
  3                  -1  1     73984  ednet.nn.modules.conv.Conv                   [64, 128, 3, 2]               
  4                  -1  2    197632  ednet.nn.modules.block.C2f                   [128, 128, 2, True]           
  5                  -1  1    295424  ednet.nn.modules.conv.Conv                   [128, 256, 3, 2]              
  6                  -1  2    420864  ednet.nn.modules.block.C2f_FCA               [256, 256, 2, True]           
  7                  -1  1   1180672  ednet.nn.modules.conv.Conv                   [256, 512, 3, 2]              
  8                  -1  1   1095680  ednet.nn.modules.block.C2f_FCA               [512, 512, 1, True]           
  9                  -1  1    656896  ednet.nn.modules.block.SPPF                  [512, 512, 5]                 
 10                  -1  1    990976  ednet.nn.modules.block.PSA                   [512, 512]                    
 11                  -1  1         0  torch.nn.modules.upsampling.Upsample         [None, 2, 'nearest']          
 12             [-1, 6]  1         0  ednet.nn.modules.conv.Concat                 [1]                           
 13                  -1  1    591360  ednet.nn.modules.block.C2f                   [768, 256, 1]                 
 14                  -1  1         0  torch.nn.modules.upsampling.Upsample         [None, 2, 'nearest']          
 15             [-1, 4]  1         0  ednet.nn.modules.conv.Concat                 [1]                           
 16                  -1  1    148224  ednet.nn.modules.block.C2f                   [384, 128, 1]                 
 17                  -1  1         0  torch.nn.modules.upsampling.Upsample         [None, 2, 'nearest']          
 18             [-1, 2]  1         0  ednet.nn.modules.conv.Concat                 [1]                           
 19                  -1  1     37248  ednet.nn.modules.block.C2f                   [192, 64, 1]                  
 20                  -1  1     36992  ednet.nn.modules.conv.Conv                   [64, 64, 3, 2]                
 21            [-1, 16]  1         0  ednet.nn.modules.conv.Concat                 [1]                           
 22                  -1  1    123648  ednet.nn.modules.block.C2f                   [192, 128, 1]                 
 23                  -1  1    147712  ednet.nn.modules.conv.Conv                   [128, 128, 3, 2]              
 24            [-1, 13]  1         0  ednet.nn.modules.conv.Concat                 [1]                           
 25                  -1  1    493056  ednet.nn.modules.block.C2f                   [384, 256, 1]                 
 26                  -1  1     68864  ednet.nn.modules.block.SCDown                [256, 256, 3, 2]              
 27             [-1, 9]  1         0  ednet.nn.modules.conv.Concat                 [1]                           
 28                  -1  1   1089536  ednet.nn.modules.block.C2fCIB                [768, 512, 1, True, True]     
 29    [19, 22, 25, 28]  1   1622704  ednet.nn.modules.head.v10Detect              [4, [64, 128, 256, 512]]      
ednet-s summary: 510 layers, 9,320,016 parameters, 9,320,000 gradients

Active classes for this stage: (2, 3)
Replay/previous classes for this stage: (0, 1)
Transferred 737/753 items from pretrained weights
Overriding model.yaml nc=4 with nc=2
Transferred 753/753 items from pretrained weights
KD teacher initialized from checkpoint | nc_prev=2 | nc_curr=4 | prev_classes=(0, 1)
KD active | prev_classes=(0, 1) | top_k=10 | lambda_cls=1.00 | lambda_bbox=1.00
[34m[1mTensorBoard: [0mStart with 'tensorboard --logdir /home/ddwilde/scriptie/runs/dota_kd/stage2-kd', view at http://localhost:6006/
Freezing layer 'model.29.dfl.conv.weight'
[34m[1mAMP: [0mrunning Automatic Mixed Precision (AMP) checks with YOLOv8n...
[34m[1mAMP: [0mchecks passed ✅
Plotting labels to /home/ddwilde/scriptie/runs/dota_kd/stage2-kd/labels.jpg... 
[34m[1moptimizer:[0m 'optimizer=auto' found, ignoring 'lr0=0.01' and 'momentum=0.937' and determining best 'optimizer', 'lr0' and 'momentum' automatically... 
[34m[1moptimizer:[0m AdamW(lr=0.00125, momentum=0.9) with parameter groups 117 weight(decay=0.0), 145 weight(decay=0.0005), 139 bias(decay=0.0)
Trainable params: 401 tensors (9320000 weights). Top trainable=[('model.7.conv.weight', 1179648), ('model.9.cv2.conv.weight', 524288), ('model.8.cv2.conv.weight', 393216), ('model.28.cv1.conv.weight', 393216), ('model.28.cv2.conv.weight', 393216), ('model.5.conv.weight', 294912), ('model.29.cv2.3.0.conv.weight', 294912), ('model.29.one2one_cv2.3.0.conv.weight', 294912), ('model.8.cv1.conv.weight', 262144), ('model.10.cv1.conv.weight', 262144), ('model.10.cv2.conv.weight', 262144), ('model.13.cv1.conv.weight', 196608), ('model.13.m.0.cv1.conv.weight', 147456), ('model.13.m.0.cv2.conv.weight', 147456), ('model.23.conv.weight', 147456), ('model.25.m.0.cv1.conv.weight', 147456), ('model.25.m.0.cv2.conv.weight', 147456), ('model.29.cv2.2.0.conv.weight', 147456), ('model.29.one2one_cv2.2.0.conv.weight', 147456), ('model.6.cv2.conv.weight', 131072)]
[34m[1mTensorBoard: [0mWARNING ⚠️ TensorBoard graph visualization failure ('{} cannot be pickled', '_MultiProcessingDataLoaderIter')
Image sizes 640 train, 640 val
Using 8 dataloader workers
Logging results to [1m/home/ddwilde/scriptie/runs/dota_kd/stage2-kd[0m
Starting training for 50 epochs...

      Epoch    GPU_mem   box_loss   cls_loss   dfl_loss  Instances       Size
Limiting positives to classes (2, 3)
Replay targets limited to previous classes (0, 1)
Limiting positives to classes (2, 3)
Replay targets limited to previous classes (0, 1)
Replay tap config not set; GT-driven replay skipped for this batch.
Replay tap config not set; GT-driven replay skipped for this batch.
[KD] start | prev=(0, 1) | top_k=10 | lambda_cls=1.000 | lambda_bbox=1.000
[KD] student_out type=<class 'dict'> keys=['one2many', 'one2one']
[KD] teacher_out keys=['one2many', 'one2one'] | teacher.training=False | detect_head.training=False
[KD] head loss | k=10 | cls=0.002921 | box=0.321713 | total=0.324633
[KD] head loss | k=10 | cls=0.000441 | box=0.262122 | total=0.262563
[KD] aux kd_loss=0.587196
[KD] start | prev=(0, 1) | top_k=10 | lambda_cls=1.000 | lambda_bbox=1.000
[KD] student_out type=<class 'dict'> keys=['one2many', 'one2one']
[KD] teacher_out keys=['one2many', 'one2one'] | teacher.training=False | detect_head.training=False
[KD] head loss | k=10 | cls=0.015928 | box=0.439117 | total=0.455046
[KD] head loss | k=10 | cls=0.011523 | box=0.519308 | total=0.530831
[KD] aux kd_loss=0.985876
[KD] start | prev=(0, 1) | top_k=10 | lambda_cls=1.000 | lambda_bbox=1.000
[KD] student_out type=<class 'dict'> keys=['one2many', 'one2one']
[KD] teacher_out keys=['one2many', 'one2one'] | teacher.training=False | detect_head.training=False
[KD] head loss | k=10 | cls=0.002014 | box=0.527564 | total=0.529577
[KD] head loss | k=10 | cls=0.000929 | box=0.466394 | total=0.467323
[KD] aux kd_loss=0.996900
[KD] start | prev=(0, 1) | top_k=10 | lambda_cls=1.000 | lambda_bbox=1.000
[KD] student_out type=<class 'dict'> keys=['one2many', 'one2one']
[KD] teacher_out keys=['one2many', 'one2one'] | teacher.training=False | detect_head.training=False
[KD] head loss | k=10 | cls=0.027327 | box=0.668896 | total=0.696223
[KD] head loss | k=10 | cls=0.015464 | box=0.333441 | total=0.348905
[KD] aux kd_loss=1.045128
[KD] start | prev=(0, 1) | top_k=10 | lambda_cls=1.000 | lambda_bbox=1.000
[KD] student_out type=<class 'dict'> keys=['one2many', 'one2one']
[KD] teacher_out keys=['one2many', 'one2one'] | teacher.training=False | detect_head.training=False
[KD] head loss | k=10 | cls=0.006613 | box=2.067406 | total=2.074019
[KD] head loss | k=10 | cls=0.004819 | box=0.660311 | total=0.665130
[KD] aux kd_loss=2.739150
[KD] start | prev=(0, 1) | top_k=10 | lambda_cls=1.000 | lambda_bbox=1.000
[KD] student_out type=<class 'dict'> keys=['one2many', 'one2one']
[KD] teacher_out keys=['one2many', 'one2one'] | teacher.training=False | detect_head.training=False
[KD] head loss | k=10 | cls=0.000627 | box=0.538243 | total=0.538870
[KD] head loss | k=10 | cls=0.000425 | box=0.241583 | total=0.242008
[KD] aux kd_loss=0.780878
[KD] start | prev=(0, 1) | top_k=10 | lambda_cls=1.000 | lambda_bbox=1.000
[KD] student_out type=<class 'dict'> keys=['one2many', 'one2one']
[KD] teacher_out keys=['one2many', 'one2one'] | teacher.training=False | detect_head.training=False
[KD] head loss | k=10 | cls=0.019423 | box=0.918192 | total=0.937615
[KD] head loss | k=10 | cls=0.010167 | box=1.483429 | total=1.493596
[KD] aux kd_loss=2.431211
[KD] start | prev=(0, 1) | top_k=10 | lambda_cls=1.000 | lambda_bbox=1.000
[KD] student_out type=<class 'dict'> keys=['one2many', 'one2one']
[KD] teacher_out keys=['one2many', 'one2one'] | teacher.training=False | detect_head.training=False
[KD] head loss | k=10 | cls=0.004033 | box=0.477867 | total=0.481899
[KD] head loss | k=10 | cls=0.001122 | box=1.212605 | total=1.213727
[KD] aux kd_loss=1.695627
[KD] start | prev=(0, 1) | top_k=10 | lambda_cls=1.000 | lambda_bbox=1.000
[KD] student_out type=<class 'dict'> keys=['one2many', 'one2one']
[KD] teacher_out keys=['one2many', 'one2one'] | teacher.training=False | detect_head.training=False
[KD] head loss | k=10 | cls=0.009433 | box=0.186501 | total=0.195934
[KD] head loss | k=10 | cls=0.006126 | box=0.129991 | total=0.136117
[KD] aux kd_loss=0.332051
[KD] start | prev=(0, 1) | top_k=10 | lambda_cls=1.000 | lambda_bbox=1.000
[KD] student_out type=<class 'dict'> keys=['one2many', 'one2one']
[KD] teacher_out keys=['one2many', 'one2one'] | teacher.training=False | detect_head.training=False
[KD] head loss | k=10 | cls=0.000697 | box=0.583310 | total=0.584007
[KD] head loss | k=10 | cls=0.000297 | box=0.409683 | total=0.409980
Limiting positives to classes (2, 3)
Replay targets limited to previous classes (0, 1)
Limiting positives to classes (2, 3)
Replay targets limited to previous classes (0, 1)
Replay tap config not set; GT-driven replay skipped for this batch.
Replay tap config not set; GT-driven replay skipped for this batch.
                   all        186      10109     0.0149     0.0555      0.014    0.00691

      Epoch    GPU_mem   box_loss   cls_loss   dfl_loss  Instances       Size
                   all        186      10109     0.0219     0.0755     0.0136    0.00559

      Epoch    GPU_mem   box_loss   cls_loss   dfl_loss  Instances       Size
                   all        186      10109     0.0125      0.129     0.0154    0.00594

      Epoch    GPU_mem   box_loss   cls_loss   dfl_loss  Instances       Size
                   all        186      10109      0.298     0.0606     0.0313     0.0119

      Epoch    GPU_mem   box_loss   cls_loss   dfl_loss  Instances       Size
                   all        186      10109      0.811     0.0683     0.0451     0.0187

      Epoch    GPU_mem   box_loss   cls_loss   dfl_loss  Instances       Size
                   all        186      10109      0.798     0.0783     0.0373     0.0168

      Epoch    GPU_mem   box_loss   cls_loss   dfl_loss  Instances       Size
                   all        186      10109      0.804     0.0791     0.0405     0.0163

      Epoch    GPU_mem   box_loss   cls_loss   dfl_loss  Instances       Size
                   all        186      10109      0.788     0.0593     0.0303     0.0111

      Epoch    GPU_mem   box_loss   cls_loss   dfl_loss  Instances       Size
                   all        186      10109      0.802     0.0702     0.0402     0.0179

      Epoch    GPU_mem   box_loss   cls_loss   dfl_loss  Instances       Size
                   all        186      10109      0.841     0.0844      0.071     0.0338

      Epoch    GPU_mem   box_loss   cls_loss   dfl_loss  Instances       Size
                   all        186      10109      0.855     0.0836     0.0774     0.0328

      Epoch    GPU_mem   box_loss   cls_loss   dfl_loss  Instances       Size
                   all        186      10109      0.868     0.0994     0.0975     0.0478

      Epoch    GPU_mem   box_loss   cls_loss   dfl_loss  Instances       Size
                   all        186      10109      0.851     0.0901     0.0813     0.0414

      Epoch    GPU_mem   box_loss   cls_loss   dfl_loss  Instances       Size
                   all        186      10109      0.894      0.115      0.125     0.0676

      Epoch    GPU_mem   box_loss   cls_loss   dfl_loss  Instances       Size
                   all        186      10109      0.398      0.121      0.127      0.067

      Epoch    GPU_mem   box_loss   cls_loss   dfl_loss  Instances       Size
                   all        186      10109      0.408      0.116       0.13     0.0708

      Epoch    GPU_mem   box_loss   cls_loss   dfl_loss  Instances       Size
                   all        186      10109      0.407      0.115      0.131     0.0691

      Epoch    GPU_mem   box_loss   cls_loss   dfl_loss  Instances       Size
                   all        186      10109      0.392      0.109       0.12     0.0633

      Epoch    GPU_mem   box_loss   cls_loss   dfl_loss  Instances       Size
                   all        186      10109      0.413      0.121      0.137     0.0775

      Epoch    GPU_mem   box_loss   cls_loss   dfl_loss  Instances       Size
                   all        186      10109      0.412      0.131      0.144     0.0799

      Epoch    GPU_mem   box_loss   cls_loss   dfl_loss  Instances       Size
                   all        186      10109      0.419      0.138      0.148     0.0788

      Epoch    GPU_mem   box_loss   cls_loss   dfl_loss  Instances       Size
                   all        186      10109      0.417      0.129      0.145       0.08

      Epoch    GPU_mem   box_loss   cls_loss   dfl_loss  Instances       Size
                   all        186      10109       0.43      0.128      0.148     0.0792

      Epoch    GPU_mem   box_loss   cls_loss   dfl_loss  Instances       Size
                   all        186      10109      0.427      0.131      0.152     0.0838

      Epoch    GPU_mem   box_loss   cls_loss   dfl_loss  Instances       Size
                   all        186      10109      0.434      0.129       0.15     0.0805

      Epoch    GPU_mem   box_loss   cls_loss   dfl_loss  Instances       Size
                   all        186      10109      0.427      0.137      0.153     0.0816

      Epoch    GPU_mem   box_loss   cls_loss   dfl_loss  Instances       Size
                   all        186      10109       0.43       0.14      0.158      0.087

      Epoch    GPU_mem   box_loss   cls_loss   dfl_loss  Instances       Size
                   all        186      10109      0.433      0.141      0.159     0.0885

      Epoch    GPU_mem   box_loss   cls_loss   dfl_loss  Instances       Size
                   all        186      10109      0.424      0.143      0.156     0.0839

      Epoch    GPU_mem   box_loss   cls_loss   dfl_loss  Instances       Size
                   all        186      10109      0.423      0.144      0.157     0.0862

      Epoch    GPU_mem   box_loss   cls_loss   dfl_loss  Instances       Size
                   all        186      10109       0.44      0.149      0.166     0.0945

      Epoch    GPU_mem   box_loss   cls_loss   dfl_loss  Instances       Size
                   all        186      10109      0.436      0.135      0.154     0.0854

      Epoch    GPU_mem   box_loss   cls_loss   dfl_loss  Instances       Size
                   all        186      10109      0.423      0.131      0.149     0.0818

      Epoch    GPU_mem   box_loss   cls_loss   dfl_loss  Instances       Size
                   all        186      10109      0.441      0.147      0.163     0.0914

      Epoch    GPU_mem   box_loss   cls_loss   dfl_loss  Instances       Size
                   all        186      10109      0.448      0.147      0.165     0.0884

      Epoch    GPU_mem   box_loss   cls_loss   dfl_loss  Instances       Size
                   all        186      10109      0.428       0.14      0.155     0.0861

      Epoch    GPU_mem   box_loss   cls_loss   dfl_loss  Instances       Size
                   all        186      10109      0.431      0.143      0.157     0.0862

      Epoch    GPU_mem   box_loss   cls_loss   dfl_loss  Instances       Size
                   all        186      10109      0.444      0.142      0.162     0.0918

      Epoch    GPU_mem   box_loss   cls_loss   dfl_loss  Instances       Size
                   all        186      10109       0.44      0.137      0.159     0.0895

      Epoch    GPU_mem   box_loss   cls_loss   dfl_loss  Instances       Size
                   all        186      10109      0.436      0.136       0.16     0.0894
Closing dataloader mosaic

      Epoch    GPU_mem   box_loss   cls_loss   dfl_loss  Instances       Size
                   all        186      10109      0.437      0.141      0.161     0.0928

      Epoch    GPU_mem   box_loss   cls_loss   dfl_loss  Instances       Size
                   all        186      10109      0.436      0.142      0.159     0.0922

      Epoch    GPU_mem   box_loss   cls_loss   dfl_loss  Instances       Size
                   all        186      10109      0.443      0.135      0.157     0.0889

      Epoch    GPU_mem   box_loss   cls_loss   dfl_loss  Instances       Size
                   all        186      10109       0.44      0.137      0.157     0.0897

      Epoch    GPU_mem   box_loss   cls_loss   dfl_loss  Instances       Size
                   all        186      10109      0.444      0.142      0.161     0.0922

      Epoch    GPU_mem   box_loss   cls_loss   dfl_loss  Instances       Size
                   all        186      10109      0.438       0.14       0.16     0.0903

      Epoch    GPU_mem   box_loss   cls_loss   dfl_loss  Instances       Size
                   all        186      10109      0.443      0.143      0.163      0.091

      Epoch    GPU_mem   box_loss   cls_loss   dfl_loss  Instances       Size
                   all        186      10109      0.445      0.144      0.165     0.0923

      Epoch    GPU_mem   box_loss   cls_loss   dfl_loss  Instances       Size
                   all        186      10109      0.447      0.143      0.166      0.093

      Epoch    GPU_mem   box_loss   cls_loss   dfl_loss  Instances       Size
                   all        186      10109      0.451      0.145      0.167      0.095

50 epochs completed in 0.189 hours.
Optimizer stripped from /home/ddwilde/scriptie/runs/dota_kd/stage2-kd/weights/last.pt, 19.1MB
Optimizer stripped from /home/ddwilde/scriptie/runs/dota_kd/stage2-kd/weights/best.pt, 19.1MB

Validating /home/ddwilde/scriptie/runs/dota_kd/stage2-kd/weights/best.pt...
EDNet 1.0 ✅ Python-3.10.4 ✅ torch-2.8.0+cu128 ✅CUDA:0 (NVIDIA A100-SXM4-40GB, 40441MiB)
ednet-s summary (fused): 394 layers, 9,296,048 parameters, 0 gradients
                   all        186      10109      0.443      0.148      0.168     0.0949
         small-vehicle         89       5547          0          0          0          0
         large-vehicle         73       2810          0          0          0          0
                 plane         45       1720      0.774      0.593      0.668      0.378
            helicopter          5         32          1          0      0.002    0.00119
Speed: 0.1ms preprocess, 3.9ms inference, 0.0ms loss, 0.1ms postprocess per image
Results saved to [1m/home/ddwilde/scriptie/runs/dota_kd/stage2-kd[0m
Training finished. Results saved in: /home/ddwilde/scriptie/runs/dota_kd/stage2-kd
EDNet 1.0 ✅ Python-3.10.4 ✅ torch-2.8.0+cu128 ✅CUDA:0 (NVIDIA A100-SXM4-40GB, 40441MiB)
[34m[1mengine/trainer: [0mtask=detect, mode=train, model=/home/ddwilde/scriptie/runs/dota_kd/stage2-kd/weights/best.pt, data=/home/ddwilde/scriptie/yaml/DOTA-stage3.yaml, epochs=50, time=None, patience=100, batch=4, imgsz=640, save=True, save_period=-1, cache=False, device=None, workers=8, project=/home/ddwilde/scriptie/runs/dota_kd, name=stage3-kd, exist_ok=False, pretrained=True, optimizer=auto, verbose=True, seed=0, deterministic=True, single_cls=False, rect=False, cos_lr=False, close_mosaic=10, resume=False, amp=True, fraction=1.0, profile=False, freeze=None, multi_scale=False, continual={'enable': False, 'batches': [], 'adapter_strategy': 'last', 'save_history': True}, replay={'enable': False, 'tap_layers': {'P2': 19, 'P3': 22, 'P4': 25}, 'tiny_max_pixels': 128, 'context_scale': 1.5, 'buffer_per_class': 64, 'sample_per_batch': 16, 'loss_weight': 1.0, 'scale_weighting': 'stride', 'store_dir': 'replay', 'buffer_file': 'buffer.pt', 'init_buffer': None, 'carryover_growth': 1.5, 'memory_dir': None, 'memory_ratio': 0.25, 'prototypes': {'num_fine': 4, 'use_coarse': True, 'ema_alpha': 0.05, 'init_sim_thresh': 0.9, 'gate_min_cos': 0.0, 'init_strategy': 'first_k', 'weight_by_count': False}, 'box': {'enable': False, 'loss_weight': 1.0, 'buffer_file': 'box_buffer.pt', 'init_buffer': None}}, kd={'enable': True, 'teacher_weights': '/home/ddwilde/scriptie/runs/dota_kd/stage2-kd/weights/best.pt', 'teacher_nc': 4, 'lambda_cls': 1.0, 'lambda_bbox': 1.0, 'top_k': 10}, stage={'active_classes': [4], 'prev_classes': [0, 1, 2, 3]}, overlap_mask=True, mask_ratio=4, dropout=0.0, val=True, split=val, save_json=False, save_hybrid=False, conf=None, iou=0.7, max_det=300, half=False, dnn=False, plots=True, per_class_tb_interval=1, source=None, vid_stride=1, stream_buffer=False, visualize=False, augment=False, agnostic_nms=False, classes=None, retina_masks=False, embed=None, show=False, save_frames=False, save_txt=False, save_conf=False, save_crop=False, show_labels=True, show_conf=True, show_boxes=True, line_width=None, format=torchscript, keras=False, optimize=False, int8=False, dynamic=False, simplify=False, opset=None, workspace=4, nms=False, lr0=0.01, lrf=0.01, momentum=0.937, weight_decay=0.0005, warmup_epochs=3.0, warmup_momentum=0.8, warmup_bias_lr=0.1, box=7.5, cls=0.5, dfl=1.5, pose=12.0, kobj=1.0, label_smoothing=0.0, nbs=64, hsv_h=0.015, hsv_s=0.7, hsv_v=0.4, degrees=0.0, translate=0.1, scale=0.5, shear=0.0, perspective=0.0, flipud=0.0, fliplr=0.5, bgr=0.0, mosaic=1.0, mixup=0.0, copy_paste=0.0, auto_augment=randaugment, erasing=0.4, crop_fraction=1.0, cfg=None, tracker=botsort.yaml, save_dir=/home/ddwilde/scriptie/runs/dota_kd/stage3-kd
Overriding model.yaml nc=2 with nc=5

                   from  n    params  module                                       arguments                     
  0                  -1  1       928  ednet.nn.modules.conv.Conv                   [3, 32, 3, 2]                 
  1                  -1  1     18560  ednet.nn.modules.conv.Conv                   [32, 64, 3, 2]                
  2                  -1  1     29056  ednet.nn.modules.block.C2f                   [64, 64, 1, True]             
  3                  -1  1     73984  ednet.nn.modules.conv.Conv                   [64, 128, 3, 2]               
  4                  -1  2    197632  ednet.nn.modules.block.C2f                   [128, 128, 2, True]           
  5                  -1  1    295424  ednet.nn.modules.conv.Conv                   [128, 256, 3, 2]              
  6                  -1  2    420864  ednet.nn.modules.block.C2f_FCA               [256, 256, 2, True]           
  7                  -1  1   1180672  ednet.nn.modules.conv.Conv                   [256, 512, 3, 2]              
  8                  -1  1   1095680  ednet.nn.modules.block.C2f_FCA               [512, 512, 1, True]           
  9                  -1  1    656896  ednet.nn.modules.block.SPPF                  [512, 512, 5]                 
 10                  -1  1    990976  ednet.nn.modules.block.PSA                   [512, 512]                    
 11                  -1  1         0  torch.nn.modules.upsampling.Upsample         [None, 2, 'nearest']          
 12             [-1, 6]  1         0  ednet.nn.modules.conv.Concat                 [1]                           
 13                  -1  1    591360  ednet.nn.modules.block.C2f                   [768, 256, 1]                 
 14                  -1  1         0  torch.nn.modules.upsampling.Upsample         [None, 2, 'nearest']          
 15             [-1, 4]  1         0  ednet.nn.modules.conv.Concat                 [1]                           
 16                  -1  1    148224  ednet.nn.modules.block.C2f                   [384, 128, 1]                 
 17                  -1  1         0  torch.nn.modules.upsampling.Upsample         [None, 2, 'nearest']          
 18             [-1, 2]  1         0  ednet.nn.modules.conv.Concat                 [1]                           
 19                  -1  1     37248  ednet.nn.modules.block.C2f                   [192, 64, 1]                  
 20                  -1  1     36992  ednet.nn.modules.conv.Conv                   [64, 64, 3, 2]                
 21            [-1, 16]  1         0  ednet.nn.modules.conv.Concat                 [1]                           
 22                  -1  1    123648  ednet.nn.modules.block.C2f                   [192, 128, 1]                 
 23                  -1  1    147712  ednet.nn.modules.conv.Conv                   [128, 128, 3, 2]              
 24            [-1, 13]  1         0  ednet.nn.modules.conv.Concat                 [1]                           
 25                  -1  1    493056  ednet.nn.modules.block.C2f                   [384, 256, 1]                 
 26                  -1  1     68864  ednet.nn.modules.block.SCDown                [256, 256, 3, 2]              
 27             [-1, 9]  1         0  ednet.nn.modules.conv.Concat                 [1]                           
 28                  -1  1   1089536  ednet.nn.modules.block.C2fCIB                [768, 512, 1, True, True]     
 29    [19, 22, 25, 28]  1   1623224  ednet.nn.modules.head.v10Detect              [5, [64, 128, 256, 512]]      
ednet-s summary: 510 layers, 9,320,536 parameters, 9,320,520 gradients

Active classes for this stage: (4,)
Replay/previous classes for this stage: (0, 1, 2, 3)
Transferred 737/753 items from pretrained weights
Overriding model.yaml nc=5 with nc=4
Transferred 753/753 items from pretrained weights
KD teacher initialized from checkpoint | nc_prev=4 | nc_curr=5 | prev_classes=(0, 1, 2, 3)
KD active | prev_classes=(0, 1, 2, 3) | top_k=10 | lambda_cls=1.00 | lambda_bbox=1.00
[34m[1mTensorBoard: [0mStart with 'tensorboard --logdir /home/ddwilde/scriptie/runs/dota_kd/stage3-kd', view at http://localhost:6006/
Freezing layer 'model.29.dfl.conv.weight'
[34m[1mAMP: [0mrunning Automatic Mixed Precision (AMP) checks with YOLOv8n...
[34m[1mAMP: [0mchecks passed ✅
Plotting labels to /home/ddwilde/scriptie/runs/dota_kd/stage3-kd/labels.jpg... 
[34m[1moptimizer:[0m 'optimizer=auto' found, ignoring 'lr0=0.01' and 'momentum=0.937' and determining best 'optimizer', 'lr0' and 'momentum' automatically... 
[34m[1moptimizer:[0m AdamW(lr=0.001111, momentum=0.9) with parameter groups 117 weight(decay=0.0), 145 weight(decay=0.0005), 139 bias(decay=0.0)
Trainable params: 401 tensors (9320520 weights). Top trainable=[('model.7.conv.weight', 1179648), ('model.9.cv2.conv.weight', 524288), ('model.8.cv2.conv.weight', 393216), ('model.28.cv1.conv.weight', 393216), ('model.28.cv2.conv.weight', 393216), ('model.5.conv.weight', 294912), ('model.29.cv2.3.0.conv.weight', 294912), ('model.29.one2one_cv2.3.0.conv.weight', 294912), ('model.8.cv1.conv.weight', 262144), ('model.10.cv1.conv.weight', 262144), ('model.10.cv2.conv.weight', 262144), ('model.13.cv1.conv.weight', 196608), ('model.13.m.0.cv1.conv.weight', 147456), ('model.13.m.0.cv2.conv.weight', 147456), ('model.23.conv.weight', 147456), ('model.25.m.0.cv1.conv.weight', 147456), ('model.25.m.0.cv2.conv.weight', 147456), ('model.29.cv2.2.0.conv.weight', 147456), ('model.29.one2one_cv2.2.0.conv.weight', 147456), ('model.6.cv2.conv.weight', 131072)]
[34m[1mTensorBoard: [0mWARNING ⚠️ TensorBoard graph visualization failure ('{} cannot be pickled', '_MultiProcessingDataLoaderIter')
Image sizes 640 train, 640 val
Using 8 dataloader workers
Logging results to [1m/home/ddwilde/scriptie/runs/dota_kd/stage3-kd[0m
Starting training for 50 epochs...

      Epoch    GPU_mem   box_loss   cls_loss   dfl_loss  Instances       Size
Limiting positives to classes (4,)
Replay targets limited to previous classes (0, 1, 2, 3)
Limiting positives to classes (4,)
Replay targets limited to previous classes (0, 1, 2, 3)
Replay tap config not set; GT-driven replay skipped for this batch.
Replay tap config not set; GT-driven replay skipped for this batch.
[KD] start | prev=(0, 1, 2, 3) | top_k=10 | lambda_cls=1.000 | lambda_bbox=1.000
[KD] student_out type=<class 'dict'> keys=['one2many', 'one2one']
[KD] teacher_out keys=['one2many', 'one2one'] | teacher.training=False | detect_head.training=False
[KD] head loss | k=10 | cls=0.039538 | box=0.553688 | total=0.593226
[KD] head loss | k=10 | cls=0.028545 | box=0.357821 | total=0.386365
[KD] aux kd_loss=0.979592
[KD] start | prev=(0, 1, 2, 3) | top_k=10 | lambda_cls=1.000 | lambda_bbox=1.000
[KD] student_out type=<class 'dict'> keys=['one2many', 'one2one']
[KD] teacher_out keys=['one2many', 'one2one'] | teacher.training=False | detect_head.training=False
[KD] head loss | k=10 | cls=0.034987 | box=0.438939 | total=0.473925
[KD] head loss | k=10 | cls=0.050368 | box=0.070889 | total=0.121257
[KD] aux kd_loss=0.595183
[KD] start | prev=(0, 1, 2, 3) | top_k=10 | lambda_cls=1.000 | lambda_bbox=1.000
[KD] student_out type=<class 'dict'> keys=['one2many', 'one2one']
[KD] teacher_out keys=['one2many', 'one2one'] | teacher.training=False | detect_head.training=False
[KD] head loss | k=10 | cls=0.026900 | box=0.697266 | total=0.724166
[KD] head loss | k=10 | cls=0.019338 | box=0.352551 | total=0.371889
[KD] aux kd_loss=1.096054
[KD] start | prev=(0, 1, 2, 3) | top_k=10 | lambda_cls=1.000 | lambda_bbox=1.000
[KD] student_out type=<class 'dict'> keys=['one2many', 'one2one']
[KD] teacher_out keys=['one2many', 'one2one'] | teacher.training=False | detect_head.training=False
[KD] head loss | k=10 | cls=0.000109 | box=0.950694 | total=0.950803
[KD] head loss | k=10 | cls=0.000165 | box=0.211589 | total=0.211755
[KD] aux kd_loss=1.162558
[KD] start | prev=(0, 1, 2, 3) | top_k=10 | lambda_cls=1.000 | lambda_bbox=1.000
[KD] student_out type=<class 'dict'> keys=['one2many', 'one2one']
[KD] teacher_out keys=['one2many', 'one2one'] | teacher.training=False | detect_head.training=False
[KD] head loss | k=10 | cls=0.010638 | box=6.322793 | total=6.333431
[KD] head loss | k=10 | cls=0.003105 | box=4.155104 | total=4.158209
[KD] aux kd_loss=10.491640
[KD] start | prev=(0, 1, 2, 3) | top_k=10 | lambda_cls=1.000 | lambda_bbox=1.000
[KD] student_out type=<class 'dict'> keys=['one2many', 'one2one']
[KD] teacher_out keys=['one2many', 'one2one'] | teacher.training=False | detect_head.training=False
[KD] head loss | k=10 | cls=0.024151 | box=0.225204 | total=0.249356
[KD] head loss | k=10 | cls=0.011378 | box=0.217520 | total=0.228898
[KD] aux kd_loss=0.478254
[KD] start | prev=(0, 1, 2, 3) | top_k=10 | lambda_cls=1.000 | lambda_bbox=1.000
[KD] student_out type=<class 'dict'> keys=['one2many', 'one2one']
[KD] teacher_out keys=['one2many', 'one2one'] | teacher.training=False | detect_head.training=False
[KD] head loss | k=10 | cls=0.027744 | box=0.365685 | total=0.393429
[KD] head loss | k=10 | cls=0.023044 | box=0.423947 | total=0.446991
[KD] aux kd_loss=0.840420
[KD] start | prev=(0, 1, 2, 3) | top_k=10 | lambda_cls=1.000 | lambda_bbox=1.000
[KD] student_out type=<class 'dict'> keys=['one2many', 'one2one']
[KD] teacher_out keys=['one2many', 'one2one'] | teacher.training=False | detect_head.training=False
[KD] head loss | k=10 | cls=0.018006 | box=1.347476 | total=1.365482
[KD] head loss | k=10 | cls=0.009009 | box=1.237424 | total=1.246433
[KD] aux kd_loss=2.611915
[KD] start | prev=(0, 1, 2, 3) | top_k=10 | lambda_cls=1.000 | lambda_bbox=1.000
[KD] student_out type=<class 'dict'> keys=['one2many', 'one2one']
[KD] teacher_out keys=['one2many', 'one2one'] | teacher.training=False | detect_head.training=False
[KD] head loss | k=10 | cls=0.012620 | box=2.828376 | total=2.840996
[KD] head loss | k=10 | cls=0.011878 | box=0.426538 | total=0.438416
[KD] aux kd_loss=3.279412
[KD] start | prev=(0, 1, 2, 3) | top_k=10 | lambda_cls=1.000 | lambda_bbox=1.000
[KD] student_out type=<class 'dict'> keys=['one2many', 'one2one']
[KD] teacher_out keys=['one2many', 'one2one'] | teacher.training=False | detect_head.training=False
[KD] head loss | k=10 | cls=0.028867 | box=0.782505 | total=0.811372
[KD] head loss | k=10 | cls=0.021236 | box=0.572599 | total=0.593835
Limiting positives to classes (4,)
Replay targets limited to previous classes (0, 1, 2, 3)
Limiting positives to classes (4,)
Replay targets limited to previous classes (0, 1, 2, 3)
Replay tap config not set; GT-driven replay skipped for this batch.
Replay tap config not set; GT-driven replay skipped for this batch.
                   all        186      15849      0.022     0.0359     0.0131    0.00743

      Epoch    GPU_mem   box_loss   cls_loss   dfl_loss  Instances       Size
                   all        186      15849      0.454     0.0514     0.0337     0.0145

      Epoch    GPU_mem   box_loss   cls_loss   dfl_loss  Instances       Size
                   all        186      15849      0.861     0.0609     0.0341     0.0145

      Epoch    GPU_mem   box_loss   cls_loss   dfl_loss  Instances       Size
                   all        186      15849      0.854     0.0662     0.0298     0.0136

      Epoch    GPU_mem   box_loss   cls_loss   dfl_loss  Instances       Size
                   all        186      15849      0.881     0.0747     0.0544     0.0242

      Epoch    GPU_mem   box_loss   cls_loss   dfl_loss  Instances       Size
                   all        186      15849      0.915     0.0729      0.073     0.0297

      Epoch    GPU_mem   box_loss   cls_loss   dfl_loss  Instances       Size
                   all        186      15849      0.902     0.0783     0.0755     0.0339

      Epoch    GPU_mem   box_loss   cls_loss   dfl_loss  Instances       Size
                   all        186      15849      0.904     0.0811     0.0771     0.0349

      Epoch    GPU_mem   box_loss   cls_loss   dfl_loss  Instances       Size
                   all        186      15849       0.92     0.0824     0.0831     0.0401

      Epoch    GPU_mem   box_loss   cls_loss   dfl_loss  Instances       Size
                   all        186      15849      0.912     0.0835       0.14     0.0685

      Epoch    GPU_mem   box_loss   cls_loss   dfl_loss  Instances       Size
                   all        186      15849      0.708      0.085      0.102     0.0492

      Epoch    GPU_mem   box_loss   cls_loss   dfl_loss  Instances       Size
                   all        186      15849      0.513     0.0838     0.0803     0.0401

      Epoch    GPU_mem   box_loss   cls_loss   dfl_loss  Instances       Size
                   all        186      15849      0.116     0.0819     0.0799     0.0383

      Epoch    GPU_mem   box_loss   cls_loss   dfl_loss  Instances       Size
                   all        186      15849      0.113     0.0862     0.0806      0.038

      Epoch    GPU_mem   box_loss   cls_loss   dfl_loss  Instances       Size
                   all        186      15849      0.107     0.0801     0.0734     0.0351

      Epoch    GPU_mem   box_loss   cls_loss   dfl_loss  Instances       Size
                   all        186      15849      0.126      0.089     0.0872     0.0436

      Epoch    GPU_mem   box_loss   cls_loss   dfl_loss  Instances       Size
                   all        186      15849      0.123     0.0847     0.0834     0.0402

      Epoch    GPU_mem   box_loss   cls_loss   dfl_loss  Instances       Size
                   all        186      15849     0.0972     0.0823     0.0666      0.033

      Epoch    GPU_mem   box_loss   cls_loss   dfl_loss  Instances       Size
                   all        186      15849      0.125     0.0856     0.0845     0.0417

      Epoch    GPU_mem   box_loss   cls_loss   dfl_loss  Instances       Size
                   all        186      15849      0.113     0.0891     0.0794      0.039

      Epoch    GPU_mem   box_loss   cls_loss   dfl_loss  Instances       Size
                   all        186      15849      0.112      0.088     0.0778     0.0384

      Epoch    GPU_mem   box_loss   cls_loss   dfl_loss  Instances       Size
                   all        186      15849      0.122     0.0897     0.0845     0.0432

      Epoch    GPU_mem   box_loss   cls_loss   dfl_loss  Instances       Size
                   all        186      15849      0.111     0.0857     0.0736     0.0356

      Epoch    GPU_mem   box_loss   cls_loss   dfl_loss  Instances       Size
                   all        186      15849      0.134     0.0888     0.0898     0.0442

      Epoch    GPU_mem   box_loss   cls_loss   dfl_loss  Instances       Size
                   all        186      15849      0.132     0.0897     0.0892     0.0436

      Epoch    GPU_mem   box_loss   cls_loss   dfl_loss  Instances       Size
                   all        186      15849      0.109     0.0916     0.0738     0.0366

      Epoch    GPU_mem   box_loss   cls_loss   dfl_loss  Instances       Size
                   all        186      15849      0.125     0.0881     0.0843      0.042

      Epoch    GPU_mem   box_loss   cls_loss   dfl_loss  Instances       Size
                   all        186      15849      0.112     0.0901     0.0736     0.0371

      Epoch    GPU_mem   box_loss   cls_loss   dfl_loss  Instances       Size
                   all        186      15849      0.111     0.0883     0.0722     0.0359

      Epoch    GPU_mem   box_loss   cls_loss   dfl_loss  Instances       Size
                   all        186      15849      0.119     0.0863     0.0803      0.039

      Epoch    GPU_mem   box_loss   cls_loss   dfl_loss  Instances       Size
                   all        186      15849      0.118     0.0896     0.0822      0.041

      Epoch    GPU_mem   box_loss   cls_loss   dfl_loss  Instances       Size
                   all        186      15849      0.118     0.0924     0.0803      0.041

      Epoch    GPU_mem   box_loss   cls_loss   dfl_loss  Instances       Size
                   all        186      15849      0.137     0.0894     0.0914     0.0466

      Epoch    GPU_mem   box_loss   cls_loss   dfl_loss  Instances       Size
                   all        186      15849      0.133     0.0909     0.0899      0.046

      Epoch    GPU_mem   box_loss   cls_loss   dfl_loss  Instances       Size
                   all        186      15849      0.114     0.0879     0.0733     0.0371

      Epoch    GPU_mem   box_loss   cls_loss   dfl_loss  Instances       Size
                   all        186      15849      0.129     0.0906      0.089      0.045

      Epoch    GPU_mem   box_loss   cls_loss   dfl_loss  Instances       Size
                   all        186      15849      0.133     0.0888     0.0902     0.0468

      Epoch    GPU_mem   box_loss   cls_loss   dfl_loss  Instances       Size
                   all        186      15849      0.136     0.0907     0.0908      0.047

      Epoch    GPU_mem   box_loss   cls_loss   dfl_loss  Instances       Size
                   all        186      15849      0.138     0.0885      0.091     0.0474

      Epoch    GPU_mem   box_loss   cls_loss   dfl_loss  Instances       Size
                   all        186      15849      0.141     0.0868     0.0919     0.0478
Closing dataloader mosaic

      Epoch    GPU_mem   box_loss   cls_loss   dfl_loss  Instances       Size
                   all        186      15849      0.143     0.0897     0.0936     0.0482

      Epoch    GPU_mem   box_loss   cls_loss   dfl_loss  Instances       Size
                   all        186      15849      0.141     0.0931     0.0945     0.0483

      Epoch    GPU_mem   box_loss   cls_loss   dfl_loss  Instances       Size
                   all        186      15849      0.135     0.0905     0.0898     0.0453

      Epoch    GPU_mem   box_loss   cls_loss   dfl_loss  Instances       Size
                   all        186      15849      0.128     0.0895      0.086     0.0444

      Epoch    GPU_mem   box_loss   cls_loss   dfl_loss  Instances       Size
                   all        186      15849      0.123     0.0921     0.0848     0.0436

      Epoch    GPU_mem   box_loss   cls_loss   dfl_loss  Instances       Size
                   all        186      15849      0.131     0.0908     0.0884     0.0454

      Epoch    GPU_mem   box_loss   cls_loss   dfl_loss  Instances       Size
                   all        186      15849      0.137     0.0917     0.0921     0.0473

      Epoch    GPU_mem   box_loss   cls_loss   dfl_loss  Instances       Size
                   all        186      15849      0.137     0.0912     0.0917     0.0474

      Epoch    GPU_mem   box_loss   cls_loss   dfl_loss  Instances       Size
                   all        186      15849      0.141     0.0914     0.0941     0.0484

      Epoch    GPU_mem   box_loss   cls_loss   dfl_loss  Instances       Size
                   all        186      15849      0.141     0.0914     0.0937     0.0481

50 epochs completed in 0.262 hours.
Optimizer stripped from /home/ddwilde/scriptie/runs/dota_kd/stage3-kd/weights/last.pt, 19.1MB
Optimizer stripped from /home/ddwilde/scriptie/runs/dota_kd/stage3-kd/weights/best.pt, 19.1MB

Validating /home/ddwilde/scriptie/runs/dota_kd/stage3-kd/weights/best.pt...
EDNet 1.0 ✅ Python-3.10.4 ✅ torch-2.8.0+cu128 ✅CUDA:0 (NVIDIA A100-SXM4-40GB, 40441MiB)
ednet-s summary (fused): 394 layers, 9,296,568 parameters, 0 gradients
                   all        186      15849      0.912     0.0839       0.14     0.0685
         small-vehicle         89       5547          1          0      0.302      0.162
         large-vehicle         73       2810          1          0          0          0
                 plane         45       1720          1          0          0          0
            helicopter          5         32          1          0          0          0
                  ship         65       5740      0.559      0.419      0.397      0.181
Speed: 0.1ms preprocess, 5.1ms inference, 0.0ms loss, 0.1ms postprocess per image
Results saved to [1m/home/ddwilde/scriptie/runs/dota_kd/stage3-kd[0m
Training finished. Results saved in: /home/ddwilde/scriptie/runs/dota_kd/stage3-kd
