EDNet 1.0 ✅ Python-3.10.4 ✅ torch-2.8.0+cu128 ✅CUDA:0 (NVIDIA A100-SXM4-40GB, 40441MiB)
[34m[1mengine/trainer: [0mtask=detect, mode=train, model=/home/ddwilde/scriptie/pretrained/small.pt, data=/home/ddwilde/scriptie/yaml/DOTA-shared-stage1.yaml, epochs=50, time=None, patience=100, batch=4, imgsz=640, save=True, save_period=-1, cache=False, device=None, workers=8, project=/home/ddwilde/scriptie/runs_15/dota_saab, name=stage1-saab, exist_ok=False, pretrained=True, optimizer=auto, verbose=True, seed=0, deterministic=True, single_cls=False, rect=False, cos_lr=False, close_mosaic=10, resume=False, amp=True, fraction=1.0, profile=False, freeze=None, multi_scale=False, continual={'enable': False, 'batches': [], 'adapter_strategy': 'last', 'save_history': True}, replay={'enable': True, 'buffer_per_class': 128, 'sample_per_batch': 32, 'loss_weight': 10.0, 'tiny_max_pixels': 320, 'prototypes': {'num_fine': 4}, 'box': {'enable': True, 'loss_weight': 3.0}, 'student_update_freq': 10}, kd={'enable': False, 'lambda_cls': 1.0, 'lambda_bbox': 1.0, 'top_k': 10, 'teacher_weights': None, 'teacher_nc': None, 'debug_batches': 10}, stage={'active_classes': [0, 1]}, overlap_mask=True, mask_ratio=4, dropout=0.0, val=True, split=val, save_json=False, save_hybrid=False, conf=None, iou=0.7, max_det=300, half=False, dnn=False, plots=True, per_class_tb_interval=1, source=None, vid_stride=1, stream_buffer=False, visualize=False, augment=False, agnostic_nms=False, classes=None, retina_masks=False, embed=None, show=False, save_frames=False, save_txt=False, save_conf=False, save_crop=False, show_labels=True, show_conf=True, show_boxes=True, line_width=None, format=torchscript, keras=False, optimize=False, int8=False, dynamic=False, simplify=False, opset=None, workspace=4, nms=False, lr0=0.01, lrf=0.01, momentum=0.937, weight_decay=0.0005, warmup_epochs=3.0, warmup_momentum=0.8, warmup_bias_lr=0.1, box=7.5, cls=0.5, dfl=1.5, pose=12.0, kobj=1.0, label_smoothing=0.0, nbs=64, hsv_h=0.015, hsv_s=0.7, hsv_v=0.4, degrees=0.0, translate=0.1, scale=0.5, shear=0.0, perspective=0.0, flipud=0.0, fliplr=0.5, bgr=0.0, mosaic=1.0, mixup=0.0, copy_paste=0.0, auto_augment=randaugment, erasing=0.4, crop_fraction=1.0, cfg=None, tracker=botsort.yaml, save_dir=/home/ddwilde/scriptie/runs_15/dota_saab/stage1-saab
Overriding model.yaml nc=10 with nc=2

                   from  n    params  module                                       arguments                     
  0                  -1  1       928  ednet.nn.modules.conv.Conv                   [3, 32, 3, 2]                 
  1                  -1  1     18560  ednet.nn.modules.conv.Conv                   [32, 64, 3, 2]                
  2                  -1  1     29056  ednet.nn.modules.block.C2f                   [64, 64, 1, True]             
  3                  -1  1     73984  ednet.nn.modules.conv.Conv                   [64, 128, 3, 2]               
  4                  -1  2    197632  ednet.nn.modules.block.C2f                   [128, 128, 2, True]           
  5                  -1  1    295424  ednet.nn.modules.conv.Conv                   [128, 256, 3, 2]              
  6                  -1  2    420864  ednet.nn.modules.block.C2f_FCA               [256, 256, 2, True]           
  7                  -1  1   1180672  ednet.nn.modules.conv.Conv                   [256, 512, 3, 2]              
  8                  -1  1   1095680  ednet.nn.modules.block.C2f_FCA               [512, 512, 1, True]           
  9                  -1  1    656896  ednet.nn.modules.block.SPPF                  [512, 512, 5]                 
 10                  -1  1    990976  ednet.nn.modules.block.PSA                   [512, 512]                    
 11                  -1  1         0  torch.nn.modules.upsampling.Upsample         [None, 2, 'nearest']          
 12             [-1, 6]  1         0  ednet.nn.modules.conv.Concat                 [1]                           
 13                  -1  1    591360  ednet.nn.modules.block.C2f                   [768, 256, 1]                 
 14                  -1  1         0  torch.nn.modules.upsampling.Upsample         [None, 2, 'nearest']          
 15             [-1, 4]  1         0  ednet.nn.modules.conv.Concat                 [1]                           
 16                  -1  1    148224  ednet.nn.modules.block.C2f                   [384, 128, 1]                 
 17                  -1  1         0  torch.nn.modules.upsampling.Upsample         [None, 2, 'nearest']          
 18             [-1, 2]  1         0  ednet.nn.modules.conv.Concat                 [1]                           
 19                  -1  1     37248  ednet.nn.modules.block.C2f                   [192, 64, 1]                  
 20                  -1  1     36992  ednet.nn.modules.conv.Conv                   [64, 64, 3, 2]                
 21            [-1, 16]  1         0  ednet.nn.modules.conv.Concat                 [1]                           
 22                  -1  1    123648  ednet.nn.modules.block.C2f                   [192, 128, 1]                 
 23                  -1  1    147712  ednet.nn.modules.conv.Conv                   [128, 128, 3, 2]              
 24            [-1, 13]  1         0  ednet.nn.modules.conv.Concat                 [1]                           
 25                  -1  1    493056  ednet.nn.modules.block.C2f                   [384, 256, 1]                 
 26                  -1  1     68864  ednet.nn.modules.block.SCDown                [256, 256, 3, 2]              
 27             [-1, 9]  1         0  ednet.nn.modules.conv.Concat                 [1]                           
 28                  -1  1   1089536  ednet.nn.modules.block.C2fCIB                [768, 512, 1, True, True]     
 29    [19, 22, 25, 28]  1   1621664  ednet.nn.modules.head.v10Detect              [2, [64, 128, 256, 512]]      
ednet-s summary: 510 layers, 9,318,976 parameters, 9,318,960 gradients

Active classes for this stage: (0, 1)
Transferred 737/753 items from pretrained weights
Replay feature tapper initialized for detection head levels: ['P2', 'P3', 'P4']
Box replay feature tapper initialized (cv2) for levels: ['P2', 'P3', 'P4']
Box prototype replay enabled | loss_weight=3.00
[34m[1mTensorBoard: [0mStart with 'tensorboard --logdir /home/ddwilde/scriptie/runs_15/dota_saab/stage1-saab', view at http://localhost:6006/
Freezing layer 'model.29.dfl.conv.weight'
[34m[1mAMP: [0mrunning Automatic Mixed Precision (AMP) checks with YOLOv8n...
[34m[1mAMP: [0mchecks passed ✅
Plotting labels to /home/ddwilde/scriptie/runs_15/dota_saab/stage1-saab/labels.jpg... 
[34m[1moptimizer:[0m 'optimizer=auto' found, ignoring 'lr0=0.01' and 'momentum=0.937' and determining best 'optimizer', 'lr0' and 'momentum' automatically... 
[34m[1moptimizer:[0m AdamW(lr=0.001667, momentum=0.9) with parameter groups 117 weight(decay=0.0), 145 weight(decay=0.0005), 139 bias(decay=0.0)
Trainable params: 401 tensors (9318960 weights). Top trainable=[('model.7.conv.weight', 1179648), ('model.9.cv2.conv.weight', 524288), ('model.8.cv2.conv.weight', 393216), ('model.28.cv1.conv.weight', 393216), ('model.28.cv2.conv.weight', 393216), ('model.5.conv.weight', 294912), ('model.29.cv2.3.0.conv.weight', 294912), ('model.29.one2one_cv2.3.0.conv.weight', 294912), ('model.8.cv1.conv.weight', 262144), ('model.10.cv1.conv.weight', 262144), ('model.10.cv2.conv.weight', 262144), ('model.13.cv1.conv.weight', 196608), ('model.13.m.0.cv1.conv.weight', 147456), ('model.13.m.0.cv2.conv.weight', 147456), ('model.23.conv.weight', 147456), ('model.25.m.0.cv1.conv.weight', 147456), ('model.25.m.0.cv2.conv.weight', 147456), ('model.29.cv2.2.0.conv.weight', 147456), ('model.29.one2one_cv2.2.0.conv.weight', 147456), ('model.6.cv2.conv.weight', 131072)]
Limiting positives to classes (0, 1)
Limiting positives to classes (0, 1)
[34m[1mTensorBoard: [0mmodel graph visualization added ✅
Image sizes 640 train, 640 val
Using 8 dataloader workers
Logging results to [1m/home/ddwilde/scriptie/runs_15/dota_saab/stage1-saab[0m
Starting training for 50 epochs...

      Epoch    GPU_mem   box_loss   cls_loss   dfl_loss  Instances       Size
Limiting positives to classes (0, 1)
Limiting positives to classes (0, 1)
                   all        174      18315      0.272      0.261      0.138     0.0679
Saved 3003 replay embeddings to /home/ddwilde/scriptie/runs_15/dota_saab/stage1-saab/replay/buffer.pt
Failed to save fine prototype sources: Object of type Tensor is not JSON serializable
Saved 2926 box replay embeddings to /home/ddwilde/scriptie/runs_15/dota_saab/stage1-saab/replay/box_buffer.pt
Saved fine prototype sources to /home/ddwilde/scriptie/runs_15/dota_saab/stage1-saab/replay/box_buffer_sources.json

      Epoch    GPU_mem   box_loss   cls_loss   dfl_loss  Instances       Size
                   all        174      18315      0.379      0.347      0.269      0.146
Saved 3135 replay embeddings to /home/ddwilde/scriptie/runs_15/dota_saab/stage1-saab/replay/buffer.pt
Failed to save fine prototype sources: Object of type Tensor is not JSON serializable
Saved 2965 box replay embeddings to /home/ddwilde/scriptie/runs_15/dota_saab/stage1-saab/replay/box_buffer.pt
Saved fine prototype sources to /home/ddwilde/scriptie/runs_15/dota_saab/stage1-saab/replay/box_buffer_sources.json

      Epoch    GPU_mem   box_loss   cls_loss   dfl_loss  Instances       Size
                   all        174      18315      0.413      0.331      0.286      0.152
Saved 3241 replay embeddings to /home/ddwilde/scriptie/runs_15/dota_saab/stage1-saab/replay/buffer.pt
Failed to save fine prototype sources: Object of type Tensor is not JSON serializable
Saved 3048 box replay embeddings to /home/ddwilde/scriptie/runs_15/dota_saab/stage1-saab/replay/box_buffer.pt
Saved fine prototype sources to /home/ddwilde/scriptie/runs_15/dota_saab/stage1-saab/replay/box_buffer_sources.json

      Epoch    GPU_mem   box_loss   cls_loss   dfl_loss  Instances       Size
                   all        174      18315      0.501      0.357      0.335      0.183
Saved 3289 replay embeddings to /home/ddwilde/scriptie/runs_15/dota_saab/stage1-saab/replay/buffer.pt
Failed to save fine prototype sources: Object of type Tensor is not JSON serializable
Saved 3074 box replay embeddings to /home/ddwilde/scriptie/runs_15/dota_saab/stage1-saab/replay/box_buffer.pt
Saved fine prototype sources to /home/ddwilde/scriptie/runs_15/dota_saab/stage1-saab/replay/box_buffer_sources.json

      Epoch    GPU_mem   box_loss   cls_loss   dfl_loss  Instances       Size
                   all        174      18315      0.574      0.378      0.402      0.232
Saved 3362 replay embeddings to /home/ddwilde/scriptie/runs_15/dota_saab/stage1-saab/replay/buffer.pt
Failed to save fine prototype sources: Object of type Tensor is not JSON serializable
Saved 3108 box replay embeddings to /home/ddwilde/scriptie/runs_15/dota_saab/stage1-saab/replay/box_buffer.pt
Saved fine prototype sources to /home/ddwilde/scriptie/runs_15/dota_saab/stage1-saab/replay/box_buffer_sources.json

      Epoch    GPU_mem   box_loss   cls_loss   dfl_loss  Instances       Size
                   all        174      18315      0.553      0.361       0.38      0.216
Saved 3374 replay embeddings to /home/ddwilde/scriptie/runs_15/dota_saab/stage1-saab/replay/buffer.pt
Failed to save fine prototype sources: Object of type Tensor is not JSON serializable
Saved 3127 box replay embeddings to /home/ddwilde/scriptie/runs_15/dota_saab/stage1-saab/replay/box_buffer.pt
Saved fine prototype sources to /home/ddwilde/scriptie/runs_15/dota_saab/stage1-saab/replay/box_buffer_sources.json

      Epoch    GPU_mem   box_loss   cls_loss   dfl_loss  Instances       Size
                   all        174      18315      0.591      0.383      0.403      0.224
Saved 3149 replay embeddings to /home/ddwilde/scriptie/runs_15/dota_saab/stage1-saab/replay/buffer.pt
Failed to save fine prototype sources: Object of type Tensor is not JSON serializable
Saved 3329 box replay embeddings to /home/ddwilde/scriptie/runs_15/dota_saab/stage1-saab/replay/box_buffer.pt
Saved fine prototype sources to /home/ddwilde/scriptie/runs_15/dota_saab/stage1-saab/replay/box_buffer_sources.json

      Epoch    GPU_mem   box_loss   cls_loss   dfl_loss  Instances       Size
                   all        174      18315      0.621      0.381      0.424      0.233
Saved 3180 replay embeddings to /home/ddwilde/scriptie/runs_15/dota_saab/stage1-saab/replay/buffer.pt
Failed to save fine prototype sources: Object of type Tensor is not JSON serializable
Saved 3374 box replay embeddings to /home/ddwilde/scriptie/runs_15/dota_saab/stage1-saab/replay/box_buffer.pt
Saved fine prototype sources to /home/ddwilde/scriptie/runs_15/dota_saab/stage1-saab/replay/box_buffer_sources.json

      Epoch    GPU_mem   box_loss   cls_loss   dfl_loss  Instances       Size
                   all        174      18315      0.593      0.372       0.39      0.223
Saved 3186 replay embeddings to /home/ddwilde/scriptie/runs_15/dota_saab/stage1-saab/replay/buffer.pt
Failed to save fine prototype sources: Object of type Tensor is not JSON serializable
Saved 3392 box replay embeddings to /home/ddwilde/scriptie/runs_15/dota_saab/stage1-saab/replay/box_buffer.pt
Saved fine prototype sources to /home/ddwilde/scriptie/runs_15/dota_saab/stage1-saab/replay/box_buffer_sources.json

      Epoch    GPU_mem   box_loss   cls_loss   dfl_loss  Instances       Size
                   all        174      18315      0.583      0.406      0.413      0.225
Saved 3108 replay embeddings to /home/ddwilde/scriptie/runs_15/dota_saab/stage1-saab/replay/buffer.pt
Failed to save fine prototype sources: Object of type Tensor is not JSON serializable
Saved 3408 box replay embeddings to /home/ddwilde/scriptie/runs_15/dota_saab/stage1-saab/replay/box_buffer.pt
Saved fine prototype sources to /home/ddwilde/scriptie/runs_15/dota_saab/stage1-saab/replay/box_buffer_sources.json

      Epoch    GPU_mem   box_loss   cls_loss   dfl_loss  Instances       Size
                   all        174      18315      0.599      0.404       0.42      0.231
Saved 3172 replay embeddings to /home/ddwilde/scriptie/runs_15/dota_saab/stage1-saab/replay/buffer.pt
Failed to save fine prototype sources: Object of type Tensor is not JSON serializable
Saved 3420 box replay embeddings to /home/ddwilde/scriptie/runs_15/dota_saab/stage1-saab/replay/box_buffer.pt
Saved fine prototype sources to /home/ddwilde/scriptie/runs_15/dota_saab/stage1-saab/replay/box_buffer_sources.json

      Epoch    GPU_mem   box_loss   cls_loss   dfl_loss  Instances       Size
                   all        174      18315      0.617      0.375      0.403       0.23
Saved 3204 replay embeddings to /home/ddwilde/scriptie/runs_15/dota_saab/stage1-saab/replay/buffer.pt
Failed to save fine prototype sources: Object of type Tensor is not JSON serializable
Saved 3426 box replay embeddings to /home/ddwilde/scriptie/runs_15/dota_saab/stage1-saab/replay/box_buffer.pt
Saved fine prototype sources to /home/ddwilde/scriptie/runs_15/dota_saab/stage1-saab/replay/box_buffer_sources.json

      Epoch    GPU_mem   box_loss   cls_loss   dfl_loss  Instances       Size
                   all        174      18315       0.59      0.401      0.415       0.23
Saved 3355 replay embeddings to /home/ddwilde/scriptie/runs_15/dota_saab/stage1-saab/replay/buffer.pt
Failed to save fine prototype sources: Object of type Tensor is not JSON serializable
Saved 3453 box replay embeddings to /home/ddwilde/scriptie/runs_15/dota_saab/stage1-saab/replay/box_buffer.pt
Saved fine prototype sources to /home/ddwilde/scriptie/runs_15/dota_saab/stage1-saab/replay/box_buffer_sources.json

      Epoch    GPU_mem   box_loss   cls_loss   dfl_loss  Instances       Size
                   all        174      18315      0.642      0.401      0.439      0.249
Saved 3371 replay embeddings to /home/ddwilde/scriptie/runs_15/dota_saab/stage1-saab/replay/buffer.pt
Failed to save fine prototype sources: Object of type Tensor is not JSON serializable
Saved 3473 box replay embeddings to /home/ddwilde/scriptie/runs_15/dota_saab/stage1-saab/replay/box_buffer.pt
Saved fine prototype sources to /home/ddwilde/scriptie/runs_15/dota_saab/stage1-saab/replay/box_buffer_sources.json

      Epoch    GPU_mem   box_loss   cls_loss   dfl_loss  Instances       Size
                   all        174      18315      0.632      0.426      0.449       0.26
Saved 3384 replay embeddings to /home/ddwilde/scriptie/runs_15/dota_saab/stage1-saab/replay/buffer.pt
Failed to save fine prototype sources: Object of type Tensor is not JSON serializable
Saved 3480 box replay embeddings to /home/ddwilde/scriptie/runs_15/dota_saab/stage1-saab/replay/box_buffer.pt
Saved fine prototype sources to /home/ddwilde/scriptie/runs_15/dota_saab/stage1-saab/replay/box_buffer_sources.json

      Epoch    GPU_mem   box_loss   cls_loss   dfl_loss  Instances       Size
                   all        174      18315      0.656      0.412      0.456      0.262
Saved 3432 replay embeddings to /home/ddwilde/scriptie/runs_15/dota_saab/stage1-saab/replay/buffer.pt
Failed to save fine prototype sources: Object of type Tensor is not JSON serializable
Saved 3486 box replay embeddings to /home/ddwilde/scriptie/runs_15/dota_saab/stage1-saab/replay/box_buffer.pt
Saved fine prototype sources to /home/ddwilde/scriptie/runs_15/dota_saab/stage1-saab/replay/box_buffer_sources.json

      Epoch    GPU_mem   box_loss   cls_loss   dfl_loss  Instances       Size
                   all        174      18315      0.657      0.423      0.464       0.28
Saved 3353 replay embeddings to /home/ddwilde/scriptie/runs_15/dota_saab/stage1-saab/replay/buffer.pt
Failed to save fine prototype sources: Object of type Tensor is not JSON serializable
Saved 3496 box replay embeddings to /home/ddwilde/scriptie/runs_15/dota_saab/stage1-saab/replay/box_buffer.pt
Saved fine prototype sources to /home/ddwilde/scriptie/runs_15/dota_saab/stage1-saab/replay/box_buffer_sources.json

      Epoch    GPU_mem   box_loss   cls_loss   dfl_loss  Instances       Size
                   all        174      18315      0.656      0.426      0.459      0.271
Saved 3238 replay embeddings to /home/ddwilde/scriptie/runs_15/dota_saab/stage1-saab/replay/buffer.pt
Failed to save fine prototype sources: Object of type Tensor is not JSON serializable
Saved 3375 box replay embeddings to /home/ddwilde/scriptie/runs_15/dota_saab/stage1-saab/replay/box_buffer.pt
Saved fine prototype sources to /home/ddwilde/scriptie/runs_15/dota_saab/stage1-saab/replay/box_buffer_sources.json

      Epoch    GPU_mem   box_loss   cls_loss   dfl_loss  Instances       Size
                   all        174      18315      0.628      0.415      0.448      0.268
Saved 3290 replay embeddings to /home/ddwilde/scriptie/runs_15/dota_saab/stage1-saab/replay/buffer.pt
Failed to save fine prototype sources: Object of type Tensor is not JSON serializable
Saved 3254 box replay embeddings to /home/ddwilde/scriptie/runs_15/dota_saab/stage1-saab/replay/box_buffer.pt
Saved fine prototype sources to /home/ddwilde/scriptie/runs_15/dota_saab/stage1-saab/replay/box_buffer_sources.json

      Epoch    GPU_mem   box_loss   cls_loss   dfl_loss  Instances       Size
                   all        174      18315      0.648      0.416      0.461      0.273
Saved 3363 replay embeddings to /home/ddwilde/scriptie/runs_15/dota_saab/stage1-saab/replay/buffer.pt
Failed to save fine prototype sources: Object of type Tensor is not JSON serializable
Saved 3258 box replay embeddings to /home/ddwilde/scriptie/runs_15/dota_saab/stage1-saab/replay/box_buffer.pt
Saved fine prototype sources to /home/ddwilde/scriptie/runs_15/dota_saab/stage1-saab/replay/box_buffer_sources.json

      Epoch    GPU_mem   box_loss   cls_loss   dfl_loss  Instances       Size
                   all        174      18315      0.657      0.427      0.467      0.277
Saved 3387 replay embeddings to /home/ddwilde/scriptie/runs_15/dota_saab/stage1-saab/replay/buffer.pt
Failed to save fine prototype sources: Object of type Tensor is not JSON serializable
Saved 3282 box replay embeddings to /home/ddwilde/scriptie/runs_15/dota_saab/stage1-saab/replay/box_buffer.pt
Saved fine prototype sources to /home/ddwilde/scriptie/runs_15/dota_saab/stage1-saab/replay/box_buffer_sources.json

      Epoch    GPU_mem   box_loss   cls_loss   dfl_loss  Instances       Size
                   all        174      18315      0.635      0.435      0.467      0.276
Saved 3271 replay embeddings to /home/ddwilde/scriptie/runs_15/dota_saab/stage1-saab/replay/buffer.pt
Failed to save fine prototype sources: Object of type Tensor is not JSON serializable
Saved 3286 box replay embeddings to /home/ddwilde/scriptie/runs_15/dota_saab/stage1-saab/replay/box_buffer.pt
Saved fine prototype sources to /home/ddwilde/scriptie/runs_15/dota_saab/stage1-saab/replay/box_buffer_sources.json

      Epoch    GPU_mem   box_loss   cls_loss   dfl_loss  Instances       Size
                   all        174      18315      0.663      0.428      0.467      0.278
Saved 3278 replay embeddings to /home/ddwilde/scriptie/runs_15/dota_saab/stage1-saab/replay/buffer.pt
Failed to save fine prototype sources: Object of type Tensor is not JSON serializable
Saved 3290 box replay embeddings to /home/ddwilde/scriptie/runs_15/dota_saab/stage1-saab/replay/box_buffer.pt
Saved fine prototype sources to /home/ddwilde/scriptie/runs_15/dota_saab/stage1-saab/replay/box_buffer_sources.json

      Epoch    GPU_mem   box_loss   cls_loss   dfl_loss  Instances       Size
                   all        174      18315      0.686      0.431      0.479      0.283
Saved 3313 replay embeddings to /home/ddwilde/scriptie/runs_15/dota_saab/stage1-saab/replay/buffer.pt
Failed to save fine prototype sources: Object of type Tensor is not JSON serializable
Saved 3294 box replay embeddings to /home/ddwilde/scriptie/runs_15/dota_saab/stage1-saab/replay/box_buffer.pt
Saved fine prototype sources to /home/ddwilde/scriptie/runs_15/dota_saab/stage1-saab/replay/box_buffer_sources.json

      Epoch    GPU_mem   box_loss   cls_loss   dfl_loss  Instances       Size
                   all        174      18315      0.652      0.434       0.47      0.267
Saved 3378 replay embeddings to /home/ddwilde/scriptie/runs_15/dota_saab/stage1-saab/replay/buffer.pt
Failed to save fine prototype sources: Object of type Tensor is not JSON serializable
Saved 3296 box replay embeddings to /home/ddwilde/scriptie/runs_15/dota_saab/stage1-saab/replay/box_buffer.pt
Saved fine prototype sources to /home/ddwilde/scriptie/runs_15/dota_saab/stage1-saab/replay/box_buffer_sources.json

      Epoch    GPU_mem   box_loss   cls_loss   dfl_loss  Instances       Size
                   all        174      18315      0.672      0.434      0.477      0.285
Saved 3316 replay embeddings to /home/ddwilde/scriptie/runs_15/dota_saab/stage1-saab/replay/buffer.pt
Failed to save fine prototype sources: Object of type Tensor is not JSON serializable
Saved 3303 box replay embeddings to /home/ddwilde/scriptie/runs_15/dota_saab/stage1-saab/replay/box_buffer.pt
Saved fine prototype sources to /home/ddwilde/scriptie/runs_15/dota_saab/stage1-saab/replay/box_buffer_sources.json

      Epoch    GPU_mem   box_loss   cls_loss   dfl_loss  Instances       Size
                   all        174      18315       0.67      0.438      0.477      0.288
Saved 3386 replay embeddings to /home/ddwilde/scriptie/runs_15/dota_saab/stage1-saab/replay/buffer.pt
Failed to save fine prototype sources: Object of type Tensor is not JSON serializable
Saved 3307 box replay embeddings to /home/ddwilde/scriptie/runs_15/dota_saab/stage1-saab/replay/box_buffer.pt
Saved fine prototype sources to /home/ddwilde/scriptie/runs_15/dota_saab/stage1-saab/replay/box_buffer_sources.json

      Epoch    GPU_mem   box_loss   cls_loss   dfl_loss  Instances       Size
                   all        174      18315      0.661       0.44      0.476      0.286
Saved 3268 replay embeddings to /home/ddwilde/scriptie/runs_15/dota_saab/stage1-saab/replay/buffer.pt
Failed to save fine prototype sources: Object of type Tensor is not JSON serializable
Saved 3310 box replay embeddings to /home/ddwilde/scriptie/runs_15/dota_saab/stage1-saab/replay/box_buffer.pt
Saved fine prototype sources to /home/ddwilde/scriptie/runs_15/dota_saab/stage1-saab/replay/box_buffer_sources.json

      Epoch    GPU_mem   box_loss   cls_loss   dfl_loss  Instances       Size
                   all        174      18315       0.66      0.442      0.476      0.279
Saved 3291 replay embeddings to /home/ddwilde/scriptie/runs_15/dota_saab/stage1-saab/replay/buffer.pt
Failed to save fine prototype sources: Object of type Tensor is not JSON serializable
Saved 3315 box replay embeddings to /home/ddwilde/scriptie/runs_15/dota_saab/stage1-saab/replay/box_buffer.pt
Saved fine prototype sources to /home/ddwilde/scriptie/runs_15/dota_saab/stage1-saab/replay/box_buffer_sources.json

      Epoch    GPU_mem   box_loss   cls_loss   dfl_loss  Instances       Size
                   all        174      18315      0.629      0.447      0.469      0.276
Saved 3419 replay embeddings to /home/ddwilde/scriptie/runs_15/dota_saab/stage1-saab/replay/buffer.pt
Failed to save fine prototype sources: Object of type Tensor is not JSON serializable
Saved 3321 box replay embeddings to /home/ddwilde/scriptie/runs_15/dota_saab/stage1-saab/replay/box_buffer.pt
Saved fine prototype sources to /home/ddwilde/scriptie/runs_15/dota_saab/stage1-saab/replay/box_buffer_sources.json

      Epoch    GPU_mem   box_loss   cls_loss   dfl_loss  Instances       Size
                   all        174      18315      0.678      0.443      0.493      0.296
Saved 3375 replay embeddings to /home/ddwilde/scriptie/runs_15/dota_saab/stage1-saab/replay/buffer.pt
Failed to save fine prototype sources: Object of type Tensor is not JSON serializable
Saved 3325 box replay embeddings to /home/ddwilde/scriptie/runs_15/dota_saab/stage1-saab/replay/box_buffer.pt
Saved fine prototype sources to /home/ddwilde/scriptie/runs_15/dota_saab/stage1-saab/replay/box_buffer_sources.json

      Epoch    GPU_mem   box_loss   cls_loss   dfl_loss  Instances       Size
                   all        174      18315      0.705      0.441      0.495      0.298
Saved 3453 replay embeddings to /home/ddwilde/scriptie/runs_15/dota_saab/stage1-saab/replay/buffer.pt
Failed to save fine prototype sources: Object of type Tensor is not JSON serializable
Saved 3327 box replay embeddings to /home/ddwilde/scriptie/runs_15/dota_saab/stage1-saab/replay/box_buffer.pt
Saved fine prototype sources to /home/ddwilde/scriptie/runs_15/dota_saab/stage1-saab/replay/box_buffer_sources.json

      Epoch    GPU_mem   box_loss   cls_loss   dfl_loss  Instances       Size
                   all        174      18315      0.688      0.444      0.491      0.288
Saved 3517 replay embeddings to /home/ddwilde/scriptie/runs_15/dota_saab/stage1-saab/replay/buffer.pt
Failed to save fine prototype sources: Object of type Tensor is not JSON serializable
Saved 3331 box replay embeddings to /home/ddwilde/scriptie/runs_15/dota_saab/stage1-saab/replay/box_buffer.pt
Saved fine prototype sources to /home/ddwilde/scriptie/runs_15/dota_saab/stage1-saab/replay/box_buffer_sources.json

      Epoch    GPU_mem   box_loss   cls_loss   dfl_loss  Instances       Size
                   all        174      18315       0.69       0.45      0.496      0.301
Saved 3542 replay embeddings to /home/ddwilde/scriptie/runs_15/dota_saab/stage1-saab/replay/buffer.pt
Failed to save fine prototype sources: Object of type Tensor is not JSON serializable
Saved 3337 box replay embeddings to /home/ddwilde/scriptie/runs_15/dota_saab/stage1-saab/replay/box_buffer.pt
Saved fine prototype sources to /home/ddwilde/scriptie/runs_15/dota_saab/stage1-saab/replay/box_buffer_sources.json

      Epoch    GPU_mem   box_loss   cls_loss   dfl_loss  Instances       Size
                   all        174      18315       0.67      0.444      0.488      0.295
Saved 3548 replay embeddings to /home/ddwilde/scriptie/runs_15/dota_saab/stage1-saab/replay/buffer.pt
Failed to save fine prototype sources: Object of type Tensor is not JSON serializable
Saved 3338 box replay embeddings to /home/ddwilde/scriptie/runs_15/dota_saab/stage1-saab/replay/box_buffer.pt
Saved fine prototype sources to /home/ddwilde/scriptie/runs_15/dota_saab/stage1-saab/replay/box_buffer_sources.json

      Epoch    GPU_mem   box_loss   cls_loss   dfl_loss  Instances       Size
                   all        174      18315      0.684      0.448       0.49      0.295
Saved 3429 replay embeddings to /home/ddwilde/scriptie/runs_15/dota_saab/stage1-saab/replay/buffer.pt
Failed to save fine prototype sources: Object of type Tensor is not JSON serializable
Saved 3343 box replay embeddings to /home/ddwilde/scriptie/runs_15/dota_saab/stage1-saab/replay/box_buffer.pt
Saved fine prototype sources to /home/ddwilde/scriptie/runs_15/dota_saab/stage1-saab/replay/box_buffer_sources.json

      Epoch    GPU_mem   box_loss   cls_loss   dfl_loss  Instances       Size
                   all        174      18315      0.692      0.445      0.491      0.297
Saved 3455 replay embeddings to /home/ddwilde/scriptie/runs_15/dota_saab/stage1-saab/replay/buffer.pt
Failed to save fine prototype sources: Object of type Tensor is not JSON serializable
Saved 3352 box replay embeddings to /home/ddwilde/scriptie/runs_15/dota_saab/stage1-saab/replay/box_buffer.pt
Saved fine prototype sources to /home/ddwilde/scriptie/runs_15/dota_saab/stage1-saab/replay/box_buffer_sources.json

      Epoch    GPU_mem   box_loss   cls_loss   dfl_loss  Instances       Size
                   all        174      18315        0.7      0.453      0.503      0.304
Saved 3486 replay embeddings to /home/ddwilde/scriptie/runs_15/dota_saab/stage1-saab/replay/buffer.pt
Failed to save fine prototype sources: Object of type Tensor is not JSON serializable
Saved 3234 box replay embeddings to /home/ddwilde/scriptie/runs_15/dota_saab/stage1-saab/replay/box_buffer.pt
Saved fine prototype sources to /home/ddwilde/scriptie/runs_15/dota_saab/stage1-saab/replay/box_buffer_sources.json

      Epoch    GPU_mem   box_loss   cls_loss   dfl_loss  Instances       Size
                   all        174      18315      0.693      0.443      0.494      0.297
Saved 3521 replay embeddings to /home/ddwilde/scriptie/runs_15/dota_saab/stage1-saab/replay/buffer.pt
Failed to save fine prototype sources: Object of type Tensor is not JSON serializable
Saved 3242 box replay embeddings to /home/ddwilde/scriptie/runs_15/dota_saab/stage1-saab/replay/box_buffer.pt
Saved fine prototype sources to /home/ddwilde/scriptie/runs_15/dota_saab/stage1-saab/replay/box_buffer_sources.json

      Epoch    GPU_mem   box_loss   cls_loss   dfl_loss  Instances       Size
                   all        174      18315      0.702      0.437      0.491       0.29
Saved 3558 replay embeddings to /home/ddwilde/scriptie/runs_15/dota_saab/stage1-saab/replay/buffer.pt
Failed to save fine prototype sources: Object of type Tensor is not JSON serializable
Saved 3247 box replay embeddings to /home/ddwilde/scriptie/runs_15/dota_saab/stage1-saab/replay/box_buffer.pt
Saved fine prototype sources to /home/ddwilde/scriptie/runs_15/dota_saab/stage1-saab/replay/box_buffer_sources.json
Closing dataloader mosaic

      Epoch    GPU_mem   box_loss   cls_loss   dfl_loss  Instances       Size
                   all        174      18315       0.68      0.452        0.5      0.305
Saved 3558 replay embeddings to /home/ddwilde/scriptie/runs_15/dota_saab/stage1-saab/replay/buffer.pt
Failed to save fine prototype sources: Object of type Tensor is not JSON serializable
Saved 3247 box replay embeddings to /home/ddwilde/scriptie/runs_15/dota_saab/stage1-saab/replay/box_buffer.pt
Saved fine prototype sources to /home/ddwilde/scriptie/runs_15/dota_saab/stage1-saab/replay/box_buffer_sources.json

      Epoch    GPU_mem   box_loss   cls_loss   dfl_loss  Instances       Size
                   all        174      18315      0.689      0.452        0.5      0.304
Saved 3558 replay embeddings to /home/ddwilde/scriptie/runs_15/dota_saab/stage1-saab/replay/buffer.pt
Failed to save fine prototype sources: Object of type Tensor is not JSON serializable
Saved 3249 box replay embeddings to /home/ddwilde/scriptie/runs_15/dota_saab/stage1-saab/replay/box_buffer.pt
Saved fine prototype sources to /home/ddwilde/scriptie/runs_15/dota_saab/stage1-saab/replay/box_buffer_sources.json

      Epoch    GPU_mem   box_loss   cls_loss   dfl_loss  Instances       Size
                   all        174      18315      0.698      0.457      0.507      0.315
Saved 3558 replay embeddings to /home/ddwilde/scriptie/runs_15/dota_saab/stage1-saab/replay/buffer.pt
Failed to save fine prototype sources: Object of type Tensor is not JSON serializable
Saved 3252 box replay embeddings to /home/ddwilde/scriptie/runs_15/dota_saab/stage1-saab/replay/box_buffer.pt
Saved fine prototype sources to /home/ddwilde/scriptie/runs_15/dota_saab/stage1-saab/replay/box_buffer_sources.json

      Epoch    GPU_mem   box_loss   cls_loss   dfl_loss  Instances       Size
                   all        174      18315      0.695      0.455      0.507      0.305
Saved 3558 replay embeddings to /home/ddwilde/scriptie/runs_15/dota_saab/stage1-saab/replay/buffer.pt
Failed to save fine prototype sources: Object of type Tensor is not JSON serializable
Saved 3260 box replay embeddings to /home/ddwilde/scriptie/runs_15/dota_saab/stage1-saab/replay/box_buffer.pt
Saved fine prototype sources to /home/ddwilde/scriptie/runs_15/dota_saab/stage1-saab/replay/box_buffer_sources.json

      Epoch    GPU_mem   box_loss   cls_loss   dfl_loss  Instances       Size
                   all        174      18315      0.713      0.449      0.507      0.312
Saved 3558 replay embeddings to /home/ddwilde/scriptie/runs_15/dota_saab/stage1-saab/replay/buffer.pt
Failed to save fine prototype sources: Object of type Tensor is not JSON serializable
Saved 3263 box replay embeddings to /home/ddwilde/scriptie/runs_15/dota_saab/stage1-saab/replay/box_buffer.pt
Saved fine prototype sources to /home/ddwilde/scriptie/runs_15/dota_saab/stage1-saab/replay/box_buffer_sources.json

      Epoch    GPU_mem   box_loss   cls_loss   dfl_loss  Instances       Size
                   all        174      18315      0.697      0.455      0.505      0.308
Saved 3558 replay embeddings to /home/ddwilde/scriptie/runs_15/dota_saab/stage1-saab/replay/buffer.pt
Failed to save fine prototype sources: Object of type Tensor is not JSON serializable
Saved 3263 box replay embeddings to /home/ddwilde/scriptie/runs_15/dota_saab/stage1-saab/replay/box_buffer.pt
Saved fine prototype sources to /home/ddwilde/scriptie/runs_15/dota_saab/stage1-saab/replay/box_buffer_sources.json

      Epoch    GPU_mem   box_loss   cls_loss   dfl_loss  Instances       Size
                   all        174      18315      0.687       0.46      0.512      0.309
Saved 3558 replay embeddings to /home/ddwilde/scriptie/runs_15/dota_saab/stage1-saab/replay/buffer.pt
Failed to save fine prototype sources: Object of type Tensor is not JSON serializable
Saved 3264 box replay embeddings to /home/ddwilde/scriptie/runs_15/dota_saab/stage1-saab/replay/box_buffer.pt
Saved fine prototype sources to /home/ddwilde/scriptie/runs_15/dota_saab/stage1-saab/replay/box_buffer_sources.json

      Epoch    GPU_mem   box_loss   cls_loss   dfl_loss  Instances       Size
                   all        174      18315      0.704       0.46       0.51       0.31
Saved 3432 replay embeddings to /home/ddwilde/scriptie/runs_15/dota_saab/stage1-saab/replay/buffer.pt
Failed to save fine prototype sources: Object of type Tensor is not JSON serializable
Saved 3268 box replay embeddings to /home/ddwilde/scriptie/runs_15/dota_saab/stage1-saab/replay/box_buffer.pt
Saved fine prototype sources to /home/ddwilde/scriptie/runs_15/dota_saab/stage1-saab/replay/box_buffer_sources.json

      Epoch    GPU_mem   box_loss   cls_loss   dfl_loss  Instances       Size
                   all        174      18315      0.704      0.458      0.511      0.311
Saved 3498 replay embeddings to /home/ddwilde/scriptie/runs_15/dota_saab/stage1-saab/replay/buffer.pt
Failed to save fine prototype sources: Object of type Tensor is not JSON serializable
Saved 3277 box replay embeddings to /home/ddwilde/scriptie/runs_15/dota_saab/stage1-saab/replay/box_buffer.pt
Saved fine prototype sources to /home/ddwilde/scriptie/runs_15/dota_saab/stage1-saab/replay/box_buffer_sources.json

      Epoch    GPU_mem   box_loss   cls_loss   dfl_loss  Instances       Size
                   all        174      18315      0.711      0.456      0.518      0.317
Saved 3558 replay embeddings to /home/ddwilde/scriptie/runs_15/dota_saab/stage1-saab/replay/buffer.pt
Failed to save fine prototype sources: Object of type Tensor is not JSON serializable
Saved 3279 box replay embeddings to /home/ddwilde/scriptie/runs_15/dota_saab/stage1-saab/replay/box_buffer.pt
Saved fine prototype sources to /home/ddwilde/scriptie/runs_15/dota_saab/stage1-saab/replay/box_buffer_sources.json

50 epochs completed in 0.641 hours.
Optimizer stripped from /home/ddwilde/scriptie/runs_15/dota_saab/stage1-saab/weights/last.pt, 19.1MB
Optimizer stripped from /home/ddwilde/scriptie/runs_15/dota_saab/stage1-saab/weights/best.pt, 19.1MB

Validating /home/ddwilde/scriptie/runs_15/dota_saab/stage1-saab/weights/best.pt...
EDNet 1.0 ✅ Python-3.10.4 ✅ torch-2.8.0+cu128 ✅CUDA:0 (NVIDIA A100-SXM4-40GB, 40441MiB)
ednet-s summary (fused): 394 layers, 9,295,008 parameters, 0 gradients
                   all        174      18315      0.711      0.456      0.518      0.317
         small-vehicle        132      15096      0.682       0.25      0.337      0.164
         large-vehicle         86       3219      0.741      0.662      0.699      0.471
Speed: 0.1ms preprocess, 2.1ms inference, 0.0ms loss, 0.1ms postprocess per image
Results saved to [1m/home/ddwilde/scriptie/runs_15/dota_saab/stage1-saab[0m
Training finished. Results saved in: /home/ddwilde/scriptie/runs_15/dota_saab/stage1-saab
EDNet 1.0 ✅ Python-3.10.4 ✅ torch-2.8.0+cu128 ✅CUDA:0 (NVIDIA A100-SXM4-40GB, 40441MiB)
[34m[1mengine/trainer: [0mtask=detect, mode=train, model=/home/ddwilde/scriptie/runs_15/dota_saab/stage1-saab/weights/best.pt, data=/home/ddwilde/scriptie/yaml/DOTA-shared-stage2-replay.yaml, epochs=50, time=None, patience=100, batch=4, imgsz=640, save=True, save_period=-1, cache=False, device=None, workers=8, project=/home/ddwilde/scriptie/runs_15/dota_saab, name=stage2-saab, exist_ok=False, pretrained=True, optimizer=auto, verbose=True, seed=0, deterministic=True, single_cls=False, rect=False, cos_lr=False, close_mosaic=10, resume=False, amp=True, fraction=1.0, profile=False, freeze=None, multi_scale=False, continual={'enable': False, 'batches': [], 'adapter_strategy': 'last', 'save_history': True}, replay={'enable': True, 'buffer_per_class': 128, 'sample_per_batch': 32, 'loss_weight': 10.0, 'tiny_max_pixels': 320, 'prototypes': {'num_fine': 4}, 'init_buffer': '/home/ddwilde/scriptie/runs_15/dota_saab/stage1-saab/replay/buffer.pt', 'box': {'enable': True, 'loss_weight': 3.0, 'init_buffer': '/home/ddwilde/scriptie/runs_15/dota_saab/stage1-saab/replay/box_buffer.pt'}, 'student_update_freq': 10}, kd={'enable': False, 'lambda_cls': 1.0, 'lambda_bbox': 1.0, 'top_k': 10, 'teacher_weights': None, 'teacher_nc': None, 'debug_batches': 10}, stage={'active_classes': [2, 3], 'prev_classes': [0, 1]}, overlap_mask=True, mask_ratio=4, dropout=0.0, val=True, split=val, save_json=False, save_hybrid=False, conf=None, iou=0.7, max_det=300, half=False, dnn=False, plots=True, per_class_tb_interval=1, source=None, vid_stride=1, stream_buffer=False, visualize=False, augment=False, agnostic_nms=False, classes=None, retina_masks=False, embed=None, show=False, save_frames=False, save_txt=False, save_conf=False, save_crop=False, show_labels=True, show_conf=True, show_boxes=True, line_width=None, format=torchscript, keras=False, optimize=False, int8=False, dynamic=False, simplify=False, opset=None, workspace=4, nms=False, lr0=0.01, lrf=0.01, momentum=0.937, weight_decay=0.0005, warmup_epochs=3.0, warmup_momentum=0.8, warmup_bias_lr=0.1, box=7.5, cls=0.5, dfl=1.5, pose=12.0, kobj=1.0, label_smoothing=0.0, nbs=64, hsv_h=0.015, hsv_s=0.7, hsv_v=0.4, degrees=0.0, translate=0.1, scale=0.5, shear=0.0, perspective=0.0, flipud=0.0, fliplr=0.5, bgr=0.0, mosaic=1.0, mixup=0.0, copy_paste=0.0, auto_augment=randaugment, erasing=0.4, crop_fraction=1.0, cfg=None, tracker=botsort.yaml, save_dir=/home/ddwilde/scriptie/runs_15/dota_saab/stage2-saab
Overriding model.yaml nc=2 with nc=4

                   from  n    params  module                                       arguments                     
  0                  -1  1       928  ednet.nn.modules.conv.Conv                   [3, 32, 3, 2]                 
  1                  -1  1     18560  ednet.nn.modules.conv.Conv                   [32, 64, 3, 2]                
  2                  -1  1     29056  ednet.nn.modules.block.C2f                   [64, 64, 1, True]             
  3                  -1  1     73984  ednet.nn.modules.conv.Conv                   [64, 128, 3, 2]               
  4                  -1  2    197632  ednet.nn.modules.block.C2f                   [128, 128, 2, True]           
  5                  -1  1    295424  ednet.nn.modules.conv.Conv                   [128, 256, 3, 2]              
  6                  -1  2    420864  ednet.nn.modules.block.C2f_FCA               [256, 256, 2, True]           
  7                  -1  1   1180672  ednet.nn.modules.conv.Conv                   [256, 512, 3, 2]              
  8                  -1  1   1095680  ednet.nn.modules.block.C2f_FCA               [512, 512, 1, True]           
  9                  -1  1    656896  ednet.nn.modules.block.SPPF                  [512, 512, 5]                 
 10                  -1  1    990976  ednet.nn.modules.block.PSA                   [512, 512]                    
 11                  -1  1         0  torch.nn.modules.upsampling.Upsample         [None, 2, 'nearest']          
 12             [-1, 6]  1         0  ednet.nn.modules.conv.Concat                 [1]                           
 13                  -1  1    591360  ednet.nn.modules.block.C2f                   [768, 256, 1]                 
 14                  -1  1         0  torch.nn.modules.upsampling.Upsample         [None, 2, 'nearest']          
 15             [-1, 4]  1         0  ednet.nn.modules.conv.Concat                 [1]                           
 16                  -1  1    148224  ednet.nn.modules.block.C2f                   [384, 128, 1]                 
 17                  -1  1         0  torch.nn.modules.upsampling.Upsample         [None, 2, 'nearest']          
 18             [-1, 2]  1         0  ednet.nn.modules.conv.Concat                 [1]                           
 19                  -1  1     37248  ednet.nn.modules.block.C2f                   [192, 64, 1]                  
 20                  -1  1     36992  ednet.nn.modules.conv.Conv                   [64, 64, 3, 2]                
 21            [-1, 16]  1         0  ednet.nn.modules.conv.Concat                 [1]                           
 22                  -1  1    123648  ednet.nn.modules.block.C2f                   [192, 128, 1]                 
 23                  -1  1    147712  ednet.nn.modules.conv.Conv                   [128, 128, 3, 2]              
 24            [-1, 13]  1         0  ednet.nn.modules.conv.Concat                 [1]                           
 25                  -1  1    493056  ednet.nn.modules.block.C2f                   [384, 256, 1]                 
 26                  -1  1     68864  ednet.nn.modules.block.SCDown                [256, 256, 3, 2]              
 27             [-1, 9]  1         0  ednet.nn.modules.conv.Concat                 [1]                           
 28                  -1  1   1089536  ednet.nn.modules.block.C2fCIB                [768, 512, 1, True, True]     
 29    [19, 22, 25, 28]  1   1622704  ednet.nn.modules.head.v10Detect              [4, [64, 128, 256, 512]]      
ednet-s summary: 510 layers, 9,320,016 parameters, 9,320,000 gradients

Active classes for this stage: (2, 3)
Replay/previous classes for this stage: (0, 1)
Transferred 737/753 items from pretrained weights
Replay active: extended active_classes → (0, 1, 2, 3)
Replay feature tapper initialized for detection head levels: ['P2', 'P3', 'P4']
Loaded 3558 replay embeddings from /home/ddwilde/scriptie/runs_15/dota_saab/stage1-saab/replay/buffer.pt
Box replay feature tapper initialized (cv2) for levels: ['P2', 'P3', 'P4']
Loaded 3279 box replay embeddings from /home/ddwilde/scriptie/runs_15/dota_saab/stage1-saab/replay/box_buffer.pt
Box prototype replay enabled | loss_weight=3.00
[34m[1mTensorBoard: [0mStart with 'tensorboard --logdir /home/ddwilde/scriptie/runs_15/dota_saab/stage2-saab', view at http://localhost:6006/
Freezing layer 'model.29.dfl.conv.weight'
[34m[1mAMP: [0mrunning Automatic Mixed Precision (AMP) checks with YOLOv8n...
[34m[1mAMP: [0mchecks passed ✅
Plotting labels to /home/ddwilde/scriptie/runs_15/dota_saab/stage2-saab/labels.jpg... 
[34m[1moptimizer:[0m 'optimizer=auto' found, ignoring 'lr0=0.01' and 'momentum=0.937' and determining best 'optimizer', 'lr0' and 'momentum' automatically... 
[34m[1moptimizer:[0m AdamW(lr=0.00125, momentum=0.9) with parameter groups 117 weight(decay=0.0), 145 weight(decay=0.0005), 139 bias(decay=0.0)
Trainable params: 401 tensors (9320000 weights). Top trainable=[('model.7.conv.weight', 1179648), ('model.9.cv2.conv.weight', 524288), ('model.8.cv2.conv.weight', 393216), ('model.28.cv1.conv.weight', 393216), ('model.28.cv2.conv.weight', 393216), ('model.5.conv.weight', 294912), ('model.29.cv2.3.0.conv.weight', 294912), ('model.29.one2one_cv2.3.0.conv.weight', 294912), ('model.8.cv1.conv.weight', 262144), ('model.10.cv1.conv.weight', 262144), ('model.10.cv2.conv.weight', 262144), ('model.13.cv1.conv.weight', 196608), ('model.13.m.0.cv1.conv.weight', 147456), ('model.13.m.0.cv2.conv.weight', 147456), ('model.23.conv.weight', 147456), ('model.25.m.0.cv1.conv.weight', 147456), ('model.25.m.0.cv2.conv.weight', 147456), ('model.29.cv2.2.0.conv.weight', 147456), ('model.29.one2one_cv2.2.0.conv.weight', 147456), ('model.6.cv2.conv.weight', 131072)]
Limiting positives to classes (0, 1, 2, 3)
Replay targets limited to previous classes (0, 1)
Limiting positives to classes (0, 1, 2, 3)
Replay targets limited to previous classes (0, 1)
[34m[1mTensorBoard: [0mmodel graph visualization added ✅
Image sizes 640 train, 640 val
Using 8 dataloader workers
Logging results to [1m/home/ddwilde/scriptie/runs_15/dota_saab/stage2-saab[0m
Starting training for 50 epochs...

      Epoch    GPU_mem   box_loss   cls_loss   dfl_loss  Instances       Size
Limiting positives to classes (0, 1, 2, 3)
Replay targets limited to previous classes (0, 1)
Limiting positives to classes (0, 1, 2, 3)
Replay targets limited to previous classes (0, 1)
Replay tap config not set; GT-driven replay skipped for this batch.
Replay tap config not set; GT-driven replay skipped for this batch.
                   all        174      19177     0.0643      0.069      0.052     0.0349
Saved 7374 replay embeddings to /home/ddwilde/scriptie/runs_15/dota_saab/stage2-saab/replay/buffer.pt
Failed to save fine prototype sources: Object of type Tensor is not JSON serializable
Saved 7366 box replay embeddings to /home/ddwilde/scriptie/runs_15/dota_saab/stage2-saab/replay/box_buffer.pt
Saved fine prototype sources to /home/ddwilde/scriptie/runs_15/dota_saab/stage2-saab/replay/box_buffer_sources.json

      Epoch    GPU_mem   box_loss   cls_loss   dfl_loss  Instances       Size
                   all        174      19177     0.0586      0.335      0.187      0.108
Saved 8651 replay embeddings to /home/ddwilde/scriptie/runs_15/dota_saab/stage2-saab/replay/buffer.pt
Failed to save fine prototype sources: Object of type Tensor is not JSON serializable
Saved 8594 box replay embeddings to /home/ddwilde/scriptie/runs_15/dota_saab/stage2-saab/replay/box_buffer.pt
Saved fine prototype sources to /home/ddwilde/scriptie/runs_15/dota_saab/stage2-saab/replay/box_buffer_sources.json

      Epoch    GPU_mem   box_loss   cls_loss   dfl_loss  Instances       Size
                   all        174      19177      0.113      0.313       0.17     0.0935
Saved 9022 replay embeddings to /home/ddwilde/scriptie/runs_15/dota_saab/stage2-saab/replay/buffer.pt
Failed to save fine prototype sources: Object of type Tensor is not JSON serializable
Saved 8605 box replay embeddings to /home/ddwilde/scriptie/runs_15/dota_saab/stage2-saab/replay/box_buffer.pt
Saved fine prototype sources to /home/ddwilde/scriptie/runs_15/dota_saab/stage2-saab/replay/box_buffer_sources.json

      Epoch    GPU_mem   box_loss   cls_loss   dfl_loss  Instances       Size
                   all        174      19177      0.112      0.295      0.178     0.0988
Saved 9188 replay embeddings to /home/ddwilde/scriptie/runs_15/dota_saab/stage2-saab/replay/buffer.pt
Failed to save fine prototype sources: Object of type Tensor is not JSON serializable
Saved 8850 box replay embeddings to /home/ddwilde/scriptie/runs_15/dota_saab/stage2-saab/replay/box_buffer.pt
Saved fine prototype sources to /home/ddwilde/scriptie/runs_15/dota_saab/stage2-saab/replay/box_buffer_sources.json

      Epoch    GPU_mem   box_loss   cls_loss   dfl_loss  Instances       Size
                   all        174      19177      0.375      0.109      0.209      0.105
Saved 9264 replay embeddings to /home/ddwilde/scriptie/runs_15/dota_saab/stage2-saab/replay/buffer.pt
Failed to save fine prototype sources: Object of type Tensor is not JSON serializable
Saved 8994 box replay embeddings to /home/ddwilde/scriptie/runs_15/dota_saab/stage2-saab/replay/box_buffer.pt
Saved fine prototype sources to /home/ddwilde/scriptie/runs_15/dota_saab/stage2-saab/replay/box_buffer_sources.json

      Epoch    GPU_mem   box_loss   cls_loss   dfl_loss  Instances       Size
                   all        174      19177      0.885      0.115      0.249      0.128
Saved 9341 replay embeddings to /home/ddwilde/scriptie/runs_15/dota_saab/stage2-saab/replay/buffer.pt
Failed to save fine prototype sources: Object of type Tensor is not JSON serializable
Saved 9085 box replay embeddings to /home/ddwilde/scriptie/runs_15/dota_saab/stage2-saab/replay/box_buffer.pt
Saved fine prototype sources to /home/ddwilde/scriptie/runs_15/dota_saab/stage2-saab/replay/box_buffer_sources.json

      Epoch    GPU_mem   box_loss   cls_loss   dfl_loss  Instances       Size
                   all        174      19177      0.915      0.124      0.269      0.141
Saved 9372 replay embeddings to /home/ddwilde/scriptie/runs_15/dota_saab/stage2-saab/replay/buffer.pt
Failed to save fine prototype sources: Object of type Tensor is not JSON serializable
Saved 9036 box replay embeddings to /home/ddwilde/scriptie/runs_15/dota_saab/stage2-saab/replay/box_buffer.pt
Saved fine prototype sources to /home/ddwilde/scriptie/runs_15/dota_saab/stage2-saab/replay/box_buffer_sources.json

      Epoch    GPU_mem   box_loss   cls_loss   dfl_loss  Instances       Size
                   all        174      19177      0.925      0.152      0.315      0.156
Saved 9376 replay embeddings to /home/ddwilde/scriptie/runs_15/dota_saab/stage2-saab/replay/buffer.pt
Failed to save fine prototype sources: Object of type Tensor is not JSON serializable
Saved 9083 box replay embeddings to /home/ddwilde/scriptie/runs_15/dota_saab/stage2-saab/replay/box_buffer.pt
Saved fine prototype sources to /home/ddwilde/scriptie/runs_15/dota_saab/stage2-saab/replay/box_buffer_sources.json

      Epoch    GPU_mem   box_loss   cls_loss   dfl_loss  Instances       Size
                   all        174      19177       0.91      0.142       0.31      0.164
Saved 9402 replay embeddings to /home/ddwilde/scriptie/runs_15/dota_saab/stage2-saab/replay/buffer.pt
Failed to save fine prototype sources: Object of type Tensor is not JSON serializable
Saved 9162 box replay embeddings to /home/ddwilde/scriptie/runs_15/dota_saab/stage2-saab/replay/box_buffer.pt
Saved fine prototype sources to /home/ddwilde/scriptie/runs_15/dota_saab/stage2-saab/replay/box_buffer_sources.json

      Epoch    GPU_mem   box_loss   cls_loss   dfl_loss  Instances       Size
                   all        174      19177       0.92      0.142      0.296      0.156
Saved 9283 replay embeddings to /home/ddwilde/scriptie/runs_15/dota_saab/stage2-saab/replay/buffer.pt
Failed to save fine prototype sources: Object of type Tensor is not JSON serializable
Saved 9154 box replay embeddings to /home/ddwilde/scriptie/runs_15/dota_saab/stage2-saab/replay/box_buffer.pt
Saved fine prototype sources to /home/ddwilde/scriptie/runs_15/dota_saab/stage2-saab/replay/box_buffer_sources.json

      Epoch    GPU_mem   box_loss   cls_loss   dfl_loss  Instances       Size
                   all        174      19177      0.953      0.151      0.335      0.179
Saved 9293 replay embeddings to /home/ddwilde/scriptie/runs_15/dota_saab/stage2-saab/replay/buffer.pt
Failed to save fine prototype sources: Object of type Tensor is not JSON serializable
Saved 9229 box replay embeddings to /home/ddwilde/scriptie/runs_15/dota_saab/stage2-saab/replay/box_buffer.pt
Saved fine prototype sources to /home/ddwilde/scriptie/runs_15/dota_saab/stage2-saab/replay/box_buffer_sources.json

      Epoch    GPU_mem   box_loss   cls_loss   dfl_loss  Instances       Size
                   all        174      19177      0.926      0.135      0.282      0.145
Saved 9180 replay embeddings to /home/ddwilde/scriptie/runs_15/dota_saab/stage2-saab/replay/buffer.pt
Failed to save fine prototype sources: Object of type Tensor is not JSON serializable
Saved 9263 box replay embeddings to /home/ddwilde/scriptie/runs_15/dota_saab/stage2-saab/replay/box_buffer.pt
Saved fine prototype sources to /home/ddwilde/scriptie/runs_15/dota_saab/stage2-saab/replay/box_buffer_sources.json

      Epoch    GPU_mem   box_loss   cls_loss   dfl_loss  Instances       Size
                   all        174      19177      0.925      0.153      0.297       0.16
Saved 9194 replay embeddings to /home/ddwilde/scriptie/runs_15/dota_saab/stage2-saab/replay/buffer.pt
Failed to save fine prototype sources: Object of type Tensor is not JSON serializable
Saved 9291 box replay embeddings to /home/ddwilde/scriptie/runs_15/dota_saab/stage2-saab/replay/box_buffer.pt
Saved fine prototype sources to /home/ddwilde/scriptie/runs_15/dota_saab/stage2-saab/replay/box_buffer_sources.json

      Epoch    GPU_mem   box_loss   cls_loss   dfl_loss  Instances       Size
                   all        174      19177      0.946      0.145      0.329      0.174
Saved 9232 replay embeddings to /home/ddwilde/scriptie/runs_15/dota_saab/stage2-saab/replay/buffer.pt
Failed to save fine prototype sources: Object of type Tensor is not JSON serializable
Saved 9347 box replay embeddings to /home/ddwilde/scriptie/runs_15/dota_saab/stage2-saab/replay/box_buffer.pt
Saved fine prototype sources to /home/ddwilde/scriptie/runs_15/dota_saab/stage2-saab/replay/box_buffer_sources.json

      Epoch    GPU_mem   box_loss   cls_loss   dfl_loss  Instances       Size
                   all        174      19177      0.161      0.417      0.312      0.168
Saved 9241 replay embeddings to /home/ddwilde/scriptie/runs_15/dota_saab/stage2-saab/replay/buffer.pt
Failed to save fine prototype sources: Object of type Tensor is not JSON serializable
Saved 9431 box replay embeddings to /home/ddwilde/scriptie/runs_15/dota_saab/stage2-saab/replay/box_buffer.pt
Saved fine prototype sources to /home/ddwilde/scriptie/runs_15/dota_saab/stage2-saab/replay/box_buffer_sources.json

      Epoch    GPU_mem   box_loss   cls_loss   dfl_loss  Instances       Size
                   all        174      19177      0.939      0.155      0.322       0.18
Saved 9262 replay embeddings to /home/ddwilde/scriptie/runs_15/dota_saab/stage2-saab/replay/buffer.pt
Failed to save fine prototype sources: Object of type Tensor is not JSON serializable
Saved 9496 box replay embeddings to /home/ddwilde/scriptie/runs_15/dota_saab/stage2-saab/replay/box_buffer.pt
Saved fine prototype sources to /home/ddwilde/scriptie/runs_15/dota_saab/stage2-saab/replay/box_buffer_sources.json

      Epoch    GPU_mem   box_loss   cls_loss   dfl_loss  Instances       Size
                   all        174      19177      0.955      0.158      0.347      0.196
Saved 9309 replay embeddings to /home/ddwilde/scriptie/runs_15/dota_saab/stage2-saab/replay/buffer.pt
Failed to save fine prototype sources: Object of type Tensor is not JSON serializable
Saved 9525 box replay embeddings to /home/ddwilde/scriptie/runs_15/dota_saab/stage2-saab/replay/box_buffer.pt
Saved fine prototype sources to /home/ddwilde/scriptie/runs_15/dota_saab/stage2-saab/replay/box_buffer_sources.json

      Epoch    GPU_mem   box_loss   cls_loss   dfl_loss  Instances       Size
                   all        174      19177      0.942      0.168       0.31       0.17
Saved 9358 replay embeddings to /home/ddwilde/scriptie/runs_15/dota_saab/stage2-saab/replay/buffer.pt
Failed to save fine prototype sources: Object of type Tensor is not JSON serializable
Saved 9556 box replay embeddings to /home/ddwilde/scriptie/runs_15/dota_saab/stage2-saab/replay/box_buffer.pt
Saved fine prototype sources to /home/ddwilde/scriptie/runs_15/dota_saab/stage2-saab/replay/box_buffer_sources.json

      Epoch    GPU_mem   box_loss   cls_loss   dfl_loss  Instances       Size
                   all        174      19177      0.937      0.166      0.332      0.191
Saved 9368 replay embeddings to /home/ddwilde/scriptie/runs_15/dota_saab/stage2-saab/replay/buffer.pt
Failed to save fine prototype sources: Object of type Tensor is not JSON serializable
Saved 9577 box replay embeddings to /home/ddwilde/scriptie/runs_15/dota_saab/stage2-saab/replay/box_buffer.pt
Saved fine prototype sources to /home/ddwilde/scriptie/runs_15/dota_saab/stage2-saab/replay/box_buffer_sources.json

      Epoch    GPU_mem   box_loss   cls_loss   dfl_loss  Instances       Size
                   all        174      19177      0.945      0.162      0.317      0.174
Saved 9383 replay embeddings to /home/ddwilde/scriptie/runs_15/dota_saab/stage2-saab/replay/buffer.pt
Failed to save fine prototype sources: Object of type Tensor is not JSON serializable
Saved 9587 box replay embeddings to /home/ddwilde/scriptie/runs_15/dota_saab/stage2-saab/replay/box_buffer.pt
Saved fine prototype sources to /home/ddwilde/scriptie/runs_15/dota_saab/stage2-saab/replay/box_buffer_sources.json

      Epoch    GPU_mem   box_loss   cls_loss   dfl_loss  Instances       Size
                   all        174      19177      0.949       0.17      0.312      0.161
Saved 9415 replay embeddings to /home/ddwilde/scriptie/runs_15/dota_saab/stage2-saab/replay/buffer.pt
Failed to save fine prototype sources: Object of type Tensor is not JSON serializable
Saved 9611 box replay embeddings to /home/ddwilde/scriptie/runs_15/dota_saab/stage2-saab/replay/box_buffer.pt
Saved fine prototype sources to /home/ddwilde/scriptie/runs_15/dota_saab/stage2-saab/replay/box_buffer_sources.json

      Epoch    GPU_mem   box_loss   cls_loss   dfl_loss  Instances       Size
                   all        174      19177      0.184       0.36      0.335      0.191
Saved 9451 replay embeddings to /home/ddwilde/scriptie/runs_15/dota_saab/stage2-saab/replay/buffer.pt
Failed to save fine prototype sources: Object of type Tensor is not JSON serializable
Saved 9656 box replay embeddings to /home/ddwilde/scriptie/runs_15/dota_saab/stage2-saab/replay/box_buffer.pt
Saved fine prototype sources to /home/ddwilde/scriptie/runs_15/dota_saab/stage2-saab/replay/box_buffer_sources.json

      Epoch    GPU_mem   box_loss   cls_loss   dfl_loss  Instances       Size
                   all        174      19177      0.948       0.16      0.332      0.175
Saved 9481 replay embeddings to /home/ddwilde/scriptie/runs_15/dota_saab/stage2-saab/replay/buffer.pt
Failed to save fine prototype sources: Object of type Tensor is not JSON serializable
Saved 9695 box replay embeddings to /home/ddwilde/scriptie/runs_15/dota_saab/stage2-saab/replay/box_buffer.pt
Saved fine prototype sources to /home/ddwilde/scriptie/runs_15/dota_saab/stage2-saab/replay/box_buffer_sources.json

      Epoch    GPU_mem   box_loss   cls_loss   dfl_loss  Instances       Size
                   all        174      19177      0.698      0.169      0.345      0.187
Saved 9538 replay embeddings to /home/ddwilde/scriptie/runs_15/dota_saab/stage2-saab/replay/buffer.pt
Failed to save fine prototype sources: Object of type Tensor is not JSON serializable
Saved 9715 box replay embeddings to /home/ddwilde/scriptie/runs_15/dota_saab/stage2-saab/replay/box_buffer.pt
Saved fine prototype sources to /home/ddwilde/scriptie/runs_15/dota_saab/stage2-saab/replay/box_buffer_sources.json

      Epoch    GPU_mem   box_loss   cls_loss   dfl_loss  Instances       Size
                   all        174      19177      0.581       0.25      0.315      0.166
Saved 9439 replay embeddings to /home/ddwilde/scriptie/runs_15/dota_saab/stage2-saab/replay/buffer.pt
Failed to save fine prototype sources: Object of type Tensor is not JSON serializable
Saved 9494 box replay embeddings to /home/ddwilde/scriptie/runs_15/dota_saab/stage2-saab/replay/box_buffer.pt
Saved fine prototype sources to /home/ddwilde/scriptie/runs_15/dota_saab/stage2-saab/replay/box_buffer_sources.json

      Epoch    GPU_mem   box_loss   cls_loss   dfl_loss  Instances       Size
                   all        174      19177       0.95      0.174      0.326      0.188
Saved 9496 replay embeddings to /home/ddwilde/scriptie/runs_15/dota_saab/stage2-saab/replay/buffer.pt
Failed to save fine prototype sources: Object of type Tensor is not JSON serializable
Saved 9520 box replay embeddings to /home/ddwilde/scriptie/runs_15/dota_saab/stage2-saab/replay/box_buffer.pt
Saved fine prototype sources to /home/ddwilde/scriptie/runs_15/dota_saab/stage2-saab/replay/box_buffer_sources.json

      Epoch    GPU_mem   box_loss   cls_loss   dfl_loss  Instances       Size
                   all        174      19177      0.352       0.31      0.343      0.189
Saved 9541 replay embeddings to /home/ddwilde/scriptie/runs_15/dota_saab/stage2-saab/replay/buffer.pt
Failed to save fine prototype sources: Object of type Tensor is not JSON serializable
Saved 9446 box replay embeddings to /home/ddwilde/scriptie/runs_15/dota_saab/stage2-saab/replay/box_buffer.pt
Saved fine prototype sources to /home/ddwilde/scriptie/runs_15/dota_saab/stage2-saab/replay/box_buffer_sources.json

      Epoch    GPU_mem   box_loss   cls_loss   dfl_loss  Instances       Size
                   all        174      19177       0.95      0.183      0.329      0.187
Saved 9627 replay embeddings to /home/ddwilde/scriptie/runs_15/dota_saab/stage2-saab/replay/buffer.pt
Failed to save fine prototype sources: Object of type Tensor is not JSON serializable
Saved 9484 box replay embeddings to /home/ddwilde/scriptie/runs_15/dota_saab/stage2-saab/replay/box_buffer.pt
Saved fine prototype sources to /home/ddwilde/scriptie/runs_15/dota_saab/stage2-saab/replay/box_buffer_sources.json

      Epoch    GPU_mem   box_loss   cls_loss   dfl_loss  Instances       Size
                   all        174      19177      0.955      0.165      0.321      0.181
Saved 9677 replay embeddings to /home/ddwilde/scriptie/runs_15/dota_saab/stage2-saab/replay/buffer.pt
Failed to save fine prototype sources: Object of type Tensor is not JSON serializable
Saved 9525 box replay embeddings to /home/ddwilde/scriptie/runs_15/dota_saab/stage2-saab/replay/box_buffer.pt
Saved fine prototype sources to /home/ddwilde/scriptie/runs_15/dota_saab/stage2-saab/replay/box_buffer_sources.json

      Epoch    GPU_mem   box_loss   cls_loss   dfl_loss  Instances       Size
                   all        174      19177      0.582      0.247      0.335      0.187
Saved 9636 replay embeddings to /home/ddwilde/scriptie/runs_15/dota_saab/stage2-saab/replay/buffer.pt
Failed to save fine prototype sources: Object of type Tensor is not JSON serializable
Saved 9536 box replay embeddings to /home/ddwilde/scriptie/runs_15/dota_saab/stage2-saab/replay/box_buffer.pt
Saved fine prototype sources to /home/ddwilde/scriptie/runs_15/dota_saab/stage2-saab/replay/box_buffer_sources.json

      Epoch    GPU_mem   box_loss   cls_loss   dfl_loss  Instances       Size
                   all        174      19177      0.955      0.174      0.313      0.175
Saved 9667 replay embeddings to /home/ddwilde/scriptie/runs_15/dota_saab/stage2-saab/replay/buffer.pt
Failed to save fine prototype sources: Object of type Tensor is not JSON serializable
Saved 9624 box replay embeddings to /home/ddwilde/scriptie/runs_15/dota_saab/stage2-saab/replay/box_buffer.pt
Saved fine prototype sources to /home/ddwilde/scriptie/runs_15/dota_saab/stage2-saab/replay/box_buffer_sources.json

      Epoch    GPU_mem   box_loss   cls_loss   dfl_loss  Instances       Size
                   all        174      19177      0.704      0.172      0.287      0.162
Saved 9695 replay embeddings to /home/ddwilde/scriptie/runs_15/dota_saab/stage2-saab/replay/buffer.pt
Failed to save fine prototype sources: Object of type Tensor is not JSON serializable
Saved 9635 box replay embeddings to /home/ddwilde/scriptie/runs_15/dota_saab/stage2-saab/replay/box_buffer.pt
Saved fine prototype sources to /home/ddwilde/scriptie/runs_15/dota_saab/stage2-saab/replay/box_buffer_sources.json

      Epoch    GPU_mem   box_loss   cls_loss   dfl_loss  Instances       Size
                   all        174      19177      0.958      0.177      0.338      0.191
Saved 9740 replay embeddings to /home/ddwilde/scriptie/runs_15/dota_saab/stage2-saab/replay/buffer.pt
Failed to save fine prototype sources: Object of type Tensor is not JSON serializable
Saved 9640 box replay embeddings to /home/ddwilde/scriptie/runs_15/dota_saab/stage2-saab/replay/box_buffer.pt
Saved fine prototype sources to /home/ddwilde/scriptie/runs_15/dota_saab/stage2-saab/replay/box_buffer_sources.json

      Epoch    GPU_mem   box_loss   cls_loss   dfl_loss  Instances       Size
                   all        174      19177      0.965      0.167      0.322      0.183
Saved 9789 replay embeddings to /home/ddwilde/scriptie/runs_15/dota_saab/stage2-saab/replay/buffer.pt
Failed to save fine prototype sources: Object of type Tensor is not JSON serializable
Saved 9518 box replay embeddings to /home/ddwilde/scriptie/runs_15/dota_saab/stage2-saab/replay/box_buffer.pt
Saved fine prototype sources to /home/ddwilde/scriptie/runs_15/dota_saab/stage2-saab/replay/box_buffer_sources.json

      Epoch    GPU_mem   box_loss   cls_loss   dfl_loss  Instances       Size
                   all        174      19177      0.651      0.214      0.308      0.175
Saved 9809 replay embeddings to /home/ddwilde/scriptie/runs_15/dota_saab/stage2-saab/replay/buffer.pt
Failed to save fine prototype sources: Object of type Tensor is not JSON serializable
Saved 9523 box replay embeddings to /home/ddwilde/scriptie/runs_15/dota_saab/stage2-saab/replay/box_buffer.pt
Saved fine prototype sources to /home/ddwilde/scriptie/runs_15/dota_saab/stage2-saab/replay/box_buffer_sources.json

      Epoch    GPU_mem   box_loss   cls_loss   dfl_loss  Instances       Size
                   all        174      19177      0.959      0.179      0.277      0.154
Saved 9828 replay embeddings to /home/ddwilde/scriptie/runs_15/dota_saab/stage2-saab/replay/buffer.pt
Failed to save fine prototype sources: Object of type Tensor is not JSON serializable
Saved 9534 box replay embeddings to /home/ddwilde/scriptie/runs_15/dota_saab/stage2-saab/replay/box_buffer.pt
Saved fine prototype sources to /home/ddwilde/scriptie/runs_15/dota_saab/stage2-saab/replay/box_buffer_sources.json

      Epoch    GPU_mem   box_loss   cls_loss   dfl_loss  Instances       Size
