EDNet 1.0 ✅ Python-3.10.4 ✅ torch-2.8.0+cu128 ✅CUDA:0 (NVIDIA A100-SXM4-40GB, 40441MiB)
[34m[1mengine/trainer: [0mtask=detect, mode=train, model=/home/ddwilde/scriptie/pretrained/small.pt, data=/home/ddwilde/scriptie/yaml/DOTA-shared-stage1.yaml, epochs=50, time=None, patience=100, batch=4, imgsz=640, save=True, save_period=-1, cache=False, device=None, workers=8, project=/home/ddwilde/scriptie/runs_15/dota_replay, name=stage1-replay, exist_ok=False, pretrained=True, optimizer=auto, verbose=True, seed=0, deterministic=True, single_cls=False, rect=False, cos_lr=False, close_mosaic=10, resume=False, amp=True, fraction=1.0, profile=False, freeze=None, multi_scale=False, continual={'enable': False, 'batches': [], 'adapter_strategy': 'last', 'save_history': True}, replay={'enable': False, 'tap_layers': {'P2': 19, 'P3': 22, 'P4': 25}, 'tiny_max_pixels': 128, 'context_scale': 1.5, 'buffer_per_class': 64, 'sample_per_batch': 16, 'loss_weight': 1.0, 'scale_weighting': 'stride', 'store_dir': 'replay', 'buffer_file': 'buffer.pt', 'init_buffer': None, 'carryover_growth': 1.5, 'memory_dir': None, 'memory_ratio': 0.25, 'prototypes': {'num_fine': 4, 'use_coarse': True, 'ema_alpha': 0.05, 'init_sim_thresh': 0.9, 'gate_min_cos': 0.5, 'init_strategy': 'threshold', 'weight_by_count': False}, 'box': {'enable': False, 'loss_weight': 1.0, 'buffer_file': 'box_buffer.pt', 'init_buffer': None}}, kd={'enable': False, 'lambda_cls': 1.0, 'lambda_bbox': 1.0, 'top_k': 10, 'teacher_weights': None, 'teacher_nc': None, 'debug_batches': 10}, stage={'active_classes': None, 'prev_classes': None, 'pseudo_labels_dir': None}, overlap_mask=True, mask_ratio=4, dropout=0.0, val=True, split=val, save_json=False, save_hybrid=False, conf=None, iou=0.7, max_det=300, half=False, dnn=False, plots=True, per_class_tb_interval=1, source=None, vid_stride=1, stream_buffer=False, visualize=False, augment=False, agnostic_nms=False, classes=None, retina_masks=False, embed=None, show=False, save_frames=False, save_txt=False, save_conf=False, save_crop=False, show_labels=True, show_conf=True, show_boxes=True, line_width=None, format=torchscript, keras=False, optimize=False, int8=False, dynamic=False, simplify=False, opset=None, workspace=4, nms=False, lr0=0.01, lrf=0.01, momentum=0.937, weight_decay=0.0005, warmup_epochs=3.0, warmup_momentum=0.8, warmup_bias_lr=0.1, box=7.5, cls=0.5, dfl=1.5, pose=12.0, kobj=1.0, label_smoothing=0.0, nbs=64, hsv_h=0.015, hsv_s=0.7, hsv_v=0.4, degrees=0.0, translate=0.1, scale=0.5, shear=0.0, perspective=0.0, flipud=0.0, fliplr=0.5, bgr=0.0, mosaic=1.0, mixup=0.0, copy_paste=0.0, auto_augment=randaugment, erasing=0.4, crop_fraction=1.0, cfg=None, tracker=botsort.yaml, save_dir=/home/ddwilde/scriptie/runs_15/dota_replay/stage1-replay
Overriding model.yaml nc=10 with nc=2

                   from  n    params  module                                       arguments                     
  0                  -1  1       928  ednet.nn.modules.conv.Conv                   [3, 32, 3, 2]                 
  1                  -1  1     18560  ednet.nn.modules.conv.Conv                   [32, 64, 3, 2]                
  2                  -1  1     29056  ednet.nn.modules.block.C2f                   [64, 64, 1, True]             
  3                  -1  1     73984  ednet.nn.modules.conv.Conv                   [64, 128, 3, 2]               
  4                  -1  2    197632  ednet.nn.modules.block.C2f                   [128, 128, 2, True]           
  5                  -1  1    295424  ednet.nn.modules.conv.Conv                   [128, 256, 3, 2]              
  6                  -1  2    420864  ednet.nn.modules.block.C2f_FCA               [256, 256, 2, True]           
  7                  -1  1   1180672  ednet.nn.modules.conv.Conv                   [256, 512, 3, 2]              
  8                  -1  1   1095680  ednet.nn.modules.block.C2f_FCA               [512, 512, 1, True]           
  9                  -1  1    656896  ednet.nn.modules.block.SPPF                  [512, 512, 5]                 
 10                  -1  1    990976  ednet.nn.modules.block.PSA                   [512, 512]                    
 11                  -1  1         0  torch.nn.modules.upsampling.Upsample         [None, 2, 'nearest']          
 12             [-1, 6]  1         0  ednet.nn.modules.conv.Concat                 [1]                           
 13                  -1  1    591360  ednet.nn.modules.block.C2f                   [768, 256, 1]                 
 14                  -1  1         0  torch.nn.modules.upsampling.Upsample         [None, 2, 'nearest']          
 15             [-1, 4]  1         0  ednet.nn.modules.conv.Concat                 [1]                           
 16                  -1  1    148224  ednet.nn.modules.block.C2f                   [384, 128, 1]                 
 17                  -1  1         0  torch.nn.modules.upsampling.Upsample         [None, 2, 'nearest']          
 18             [-1, 2]  1         0  ednet.nn.modules.conv.Concat                 [1]                           
 19                  -1  1     37248  ednet.nn.modules.block.C2f                   [192, 64, 1]                  
 20                  -1  1     36992  ednet.nn.modules.conv.Conv                   [64, 64, 3, 2]                
 21            [-1, 16]  1         0  ednet.nn.modules.conv.Concat                 [1]                           
 22                  -1  1    123648  ednet.nn.modules.block.C2f                   [192, 128, 1]                 
 23                  -1  1    147712  ednet.nn.modules.conv.Conv                   [128, 128, 3, 2]              
 24            [-1, 13]  1         0  ednet.nn.modules.conv.Concat                 [1]                           
 25                  -1  1    493056  ednet.nn.modules.block.C2f                   [384, 256, 1]                 
 26                  -1  1     68864  ednet.nn.modules.block.SCDown                [256, 256, 3, 2]              
 27             [-1, 9]  1         0  ednet.nn.modules.conv.Concat                 [1]                           
 28                  -1  1   1089536  ednet.nn.modules.block.C2fCIB                [768, 512, 1, True, True]     
 29    [19, 22, 25, 28]  1   1621664  ednet.nn.modules.head.v10Detect              [2, [64, 128, 256, 512]]      
ednet-s summary: 510 layers, 9,318,976 parameters, 9,318,960 gradients

Transferred 737/753 items from pretrained weights
[34m[1mTensorBoard: [0mStart with 'tensorboard --logdir /home/ddwilde/scriptie/runs_15/dota_replay/stage1-replay', view at http://localhost:6006/
Freezing layer 'model.29.dfl.conv.weight'
[34m[1mAMP: [0mrunning Automatic Mixed Precision (AMP) checks with YOLOv8n...
[34m[1mAMP: [0mchecks passed ✅
Plotting labels to /home/ddwilde/scriptie/runs_15/dota_replay/stage1-replay/labels.jpg... 
[34m[1moptimizer:[0m 'optimizer=auto' found, ignoring 'lr0=0.01' and 'momentum=0.937' and determining best 'optimizer', 'lr0' and 'momentum' automatically... 
[34m[1moptimizer:[0m AdamW(lr=0.001667, momentum=0.9) with parameter groups 117 weight(decay=0.0), 145 weight(decay=0.0005), 139 bias(decay=0.0)
Trainable params: 401 tensors (9318960 weights). Top trainable=[('model.7.conv.weight', 1179648), ('model.9.cv2.conv.weight', 524288), ('model.8.cv2.conv.weight', 393216), ('model.28.cv1.conv.weight', 393216), ('model.28.cv2.conv.weight', 393216), ('model.5.conv.weight', 294912), ('model.29.cv2.3.0.conv.weight', 294912), ('model.29.one2one_cv2.3.0.conv.weight', 294912), ('model.8.cv1.conv.weight', 262144), ('model.10.cv1.conv.weight', 262144), ('model.10.cv2.conv.weight', 262144), ('model.13.cv1.conv.weight', 196608), ('model.13.m.0.cv1.conv.weight', 147456), ('model.13.m.0.cv2.conv.weight', 147456), ('model.23.conv.weight', 147456), ('model.25.m.0.cv1.conv.weight', 147456), ('model.25.m.0.cv2.conv.weight', 147456), ('model.29.cv2.2.0.conv.weight', 147456), ('model.29.one2one_cv2.2.0.conv.weight', 147456), ('model.6.cv2.conv.weight', 131072)]
[34m[1mTensorBoard: [0mmodel graph visualization added ✅
Image sizes 640 train, 640 val
Using 8 dataloader workers
Logging results to [1m/home/ddwilde/scriptie/runs_15/dota_replay/stage1-replay[0m
Starting training for 50 epochs...

      Epoch    GPU_mem   box_loss   cls_loss   dfl_loss  Instances       Size
                   all        174      18315      0.272      0.261      0.138     0.0679

      Epoch    GPU_mem   box_loss   cls_loss   dfl_loss  Instances       Size
                   all        174      18315      0.379      0.347      0.269      0.146

      Epoch    GPU_mem   box_loss   cls_loss   dfl_loss  Instances       Size
                   all        174      18315      0.413      0.331      0.286      0.152

      Epoch    GPU_mem   box_loss   cls_loss   dfl_loss  Instances       Size
                   all        174      18315      0.501      0.357      0.335      0.183

      Epoch    GPU_mem   box_loss   cls_loss   dfl_loss  Instances       Size
                   all        174      18315      0.574      0.378      0.402      0.232

      Epoch    GPU_mem   box_loss   cls_loss   dfl_loss  Instances       Size
                   all        174      18315      0.553      0.361       0.38      0.216

      Epoch    GPU_mem   box_loss   cls_loss   dfl_loss  Instances       Size
                   all        174      18315      0.591      0.383      0.403      0.224

      Epoch    GPU_mem   box_loss   cls_loss   dfl_loss  Instances       Size
                   all        174      18315      0.621      0.381      0.424      0.233

      Epoch    GPU_mem   box_loss   cls_loss   dfl_loss  Instances       Size
                   all        174      18315      0.593      0.372       0.39      0.223

      Epoch    GPU_mem   box_loss   cls_loss   dfl_loss  Instances       Size
                   all        174      18315      0.583      0.406      0.413      0.225

      Epoch    GPU_mem   box_loss   cls_loss   dfl_loss  Instances       Size
                   all        174      18315      0.599      0.404       0.42      0.231

      Epoch    GPU_mem   box_loss   cls_loss   dfl_loss  Instances       Size
                   all        174      18315      0.617      0.375      0.403       0.23

      Epoch    GPU_mem   box_loss   cls_loss   dfl_loss  Instances       Size
                   all        174      18315       0.59      0.401      0.415       0.23

      Epoch    GPU_mem   box_loss   cls_loss   dfl_loss  Instances       Size
                   all        174      18315      0.642      0.401      0.439      0.249

      Epoch    GPU_mem   box_loss   cls_loss   dfl_loss  Instances       Size
                   all        174      18315      0.632      0.426      0.449       0.26

      Epoch    GPU_mem   box_loss   cls_loss   dfl_loss  Instances       Size
                   all        174      18315      0.656      0.412      0.456      0.262

      Epoch    GPU_mem   box_loss   cls_loss   dfl_loss  Instances       Size
                   all        174      18315      0.657      0.423      0.464       0.28

      Epoch    GPU_mem   box_loss   cls_loss   dfl_loss  Instances       Size
                   all        174      18315      0.656      0.426      0.459      0.271

      Epoch    GPU_mem   box_loss   cls_loss   dfl_loss  Instances       Size
                   all        174      18315      0.628      0.415      0.448      0.268

      Epoch    GPU_mem   box_loss   cls_loss   dfl_loss  Instances       Size
                   all        174      18315      0.648      0.416      0.461      0.273

      Epoch    GPU_mem   box_loss   cls_loss   dfl_loss  Instances       Size
                   all        174      18315      0.657      0.427      0.467      0.277

      Epoch    GPU_mem   box_loss   cls_loss   dfl_loss  Instances       Size
                   all        174      18315      0.635      0.435      0.467      0.276

      Epoch    GPU_mem   box_loss   cls_loss   dfl_loss  Instances       Size
                   all        174      18315      0.663      0.428      0.467      0.278

      Epoch    GPU_mem   box_loss   cls_loss   dfl_loss  Instances       Size
                   all        174      18315      0.686      0.431      0.479      0.283

      Epoch    GPU_mem   box_loss   cls_loss   dfl_loss  Instances       Size
                   all        174      18315      0.652      0.434       0.47      0.267

      Epoch    GPU_mem   box_loss   cls_loss   dfl_loss  Instances       Size
                   all        174      18315      0.672      0.434      0.477      0.285

      Epoch    GPU_mem   box_loss   cls_loss   dfl_loss  Instances       Size
                   all        174      18315       0.67      0.438      0.477      0.288

      Epoch    GPU_mem   box_loss   cls_loss   dfl_loss  Instances       Size
                   all        174      18315      0.661       0.44      0.476      0.286

      Epoch    GPU_mem   box_loss   cls_loss   dfl_loss  Instances       Size
                   all        174      18315       0.66      0.442      0.476      0.279

      Epoch    GPU_mem   box_loss   cls_loss   dfl_loss  Instances       Size
                   all        174      18315      0.629      0.447      0.469      0.276

      Epoch    GPU_mem   box_loss   cls_loss   dfl_loss  Instances       Size
                   all        174      18315      0.678      0.443      0.493      0.296

      Epoch    GPU_mem   box_loss   cls_loss   dfl_loss  Instances       Size
                   all        174      18315      0.705      0.441      0.495      0.298

      Epoch    GPU_mem   box_loss   cls_loss   dfl_loss  Instances       Size
                   all        174      18315      0.688      0.444      0.491      0.288

      Epoch    GPU_mem   box_loss   cls_loss   dfl_loss  Instances       Size
                   all        174      18315       0.69       0.45      0.496      0.301

      Epoch    GPU_mem   box_loss   cls_loss   dfl_loss  Instances       Size
                   all        174      18315       0.67      0.444      0.488      0.295

      Epoch    GPU_mem   box_loss   cls_loss   dfl_loss  Instances       Size
                   all        174      18315      0.684      0.448       0.49      0.295

      Epoch    GPU_mem   box_loss   cls_loss   dfl_loss  Instances       Size
                   all        174      18315      0.692      0.445      0.491      0.297

      Epoch    GPU_mem   box_loss   cls_loss   dfl_loss  Instances       Size
                   all        174      18315        0.7      0.453      0.503      0.304

      Epoch    GPU_mem   box_loss   cls_loss   dfl_loss  Instances       Size
                   all        174      18315      0.693      0.443      0.494      0.297

      Epoch    GPU_mem   box_loss   cls_loss   dfl_loss  Instances       Size
                   all        174      18315      0.702      0.437      0.491       0.29
Closing dataloader mosaic

      Epoch    GPU_mem   box_loss   cls_loss   dfl_loss  Instances       Size
                   all        174      18315       0.68      0.452        0.5      0.305

      Epoch    GPU_mem   box_loss   cls_loss   dfl_loss  Instances       Size
                   all        174      18315      0.689      0.452        0.5      0.304

      Epoch    GPU_mem   box_loss   cls_loss   dfl_loss  Instances       Size
                   all        174      18315      0.698      0.457      0.507      0.315

      Epoch    GPU_mem   box_loss   cls_loss   dfl_loss  Instances       Size
                   all        174      18315      0.695      0.455      0.507      0.305

      Epoch    GPU_mem   box_loss   cls_loss   dfl_loss  Instances       Size
                   all        174      18315      0.713      0.449      0.507      0.312

      Epoch    GPU_mem   box_loss   cls_loss   dfl_loss  Instances       Size
                   all        174      18315      0.697      0.455      0.505      0.308

      Epoch    GPU_mem   box_loss   cls_loss   dfl_loss  Instances       Size
                   all        174      18315      0.687       0.46      0.512      0.309

      Epoch    GPU_mem   box_loss   cls_loss   dfl_loss  Instances       Size
                   all        174      18315      0.704       0.46       0.51       0.31

      Epoch    GPU_mem   box_loss   cls_loss   dfl_loss  Instances       Size
                   all        174      18315      0.704      0.458      0.511      0.311

      Epoch    GPU_mem   box_loss   cls_loss   dfl_loss  Instances       Size
                   all        174      18315      0.711      0.456      0.518      0.317

50 epochs completed in 0.453 hours.
Optimizer stripped from /home/ddwilde/scriptie/runs_15/dota_replay/stage1-replay/weights/last.pt, 19.1MB
Optimizer stripped from /home/ddwilde/scriptie/runs_15/dota_replay/stage1-replay/weights/best.pt, 19.1MB

Validating /home/ddwilde/scriptie/runs_15/dota_replay/stage1-replay/weights/best.pt...
EDNet 1.0 ✅ Python-3.10.4 ✅ torch-2.8.0+cu128 ✅CUDA:0 (NVIDIA A100-SXM4-40GB, 40441MiB)
ednet-s summary (fused): 394 layers, 9,295,008 parameters, 0 gradients
                   all        174      18315      0.711      0.456      0.518      0.317
         small-vehicle        132      15096      0.682       0.25      0.337      0.164
         large-vehicle         86       3219      0.741      0.662      0.699      0.471
Speed: 0.1ms preprocess, 2.2ms inference, 0.0ms loss, 0.1ms postprocess per image
Results saved to [1m/home/ddwilde/scriptie/runs_15/dota_replay/stage1-replay[0m
Training finished. Results saved in: /home/ddwilde/scriptie/runs_15/dota_replay/stage1-replay
EDNet 1.0 ✅ Python-3.10.4 ✅ torch-2.8.0+cu128 ✅CUDA:0 (NVIDIA A100-SXM4-40GB, 40441MiB)
[34m[1mengine/trainer: [0mtask=detect, mode=train, model=/home/ddwilde/scriptie/runs_15/dota_replay/stage1-replay/weights/best.pt, data=/home/ddwilde/scriptie/yaml/DOTA-shared-stage2-replay.yaml, epochs=50, time=None, patience=100, batch=4, imgsz=640, save=True, save_period=-1, cache=False, device=None, workers=8, project=/home/ddwilde/scriptie/runs_15/dota_replay, name=stage2-replay, exist_ok=False, pretrained=True, optimizer=auto, verbose=True, seed=0, deterministic=True, single_cls=False, rect=False, cos_lr=False, close_mosaic=10, resume=False, amp=True, fraction=1.0, profile=False, freeze=None, multi_scale=False, continual={'enable': False, 'batches': [], 'adapter_strategy': 'last', 'save_history': True}, replay={'enable': False, 'tap_layers': {'P2': 19, 'P3': 22, 'P4': 25}, 'tiny_max_pixels': 128, 'context_scale': 1.5, 'buffer_per_class': 64, 'sample_per_batch': 16, 'loss_weight': 1.0, 'scale_weighting': 'stride', 'store_dir': 'replay', 'buffer_file': 'buffer.pt', 'init_buffer': None, 'carryover_growth': 1.5, 'memory_dir': None, 'memory_ratio': 0.25, 'prototypes': {'num_fine': 4, 'use_coarse': True, 'ema_alpha': 0.05, 'init_sim_thresh': 0.9, 'gate_min_cos': 0.5, 'init_strategy': 'threshold', 'weight_by_count': False}, 'box': {'enable': False, 'loss_weight': 1.0, 'buffer_file': 'box_buffer.pt', 'init_buffer': None}}, kd={'enable': False, 'lambda_cls': 1.0, 'lambda_bbox': 1.0, 'top_k': 10, 'teacher_weights': None, 'teacher_nc': None, 'debug_batches': 10}, stage={'active_classes': None, 'prev_classes': None, 'pseudo_labels_dir': None}, overlap_mask=True, mask_ratio=4, dropout=0.0, val=True, split=val, save_json=False, save_hybrid=False, conf=None, iou=0.7, max_det=300, half=False, dnn=False, plots=True, per_class_tb_interval=1, source=None, vid_stride=1, stream_buffer=False, visualize=False, augment=False, agnostic_nms=False, classes=None, retina_masks=False, embed=None, show=False, save_frames=False, save_txt=False, save_conf=False, save_crop=False, show_labels=True, show_conf=True, show_boxes=True, line_width=None, format=torchscript, keras=False, optimize=False, int8=False, dynamic=False, simplify=False, opset=None, workspace=4, nms=False, lr0=0.01, lrf=0.01, momentum=0.937, weight_decay=0.0005, warmup_epochs=3.0, warmup_momentum=0.8, warmup_bias_lr=0.1, box=7.5, cls=0.5, dfl=1.5, pose=12.0, kobj=1.0, label_smoothing=0.0, nbs=64, hsv_h=0.015, hsv_s=0.7, hsv_v=0.4, degrees=0.0, translate=0.1, scale=0.5, shear=0.0, perspective=0.0, flipud=0.0, fliplr=0.5, bgr=0.0, mosaic=1.0, mixup=0.0, copy_paste=0.0, auto_augment=randaugment, erasing=0.4, crop_fraction=1.0, cfg=None, tracker=botsort.yaml, save_dir=/home/ddwilde/scriptie/runs_15/dota_replay/stage2-replay
Overriding model.yaml nc=2 with nc=4

                   from  n    params  module                                       arguments                     
  0                  -1  1       928  ednet.nn.modules.conv.Conv                   [3, 32, 3, 2]                 
  1                  -1  1     18560  ednet.nn.modules.conv.Conv                   [32, 64, 3, 2]                
  2                  -1  1     29056  ednet.nn.modules.block.C2f                   [64, 64, 1, True]             
  3                  -1  1     73984  ednet.nn.modules.conv.Conv                   [64, 128, 3, 2]               
  4                  -1  2    197632  ednet.nn.modules.block.C2f                   [128, 128, 2, True]           
  5                  -1  1    295424  ednet.nn.modules.conv.Conv                   [128, 256, 3, 2]              
  6                  -1  2    420864  ednet.nn.modules.block.C2f_FCA               [256, 256, 2, True]           
  7                  -1  1   1180672  ednet.nn.modules.conv.Conv                   [256, 512, 3, 2]              
  8                  -1  1   1095680  ednet.nn.modules.block.C2f_FCA               [512, 512, 1, True]           
  9                  -1  1    656896  ednet.nn.modules.block.SPPF                  [512, 512, 5]                 
 10                  -1  1    990976  ednet.nn.modules.block.PSA                   [512, 512]                    
 11                  -1  1         0  torch.nn.modules.upsampling.Upsample         [None, 2, 'nearest']          
 12             [-1, 6]  1         0  ednet.nn.modules.conv.Concat                 [1]                           
 13                  -1  1    591360  ednet.nn.modules.block.C2f                   [768, 256, 1]                 
 14                  -1  1         0  torch.nn.modules.upsampling.Upsample         [None, 2, 'nearest']          
 15             [-1, 4]  1         0  ednet.nn.modules.conv.Concat                 [1]                           
 16                  -1  1    148224  ednet.nn.modules.block.C2f                   [384, 128, 1]                 
 17                  -1  1         0  torch.nn.modules.upsampling.Upsample         [None, 2, 'nearest']          
 18             [-1, 2]  1         0  ednet.nn.modules.conv.Concat                 [1]                           
 19                  -1  1     37248  ednet.nn.modules.block.C2f                   [192, 64, 1]                  
 20                  -1  1     36992  ednet.nn.modules.conv.Conv                   [64, 64, 3, 2]                
 21            [-1, 16]  1         0  ednet.nn.modules.conv.Concat                 [1]                           
 22                  -1  1    123648  ednet.nn.modules.block.C2f                   [192, 128, 1]                 
 23                  -1  1    147712  ednet.nn.modules.conv.Conv                   [128, 128, 3, 2]              
 24            [-1, 13]  1         0  ednet.nn.modules.conv.Concat                 [1]                           
 25                  -1  1    493056  ednet.nn.modules.block.C2f                   [384, 256, 1]                 
 26                  -1  1     68864  ednet.nn.modules.block.SCDown                [256, 256, 3, 2]              
 27             [-1, 9]  1         0  ednet.nn.modules.conv.Concat                 [1]                           
 28                  -1  1   1089536  ednet.nn.modules.block.C2fCIB                [768, 512, 1, True, True]     
 29    [19, 22, 25, 28]  1   1622704  ednet.nn.modules.head.v10Detect              [4, [64, 128, 256, 512]]      
ednet-s summary: 510 layers, 9,320,016 parameters, 9,320,000 gradients

Transferred 737/753 items from pretrained weights
[34m[1mTensorBoard: [0mStart with 'tensorboard --logdir /home/ddwilde/scriptie/runs_15/dota_replay/stage2-replay', view at http://localhost:6006/
Freezing layer 'model.29.dfl.conv.weight'
[34m[1mAMP: [0mrunning Automatic Mixed Precision (AMP) checks with YOLOv8n...
[34m[1mAMP: [0mchecks passed ✅
[34m[1mtrain: [0mNew cache created: /gpfs/home6/ddwilde/scriptie/datasets/dota_stages_shared/stage2/train_replay/labels.cache
Plotting labels to /home/ddwilde/scriptie/runs_15/dota_replay/stage2-replay/labels.jpg... 
[34m[1moptimizer:[0m 'optimizer=auto' found, ignoring 'lr0=0.01' and 'momentum=0.937' and determining best 'optimizer', 'lr0' and 'momentum' automatically... 
[34m[1moptimizer:[0m AdamW(lr=0.00125, momentum=0.9) with parameter groups 117 weight(decay=0.0), 145 weight(decay=0.0005), 139 bias(decay=0.0)
Trainable params: 401 tensors (9320000 weights). Top trainable=[('model.7.conv.weight', 1179648), ('model.9.cv2.conv.weight', 524288), ('model.8.cv2.conv.weight', 393216), ('model.28.cv1.conv.weight', 393216), ('model.28.cv2.conv.weight', 393216), ('model.5.conv.weight', 294912), ('model.29.cv2.3.0.conv.weight', 294912), ('model.29.one2one_cv2.3.0.conv.weight', 294912), ('model.8.cv1.conv.weight', 262144), ('model.10.cv1.conv.weight', 262144), ('model.10.cv2.conv.weight', 262144), ('model.13.cv1.conv.weight', 196608), ('model.13.m.0.cv1.conv.weight', 147456), ('model.13.m.0.cv2.conv.weight', 147456), ('model.23.conv.weight', 147456), ('model.25.m.0.cv1.conv.weight', 147456), ('model.25.m.0.cv2.conv.weight', 147456), ('model.29.cv2.2.0.conv.weight', 147456), ('model.29.one2one_cv2.2.0.conv.weight', 147456), ('model.6.cv2.conv.weight', 131072)]
[34m[1mTensorBoard: [0mmodel graph visualization added ✅
Image sizes 640 train, 640 val
Using 8 dataloader workers
Logging results to [1m/home/ddwilde/scriptie/runs_15/dota_replay/stage2-replay[0m
Starting training for 50 epochs...

      Epoch    GPU_mem   box_loss   cls_loss   dfl_loss  Instances       Size
                   all        174      19177      0.071     0.0843     0.0667     0.0469

      Epoch    GPU_mem   box_loss   cls_loss   dfl_loss  Instances       Size
                   all        174      19177     0.0828       0.34      0.195       0.11

      Epoch    GPU_mem   box_loss   cls_loss   dfl_loss  Instances       Size
                   all        174      19177      0.134      0.324      0.218      0.124

      Epoch    GPU_mem   box_loss   cls_loss   dfl_loss  Instances       Size
                   all        174      19177      0.107      0.331      0.222      0.125

      Epoch    GPU_mem   box_loss   cls_loss   dfl_loss  Instances       Size
                   all        174      19177      0.191      0.273      0.229      0.114

      Epoch    GPU_mem   box_loss   cls_loss   dfl_loss  Instances       Size
                   all        174      19177      0.397      0.135      0.292       0.15

      Epoch    GPU_mem   box_loss   cls_loss   dfl_loss  Instances       Size
                   all        174      19177      0.651      0.144      0.287      0.155

      Epoch    GPU_mem   box_loss   cls_loss   dfl_loss  Instances       Size
                   all        174      19177      0.923      0.153       0.31       0.17

      Epoch    GPU_mem   box_loss   cls_loss   dfl_loss  Instances       Size
                   all        174      19177      0.685      0.153      0.295      0.157

      Epoch    GPU_mem   box_loss   cls_loss   dfl_loss  Instances       Size
                   all        174      19177      0.933      0.146      0.267      0.139

      Epoch    GPU_mem   box_loss   cls_loss   dfl_loss  Instances       Size
                   all        174      19177      0.693      0.152      0.315      0.171

      Epoch    GPU_mem   box_loss   cls_loss   dfl_loss  Instances       Size
                   all        174      19177      0.949      0.156      0.306      0.158

      Epoch    GPU_mem   box_loss   cls_loss   dfl_loss  Instances       Size
                   all        174      19177      0.683      0.146      0.249      0.138

      Epoch    GPU_mem   box_loss   cls_loss   dfl_loss  Instances       Size
                   all        174      19177      0.682      0.167      0.341      0.182

      Epoch    GPU_mem   box_loss   cls_loss   dfl_loss  Instances       Size
                   all        174      19177      0.939      0.142       0.28      0.146

      Epoch    GPU_mem   box_loss   cls_loss   dfl_loss  Instances       Size
                   all        174      19177      0.943      0.151      0.307      0.172

      Epoch    GPU_mem   box_loss   cls_loss   dfl_loss  Instances       Size
                   all        174      19177      0.698      0.162      0.317       0.18

      Epoch    GPU_mem   box_loss   cls_loss   dfl_loss  Instances       Size
                   all        174      19177      0.697      0.158      0.279      0.155

      Epoch    GPU_mem   box_loss   cls_loss   dfl_loss  Instances       Size
                   all        174      19177      0.951      0.152       0.32      0.192

      Epoch    GPU_mem   box_loss   cls_loss   dfl_loss  Instances       Size
                   all        174      19177      0.953      0.168      0.308      0.169

      Epoch    GPU_mem   box_loss   cls_loss   dfl_loss  Instances       Size
                   all        174      19177      0.702      0.173      0.319      0.176

      Epoch    GPU_mem   box_loss   cls_loss   dfl_loss  Instances       Size
                   all        174      19177      0.954      0.163      0.329      0.188

      Epoch    GPU_mem   box_loss   cls_loss   dfl_loss  Instances       Size
                   all        174      19177      0.944      0.172      0.301      0.161

      Epoch    GPU_mem   box_loss   cls_loss   dfl_loss  Instances       Size
                   all        174      19177      0.701      0.171      0.324      0.183

      Epoch    GPU_mem   box_loss   cls_loss   dfl_loss  Instances       Size
                   all        174      19177      0.702       0.17      0.314      0.171

      Epoch    GPU_mem   box_loss   cls_loss   dfl_loss  Instances       Size
                   all        174      19177      0.694      0.179       0.32      0.183

      Epoch    GPU_mem   box_loss   cls_loss   dfl_loss  Instances       Size
                   all        174      19177      0.379      0.278      0.337      0.194

      Epoch    GPU_mem   box_loss   cls_loss   dfl_loss  Instances       Size
                   all        174      19177       0.71      0.175      0.295      0.158

      Epoch    GPU_mem   box_loss   cls_loss   dfl_loss  Instances       Size
                   all        174      19177      0.704      0.176      0.328       0.19

      Epoch    GPU_mem   box_loss   cls_loss   dfl_loss  Instances       Size
                   all        174      19177      0.388      0.239      0.327      0.187

      Epoch    GPU_mem   box_loss   cls_loss   dfl_loss  Instances       Size
                   all        174      19177      0.675      0.201      0.295      0.165

      Epoch    GPU_mem   box_loss   cls_loss   dfl_loss  Instances       Size
                   all        174      19177      0.453      0.175      0.273      0.157

      Epoch    GPU_mem   box_loss   cls_loss   dfl_loss  Instances       Size
                   all        174      19177      0.963      0.173      0.295      0.164

      Epoch    GPU_mem   box_loss   cls_loss   dfl_loss  Instances       Size
                   all        174      19177      0.947      0.182      0.308      0.172

      Epoch    GPU_mem   box_loss   cls_loss   dfl_loss  Instances       Size
                   all        174      19177      0.355      0.211      0.278      0.159

      Epoch    GPU_mem   box_loss   cls_loss   dfl_loss  Instances       Size
                   all        174      19177      0.961       0.17      0.271      0.147

      Epoch    GPU_mem   box_loss   cls_loss   dfl_loss  Instances       Size
                   all        174      19177      0.954      0.179      0.304      0.173

      Epoch    GPU_mem   box_loss   cls_loss   dfl_loss  Instances       Size
                   all        174      19177      0.784      0.184      0.314      0.181

      Epoch    GPU_mem   box_loss   cls_loss   dfl_loss  Instances       Size
                   all        174      19177      0.661      0.187      0.297      0.167

      Epoch    GPU_mem   box_loss   cls_loss   dfl_loss  Instances       Size
                   all        174      19177      0.396      0.221      0.306      0.176
Closing dataloader mosaic

      Epoch    GPU_mem   box_loss   cls_loss   dfl_loss  Instances       Size
                   all        174      19177       0.45      0.187      0.299      0.174

      Epoch    GPU_mem   box_loss   cls_loss   dfl_loss  Instances       Size
                   all        174      19177      0.705      0.187      0.291      0.166

      Epoch    GPU_mem   box_loss   cls_loss   dfl_loss  Instances       Size
                   all        174      19177      0.391      0.208      0.264      0.152

      Epoch    GPU_mem   box_loss   cls_loss   dfl_loss  Instances       Size
                   all        174      19177      0.453      0.189       0.31       0.18

      Epoch    GPU_mem   box_loss   cls_loss   dfl_loss  Instances       Size
                   all        174      19177      0.429      0.204      0.298      0.171

      Epoch    GPU_mem   box_loss   cls_loss   dfl_loss  Instances       Size
                   all        174      19177       0.43      0.208      0.294      0.171

      Epoch    GPU_mem   box_loss   cls_loss   dfl_loss  Instances       Size
                   all        174      19177      0.425      0.206      0.291      0.168

      Epoch    GPU_mem   box_loss   cls_loss   dfl_loss  Instances       Size
                   all        174      19177      0.403      0.221        0.3      0.174

      Epoch    GPU_mem   box_loss   cls_loss   dfl_loss  Instances       Size
                   all        174      19177      0.639      0.197      0.287      0.166

      Epoch    GPU_mem   box_loss   cls_loss   dfl_loss  Instances       Size
                   all        174      19177      0.666      0.211      0.292      0.168

50 epochs completed in 0.425 hours.
Optimizer stripped from /home/ddwilde/scriptie/runs_15/dota_replay/stage2-replay/weights/last.pt, 19.1MB
Optimizer stripped from /home/ddwilde/scriptie/runs_15/dota_replay/stage2-replay/weights/best.pt, 19.1MB

Validating /home/ddwilde/scriptie/runs_15/dota_replay/stage2-replay/weights/best.pt...
EDNet 1.0 ✅ Python-3.10.4 ✅ torch-2.8.0+cu128 ✅CUDA:0 (NVIDIA A100-SXM4-40GB, 40441MiB)
ednet-s summary (fused): 394 layers, 9,296,048 parameters, 0 gradients
                   all        174      19177      0.379      0.278      0.337      0.194
         small-vehicle        132      15096      0.419    0.00205     0.0834      0.027
         large-vehicle         86       3219      0.816      0.231      0.468      0.299
                 plane         34        854      0.279      0.881      0.796      0.452
            helicopter          6          8          0          0    0.00124   0.000124
Speed: 0.1ms preprocess, 5.1ms inference, 0.0ms loss, 0.1ms postprocess per image
Results saved to [1m/home/ddwilde/scriptie/runs_15/dota_replay/stage2-replay[0m
Training finished. Results saved in: /home/ddwilde/scriptie/runs_15/dota_replay/stage2-replay
EDNet 1.0 ✅ Python-3.10.4 ✅ torch-2.8.0+cu128 ✅CUDA:0 (NVIDIA A100-SXM4-40GB, 40441MiB)
[34m[1mengine/trainer: [0mtask=detect, mode=train, model=/home/ddwilde/scriptie/runs_15/dota_replay/stage2-replay/weights/best.pt, data=/home/ddwilde/scriptie/yaml/DOTA-shared-stage3-replay.yaml, epochs=50, time=None, patience=100, batch=4, imgsz=640, save=True, save_period=-1, cache=False, device=None, workers=8, project=/home/ddwilde/scriptie/runs_15/dota_replay, name=stage3-replay, exist_ok=False, pretrained=True, optimizer=auto, verbose=True, seed=0, deterministic=True, single_cls=False, rect=False, cos_lr=False, close_mosaic=10, resume=False, amp=True, fraction=1.0, profile=False, freeze=None, multi_scale=False, continual={'enable': False, 'batches': [], 'adapter_strategy': 'last', 'save_history': True}, replay={'enable': False, 'tap_layers': {'P2': 19, 'P3': 22, 'P4': 25}, 'tiny_max_pixels': 128, 'context_scale': 1.5, 'buffer_per_class': 64, 'sample_per_batch': 16, 'loss_weight': 1.0, 'scale_weighting': 'stride', 'store_dir': 'replay', 'buffer_file': 'buffer.pt', 'init_buffer': None, 'carryover_growth': 1.5, 'memory_dir': None, 'memory_ratio': 0.25, 'prototypes': {'num_fine': 4, 'use_coarse': True, 'ema_alpha': 0.05, 'init_sim_thresh': 0.9, 'gate_min_cos': 0.5, 'init_strategy': 'threshold', 'weight_by_count': False}, 'box': {'enable': False, 'loss_weight': 1.0, 'buffer_file': 'box_buffer.pt', 'init_buffer': None}}, kd={'enable': False, 'lambda_cls': 1.0, 'lambda_bbox': 1.0, 'top_k': 10, 'teacher_weights': None, 'teacher_nc': None, 'debug_batches': 10}, stage={'active_classes': None, 'prev_classes': None, 'pseudo_labels_dir': None}, overlap_mask=True, mask_ratio=4, dropout=0.0, val=True, split=val, save_json=False, save_hybrid=False, conf=None, iou=0.7, max_det=300, half=False, dnn=False, plots=True, per_class_tb_interval=1, source=None, vid_stride=1, stream_buffer=False, visualize=False, augment=False, agnostic_nms=False, classes=None, retina_masks=False, embed=None, show=False, save_frames=False, save_txt=False, save_conf=False, save_crop=False, show_labels=True, show_conf=True, show_boxes=True, line_width=None, format=torchscript, keras=False, optimize=False, int8=False, dynamic=False, simplify=False, opset=None, workspace=4, nms=False, lr0=0.01, lrf=0.01, momentum=0.937, weight_decay=0.0005, warmup_epochs=3.0, warmup_momentum=0.8, warmup_bias_lr=0.1, box=7.5, cls=0.5, dfl=1.5, pose=12.0, kobj=1.0, label_smoothing=0.0, nbs=64, hsv_h=0.015, hsv_s=0.7, hsv_v=0.4, degrees=0.0, translate=0.1, scale=0.5, shear=0.0, perspective=0.0, flipud=0.0, fliplr=0.5, bgr=0.0, mosaic=1.0, mixup=0.0, copy_paste=0.0, auto_augment=randaugment, erasing=0.4, crop_fraction=1.0, cfg=None, tracker=botsort.yaml, save_dir=/home/ddwilde/scriptie/runs_15/dota_replay/stage3-replay
Overriding model.yaml nc=4 with nc=5

                   from  n    params  module                                       arguments                     
  0                  -1  1       928  ednet.nn.modules.conv.Conv                   [3, 32, 3, 2]                 
  1                  -1  1     18560  ednet.nn.modules.conv.Conv                   [32, 64, 3, 2]                
  2                  -1  1     29056  ednet.nn.modules.block.C2f                   [64, 64, 1, True]             
  3                  -1  1     73984  ednet.nn.modules.conv.Conv                   [64, 128, 3, 2]               
  4                  -1  2    197632  ednet.nn.modules.block.C2f                   [128, 128, 2, True]           
  5                  -1  1    295424  ednet.nn.modules.conv.Conv                   [128, 256, 3, 2]              
  6                  -1  2    420864  ednet.nn.modules.block.C2f_FCA               [256, 256, 2, True]           
  7                  -1  1   1180672  ednet.nn.modules.conv.Conv                   [256, 512, 3, 2]              
  8                  -1  1   1095680  ednet.nn.modules.block.C2f_FCA               [512, 512, 1, True]           
  9                  -1  1    656896  ednet.nn.modules.block.SPPF                  [512, 512, 5]                 
 10                  -1  1    990976  ednet.nn.modules.block.PSA                   [512, 512]                    
 11                  -1  1         0  torch.nn.modules.upsampling.Upsample         [None, 2, 'nearest']          
 12             [-1, 6]  1         0  ednet.nn.modules.conv.Concat                 [1]                           
 13                  -1  1    591360  ednet.nn.modules.block.C2f                   [768, 256, 1]                 
 14                  -1  1         0  torch.nn.modules.upsampling.Upsample         [None, 2, 'nearest']          
 15             [-1, 4]  1         0  ednet.nn.modules.conv.Concat                 [1]                           
 16                  -1  1    148224  ednet.nn.modules.block.C2f                   [384, 128, 1]                 
 17                  -1  1         0  torch.nn.modules.upsampling.Upsample         [None, 2, 'nearest']          
 18             [-1, 2]  1         0  ednet.nn.modules.conv.Concat                 [1]                           
 19                  -1  1     37248  ednet.nn.modules.block.C2f                   [192, 64, 1]                  
 20                  -1  1     36992  ednet.nn.modules.conv.Conv                   [64, 64, 3, 2]                
 21            [-1, 16]  1         0  ednet.nn.modules.conv.Concat                 [1]                           
 22                  -1  1    123648  ednet.nn.modules.block.C2f                   [192, 128, 1]                 
 23                  -1  1    147712  ednet.nn.modules.conv.Conv                   [128, 128, 3, 2]              
 24            [-1, 13]  1         0  ednet.nn.modules.conv.Concat                 [1]                           
 25                  -1  1    493056  ednet.nn.modules.block.C2f                   [384, 256, 1]                 
 26                  -1  1     68864  ednet.nn.modules.block.SCDown                [256, 256, 3, 2]              
 27             [-1, 9]  1         0  ednet.nn.modules.conv.Concat                 [1]                           
 28                  -1  1   1089536  ednet.nn.modules.block.C2fCIB                [768, 512, 1, True, True]     
 29    [19, 22, 25, 28]  1   1623224  ednet.nn.modules.head.v10Detect              [5, [64, 128, 256, 512]]      
ednet-s summary: 510 layers, 9,320,536 parameters, 9,320,520 gradients

Transferred 737/753 items from pretrained weights
[34m[1mTensorBoard: [0mStart with 'tensorboard --logdir /home/ddwilde/scriptie/runs_15/dota_replay/stage3-replay', view at http://localhost:6006/
Freezing layer 'model.29.dfl.conv.weight'
[34m[1mAMP: [0mrunning Automatic Mixed Precision (AMP) checks with YOLOv8n...
[34m[1mAMP: [0mchecks passed ✅
[34m[1mtrain: [0mNew cache created: /gpfs/home6/ddwilde/scriptie/datasets/dota_stages_shared/stage3/train_replay/labels.cache
Plotting labels to /home/ddwilde/scriptie/runs_15/dota_replay/stage3-replay/labels.jpg... 
[34m[1moptimizer:[0m 'optimizer=auto' found, ignoring 'lr0=0.01' and 'momentum=0.937' and determining best 'optimizer', 'lr0' and 'momentum' automatically... 
[34m[1moptimizer:[0m AdamW(lr=0.001111, momentum=0.9) with parameter groups 117 weight(decay=0.0), 145 weight(decay=0.0005), 139 bias(decay=0.0)
Trainable params: 401 tensors (9320520 weights). Top trainable=[('model.7.conv.weight', 1179648), ('model.9.cv2.conv.weight', 524288), ('model.8.cv2.conv.weight', 393216), ('model.28.cv1.conv.weight', 393216), ('model.28.cv2.conv.weight', 393216), ('model.5.conv.weight', 294912), ('model.29.cv2.3.0.conv.weight', 294912), ('model.29.one2one_cv2.3.0.conv.weight', 294912), ('model.8.cv1.conv.weight', 262144), ('model.10.cv1.conv.weight', 262144), ('model.10.cv2.conv.weight', 262144), ('model.13.cv1.conv.weight', 196608), ('model.13.m.0.cv1.conv.weight', 147456), ('model.13.m.0.cv2.conv.weight', 147456), ('model.23.conv.weight', 147456), ('model.25.m.0.cv1.conv.weight', 147456), ('model.25.m.0.cv2.conv.weight', 147456), ('model.29.cv2.2.0.conv.weight', 147456), ('model.29.one2one_cv2.2.0.conv.weight', 147456), ('model.6.cv2.conv.weight', 131072)]
[34m[1mTensorBoard: [0mmodel graph visualization added ✅
Image sizes 640 train, 640 val
Using 8 dataloader workers
Logging results to [1m/home/ddwilde/scriptie/runs_15/dota_replay/stage3-replay[0m
Starting training for 50 epochs...

      Epoch    GPU_mem   box_loss   cls_loss   dfl_loss  Instances       Size
                   all        174      23270      0.067      0.225      0.114     0.0681

      Epoch    GPU_mem   box_loss   cls_loss   dfl_loss  Instances       Size
                   all        174      23270      0.624      0.147      0.178     0.0896

      Epoch    GPU_mem   box_loss   cls_loss   dfl_loss  Instances       Size
                   all        174      23270       0.66      0.142      0.185     0.0898

      Epoch    GPU_mem   box_loss   cls_loss   dfl_loss  Instances       Size
                   all        174      23270      0.668      0.181      0.227      0.114

      Epoch    GPU_mem   box_loss   cls_loss   dfl_loss  Instances       Size
                   all        174      23270      0.128      0.361      0.243      0.115

      Epoch    GPU_mem   box_loss   cls_loss   dfl_loss  Instances       Size
                   all        174      23270      0.817      0.185      0.299      0.157

      Epoch    GPU_mem   box_loss   cls_loss   dfl_loss  Instances       Size
                   all        174      23270      0.664      0.219      0.295      0.148

      Epoch    GPU_mem   box_loss   cls_loss   dfl_loss  Instances       Size
                   all        174      23270       0.18      0.375      0.303      0.155

      Epoch    GPU_mem   box_loss   cls_loss   dfl_loss  Instances       Size
                   all        174      23270      0.845      0.183      0.287      0.145

      Epoch    GPU_mem   box_loss   cls_loss   dfl_loss  Instances       Size
                   all        174      23270      0.618      0.209      0.274      0.138

      Epoch    GPU_mem   box_loss   cls_loss   dfl_loss  Instances       Size
                   all        174      23270      0.629      0.197      0.296      0.143

      Epoch    GPU_mem   box_loss   cls_loss   dfl_loss  Instances       Size
                   all        174      23270      0.608       0.21      0.286      0.148

      Epoch    GPU_mem   box_loss   cls_loss   dfl_loss  Instances       Size
                   all        174      23270      0.722      0.229      0.342      0.184

      Epoch    GPU_mem   box_loss   cls_loss   dfl_loss  Instances       Size
                   all        174      23270      0.189      0.353      0.263      0.132

      Epoch    GPU_mem   box_loss   cls_loss   dfl_loss  Instances       Size
                   all        174      23270      0.665      0.224      0.302      0.151

      Epoch    GPU_mem   box_loss   cls_loss   dfl_loss  Instances       Size
                   all        174      23270      0.807      0.168      0.269      0.142

      Epoch    GPU_mem   box_loss   cls_loss   dfl_loss  Instances       Size
                   all        174      23270       0.83      0.224      0.326      0.169

      Epoch    GPU_mem   box_loss   cls_loss   dfl_loss  Instances       Size
                   all        174      23270      0.209      0.403      0.341      0.184

      Epoch    GPU_mem   box_loss   cls_loss   dfl_loss  Instances       Size
                   all        174      23270      0.418      0.282      0.321      0.172

      Epoch    GPU_mem   box_loss   cls_loss   dfl_loss  Instances       Size
                   all        174      23270      0.728      0.276      0.357      0.191

      Epoch    GPU_mem   box_loss   cls_loss   dfl_loss  Instances       Size
                   all        174      23270      0.182      0.392      0.305      0.157

      Epoch    GPU_mem   box_loss   cls_loss   dfl_loss  Instances       Size
                   all        174      23270      0.642      0.218       0.27      0.141

      Epoch    GPU_mem   box_loss   cls_loss   dfl_loss  Instances       Size
                   all        174      23270      0.329      0.324      0.354      0.191

      Epoch    GPU_mem   box_loss   cls_loss   dfl_loss  Instances       Size
                   all        174      23270      0.661      0.265       0.31      0.161

      Epoch    GPU_mem   box_loss   cls_loss   dfl_loss  Instances       Size
                   all        174      23270      0.205      0.436      0.308      0.163

      Epoch    GPU_mem   box_loss   cls_loss   dfl_loss  Instances       Size
                   all        174      23270      0.602      0.265      0.312      0.164

      Epoch    GPU_mem   box_loss   cls_loss   dfl_loss  Instances       Size
                   all        174      23270      0.665      0.251      0.332      0.181

      Epoch    GPU_mem   box_loss   cls_loss   dfl_loss  Instances       Size
                   all        174      23270      0.205       0.43       0.33      0.176

      Epoch    GPU_mem   box_loss   cls_loss   dfl_loss  Instances       Size
                   all        174      23270      0.682      0.276      0.322      0.166

      Epoch    GPU_mem   box_loss   cls_loss   dfl_loss  Instances       Size
                   all        174      23270      0.196      0.459      0.334      0.176

      Epoch    GPU_mem   box_loss   cls_loss   dfl_loss  Instances       Size
                   all        174      23270      0.221      0.431      0.336      0.181

      Epoch    GPU_mem   box_loss   cls_loss   dfl_loss  Instances       Size
                   all        174      23270      0.552      0.309      0.329      0.178

      Epoch    GPU_mem   box_loss   cls_loss   dfl_loss  Instances       Size
                   all        174      23270      0.189      0.352      0.273       0.14

      Epoch    GPU_mem   box_loss   cls_loss   dfl_loss  Instances       Size
                   all        174      23270      0.476      0.257      0.347      0.184

      Epoch    GPU_mem   box_loss   cls_loss   dfl_loss  Instances       Size
                   all        174      23270      0.411      0.258       0.29      0.154

      Epoch    GPU_mem   box_loss   cls_loss   dfl_loss  Instances       Size
                   all        174      23270      0.353      0.289      0.311      0.169

      Epoch    GPU_mem   box_loss   cls_loss   dfl_loss  Instances       Size
