EDNet 1.0 ✅ Python-3.10.4 ✅ torch-2.8.0+cu128 ✅CUDA:0 (NVIDIA A100-SXM4-40GB, 40441MiB)
[34m[1mengine/trainer: [0mtask=detect, mode=train, model=/home/ddwilde/scriptie/pretrained/small.pt, data=/home/ddwilde/scriptie/yaml/DOTA-stage1.yaml, epochs=50, time=None, patience=100, batch=4, imgsz=640, save=True, save_period=-1, cache=False, device=None, workers=8, project=/home/ddwilde/scriptie/runs/dota_pseudo, name=stage1-pseudo, exist_ok=False, pretrained=True, optimizer=auto, verbose=True, seed=0, deterministic=True, single_cls=False, rect=False, cos_lr=False, close_mosaic=10, resume=False, amp=True, fraction=1.0, profile=False, freeze=None, multi_scale=False, continual={'enable': False, 'batches': [], 'adapter_strategy': 'last', 'save_history': True}, replay={'enable': False, 'tap_layers': {'P2': 19, 'P3': 22, 'P4': 25}, 'tiny_max_pixels': 128, 'context_scale': 1.5, 'buffer_per_class': 64, 'sample_per_batch': 16, 'loss_weight': 1.0, 'scale_weighting': 'stride', 'store_dir': 'replay', 'buffer_file': 'buffer.pt', 'init_buffer': None, 'carryover_growth': 1.5, 'memory_dir': None, 'memory_ratio': 0.25, 'prototypes': {'num_fine': 4, 'use_coarse': True, 'ema_alpha': 0.05, 'init_sim_thresh': 0.9, 'gate_min_cos': 0.0, 'init_strategy': 'first_k', 'weight_by_count': False}, 'box': {'enable': False, 'loss_weight': 1.0, 'buffer_file': 'box_buffer.pt', 'init_buffer': None}}, kd={'enable': False, 'lambda_cls': 1.0, 'lambda_bbox': 1.0, 'top_k': 10, 'teacher_weights': None, 'teacher_nc': None, 'debug_batches': 10}, stage={'active_classes': [0, 1]}, overlap_mask=True, mask_ratio=4, dropout=0.0, val=True, split=val, save_json=False, save_hybrid=False, conf=None, iou=0.7, max_det=300, half=False, dnn=False, plots=True, per_class_tb_interval=1, source=None, vid_stride=1, stream_buffer=False, visualize=False, augment=False, agnostic_nms=False, classes=None, retina_masks=False, embed=None, show=False, save_frames=False, save_txt=False, save_conf=False, save_crop=False, show_labels=True, show_conf=True, show_boxes=True, line_width=None, format=torchscript, keras=False, optimize=False, int8=False, dynamic=False, simplify=False, opset=None, workspace=4, nms=False, lr0=0.01, lrf=0.01, momentum=0.937, weight_decay=0.0005, warmup_epochs=3.0, warmup_momentum=0.8, warmup_bias_lr=0.1, box=7.5, cls=0.5, dfl=1.5, pose=12.0, kobj=1.0, label_smoothing=0.0, nbs=64, hsv_h=0.015, hsv_s=0.7, hsv_v=0.4, degrees=0.0, translate=0.1, scale=0.5, shear=0.0, perspective=0.0, flipud=0.0, fliplr=0.5, bgr=0.0, mosaic=1.0, mixup=0.0, copy_paste=0.0, auto_augment=randaugment, erasing=0.4, crop_fraction=1.0, cfg=None, tracker=botsort.yaml, save_dir=/home/ddwilde/scriptie/runs/dota_pseudo/stage1-pseudo
Overriding model.yaml nc=10 with nc=2

                   from  n    params  module                                       arguments                     
  0                  -1  1       928  ednet.nn.modules.conv.Conv                   [3, 32, 3, 2]                 
  1                  -1  1     18560  ednet.nn.modules.conv.Conv                   [32, 64, 3, 2]                
  2                  -1  1     29056  ednet.nn.modules.block.C2f                   [64, 64, 1, True]             
  3                  -1  1     73984  ednet.nn.modules.conv.Conv                   [64, 128, 3, 2]               
  4                  -1  2    197632  ednet.nn.modules.block.C2f                   [128, 128, 2, True]           
  5                  -1  1    295424  ednet.nn.modules.conv.Conv                   [128, 256, 3, 2]              
  6                  -1  2    420864  ednet.nn.modules.block.C2f_FCA               [256, 256, 2, True]           
  7                  -1  1   1180672  ednet.nn.modules.conv.Conv                   [256, 512, 3, 2]              
  8                  -1  1   1095680  ednet.nn.modules.block.C2f_FCA               [512, 512, 1, True]           
  9                  -1  1    656896  ednet.nn.modules.block.SPPF                  [512, 512, 5]                 
 10                  -1  1    990976  ednet.nn.modules.block.PSA                   [512, 512]                    
 11                  -1  1         0  torch.nn.modules.upsampling.Upsample         [None, 2, 'nearest']          
 12             [-1, 6]  1         0  ednet.nn.modules.conv.Concat                 [1]                           
 13                  -1  1    591360  ednet.nn.modules.block.C2f                   [768, 256, 1]                 
 14                  -1  1         0  torch.nn.modules.upsampling.Upsample         [None, 2, 'nearest']          
 15             [-1, 4]  1         0  ednet.nn.modules.conv.Concat                 [1]                           
 16                  -1  1    148224  ednet.nn.modules.block.C2f                   [384, 128, 1]                 
 17                  -1  1         0  torch.nn.modules.upsampling.Upsample         [None, 2, 'nearest']          
 18             [-1, 2]  1         0  ednet.nn.modules.conv.Concat                 [1]                           
 19                  -1  1     37248  ednet.nn.modules.block.C2f                   [192, 64, 1]                  
 20                  -1  1     36992  ednet.nn.modules.conv.Conv                   [64, 64, 3, 2]                
 21            [-1, 16]  1         0  ednet.nn.modules.conv.Concat                 [1]                           
 22                  -1  1    123648  ednet.nn.modules.block.C2f                   [192, 128, 1]                 
 23                  -1  1    147712  ednet.nn.modules.conv.Conv                   [128, 128, 3, 2]              
 24            [-1, 13]  1         0  ednet.nn.modules.conv.Concat                 [1]                           
 25                  -1  1    493056  ednet.nn.modules.block.C2f                   [384, 256, 1]                 
 26                  -1  1     68864  ednet.nn.modules.block.SCDown                [256, 256, 3, 2]              
 27             [-1, 9]  1         0  ednet.nn.modules.conv.Concat                 [1]                           
 28                  -1  1   1089536  ednet.nn.modules.block.C2fCIB                [768, 512, 1, True, True]     
 29    [19, 22, 25, 28]  1   1621664  ednet.nn.modules.head.v10Detect              [2, [64, 128, 256, 512]]      
ednet-s summary: 510 layers, 9,318,976 parameters, 9,318,960 gradients

Active classes for this stage: (0, 1)
Transferred 737/753 items from pretrained weights
[34m[1mTensorBoard: [0mStart with 'tensorboard --logdir /home/ddwilde/scriptie/runs/dota_pseudo/stage1-pseudo', view at http://localhost:6006/
Freezing layer 'model.29.dfl.conv.weight'
[34m[1mAMP: [0mrunning Automatic Mixed Precision (AMP) checks with YOLOv8n...
[34m[1mAMP: [0mchecks passed ✅
Plotting labels to /home/ddwilde/scriptie/runs/dota_pseudo/stage1-pseudo/labels.jpg... 
[34m[1moptimizer:[0m 'optimizer=auto' found, ignoring 'lr0=0.01' and 'momentum=0.937' and determining best 'optimizer', 'lr0' and 'momentum' automatically... 
[34m[1moptimizer:[0m AdamW(lr=0.001667, momentum=0.9) with parameter groups 117 weight(decay=0.0), 145 weight(decay=0.0005), 139 bias(decay=0.0)
Trainable params: 401 tensors (9318960 weights). Top trainable=[('model.7.conv.weight', 1179648), ('model.9.cv2.conv.weight', 524288), ('model.8.cv2.conv.weight', 393216), ('model.28.cv1.conv.weight', 393216), ('model.28.cv2.conv.weight', 393216), ('model.5.conv.weight', 294912), ('model.29.cv2.3.0.conv.weight', 294912), ('model.29.one2one_cv2.3.0.conv.weight', 294912), ('model.8.cv1.conv.weight', 262144), ('model.10.cv1.conv.weight', 262144), ('model.10.cv2.conv.weight', 262144), ('model.13.cv1.conv.weight', 196608), ('model.13.m.0.cv1.conv.weight', 147456), ('model.13.m.0.cv2.conv.weight', 147456), ('model.23.conv.weight', 147456), ('model.25.m.0.cv1.conv.weight', 147456), ('model.25.m.0.cv2.conv.weight', 147456), ('model.29.cv2.2.0.conv.weight', 147456), ('model.29.one2one_cv2.2.0.conv.weight', 147456), ('model.6.cv2.conv.weight', 131072)]
[34m[1mTensorBoard: [0mmodel graph visualization added ✅
Image sizes 640 train, 640 val
Using 8 dataloader workers
Logging results to [1m/home/ddwilde/scriptie/runs/dota_pseudo/stage1-pseudo[0m
Starting training for 50 epochs...

      Epoch    GPU_mem   box_loss   cls_loss   dfl_loss  Instances       Size
Limiting positives to classes (0, 1)
Limiting positives to classes (0, 1)
Limiting positives to classes (0, 1)
Limiting positives to classes (0, 1)
No positive cells found.
No positive cells found.
                   all        186       8357      0.329      0.373       0.24      0.109

      Epoch    GPU_mem   box_loss   cls_loss   dfl_loss  Instances       Size
No positive cells found.
No positive cells found.
                   all        186       8357      0.384       0.37      0.287      0.161

      Epoch    GPU_mem   box_loss   cls_loss   dfl_loss  Instances       Size
No positive cells found.
No positive cells found.
                   all        186       8357      0.474      0.482        0.4      0.226

      Epoch    GPU_mem   box_loss   cls_loss   dfl_loss  Instances       Size
No positive cells found.
No positive cells found.
                   all        186       8357      0.522      0.493      0.423      0.232

      Epoch    GPU_mem   box_loss   cls_loss   dfl_loss  Instances       Size
No positive cells found.
No positive cells found.
                   all        186       8357        0.6      0.511      0.509      0.293

      Epoch    GPU_mem   box_loss   cls_loss   dfl_loss  Instances       Size
No positive cells found.
No positive cells found.
                   all        186       8357      0.601      0.518      0.509      0.293

      Epoch    GPU_mem   box_loss   cls_loss   dfl_loss  Instances       Size
No positive cells found.
No positive cells found.
                   all        186       8357      0.619      0.509      0.512      0.285

      Epoch    GPU_mem   box_loss   cls_loss   dfl_loss  Instances       Size
No positive cells found.
No positive cells found.
                   all        186       8357      0.645      0.568      0.565      0.329

      Epoch    GPU_mem   box_loss   cls_loss   dfl_loss  Instances       Size
No positive cells found.
No positive cells found.
                   all        186       8357      0.655      0.561      0.563      0.321

      Epoch    GPU_mem   box_loss   cls_loss   dfl_loss  Instances       Size
No positive cells found.
No positive cells found.
                   all        186       8357      0.611      0.532      0.524      0.308

      Epoch    GPU_mem   box_loss   cls_loss   dfl_loss  Instances       Size
No positive cells found.
No positive cells found.
                   all        186       8357      0.659      0.563      0.574      0.334

      Epoch    GPU_mem   box_loss   cls_loss   dfl_loss  Instances       Size
No positive cells found.
No positive cells found.
                   all        186       8357      0.704      0.554      0.587      0.336

      Epoch    GPU_mem   box_loss   cls_loss   dfl_loss  Instances       Size
No positive cells found.
No positive cells found.
                   all        186       8357      0.704      0.573      0.607       0.36

      Epoch    GPU_mem   box_loss   cls_loss   dfl_loss  Instances       Size
No positive cells found.
No positive cells found.
                   all        186       8357      0.695      0.582      0.608      0.357

      Epoch    GPU_mem   box_loss   cls_loss   dfl_loss  Instances       Size
No positive cells found.
No positive cells found.
                   all        186       8357      0.685      0.583      0.605      0.348

      Epoch    GPU_mem   box_loss   cls_loss   dfl_loss  Instances       Size
No positive cells found.
No positive cells found.
                   all        186       8357      0.697      0.584      0.615      0.363

      Epoch    GPU_mem   box_loss   cls_loss   dfl_loss  Instances       Size
No positive cells found.
No positive cells found.
                   all        186       8357      0.716      0.603      0.628      0.373

      Epoch    GPU_mem   box_loss   cls_loss   dfl_loss  Instances       Size
No positive cells found.
No positive cells found.
                   all        186       8357      0.693      0.576      0.612      0.359

      Epoch    GPU_mem   box_loss   cls_loss   dfl_loss  Instances       Size
No positive cells found.
No positive cells found.
                   all        186       8357      0.706      0.577      0.611      0.349

      Epoch    GPU_mem   box_loss   cls_loss   dfl_loss  Instances       Size
No positive cells found.
No positive cells found.
                   all        186       8357      0.719      0.594      0.627      0.377

      Epoch    GPU_mem   box_loss   cls_loss   dfl_loss  Instances       Size
No positive cells found.
No positive cells found.
                   all        186       8357      0.754      0.597      0.629      0.385

      Epoch    GPU_mem   box_loss   cls_loss   dfl_loss  Instances       Size
No positive cells found.
No positive cells found.
                   all        186       8357       0.75      0.595      0.633      0.383

      Epoch    GPU_mem   box_loss   cls_loss   dfl_loss  Instances       Size
No positive cells found.
No positive cells found.
                   all        186       8357      0.753      0.617      0.656      0.408

      Epoch    GPU_mem   box_loss   cls_loss   dfl_loss  Instances       Size
No positive cells found.
No positive cells found.
                   all        186       8357      0.722      0.613      0.637      0.383

      Epoch    GPU_mem   box_loss   cls_loss   dfl_loss  Instances       Size
No positive cells found.
No positive cells found.
                   all        186       8357      0.735      0.621      0.648      0.401

      Epoch    GPU_mem   box_loss   cls_loss   dfl_loss  Instances       Size
No positive cells found.
No positive cells found.
                   all        186       8357      0.741      0.619      0.646      0.388

      Epoch    GPU_mem   box_loss   cls_loss   dfl_loss  Instances       Size
No positive cells found.
No positive cells found.
                   all        186       8357      0.723      0.615      0.643      0.395

      Epoch    GPU_mem   box_loss   cls_loss   dfl_loss  Instances       Size
No positive cells found.
No positive cells found.
                   all        186       8357      0.735      0.627      0.655      0.397

      Epoch    GPU_mem   box_loss   cls_loss   dfl_loss  Instances       Size
No positive cells found.
No positive cells found.
                   all        186       8357       0.74      0.626      0.649      0.399

      Epoch    GPU_mem   box_loss   cls_loss   dfl_loss  Instances       Size
No positive cells found.
No positive cells found.
                   all        186       8357      0.714      0.615      0.636      0.386

      Epoch    GPU_mem   box_loss   cls_loss   dfl_loss  Instances       Size
No positive cells found.
No positive cells found.
                   all        186       8357      0.734      0.639      0.659      0.399

      Epoch    GPU_mem   box_loss   cls_loss   dfl_loss  Instances       Size
No positive cells found.
No positive cells found.
                   all        186       8357      0.721      0.603      0.635      0.383

      Epoch    GPU_mem   box_loss   cls_loss   dfl_loss  Instances       Size
No positive cells found.
No positive cells found.
                   all        186       8357      0.721      0.637      0.647      0.398

      Epoch    GPU_mem   box_loss   cls_loss   dfl_loss  Instances       Size
No positive cells found.
No positive cells found.
                   all        186       8357      0.758      0.627      0.666      0.411

      Epoch    GPU_mem   box_loss   cls_loss   dfl_loss  Instances       Size
No positive cells found.
No positive cells found.
                   all        186       8357      0.735      0.633      0.656      0.409

      Epoch    GPU_mem   box_loss   cls_loss   dfl_loss  Instances       Size
No positive cells found.
No positive cells found.
                   all        186       8357      0.746      0.631      0.659      0.408

      Epoch    GPU_mem   box_loss   cls_loss   dfl_loss  Instances       Size
No positive cells found.
No positive cells found.
                   all        186       8357      0.752      0.635      0.664      0.403

      Epoch    GPU_mem   box_loss   cls_loss   dfl_loss  Instances       Size
No positive cells found.
No positive cells found.
                   all        186       8357      0.725      0.618      0.648      0.401

      Epoch    GPU_mem   box_loss   cls_loss   dfl_loss  Instances       Size
No positive cells found.
No positive cells found.
                   all        186       8357      0.735      0.628      0.655      0.408

      Epoch    GPU_mem   box_loss   cls_loss   dfl_loss  Instances       Size
No positive cells found.
No positive cells found.
                   all        186       8357      0.746      0.632      0.662      0.413
Closing dataloader mosaic

      Epoch    GPU_mem   box_loss   cls_loss   dfl_loss  Instances       Size
No positive cells found.
No positive cells found.
                   all        186       8357      0.748      0.632      0.663      0.415

      Epoch    GPU_mem   box_loss   cls_loss   dfl_loss  Instances       Size
No positive cells found.
No positive cells found.
                   all        186       8357      0.751      0.633      0.661      0.412

      Epoch    GPU_mem   box_loss   cls_loss   dfl_loss  Instances       Size
No positive cells found.
No positive cells found.
                   all        186       8357      0.734      0.609      0.646      0.415

      Epoch    GPU_mem   box_loss   cls_loss   dfl_loss  Instances       Size
No positive cells found.
No positive cells found.
                   all        186       8357      0.764      0.622      0.667      0.422

      Epoch    GPU_mem   box_loss   cls_loss   dfl_loss  Instances       Size
No positive cells found.
No positive cells found.
                   all        186       8357      0.748      0.632      0.669      0.422

      Epoch    GPU_mem   box_loss   cls_loss   dfl_loss  Instances       Size
No positive cells found.
No positive cells found.
                   all        186       8357      0.749      0.636      0.667      0.418

      Epoch    GPU_mem   box_loss   cls_loss   dfl_loss  Instances       Size
No positive cells found.
No positive cells found.
                   all        186       8357      0.745       0.64      0.667      0.415

      Epoch    GPU_mem   box_loss   cls_loss   dfl_loss  Instances       Size
No positive cells found.
No positive cells found.
                   all        186       8357      0.748       0.64      0.673      0.422

      Epoch    GPU_mem   box_loss   cls_loss   dfl_loss  Instances       Size
No positive cells found.
No positive cells found.
                   all        186       8357      0.756      0.636      0.673      0.425

      Epoch    GPU_mem   box_loss   cls_loss   dfl_loss  Instances       Size
No positive cells found.
No positive cells found.
                   all        186       8357      0.747      0.638      0.672      0.425

50 epochs completed in 0.308 hours.
Optimizer stripped from /home/ddwilde/scriptie/runs/dota_pseudo/stage1-pseudo/weights/last.pt, 19.1MB
Optimizer stripped from /home/ddwilde/scriptie/runs/dota_pseudo/stage1-pseudo/weights/best.pt, 19.1MB

Validating /home/ddwilde/scriptie/runs/dota_pseudo/stage1-pseudo/weights/best.pt...
EDNet 1.0 ✅ Python-3.10.4 ✅ torch-2.8.0+cu128 ✅CUDA:0 (NVIDIA A100-SXM4-40GB, 40441MiB)
ednet-s summary (fused): 394 layers, 9,295,008 parameters, 0 gradients
                   all        186       8357      0.756      0.636      0.673      0.425
         small-vehicle         89       5547      0.685      0.532      0.565      0.307
         large-vehicle         73       2810      0.827       0.74      0.782      0.544
Speed: 1.0ms preprocess, 3.2ms inference, 0.0ms loss, 0.1ms postprocess per image
Results saved to [1m/home/ddwilde/scriptie/runs/dota_pseudo/stage1-pseudo[0m
Training finished. Results saved in: /home/ddwilde/scriptie/runs/dota_pseudo/stage1-pseudo
Found 182 images in /home/ddwilde/scriptie/datasets/dota_stages/stage2/train/images
Loading model from /home/ddwilde/scriptie/runs/dota_pseudo/stage1-pseudo/weights/best.pt ...
Generating pseudo-labels | prev_classes=[0, 1] | conf=0.5 | conflict_iou=0.5

Done.
  Kept pseudo-detections : 345
  Dropped (low conf)     : 0
  Dropped (GT conflict)  : 0
  Output directory       : /home/ddwilde/scriptie/runs/dota_pseudo/pseudo_labels/stage2
EDNet 1.0 ✅ Python-3.10.4 ✅ torch-2.8.0+cu128 ✅CUDA:0 (NVIDIA A100-SXM4-40GB, 40441MiB)
[34m[1mengine/trainer: [0mtask=detect, mode=train, model=/home/ddwilde/scriptie/runs/dota_pseudo/stage1-pseudo/weights/best.pt, data=/home/ddwilde/scriptie/yaml/DOTA-stage2.yaml, epochs=50, time=None, patience=100, batch=4, imgsz=640, save=True, save_period=-1, cache=False, device=None, workers=8, project=/home/ddwilde/scriptie/runs/dota_pseudo, name=stage2-pseudo, exist_ok=False, pretrained=True, optimizer=auto, verbose=True, seed=0, deterministic=True, single_cls=False, rect=False, cos_lr=False, close_mosaic=10, resume=False, amp=True, fraction=1.0, profile=False, freeze=None, multi_scale=False, continual={'enable': False, 'batches': [], 'adapter_strategy': 'last', 'save_history': True}, replay={'enable': False, 'tap_layers': {'P2': 19, 'P3': 22, 'P4': 25}, 'tiny_max_pixels': 128, 'context_scale': 1.5, 'buffer_per_class': 64, 'sample_per_batch': 16, 'loss_weight': 1.0, 'scale_weighting': 'stride', 'store_dir': 'replay', 'buffer_file': 'buffer.pt', 'init_buffer': None, 'carryover_growth': 1.5, 'memory_dir': None, 'memory_ratio': 0.25, 'prototypes': {'num_fine': 4, 'use_coarse': True, 'ema_alpha': 0.05, 'init_sim_thresh': 0.9, 'gate_min_cos': 0.0, 'init_strategy': 'first_k', 'weight_by_count': False}, 'box': {'enable': False, 'loss_weight': 1.0, 'buffer_file': 'box_buffer.pt', 'init_buffer': None}}, kd={'enable': False, 'lambda_cls': 1.0, 'lambda_bbox': 1.0, 'top_k': 10, 'teacher_weights': None, 'teacher_nc': None, 'debug_batches': 10}, stage={'active_classes': [2, 3], 'prev_classes': [0, 1], 'pseudo_labels_dir': '/home/ddwilde/scriptie/runs/dota_pseudo/pseudo_labels/stage2'}, overlap_mask=True, mask_ratio=4, dropout=0.0, val=True, split=val, save_json=False, save_hybrid=False, conf=None, iou=0.7, max_det=300, half=False, dnn=False, plots=True, per_class_tb_interval=1, source=None, vid_stride=1, stream_buffer=False, visualize=False, augment=False, agnostic_nms=False, classes=None, retina_masks=False, embed=None, show=False, save_frames=False, save_txt=False, save_conf=False, save_crop=False, show_labels=True, show_conf=True, show_boxes=True, line_width=None, format=torchscript, keras=False, optimize=False, int8=False, dynamic=False, simplify=False, opset=None, workspace=4, nms=False, lr0=0.01, lrf=0.01, momentum=0.937, weight_decay=0.0005, warmup_epochs=3.0, warmup_momentum=0.8, warmup_bias_lr=0.1, box=7.5, cls=0.5, dfl=1.5, pose=12.0, kobj=1.0, label_smoothing=0.0, nbs=64, hsv_h=0.015, hsv_s=0.7, hsv_v=0.4, degrees=0.0, translate=0.1, scale=0.5, shear=0.0, perspective=0.0, flipud=0.0, fliplr=0.5, bgr=0.0, mosaic=1.0, mixup=0.0, copy_paste=0.0, auto_augment=randaugment, erasing=0.4, crop_fraction=1.0, cfg=None, tracker=botsort.yaml, save_dir=/home/ddwilde/scriptie/runs/dota_pseudo/stage2-pseudo
Overriding model.yaml nc=2 with nc=4

                   from  n    params  module                                       arguments                     
  0                  -1  1       928  ednet.nn.modules.conv.Conv                   [3, 32, 3, 2]                 
  1                  -1  1     18560  ednet.nn.modules.conv.Conv                   [32, 64, 3, 2]                
  2                  -1  1     29056  ednet.nn.modules.block.C2f                   [64, 64, 1, True]             
  3                  -1  1     73984  ednet.nn.modules.conv.Conv                   [64, 128, 3, 2]               
  4                  -1  2    197632  ednet.nn.modules.block.C2f                   [128, 128, 2, True]           
  5                  -1  1    295424  ednet.nn.modules.conv.Conv                   [128, 256, 3, 2]              
  6                  -1  2    420864  ednet.nn.modules.block.C2f_FCA               [256, 256, 2, True]           
  7                  -1  1   1180672  ednet.nn.modules.conv.Conv                   [256, 512, 3, 2]              
  8                  -1  1   1095680  ednet.nn.modules.block.C2f_FCA               [512, 512, 1, True]           
  9                  -1  1    656896  ednet.nn.modules.block.SPPF                  [512, 512, 5]                 
 10                  -1  1    990976  ednet.nn.modules.block.PSA                   [512, 512]                    
 11                  -1  1         0  torch.nn.modules.upsampling.Upsample         [None, 2, 'nearest']          
 12             [-1, 6]  1         0  ednet.nn.modules.conv.Concat                 [1]                           
 13                  -1  1    591360  ednet.nn.modules.block.C2f                   [768, 256, 1]                 
 14                  -1  1         0  torch.nn.modules.upsampling.Upsample         [None, 2, 'nearest']          
 15             [-1, 4]  1         0  ednet.nn.modules.conv.Concat                 [1]                           
 16                  -1  1    148224  ednet.nn.modules.block.C2f                   [384, 128, 1]                 
 17                  -1  1         0  torch.nn.modules.upsampling.Upsample         [None, 2, 'nearest']          
 18             [-1, 2]  1         0  ednet.nn.modules.conv.Concat                 [1]                           
 19                  -1  1     37248  ednet.nn.modules.block.C2f                   [192, 64, 1]                  
 20                  -1  1     36992  ednet.nn.modules.conv.Conv                   [64, 64, 3, 2]                
 21            [-1, 16]  1         0  ednet.nn.modules.conv.Concat                 [1]                           
 22                  -1  1    123648  ednet.nn.modules.block.C2f                   [192, 128, 1]                 
 23                  -1  1    147712  ednet.nn.modules.conv.Conv                   [128, 128, 3, 2]              
 24            [-1, 13]  1         0  ednet.nn.modules.conv.Concat                 [1]                           
 25                  -1  1    493056  ednet.nn.modules.block.C2f                   [384, 256, 1]                 
 26                  -1  1     68864  ednet.nn.modules.block.SCDown                [256, 256, 3, 2]              
 27             [-1, 9]  1         0  ednet.nn.modules.conv.Concat                 [1]                           
 28                  -1  1   1089536  ednet.nn.modules.block.C2fCIB                [768, 512, 1, True, True]     
 29    [19, 22, 25, 28]  1   1622704  ednet.nn.modules.head.v10Detect              [4, [64, 128, 256, 512]]      
ednet-s summary: 510 layers, 9,320,016 parameters, 9,320,000 gradients

Active classes for this stage: (2, 3)
Replay/previous classes for this stage: (0, 1)
Pseudo-labels active: extended active_classes → (0, 1, 2, 3)
Transferred 737/753 items from pretrained weights
[34m[1mTensorBoard: [0mStart with 'tensorboard --logdir /home/ddwilde/scriptie/runs/dota_pseudo/stage2-pseudo', view at http://localhost:6006/
Freezing layer 'model.29.dfl.conv.weight'
[34m[1mAMP: [0mrunning Automatic Mixed Precision (AMP) checks with YOLOv8n...
[34m[1mAMP: [0mchecks passed ✅
Plotting labels to /home/ddwilde/scriptie/runs/dota_pseudo/stage2-pseudo/labels.jpg... 
[34m[1moptimizer:[0m 'optimizer=auto' found, ignoring 'lr0=0.01' and 'momentum=0.937' and determining best 'optimizer', 'lr0' and 'momentum' automatically... 
[34m[1moptimizer:[0m AdamW(lr=0.00125, momentum=0.9) with parameter groups 117 weight(decay=0.0), 145 weight(decay=0.0005), 139 bias(decay=0.0)
Trainable params: 401 tensors (9320000 weights). Top trainable=[('model.7.conv.weight', 1179648), ('model.9.cv2.conv.weight', 524288), ('model.8.cv2.conv.weight', 393216), ('model.28.cv1.conv.weight', 393216), ('model.28.cv2.conv.weight', 393216), ('model.5.conv.weight', 294912), ('model.29.cv2.3.0.conv.weight', 294912), ('model.29.one2one_cv2.3.0.conv.weight', 294912), ('model.8.cv1.conv.weight', 262144), ('model.10.cv1.conv.weight', 262144), ('model.10.cv2.conv.weight', 262144), ('model.13.cv1.conv.weight', 196608), ('model.13.m.0.cv1.conv.weight', 147456), ('model.13.m.0.cv2.conv.weight', 147456), ('model.23.conv.weight', 147456), ('model.25.m.0.cv1.conv.weight', 147456), ('model.25.m.0.cv2.conv.weight', 147456), ('model.29.cv2.2.0.conv.weight', 147456), ('model.29.one2one_cv2.2.0.conv.weight', 147456), ('model.6.cv2.conv.weight', 131072)]
[34m[1mTensorBoard: [0mmodel graph visualization added ✅
Image sizes 640 train, 640 val
Using 8 dataloader workers
Logging results to [1m/home/ddwilde/scriptie/runs/dota_pseudo/stage2-pseudo[0m
Starting training for 50 epochs...

      Epoch    GPU_mem   box_loss   cls_loss   dfl_loss  Instances       Size
Limiting positives to classes (0, 1, 2, 3)
Replay targets limited to previous classes (0, 1)
Limiting positives to classes (0, 1, 2, 3)
Replay targets limited to previous classes (0, 1)
Replay tap config not set; GT-driven replay skipped for this batch.
Replay tap config not set; GT-driven replay skipped for this batch.
Limiting positives to classes (0, 1, 2, 3)
Replay targets limited to previous classes (0, 1)
Limiting positives to classes (0, 1, 2, 3)
Replay targets limited to previous classes (0, 1)
Replay tap config not set; GT-driven replay skipped for this batch.
Replay tap config not set; GT-driven replay skipped for this batch.
No positive cells found.
No positive cells found.
                   all        186      10109     0.0232     0.0929     0.0304      0.013

      Epoch    GPU_mem   box_loss   cls_loss   dfl_loss  Instances       Size
No positive cells found.
No positive cells found.
                   all        186      10109     0.0299     0.0745     0.0238    0.00926

      Epoch    GPU_mem   box_loss   cls_loss   dfl_loss  Instances       Size
No positive cells found.
No positive cells found.
                   all        186      10109     0.0383      0.155     0.0315     0.0127

      Epoch    GPU_mem   box_loss   cls_loss   dfl_loss  Instances       Size
No positive cells found.
No positive cells found.
                   all        186      10109     0.0526     0.0513     0.0318     0.0134

      Epoch    GPU_mem   box_loss   cls_loss   dfl_loss  Instances       Size
No positive cells found.
No positive cells found.
                   all        186      10109      0.704     0.0517     0.0362     0.0174

      Epoch    GPU_mem   box_loss   cls_loss   dfl_loss  Instances       Size
No positive cells found.
No positive cells found.
                   all        186      10109      0.809     0.0564     0.0453     0.0219

      Epoch    GPU_mem   box_loss   cls_loss   dfl_loss  Instances       Size
No positive cells found.
No positive cells found.
                   all        186      10109      0.814     0.0663      0.052     0.0239

      Epoch    GPU_mem   box_loss   cls_loss   dfl_loss  Instances       Size
No positive cells found.
No positive cells found.
                   all        186      10109      0.815     0.0805     0.0644     0.0291

      Epoch    GPU_mem   box_loss   cls_loss   dfl_loss  Instances       Size
No positive cells found.
No positive cells found.
                   all        186      10109      0.813     0.0856     0.0604     0.0277

      Epoch    GPU_mem   box_loss   cls_loss   dfl_loss  Instances       Size
No positive cells found.
No positive cells found.
                   all        186      10109      0.843     0.0922     0.0838     0.0398

      Epoch    GPU_mem   box_loss   cls_loss   dfl_loss  Instances       Size
No positive cells found.
No positive cells found.
                   all        186      10109      0.865      0.103      0.105     0.0513

      Epoch    GPU_mem   box_loss   cls_loss   dfl_loss  Instances       Size
No positive cells found.
No positive cells found.
                   all        186      10109      0.874     0.0927      0.102     0.0498

      Epoch    GPU_mem   box_loss   cls_loss   dfl_loss  Instances       Size
No positive cells found.
No positive cells found.
                   all        186      10109      0.848     0.0906     0.0849     0.0433

      Epoch    GPU_mem   box_loss   cls_loss   dfl_loss  Instances       Size
No positive cells found.
No positive cells found.
                   all        186      10109      0.896      0.104      0.117     0.0591

      Epoch    GPU_mem   box_loss   cls_loss   dfl_loss  Instances       Size
No positive cells found.
No positive cells found.
                   all        186      10109      0.908      0.119      0.139     0.0756

      Epoch    GPU_mem   box_loss   cls_loss   dfl_loss  Instances       Size
No positive cells found.
No positive cells found.
                   all        186      10109      0.903      0.121      0.137     0.0762

      Epoch    GPU_mem   box_loss   cls_loss   dfl_loss  Instances       Size
No positive cells found.
No positive cells found.
                   all        186      10109      0.642      0.113      0.125     0.0654

      Epoch    GPU_mem   box_loss   cls_loss   dfl_loss  Instances       Size
No positive cells found.
No positive cells found.
                   all        186      10109      0.896      0.117      0.134      0.073

      Epoch    GPU_mem   box_loss   cls_loss   dfl_loss  Instances       Size
No positive cells found.
No positive cells found.
                   all        186      10109      0.642      0.114       0.13     0.0684

      Epoch    GPU_mem   box_loss   cls_loss   dfl_loss  Instances       Size
No positive cells found.
No positive cells found.
                   all        186      10109      0.911      0.124       0.15     0.0821

      Epoch    GPU_mem   box_loss   cls_loss   dfl_loss  Instances       Size
No positive cells found.
No positive cells found.
                   all        186      10109      0.915      0.127      0.173      0.093

      Epoch    GPU_mem   box_loss   cls_loss   dfl_loss  Instances       Size
No positive cells found.
No positive cells found.
                   all        186      10109      0.903      0.121      0.161     0.0895

      Epoch    GPU_mem   box_loss   cls_loss   dfl_loss  Instances       Size
No positive cells found.
No positive cells found.
                   all        186      10109      0.917      0.119      0.184     0.0965

      Epoch    GPU_mem   box_loss   cls_loss   dfl_loss  Instances       Size
No positive cells found.
No positive cells found.
                   all        186      10109      0.925      0.132      0.204      0.116

      Epoch    GPU_mem   box_loss   cls_loss   dfl_loss  Instances       Size
No positive cells found.
No positive cells found.
                   all        186      10109      0.935      0.138      0.214       0.12

      Epoch    GPU_mem   box_loss   cls_loss   dfl_loss  Instances       Size
No positive cells found.
No positive cells found.
                   all        186      10109      0.931       0.14      0.211      0.113

      Epoch    GPU_mem   box_loss   cls_loss   dfl_loss  Instances       Size
No positive cells found.
No positive cells found.
                   all        186      10109      0.933      0.144      0.227      0.124

      Epoch    GPU_mem   box_loss   cls_loss   dfl_loss  Instances       Size
No positive cells found.
No positive cells found.
                   all        186      10109      0.938      0.155      0.237      0.126

      Epoch    GPU_mem   box_loss   cls_loss   dfl_loss  Instances       Size
No positive cells found.
No positive cells found.
                   all        186      10109      0.935      0.138       0.23      0.122

      Epoch    GPU_mem   box_loss   cls_loss   dfl_loss  Instances       Size
No positive cells found.
No positive cells found.
                   all        186      10109      0.946      0.141      0.244       0.13

      Epoch    GPU_mem   box_loss   cls_loss   dfl_loss  Instances       Size
No positive cells found.
No positive cells found.
                   all        186      10109       0.94      0.149      0.237      0.129

      Epoch    GPU_mem   box_loss   cls_loss   dfl_loss  Instances       Size
No positive cells found.
No positive cells found.
                   all        186      10109      0.934      0.142      0.224      0.116

      Epoch    GPU_mem   box_loss   cls_loss   dfl_loss  Instances       Size
No positive cells found.
No positive cells found.
                   all        186      10109      0.946      0.142      0.233      0.126

      Epoch    GPU_mem   box_loss   cls_loss   dfl_loss  Instances       Size
No positive cells found.
No positive cells found.
                   all        186      10109      0.729      0.223      0.239      0.131

      Epoch    GPU_mem   box_loss   cls_loss   dfl_loss  Instances       Size
No positive cells found.
No positive cells found.
                   all        186      10109      0.781      0.215      0.253      0.138

      Epoch    GPU_mem   box_loss   cls_loss   dfl_loss  Instances       Size
No positive cells found.
No positive cells found.
                   all        186      10109      0.757      0.212      0.246      0.133

      Epoch    GPU_mem   box_loss   cls_loss   dfl_loss  Instances       Size
No positive cells found.
No positive cells found.
                   all        186      10109      0.725      0.218      0.237      0.128

      Epoch    GPU_mem   box_loss   cls_loss   dfl_loss  Instances       Size
No positive cells found.
No positive cells found.
                   all        186      10109      0.567       0.22      0.231      0.126

      Epoch    GPU_mem   box_loss   cls_loss   dfl_loss  Instances       Size
No positive cells found.
No positive cells found.
                   all        186      10109      0.542      0.232      0.229      0.129

      Epoch    GPU_mem   box_loss   cls_loss   dfl_loss  Instances       Size
No positive cells found.
No positive cells found.
                   all        186      10109      0.627      0.229      0.232      0.126
Closing dataloader mosaic

      Epoch    GPU_mem   box_loss   cls_loss   dfl_loss  Instances       Size
No positive cells found.
No positive cells found.
                   all        186      10109      0.586      0.241      0.238      0.132

      Epoch    GPU_mem   box_loss   cls_loss   dfl_loss  Instances       Size
No positive cells found.
No positive cells found.
                   all        186      10109      0.567      0.244      0.238      0.133

      Epoch    GPU_mem   box_loss   cls_loss   dfl_loss  Instances       Size
No positive cells found.
No positive cells found.
                   all        186      10109      0.593      0.242      0.241      0.132

      Epoch    GPU_mem   box_loss   cls_loss   dfl_loss  Instances       Size
No positive cells found.
No positive cells found.
                   all        186      10109      0.861       0.16      0.239       0.13

      Epoch    GPU_mem   box_loss   cls_loss   dfl_loss  Instances       Size
No positive cells found.
No positive cells found.
                   all        186      10109      0.864       0.16      0.237      0.131

      Epoch    GPU_mem   box_loss   cls_loss   dfl_loss  Instances       Size
No positive cells found.
No positive cells found.
                   all        186      10109      0.874      0.158      0.236      0.131

      Epoch    GPU_mem   box_loss   cls_loss   dfl_loss  Instances       Size
No positive cells found.
No positive cells found.
                   all        186      10109      0.574      0.246      0.243      0.135

      Epoch    GPU_mem   box_loss   cls_loss   dfl_loss  Instances       Size
No positive cells found.
No positive cells found.
                   all        186      10109      0.595      0.247      0.249      0.138

      Epoch    GPU_mem   box_loss   cls_loss   dfl_loss  Instances       Size
No positive cells found.
No positive cells found.
                   all        186      10109      0.585      0.248      0.249      0.138

      Epoch    GPU_mem   box_loss   cls_loss   dfl_loss  Instances       Size
No positive cells found.
No positive cells found.
                   all        186      10109       0.59      0.246      0.249      0.138

50 epochs completed in 0.182 hours.
Optimizer stripped from /home/ddwilde/scriptie/runs/dota_pseudo/stage2-pseudo/weights/last.pt, 19.1MB
Optimizer stripped from /home/ddwilde/scriptie/runs/dota_pseudo/stage2-pseudo/weights/best.pt, 19.1MB

Validating /home/ddwilde/scriptie/runs/dota_pseudo/stage2-pseudo/weights/best.pt...
EDNet 1.0 ✅ Python-3.10.4 ✅ torch-2.8.0+cu128 ✅CUDA:0 (NVIDIA A100-SXM4-40GB, 40441MiB)
ednet-s summary (fused): 394 layers, 9,296,048 parameters, 0 gradients
                   all        186      10109      0.781      0.215      0.254      0.138
         small-vehicle         89       5547      0.628      0.148      0.266       0.12
         large-vehicle         73       2810          1          0     0.0626      0.033
                 plane         45       1720      0.494      0.711      0.684        0.4
            helicopter          5         32          1          0    0.00166   0.000726
Speed: 0.1ms preprocess, 2.6ms inference, 0.0ms loss, 0.1ms postprocess per image
Results saved to [1m/home/ddwilde/scriptie/runs/dota_pseudo/stage2-pseudo[0m
Training finished. Results saved in: /home/ddwilde/scriptie/runs/dota_pseudo/stage2-pseudo
Found 308 images in /home/ddwilde/scriptie/datasets/dota_stages/stage3/train/images
Loading model from /home/ddwilde/scriptie/runs/dota_pseudo/stage2-pseudo/weights/best.pt ...
Generating pseudo-labels | prev_classes=[0, 1, 2, 3] | conf=0.5 | conflict_iou=0.5

Done.
  Kept pseudo-detections : 245
  Dropped (low conf)     : 0
  Dropped (GT conflict)  : 173
  Output directory       : /home/ddwilde/scriptie/runs/dota_pseudo/pseudo_labels/stage3
EDNet 1.0 ✅ Python-3.10.4 ✅ torch-2.8.0+cu128 ✅CUDA:0 (NVIDIA A100-SXM4-40GB, 40441MiB)
[34m[1mengine/trainer: [0mtask=detect, mode=train, model=/home/ddwilde/scriptie/runs/dota_pseudo/stage2-pseudo/weights/best.pt, data=/home/ddwilde/scriptie/yaml/DOTA-stage3.yaml, epochs=50, time=None, patience=100, batch=4, imgsz=640, save=True, save_period=-1, cache=False, device=None, workers=8, project=/home/ddwilde/scriptie/runs/dota_pseudo, name=stage3-pseudo, exist_ok=False, pretrained=True, optimizer=auto, verbose=True, seed=0, deterministic=True, single_cls=False, rect=False, cos_lr=False, close_mosaic=10, resume=False, amp=True, fraction=1.0, profile=False, freeze=None, multi_scale=False, continual={'enable': False, 'batches': [], 'adapter_strategy': 'last', 'save_history': True}, replay={'enable': False, 'tap_layers': {'P2': 19, 'P3': 22, 'P4': 25}, 'tiny_max_pixels': 128, 'context_scale': 1.5, 'buffer_per_class': 64, 'sample_per_batch': 16, 'loss_weight': 1.0, 'scale_weighting': 'stride', 'store_dir': 'replay', 'buffer_file': 'buffer.pt', 'init_buffer': None, 'carryover_growth': 1.5, 'memory_dir': None, 'memory_ratio': 0.25, 'prototypes': {'num_fine': 4, 'use_coarse': True, 'ema_alpha': 0.05, 'init_sim_thresh': 0.9, 'gate_min_cos': 0.0, 'init_strategy': 'first_k', 'weight_by_count': False}, 'box': {'enable': False, 'loss_weight': 1.0, 'buffer_file': 'box_buffer.pt', 'init_buffer': None}}, kd={'enable': False, 'lambda_cls': 1.0, 'lambda_bbox': 1.0, 'top_k': 10, 'teacher_weights': None, 'teacher_nc': None, 'debug_batches': 10}, stage={'active_classes': [4], 'prev_classes': [0, 1, 2, 3], 'pseudo_labels_dir': '/home/ddwilde/scriptie/runs/dota_pseudo/pseudo_labels/stage3'}, overlap_mask=True, mask_ratio=4, dropout=0.0, val=True, split=val, save_json=False, save_hybrid=False, conf=None, iou=0.7, max_det=300, half=False, dnn=False, plots=True, per_class_tb_interval=1, source=None, vid_stride=1, stream_buffer=False, visualize=False, augment=False, agnostic_nms=False, classes=None, retina_masks=False, embed=None, show=False, save_frames=False, save_txt=False, save_conf=False, save_crop=False, show_labels=True, show_conf=True, show_boxes=True, line_width=None, format=torchscript, keras=False, optimize=False, int8=False, dynamic=False, simplify=False, opset=None, workspace=4, nms=False, lr0=0.01, lrf=0.01, momentum=0.937, weight_decay=0.0005, warmup_epochs=3.0, warmup_momentum=0.8, warmup_bias_lr=0.1, box=7.5, cls=0.5, dfl=1.5, pose=12.0, kobj=1.0, label_smoothing=0.0, nbs=64, hsv_h=0.015, hsv_s=0.7, hsv_v=0.4, degrees=0.0, translate=0.1, scale=0.5, shear=0.0, perspective=0.0, flipud=0.0, fliplr=0.5, bgr=0.0, mosaic=1.0, mixup=0.0, copy_paste=0.0, auto_augment=randaugment, erasing=0.4, crop_fraction=1.0, cfg=None, tracker=botsort.yaml, save_dir=/home/ddwilde/scriptie/runs/dota_pseudo/stage3-pseudo
Overriding model.yaml nc=4 with nc=5

                   from  n    params  module                                       arguments                     
  0                  -1  1       928  ednet.nn.modules.conv.Conv                   [3, 32, 3, 2]                 
  1                  -1  1     18560  ednet.nn.modules.conv.Conv                   [32, 64, 3, 2]                
  2                  -1  1     29056  ednet.nn.modules.block.C2f                   [64, 64, 1, True]             
  3                  -1  1     73984  ednet.nn.modules.conv.Conv                   [64, 128, 3, 2]               
  4                  -1  2    197632  ednet.nn.modules.block.C2f                   [128, 128, 2, True]           
  5                  -1  1    295424  ednet.nn.modules.conv.Conv                   [128, 256, 3, 2]              
  6                  -1  2    420864  ednet.nn.modules.block.C2f_FCA               [256, 256, 2, True]           
  7                  -1  1   1180672  ednet.nn.modules.conv.Conv                   [256, 512, 3, 2]              
  8                  -1  1   1095680  ednet.nn.modules.block.C2f_FCA               [512, 512, 1, True]           
  9                  -1  1    656896  ednet.nn.modules.block.SPPF                  [512, 512, 5]                 
 10                  -1  1    990976  ednet.nn.modules.block.PSA                   [512, 512]                    
 11                  -1  1         0  torch.nn.modules.upsampling.Upsample         [None, 2, 'nearest']          
 12             [-1, 6]  1         0  ednet.nn.modules.conv.Concat                 [1]                           
 13                  -1  1    591360  ednet.nn.modules.block.C2f                   [768, 256, 1]                 
 14                  -1  1         0  torch.nn.modules.upsampling.Upsample         [None, 2, 'nearest']          
 15             [-1, 4]  1         0  ednet.nn.modules.conv.Concat                 [1]                           
 16                  -1  1    148224  ednet.nn.modules.block.C2f                   [384, 128, 1]                 
 17                  -1  1         0  torch.nn.modules.upsampling.Upsample         [None, 2, 'nearest']          
 18             [-1, 2]  1         0  ednet.nn.modules.conv.Concat                 [1]                           
 19                  -1  1     37248  ednet.nn.modules.block.C2f                   [192, 64, 1]                  
 20                  -1  1     36992  ednet.nn.modules.conv.Conv                   [64, 64, 3, 2]                
 21            [-1, 16]  1         0  ednet.nn.modules.conv.Concat                 [1]                           
 22                  -1  1    123648  ednet.nn.modules.block.C2f                   [192, 128, 1]                 
 23                  -1  1    147712  ednet.nn.modules.conv.Conv                   [128, 128, 3, 2]              
 24            [-1, 13]  1         0  ednet.nn.modules.conv.Concat                 [1]                           
 25                  -1  1    493056  ednet.nn.modules.block.C2f                   [384, 256, 1]                 
 26                  -1  1     68864  ednet.nn.modules.block.SCDown                [256, 256, 3, 2]              
 27             [-1, 9]  1         0  ednet.nn.modules.conv.Concat                 [1]                           
 28                  -1  1   1089536  ednet.nn.modules.block.C2fCIB                [768, 512, 1, True, True]     
 29    [19, 22, 25, 28]  1   1623224  ednet.nn.modules.head.v10Detect              [5, [64, 128, 256, 512]]      
ednet-s summary: 510 layers, 9,320,536 parameters, 9,320,520 gradients

Active classes for this stage: (4,)
Replay/previous classes for this stage: (0, 1, 2, 3)
Pseudo-labels active: extended active_classes → (0, 1, 2, 3, 4)
Transferred 737/753 items from pretrained weights
[34m[1mTensorBoard: [0mStart with 'tensorboard --logdir /home/ddwilde/scriptie/runs/dota_pseudo/stage3-pseudo', view at http://localhost:6006/
Freezing layer 'model.29.dfl.conv.weight'
[34m[1mAMP: [0mrunning Automatic Mixed Precision (AMP) checks with YOLOv8n...
[34m[1mAMP: [0mchecks passed ✅
Plotting labels to /home/ddwilde/scriptie/runs/dota_pseudo/stage3-pseudo/labels.jpg... 
[34m[1moptimizer:[0m 'optimizer=auto' found, ignoring 'lr0=0.01' and 'momentum=0.937' and determining best 'optimizer', 'lr0' and 'momentum' automatically... 
[34m[1moptimizer:[0m AdamW(lr=0.001111, momentum=0.9) with parameter groups 117 weight(decay=0.0), 145 weight(decay=0.0005), 139 bias(decay=0.0)
Trainable params: 401 tensors (9320520 weights). Top trainable=[('model.7.conv.weight', 1179648), ('model.9.cv2.conv.weight', 524288), ('model.8.cv2.conv.weight', 393216), ('model.28.cv1.conv.weight', 393216), ('model.28.cv2.conv.weight', 393216), ('model.5.conv.weight', 294912), ('model.29.cv2.3.0.conv.weight', 294912), ('model.29.one2one_cv2.3.0.conv.weight', 294912), ('model.8.cv1.conv.weight', 262144), ('model.10.cv1.conv.weight', 262144), ('model.10.cv2.conv.weight', 262144), ('model.13.cv1.conv.weight', 196608), ('model.13.m.0.cv1.conv.weight', 147456), ('model.13.m.0.cv2.conv.weight', 147456), ('model.23.conv.weight', 147456), ('model.25.m.0.cv1.conv.weight', 147456), ('model.25.m.0.cv2.conv.weight', 147456), ('model.29.cv2.2.0.conv.weight', 147456), ('model.29.one2one_cv2.2.0.conv.weight', 147456), ('model.6.cv2.conv.weight', 131072)]
[34m[1mTensorBoard: [0mmodel graph visualization added ✅
Image sizes 640 train, 640 val
Using 8 dataloader workers
Logging results to [1m/home/ddwilde/scriptie/runs/dota_pseudo/stage3-pseudo[0m
Starting training for 50 epochs...

      Epoch    GPU_mem   box_loss   cls_loss   dfl_loss  Instances       Size
Limiting positives to classes (0, 1, 2, 3, 4)
Replay targets limited to previous classes (0, 1, 2, 3)
Limiting positives to classes (0, 1, 2, 3, 4)
Replay targets limited to previous classes (0, 1, 2, 3)
Replay tap config not set; GT-driven replay skipped for this batch.
Replay tap config not set; GT-driven replay skipped for this batch.
Limiting positives to classes (0, 1, 2, 3, 4)
Replay targets limited to previous classes (0, 1, 2, 3)
Limiting positives to classes (0, 1, 2, 3, 4)
Replay targets limited to previous classes (0, 1, 2, 3)
Replay tap config not set; GT-driven replay skipped for this batch.
Replay tap config not set; GT-driven replay skipped for this batch.
                   all        186      15849     0.0371     0.0884     0.0393     0.0194

      Epoch    GPU_mem   box_loss   cls_loss   dfl_loss  Instances       Size
                   all        186      15849       0.66     0.0606     0.0371     0.0162

      Epoch    GPU_mem   box_loss   cls_loss   dfl_loss  Instances       Size
                   all        186      15849       0.86     0.0652     0.0332     0.0131

      Epoch    GPU_mem   box_loss   cls_loss   dfl_loss  Instances       Size
                   all        186      15849      0.871     0.0763      0.046     0.0209

      Epoch    GPU_mem   box_loss   cls_loss   dfl_loss  Instances       Size
                   all        186      15849      0.667     0.0717     0.0472     0.0225

      Epoch    GPU_mem   box_loss   cls_loss   dfl_loss  Instances       Size
                   all        186      15849      0.501     0.0815     0.0816     0.0368

      Epoch    GPU_mem   box_loss   cls_loss   dfl_loss  Instances       Size
                   all        186      15849      0.906     0.0854     0.0834     0.0402

      Epoch    GPU_mem   box_loss   cls_loss   dfl_loss  Instances       Size
                   all        186      15849        0.9     0.0849     0.0867     0.0384

      Epoch    GPU_mem   box_loss   cls_loss   dfl_loss  Instances       Size
                   all        186      15849      0.911     0.0844     0.0893       0.04

      Epoch    GPU_mem   box_loss   cls_loss   dfl_loss  Instances       Size
                   all        186      15849      0.906     0.0853     0.0881     0.0409

      Epoch    GPU_mem   box_loss   cls_loss   dfl_loss  Instances       Size
                   all        186      15849      0.903     0.0889      0.103     0.0452

      Epoch    GPU_mem   box_loss   cls_loss   dfl_loss  Instances       Size
                   all        186      15849      0.703     0.0856     0.0811      0.038

      Epoch    GPU_mem   box_loss   cls_loss   dfl_loss  Instances       Size
                   all        186      15849      0.508      0.083     0.0747     0.0356

      Epoch    GPU_mem   box_loss   cls_loss   dfl_loss  Instances       Size
                   all        186      15849      0.709     0.0867     0.0941     0.0413

      Epoch    GPU_mem   box_loss   cls_loss   dfl_loss  Instances       Size
                   all        186      15849      0.509     0.0816     0.0813     0.0384

      Epoch    GPU_mem   box_loss   cls_loss   dfl_loss  Instances       Size
                   all        186      15849      0.503     0.0899     0.0771     0.0376

      Epoch    GPU_mem   box_loss   cls_loss   dfl_loss  Instances       Size
                   all        186      15849       0.51     0.0915     0.0885     0.0428

      Epoch    GPU_mem   box_loss   cls_loss   dfl_loss  Instances       Size
                   all        186      15849      0.492     0.0871     0.0686     0.0342

      Epoch    GPU_mem   box_loss   cls_loss   dfl_loss  Instances       Size
                   all        186      15849      0.316     0.0888      0.097     0.0479

      Epoch    GPU_mem   box_loss   cls_loss   dfl_loss  Instances       Size
                   all        186      15849      0.512      0.088     0.0919      0.045

      Epoch    GPU_mem   box_loss   cls_loss   dfl_loss  Instances       Size
                   all        186      15849      0.527     0.0905      0.104     0.0514

      Epoch    GPU_mem   box_loss   cls_loss   dfl_loss  Instances       Size
                   all        186      15849      0.525     0.0926      0.107     0.0531

      Epoch    GPU_mem   box_loss   cls_loss   dfl_loss  Instances       Size
                   all        186      15849      0.504     0.0881     0.0937     0.0465

      Epoch    GPU_mem   box_loss   cls_loss   dfl_loss  Instances       Size
                   all        186      15849      0.334     0.0907      0.113     0.0552

      Epoch    GPU_mem   box_loss   cls_loss   dfl_loss  Instances       Size
                   all        186      15849       0.33      0.089      0.116     0.0586

      Epoch    GPU_mem   box_loss   cls_loss   dfl_loss  Instances       Size
                   all        186      15849       0.52     0.0937      0.112     0.0543

      Epoch    GPU_mem   box_loss   cls_loss   dfl_loss  Instances       Size
                   all        186      15849       0.52     0.0895      0.109      0.055

      Epoch    GPU_mem   box_loss   cls_loss   dfl_loss  Instances       Size
                   all        186      15849      0.514      0.093      0.109     0.0548

      Epoch    GPU_mem   box_loss   cls_loss   dfl_loss  Instances       Size
                   all        186      15849      0.517     0.0901      0.108     0.0525

      Epoch    GPU_mem   box_loss   cls_loss   dfl_loss  Instances       Size
                   all        186      15849      0.517     0.0959       0.12     0.0574

      Epoch    GPU_mem   box_loss   cls_loss   dfl_loss  Instances       Size
                   all        186      15849       0.52     0.0917      0.117     0.0568

      Epoch    GPU_mem   box_loss   cls_loss   dfl_loss  Instances       Size
                   all        186      15849      0.399      0.128      0.127     0.0632

      Epoch    GPU_mem   box_loss   cls_loss   dfl_loss  Instances       Size
                   all        186      15849      0.389      0.134      0.131     0.0661

      Epoch    GPU_mem   box_loss   cls_loss   dfl_loss  Instances       Size
                   all        186      15849      0.387       0.13       0.13     0.0653

      Epoch    GPU_mem   box_loss   cls_loss   dfl_loss  Instances       Size
                   all        186      15849      0.392      0.131      0.129     0.0648

      Epoch    GPU_mem   box_loss   cls_loss   dfl_loss  Instances       Size
                   all        186      15849      0.405      0.128      0.131     0.0666

      Epoch    GPU_mem   box_loss   cls_loss   dfl_loss  Instances       Size
                   all        186      15849      0.416      0.126      0.127     0.0655

      Epoch    GPU_mem   box_loss   cls_loss   dfl_loss  Instances       Size
                   all        186      15849      0.406      0.129      0.132     0.0699

      Epoch    GPU_mem   box_loss   cls_loss   dfl_loss  Instances       Size
                   all        186      15849      0.397      0.141      0.138     0.0708

      Epoch    GPU_mem   box_loss   cls_loss   dfl_loss  Instances       Size
                   all        186      15849      0.399      0.146      0.146     0.0746
Closing dataloader mosaic

      Epoch    GPU_mem   box_loss   cls_loss   dfl_loss  Instances       Size
                   all        186      15849       0.43       0.13      0.137     0.0687

      Epoch    GPU_mem   box_loss   cls_loss   dfl_loss  Instances       Size
                   all        186      15849      0.416      0.121      0.125     0.0626

      Epoch    GPU_mem   box_loss   cls_loss   dfl_loss  Instances       Size
                   all        186      15849      0.406      0.125       0.13     0.0655

      Epoch    GPU_mem   box_loss   cls_loss   dfl_loss  Instances       Size
                   all        186      15849      0.415      0.128       0.13     0.0665

      Epoch    GPU_mem   box_loss   cls_loss   dfl_loss  Instances       Size
                   all        186      15849      0.401      0.132      0.131     0.0661

      Epoch    GPU_mem   box_loss   cls_loss   dfl_loss  Instances       Size
                   all        186      15849        0.4      0.139      0.137     0.0703

      Epoch    GPU_mem   box_loss   cls_loss   dfl_loss  Instances       Size
                   all        186      15849      0.402       0.14      0.139     0.0717

      Epoch    GPU_mem   box_loss   cls_loss   dfl_loss  Instances       Size
                   all        186      15849      0.403      0.137      0.141     0.0736

      Epoch    GPU_mem   box_loss   cls_loss   dfl_loss  Instances       Size
                   all        186      15849      0.407      0.137      0.143      0.074

      Epoch    GPU_mem   box_loss   cls_loss   dfl_loss  Instances       Size
                   all        186      15849      0.417      0.138      0.146     0.0753

50 epochs completed in 0.223 hours.
Optimizer stripped from /home/ddwilde/scriptie/runs/dota_pseudo/stage3-pseudo/weights/last.pt, 19.1MB
Optimizer stripped from /home/ddwilde/scriptie/runs/dota_pseudo/stage3-pseudo/weights/best.pt, 19.1MB

Validating /home/ddwilde/scriptie/runs/dota_pseudo/stage3-pseudo/weights/best.pt...
EDNet 1.0 ✅ Python-3.10.4 ✅ torch-2.8.0+cu128 ✅CUDA:0 (NVIDIA A100-SXM4-40GB, 40441MiB)
ednet-s summary (fused): 394 layers, 9,296,568 parameters, 0 gradients
                   all        186      15849      0.417      0.138      0.146     0.0753
         small-vehicle         89       5547          1          0          0          0
         large-vehicle         73       2810          0          0          0          0
                 plane         45       1720      0.604      0.159      0.253      0.126
            helicopter          5         32          0          0          0          0
                  ship         65       5740      0.484      0.533      0.477      0.251
Speed: 0.5ms preprocess, 3.4ms inference, 0.0ms loss, 0.1ms postprocess per image
Results saved to [1m/home/ddwilde/scriptie/runs/dota_pseudo/stage3-pseudo[0m
Training finished. Results saved in: /home/ddwilde/scriptie/runs/dota_pseudo/stage3-pseudo
