EDNet 1.0 ✅ Python-3.10.4 ✅ torch-2.8.0+cu128 ✅CUDA:0 (NVIDIA A100-SXM4-40GB, 40441MiB)
[34m[1mengine/trainer: [0mtask=detect, mode=train, model=/home/ddwilde/scriptie/pretrained/small.pt, data=/home/ddwilde/scriptie/yaml/DOTA-shared-stage1.yaml, epochs=50, time=None, patience=100, batch=4, imgsz=640, save=True, save_period=-1, cache=False, device=None, workers=8, project=/home/ddwilde/scriptie/runs/dota_saab2, name=stage1-saab2, exist_ok=False, pretrained=True, optimizer=auto, verbose=True, seed=0, deterministic=True, single_cls=False, rect=False, cos_lr=False, close_mosaic=10, resume=False, amp=True, fraction=1.0, profile=False, freeze=None, multi_scale=False, continual={'enable': False, 'batches': [], 'adapter_strategy': 'last', 'save_history': True}, replay={'enable': True, 'buffer_per_class': 128, 'sample_per_batch': 32, 'loss_weight': 10.0, 'tiny_max_pixels': 320, 'prototypes': {'num_fine': 4}, 'box': {'enable': True, 'loss_weight': 3.0}, 'student_update_freq': 10}, kd={'enable': False, 'lambda_cls': 1.0, 'lambda_bbox': 1.0, 'top_k': 10, 'teacher_weights': None, 'teacher_nc': None, 'debug_batches': 10}, stage={'active_classes': [0, 1]}, overlap_mask=True, mask_ratio=4, dropout=0.0, val=True, split=val, save_json=False, save_hybrid=False, conf=None, iou=0.7, max_det=300, half=False, dnn=False, plots=True, per_class_tb_interval=1, source=None, vid_stride=1, stream_buffer=False, visualize=False, augment=False, agnostic_nms=False, classes=None, retina_masks=False, embed=None, show=False, save_frames=False, save_txt=False, save_conf=False, save_crop=False, show_labels=True, show_conf=True, show_boxes=True, line_width=None, format=torchscript, keras=False, optimize=False, int8=False, dynamic=False, simplify=False, opset=None, workspace=4, nms=False, lr0=0.01, lrf=0.01, momentum=0.937, weight_decay=0.0005, warmup_epochs=3.0, warmup_momentum=0.8, warmup_bias_lr=0.1, box=7.5, cls=0.5, dfl=1.5, pose=12.0, kobj=1.0, label_smoothing=0.0, nbs=64, hsv_h=0.015, hsv_s=0.7, hsv_v=0.4, degrees=0.0, translate=0.1, scale=0.5, shear=0.0, perspective=0.0, flipud=0.0, fliplr=0.5, bgr=0.0, mosaic=1.0, mixup=0.0, copy_paste=0.0, auto_augment=randaugment, erasing=0.4, crop_fraction=1.0, cfg=None, tracker=botsort.yaml, save_dir=/home/ddwilde/scriptie/runs/dota_saab2/stage1-saab2
Overriding model.yaml nc=10 with nc=2

                   from  n    params  module                                       arguments                     
  0                  -1  1       928  ednet.nn.modules.conv.Conv                   [3, 32, 3, 2]                 
  1                  -1  1     18560  ednet.nn.modules.conv.Conv                   [32, 64, 3, 2]                
  2                  -1  1     29056  ednet.nn.modules.block.C2f                   [64, 64, 1, True]             
  3                  -1  1     73984  ednet.nn.modules.conv.Conv                   [64, 128, 3, 2]               
  4                  -1  2    197632  ednet.nn.modules.block.C2f                   [128, 128, 2, True]           
  5                  -1  1    295424  ednet.nn.modules.conv.Conv                   [128, 256, 3, 2]              
  6                  -1  2    420864  ednet.nn.modules.block.C2f_FCA               [256, 256, 2, True]           
  7                  -1  1   1180672  ednet.nn.modules.conv.Conv                   [256, 512, 3, 2]              
  8                  -1  1   1095680  ednet.nn.modules.block.C2f_FCA               [512, 512, 1, True]           
  9                  -1  1    656896  ednet.nn.modules.block.SPPF                  [512, 512, 5]                 
 10                  -1  1    990976  ednet.nn.modules.block.PSA                   [512, 512]                    
 11                  -1  1         0  torch.nn.modules.upsampling.Upsample         [None, 2, 'nearest']          
 12             [-1, 6]  1         0  ednet.nn.modules.conv.Concat                 [1]                           
 13                  -1  1    591360  ednet.nn.modules.block.C2f                   [768, 256, 1]                 
 14                  -1  1         0  torch.nn.modules.upsampling.Upsample         [None, 2, 'nearest']          
 15             [-1, 4]  1         0  ednet.nn.modules.conv.Concat                 [1]                           
 16                  -1  1    148224  ednet.nn.modules.block.C2f                   [384, 128, 1]                 
 17                  -1  1         0  torch.nn.modules.upsampling.Upsample         [None, 2, 'nearest']          
 18             [-1, 2]  1         0  ednet.nn.modules.conv.Concat                 [1]                           
 19                  -1  1     37248  ednet.nn.modules.block.C2f                   [192, 64, 1]                  
 20                  -1  1     36992  ednet.nn.modules.conv.Conv                   [64, 64, 3, 2]                
 21            [-1, 16]  1         0  ednet.nn.modules.conv.Concat                 [1]                           
 22                  -1  1    123648  ednet.nn.modules.block.C2f                   [192, 128, 1]                 
 23                  -1  1    147712  ednet.nn.modules.conv.Conv                   [128, 128, 3, 2]              
 24            [-1, 13]  1         0  ednet.nn.modules.conv.Concat                 [1]                           
 25                  -1  1    493056  ednet.nn.modules.block.C2f                   [384, 256, 1]                 
 26                  -1  1     68864  ednet.nn.modules.block.SCDown                [256, 256, 3, 2]              
 27             [-1, 9]  1         0  ednet.nn.modules.conv.Concat                 [1]                           
 28                  -1  1   1089536  ednet.nn.modules.block.C2fCIB                [768, 512, 1, True, True]     
 29    [19, 22, 25, 28]  1   1621664  ednet.nn.modules.head.v10Detect              [2, [64, 128, 256, 512]]      
ednet-s summary: 510 layers, 9,318,976 parameters, 9,318,960 gradients

Active classes for this stage: (0, 1)
Transferred 737/753 items from pretrained weights
Replay feature tapper initialized for detection head levels: ['P2', 'P3', 'P4']
Box replay feature tapper initialized (cv2) for levels: ['P2', 'P3', 'P4']
Box prototype replay enabled | loss_weight=3.00
[34m[1mTensorBoard: [0mStart with 'tensorboard --logdir /home/ddwilde/scriptie/runs/dota_saab2/stage1-saab2', view at http://localhost:6006/
Freezing layer 'model.29.dfl.conv.weight'
[34m[1mAMP: [0mrunning Automatic Mixed Precision (AMP) checks with YOLOv8n...
[34m[1mAMP: [0mchecks passed ✅
Plotting labels to /home/ddwilde/scriptie/runs/dota_saab2/stage1-saab2/labels.jpg... 
[34m[1moptimizer:[0m 'optimizer=auto' found, ignoring 'lr0=0.01' and 'momentum=0.937' and determining best 'optimizer', 'lr0' and 'momentum' automatically... 
[34m[1moptimizer:[0m AdamW(lr=0.001667, momentum=0.9) with parameter groups 117 weight(decay=0.0), 145 weight(decay=0.0005), 139 bias(decay=0.0)
Trainable params: 401 tensors (9318960 weights). Top trainable=[('model.7.conv.weight', 1179648), ('model.9.cv2.conv.weight', 524288), ('model.8.cv2.conv.weight', 393216), ('model.28.cv1.conv.weight', 393216), ('model.28.cv2.conv.weight', 393216), ('model.5.conv.weight', 294912), ('model.29.cv2.3.0.conv.weight', 294912), ('model.29.one2one_cv2.3.0.conv.weight', 294912), ('model.8.cv1.conv.weight', 262144), ('model.10.cv1.conv.weight', 262144), ('model.10.cv2.conv.weight', 262144), ('model.13.cv1.conv.weight', 196608), ('model.13.m.0.cv1.conv.weight', 147456), ('model.13.m.0.cv2.conv.weight', 147456), ('model.23.conv.weight', 147456), ('model.25.m.0.cv1.conv.weight', 147456), ('model.25.m.0.cv2.conv.weight', 147456), ('model.29.cv2.2.0.conv.weight', 147456), ('model.29.one2one_cv2.2.0.conv.weight', 147456), ('model.6.cv2.conv.weight', 131072)]
Limiting positives to classes (0, 1)
Limiting positives to classes (0, 1)
[34m[1mTensorBoard: [0mmodel graph visualization added ✅
Image sizes 640 train, 640 val
Using 8 dataloader workers
Logging results to [1m/home/ddwilde/scriptie/runs/dota_saab2/stage1-saab2[0m
Starting training for 50 epochs...

      Epoch    GPU_mem   box_loss   cls_loss   dfl_loss  Instances       Size
Limiting positives to classes (0, 1)
Limiting positives to classes (0, 1)
                   all        186       8357      0.379       0.39      0.289      0.124
Saved 2885 replay embeddings to /home/ddwilde/scriptie/runs/dota_saab2/stage1-saab2/replay/buffer.pt
Saved fine prototype sources to /home/ddwilde/scriptie/runs/dota_saab2/stage1-saab2/replay/buffer_sources.json
Saved 2852 box replay embeddings to /home/ddwilde/scriptie/runs/dota_saab2/stage1-saab2/replay/box_buffer.pt
Saved fine prototype sources to /home/ddwilde/scriptie/runs/dota_saab2/stage1-saab2/replay/box_buffer_sources.json

      Epoch    GPU_mem   box_loss   cls_loss   dfl_loss  Instances       Size
                   all        186       8357      0.397      0.473      0.356      0.189
Saved 3107 replay embeddings to /home/ddwilde/scriptie/runs/dota_saab2/stage1-saab2/replay/buffer.pt
Saved fine prototype sources to /home/ddwilde/scriptie/runs/dota_saab2/stage1-saab2/replay/buffer_sources.json
Saved 3065 box replay embeddings to /home/ddwilde/scriptie/runs/dota_saab2/stage1-saab2/replay/box_buffer.pt
Saved fine prototype sources to /home/ddwilde/scriptie/runs/dota_saab2/stage1-saab2/replay/box_buffer_sources.json

      Epoch    GPU_mem   box_loss   cls_loss   dfl_loss  Instances       Size
                   all        186       8357      0.431      0.453      0.341      0.184
Saved 3182 replay embeddings to /home/ddwilde/scriptie/runs/dota_saab2/stage1-saab2/replay/buffer.pt
Saved fine prototype sources to /home/ddwilde/scriptie/runs/dota_saab2/stage1-saab2/replay/buffer_sources.json
Saved 3167 box replay embeddings to /home/ddwilde/scriptie/runs/dota_saab2/stage1-saab2/replay/box_buffer.pt
Saved fine prototype sources to /home/ddwilde/scriptie/runs/dota_saab2/stage1-saab2/replay/box_buffer_sources.json

      Epoch    GPU_mem   box_loss   cls_loss   dfl_loss  Instances       Size
                   all        186       8357      0.493      0.539       0.48      0.272
Saved 3208 replay embeddings to /home/ddwilde/scriptie/runs/dota_saab2/stage1-saab2/replay/buffer.pt
Saved fine prototype sources to /home/ddwilde/scriptie/runs/dota_saab2/stage1-saab2/replay/buffer_sources.json
Saved 3263 box replay embeddings to /home/ddwilde/scriptie/runs/dota_saab2/stage1-saab2/replay/box_buffer.pt
Saved fine prototype sources to /home/ddwilde/scriptie/runs/dota_saab2/stage1-saab2/replay/box_buffer_sources.json

      Epoch    GPU_mem   box_loss   cls_loss   dfl_loss  Instances       Size
                   all        186       8357      0.609      0.518      0.513      0.281
Saved 3229 replay embeddings to /home/ddwilde/scriptie/runs/dota_saab2/stage1-saab2/replay/buffer.pt
Saved fine prototype sources to /home/ddwilde/scriptie/runs/dota_saab2/stage1-saab2/replay/buffer_sources.json
Saved 3337 box replay embeddings to /home/ddwilde/scriptie/runs/dota_saab2/stage1-saab2/replay/box_buffer.pt
Saved fine prototype sources to /home/ddwilde/scriptie/runs/dota_saab2/stage1-saab2/replay/box_buffer_sources.json

      Epoch    GPU_mem   box_loss   cls_loss   dfl_loss  Instances       Size
                   all        186       8357        0.6      0.549      0.536      0.302
Saved 3152 replay embeddings to /home/ddwilde/scriptie/runs/dota_saab2/stage1-saab2/replay/buffer.pt
Saved fine prototype sources to /home/ddwilde/scriptie/runs/dota_saab2/stage1-saab2/replay/buffer_sources.json
Saved 3371 box replay embeddings to /home/ddwilde/scriptie/runs/dota_saab2/stage1-saab2/replay/box_buffer.pt
Saved fine prototype sources to /home/ddwilde/scriptie/runs/dota_saab2/stage1-saab2/replay/box_buffer_sources.json

      Epoch    GPU_mem   box_loss   cls_loss   dfl_loss  Instances       Size
                   all        186       8357       0.58       0.55      0.528      0.306
Saved 3175 replay embeddings to /home/ddwilde/scriptie/runs/dota_saab2/stage1-saab2/replay/buffer.pt
Saved fine prototype sources to /home/ddwilde/scriptie/runs/dota_saab2/stage1-saab2/replay/buffer_sources.json
Saved 3422 box replay embeddings to /home/ddwilde/scriptie/runs/dota_saab2/stage1-saab2/replay/box_buffer.pt
Saved fine prototype sources to /home/ddwilde/scriptie/runs/dota_saab2/stage1-saab2/replay/box_buffer_sources.json

      Epoch    GPU_mem   box_loss   cls_loss   dfl_loss  Instances       Size
                   all        186       8357      0.664      0.553      0.577      0.312
Saved 3183 replay embeddings to /home/ddwilde/scriptie/runs/dota_saab2/stage1-saab2/replay/buffer.pt
Saved fine prototype sources to /home/ddwilde/scriptie/runs/dota_saab2/stage1-saab2/replay/buffer_sources.json
Saved 3429 box replay embeddings to /home/ddwilde/scriptie/runs/dota_saab2/stage1-saab2/replay/box_buffer.pt
Saved fine prototype sources to /home/ddwilde/scriptie/runs/dota_saab2/stage1-saab2/replay/box_buffer_sources.json

      Epoch    GPU_mem   box_loss   cls_loss   dfl_loss  Instances       Size
                   all        186       8357       0.69      0.557      0.571      0.323
Saved 3190 replay embeddings to /home/ddwilde/scriptie/runs/dota_saab2/stage1-saab2/replay/buffer.pt
Saved fine prototype sources to /home/ddwilde/scriptie/runs/dota_saab2/stage1-saab2/replay/buffer_sources.json
Saved 3442 box replay embeddings to /home/ddwilde/scriptie/runs/dota_saab2/stage1-saab2/replay/box_buffer.pt
Saved fine prototype sources to /home/ddwilde/scriptie/runs/dota_saab2/stage1-saab2/replay/box_buffer_sources.json

      Epoch    GPU_mem   box_loss   cls_loss   dfl_loss  Instances       Size
                   all        186       8357      0.665      0.549      0.564      0.298
Saved 3205 replay embeddings to /home/ddwilde/scriptie/runs/dota_saab2/stage1-saab2/replay/buffer.pt
Saved fine prototype sources to /home/ddwilde/scriptie/runs/dota_saab2/stage1-saab2/replay/buffer_sources.json
Saved 3469 box replay embeddings to /home/ddwilde/scriptie/runs/dota_saab2/stage1-saab2/replay/box_buffer.pt
Saved fine prototype sources to /home/ddwilde/scriptie/runs/dota_saab2/stage1-saab2/replay/box_buffer_sources.json

      Epoch    GPU_mem   box_loss   cls_loss   dfl_loss  Instances       Size
                   all        186       8357       0.73      0.556      0.601      0.332
Saved 3129 replay embeddings to /home/ddwilde/scriptie/runs/dota_saab2/stage1-saab2/replay/buffer.pt
Saved fine prototype sources to /home/ddwilde/scriptie/runs/dota_saab2/stage1-saab2/replay/buffer_sources.json
Saved 3627 box replay embeddings to /home/ddwilde/scriptie/runs/dota_saab2/stage1-saab2/replay/box_buffer.pt
Saved fine prototype sources to /home/ddwilde/scriptie/runs/dota_saab2/stage1-saab2/replay/box_buffer_sources.json

      Epoch    GPU_mem   box_loss   cls_loss   dfl_loss  Instances       Size
                   all        186       8357      0.696      0.548      0.581      0.326
Saved 3211 replay embeddings to /home/ddwilde/scriptie/runs/dota_saab2/stage1-saab2/replay/buffer.pt
Saved fine prototype sources to /home/ddwilde/scriptie/runs/dota_saab2/stage1-saab2/replay/buffer_sources.json
Saved 3633 box replay embeddings to /home/ddwilde/scriptie/runs/dota_saab2/stage1-saab2/replay/box_buffer.pt
Saved fine prototype sources to /home/ddwilde/scriptie/runs/dota_saab2/stage1-saab2/replay/box_buffer_sources.json

      Epoch    GPU_mem   box_loss   cls_loss   dfl_loss  Instances       Size
                   all        186       8357      0.707      0.595      0.624      0.357
Saved 3130 replay embeddings to /home/ddwilde/scriptie/runs/dota_saab2/stage1-saab2/replay/buffer.pt
Saved fine prototype sources to /home/ddwilde/scriptie/runs/dota_saab2/stage1-saab2/replay/buffer_sources.json
Saved 3572 box replay embeddings to /home/ddwilde/scriptie/runs/dota_saab2/stage1-saab2/replay/box_buffer.pt
Saved fine prototype sources to /home/ddwilde/scriptie/runs/dota_saab2/stage1-saab2/replay/box_buffer_sources.json

      Epoch    GPU_mem   box_loss   cls_loss   dfl_loss  Instances       Size
                   all        186       8357      0.726      0.589      0.625      0.359
Saved 3136 replay embeddings to /home/ddwilde/scriptie/runs/dota_saab2/stage1-saab2/replay/buffer.pt
Saved fine prototype sources to /home/ddwilde/scriptie/runs/dota_saab2/stage1-saab2/replay/buffer_sources.json
Saved 3642 box replay embeddings to /home/ddwilde/scriptie/runs/dota_saab2/stage1-saab2/replay/box_buffer.pt
Saved fine prototype sources to /home/ddwilde/scriptie/runs/dota_saab2/stage1-saab2/replay/box_buffer_sources.json

      Epoch    GPU_mem   box_loss   cls_loss   dfl_loss  Instances       Size
                   all        186       8357      0.668      0.584      0.593      0.347
Saved 3139 replay embeddings to /home/ddwilde/scriptie/runs/dota_saab2/stage1-saab2/replay/buffer.pt
Saved fine prototype sources to /home/ddwilde/scriptie/runs/dota_saab2/stage1-saab2/replay/buffer_sources.json
Saved 3642 box replay embeddings to /home/ddwilde/scriptie/runs/dota_saab2/stage1-saab2/replay/box_buffer.pt
Saved fine prototype sources to /home/ddwilde/scriptie/runs/dota_saab2/stage1-saab2/replay/box_buffer_sources.json

      Epoch    GPU_mem   box_loss   cls_loss   dfl_loss  Instances       Size
                   all        186       8357      0.716      0.577      0.605      0.324
Saved 3186 replay embeddings to /home/ddwilde/scriptie/runs/dota_saab2/stage1-saab2/replay/buffer.pt
Saved fine prototype sources to /home/ddwilde/scriptie/runs/dota_saab2/stage1-saab2/replay/buffer_sources.json
Saved 3646 box replay embeddings to /home/ddwilde/scriptie/runs/dota_saab2/stage1-saab2/replay/box_buffer.pt
Saved fine prototype sources to /home/ddwilde/scriptie/runs/dota_saab2/stage1-saab2/replay/box_buffer_sources.json

      Epoch    GPU_mem   box_loss   cls_loss   dfl_loss  Instances       Size
                   all        186       8357       0.69      0.586      0.596      0.358
Saved 3244 replay embeddings to /home/ddwilde/scriptie/runs/dota_saab2/stage1-saab2/replay/buffer.pt
Saved fine prototype sources to /home/ddwilde/scriptie/runs/dota_saab2/stage1-saab2/replay/buffer_sources.json
Saved 3631 box replay embeddings to /home/ddwilde/scriptie/runs/dota_saab2/stage1-saab2/replay/box_buffer.pt
Saved fine prototype sources to /home/ddwilde/scriptie/runs/dota_saab2/stage1-saab2/replay/box_buffer_sources.json

      Epoch    GPU_mem   box_loss   cls_loss   dfl_loss  Instances       Size
                   all        186       8357      0.731      0.589      0.626      0.366
Saved 3259 replay embeddings to /home/ddwilde/scriptie/runs/dota_saab2/stage1-saab2/replay/buffer.pt
Saved fine prototype sources to /home/ddwilde/scriptie/runs/dota_saab2/stage1-saab2/replay/buffer_sources.json
Saved 3634 box replay embeddings to /home/ddwilde/scriptie/runs/dota_saab2/stage1-saab2/replay/box_buffer.pt
Saved fine prototype sources to /home/ddwilde/scriptie/runs/dota_saab2/stage1-saab2/replay/box_buffer_sources.json

      Epoch    GPU_mem   box_loss   cls_loss   dfl_loss  Instances       Size
                   all        186       8357      0.739      0.594      0.622      0.371
Saved 3274 replay embeddings to /home/ddwilde/scriptie/runs/dota_saab2/stage1-saab2/replay/buffer.pt
Saved fine prototype sources to /home/ddwilde/scriptie/runs/dota_saab2/stage1-saab2/replay/buffer_sources.json
Saved 3636 box replay embeddings to /home/ddwilde/scriptie/runs/dota_saab2/stage1-saab2/replay/box_buffer.pt
Saved fine prototype sources to /home/ddwilde/scriptie/runs/dota_saab2/stage1-saab2/replay/box_buffer_sources.json

      Epoch    GPU_mem   box_loss   cls_loss   dfl_loss  Instances       Size
                   all        186       8357      0.748      0.595      0.633      0.379
Saved 3294 replay embeddings to /home/ddwilde/scriptie/runs/dota_saab2/stage1-saab2/replay/buffer.pt
Saved fine prototype sources to /home/ddwilde/scriptie/runs/dota_saab2/stage1-saab2/replay/buffer_sources.json
Saved 3641 box replay embeddings to /home/ddwilde/scriptie/runs/dota_saab2/stage1-saab2/replay/box_buffer.pt
Saved fine prototype sources to /home/ddwilde/scriptie/runs/dota_saab2/stage1-saab2/replay/box_buffer_sources.json

      Epoch    GPU_mem   box_loss   cls_loss   dfl_loss  Instances       Size
                   all        186       8357      0.743      0.608      0.645      0.378
Saved 3327 replay embeddings to /home/ddwilde/scriptie/runs/dota_saab2/stage1-saab2/replay/buffer.pt
Saved fine prototype sources to /home/ddwilde/scriptie/runs/dota_saab2/stage1-saab2/replay/buffer_sources.json
Saved 3642 box replay embeddings to /home/ddwilde/scriptie/runs/dota_saab2/stage1-saab2/replay/box_buffer.pt
Saved fine prototype sources to /home/ddwilde/scriptie/runs/dota_saab2/stage1-saab2/replay/box_buffer_sources.json

      Epoch    GPU_mem   box_loss   cls_loss   dfl_loss  Instances       Size
                   all        186       8357      0.765      0.602      0.644      0.384
Saved 3330 replay embeddings to /home/ddwilde/scriptie/runs/dota_saab2/stage1-saab2/replay/buffer.pt
Saved fine prototype sources to /home/ddwilde/scriptie/runs/dota_saab2/stage1-saab2/replay/buffer_sources.json
Saved 3646 box replay embeddings to /home/ddwilde/scriptie/runs/dota_saab2/stage1-saab2/replay/box_buffer.pt
Saved fine prototype sources to /home/ddwilde/scriptie/runs/dota_saab2/stage1-saab2/replay/box_buffer_sources.json

      Epoch    GPU_mem   box_loss   cls_loss   dfl_loss  Instances       Size
                   all        186       8357      0.733      0.587      0.636      0.377
Saved 3332 replay embeddings to /home/ddwilde/scriptie/runs/dota_saab2/stage1-saab2/replay/buffer.pt
Saved fine prototype sources to /home/ddwilde/scriptie/runs/dota_saab2/stage1-saab2/replay/buffer_sources.json
Saved 3648 box replay embeddings to /home/ddwilde/scriptie/runs/dota_saab2/stage1-saab2/replay/box_buffer.pt
Saved fine prototype sources to /home/ddwilde/scriptie/runs/dota_saab2/stage1-saab2/replay/box_buffer_sources.json

      Epoch    GPU_mem   box_loss   cls_loss   dfl_loss  Instances       Size
                   all        186       8357      0.759      0.596      0.643      0.385
Saved 3206 replay embeddings to /home/ddwilde/scriptie/runs/dota_saab2/stage1-saab2/replay/buffer.pt
Saved fine prototype sources to /home/ddwilde/scriptie/runs/dota_saab2/stage1-saab2/replay/buffer_sources.json
Saved 3650 box replay embeddings to /home/ddwilde/scriptie/runs/dota_saab2/stage1-saab2/replay/box_buffer.pt
Saved fine prototype sources to /home/ddwilde/scriptie/runs/dota_saab2/stage1-saab2/replay/box_buffer_sources.json

      Epoch    GPU_mem   box_loss   cls_loss   dfl_loss  Instances       Size
                   all        186       8357      0.732      0.605      0.643      0.361
Saved 3228 replay embeddings to /home/ddwilde/scriptie/runs/dota_saab2/stage1-saab2/replay/buffer.pt
Saved fine prototype sources to /home/ddwilde/scriptie/runs/dota_saab2/stage1-saab2/replay/buffer_sources.json
Saved 3659 box replay embeddings to /home/ddwilde/scriptie/runs/dota_saab2/stage1-saab2/replay/box_buffer.pt
Saved fine prototype sources to /home/ddwilde/scriptie/runs/dota_saab2/stage1-saab2/replay/box_buffer_sources.json

      Epoch    GPU_mem   box_loss   cls_loss   dfl_loss  Instances       Size
                   all        186       8357      0.723      0.593      0.617      0.374
Saved 3267 replay embeddings to /home/ddwilde/scriptie/runs/dota_saab2/stage1-saab2/replay/buffer.pt
Saved fine prototype sources to /home/ddwilde/scriptie/runs/dota_saab2/stage1-saab2/replay/buffer_sources.json
Saved 3670 box replay embeddings to /home/ddwilde/scriptie/runs/dota_saab2/stage1-saab2/replay/box_buffer.pt
Saved fine prototype sources to /home/ddwilde/scriptie/runs/dota_saab2/stage1-saab2/replay/box_buffer_sources.json

      Epoch    GPU_mem   box_loss   cls_loss   dfl_loss  Instances       Size
                   all        186       8357      0.736      0.612      0.645      0.387
Saved 3321 replay embeddings to /home/ddwilde/scriptie/runs/dota_saab2/stage1-saab2/replay/buffer.pt
Saved fine prototype sources to /home/ddwilde/scriptie/runs/dota_saab2/stage1-saab2/replay/buffer_sources.json
Saved 3674 box replay embeddings to /home/ddwilde/scriptie/runs/dota_saab2/stage1-saab2/replay/box_buffer.pt
Saved fine prototype sources to /home/ddwilde/scriptie/runs/dota_saab2/stage1-saab2/replay/box_buffer_sources.json

      Epoch    GPU_mem   box_loss   cls_loss   dfl_loss  Instances       Size
                   all        186       8357      0.762      0.612      0.649      0.399
