EDNet 1.0 ✅ Python-3.10.4 ✅ torch-2.8.0+cu128 ✅CUDA:0 (NVIDIA A100-SXM4-40GB, 40441MiB)
[34m[1mengine/trainer: [0mtask=detect, mode=train, model=/home/ddwilde/scriptie/runs/mvrsd_lower/stage2-lower/weights/best.pt, data=/home/ddwilde/scriptie/yaml/MVRSD-stage3.yaml, epochs=50, time=None, patience=100, batch=32, imgsz=640, save=True, save_period=-1, cache=False, device=None, workers=8, project=/home/ddwilde/scriptie/runs/mvrsd_lower, name=stage3-lower, exist_ok=False, pretrained=True, optimizer=auto, verbose=True, seed=0, deterministic=True, single_cls=False, rect=False, cos_lr=False, close_mosaic=10, resume=False, amp=True, fraction=1.0, profile=False, freeze=None, multi_scale=False, lora={'enable': False, 'rank': 8, 'alpha': 16.0, 'dropout': 0.0, 'feature_pyramid_indices': [16, 22, 25], 'include_detection_head': True, 'freeze_backbone': True, 'adapter_dir': 'adapters', 'init_adapter': None}, continual={'enable': False, 'batches': [], 'adapter_strategy': 'last', 'save_history': True}, replay={'enable': False, 'tap_layers': {'P3': 16, 'P4': 25}, 'tiny_max_pixels': 32, 'context_scale': 1.5, 'buffer_per_class': 64, 'sample_per_batch': 16, 'loss_weight': 1.0, 'scale_weighting': 'stride'}, overlap_mask=True, mask_ratio=4, dropout=0.0, val=True, split=val, save_json=False, save_hybrid=False, conf=None, iou=0.7, max_det=300, half=False, dnn=False, plots=True, source=None, vid_stride=1, stream_buffer=False, visualize=False, augment=False, agnostic_nms=False, classes=None, retina_masks=False, embed=None, show=False, save_frames=False, save_txt=False, save_conf=False, save_crop=False, show_labels=True, show_conf=True, show_boxes=True, line_width=None, format=torchscript, keras=False, optimize=False, int8=False, dynamic=False, simplify=False, opset=None, workspace=4, nms=False, lr0=0.01, lrf=0.01, momentum=0.937, weight_decay=0.0005, warmup_epochs=3.0, warmup_momentum=0.8, warmup_bias_lr=0.1, box=7.5, cls=0.5, dfl=1.5, pose=12.0, kobj=1.0, label_smoothing=0.0, nbs=64, hsv_h=0.015, hsv_s=0.7, hsv_v=0.4, degrees=0.0, translate=0.1, scale=0.5, shear=0.0, perspective=0.0, flipud=0.0, fliplr=0.5, bgr=0.0, mosaic=1.0, mixup=0.0, copy_paste=0.0, auto_augment=randaugment, erasing=0.4, crop_fraction=1.0, cfg=None, tracker=botsort.yaml, save_dir=/home/ddwilde/scriptie/runs/mvrsd_lower/stage3-lower
Overriding model.yaml nc=12 with nc=14

                   from  n    params  module                                       arguments                     
  0                  -1  1       928  ednet.nn.modules.conv.Conv                   [3, 32, 3, 2]                 
  1                  -1  1     18560  ednet.nn.modules.conv.Conv                   [32, 64, 3, 2]                
  2                  -1  1     29056  ednet.nn.modules.block.C2f                   [64, 64, 1, True]             
  3                  -1  1     73984  ednet.nn.modules.conv.Conv                   [64, 128, 3, 2]               
  4                  -1  2    197632  ednet.nn.modules.block.C2f                   [128, 128, 2, True]           
  5                  -1  1    295424  ednet.nn.modules.conv.Conv                   [128, 256, 3, 2]              
  6                  -1  2    420864  ednet.nn.modules.block.C2f_FCA               [256, 256, 2, True]           
  7                  -1  1   1180672  ednet.nn.modules.conv.Conv                   [256, 512, 3, 2]              
  8                  -1  1   1095680  ednet.nn.modules.block.C2f_FCA               [512, 512, 1, True]           
  9                  -1  1    656896  ednet.nn.modules.block.SPPF                  [512, 512, 5]                 
 10                  -1  1    990976  ednet.nn.modules.block.PSA                   [512, 512]                    
 11                  -1  1         0  torch.nn.modules.upsampling.Upsample         [None, 2, 'nearest']          
 12             [-1, 6]  1         0  ednet.nn.modules.conv.Concat                 [1]                           
 13                  -1  1    591360  ednet.nn.modules.block.C2f                   [768, 256, 1]                 
 14                  -1  1         0  torch.nn.modules.upsampling.Upsample         [None, 2, 'nearest']          
 15             [-1, 4]  1         0  ednet.nn.modules.conv.Concat                 [1]                           
 16                  -1  1    148224  ednet.nn.modules.block.C2f                   [384, 128, 1]                 
 17                  -1  1         0  torch.nn.modules.upsampling.Upsample         [None, 2, 'nearest']          
 18             [-1, 2]  1         0  ednet.nn.modules.conv.Concat                 [1]                           
 19                  -1  1     37248  ednet.nn.modules.block.C2f                   [192, 64, 1]                  
 20                  -1  1     36992  ednet.nn.modules.conv.Conv                   [64, 64, 3, 2]                
 21            [-1, 16]  1         0  ednet.nn.modules.conv.Concat                 [1]                           
 22                  -1  1    123648  ednet.nn.modules.block.C2f                   [192, 128, 1]                 
 23                  -1  1    147712  ednet.nn.modules.conv.Conv                   [128, 128, 3, 2]              
 24            [-1, 13]  1         0  ednet.nn.modules.conv.Concat                 [1]                           
 25                  -1  1    493056  ednet.nn.modules.block.C2f                   [384, 256, 1]                 
 26                  -1  1     68864  ednet.nn.modules.block.SCDown                [256, 256, 3, 2]              
 27             [-1, 9]  1         0  ednet.nn.modules.conv.Concat                 [1]                           
 28                  -1  1   1089536  ednet.nn.modules.block.C2fCIB                [768, 512, 1, True, True]     
 29    [19, 22, 25, 28]  1   1627904  ednet.nn.modules.head.v10Detect              [14, [64, 128, 256, 512]]     
ednet-s summary: 510 layers, 9,325,216 parameters, 9,325,200 gradients

Transferred 737/753 items from pretrained weights
[34m[1mTensorBoard: [0mStart with 'tensorboard --logdir /home/ddwilde/scriptie/runs/mvrsd_lower/stage3-lower', view at http://localhost:6006/
Freezing layer 'model.29.dfl.conv.weight'
[34m[1mAMP: [0mrunning Automatic Mixed Precision (AMP) checks with YOLOv8n...
[34m[1mAMP: [0mchecks passed ✅
No module named 'seaborn'
[34m[1moptimizer:[0m 'optimizer=auto' found, ignoring 'lr0=0.01' and 'momentum=0.937' and determining best 'optimizer', 'lr0' and 'momentum' automatically... 
[34m[1moptimizer:[0m AdamW(lr=0.000556, momentum=0.9) with parameter groups 117 weight(decay=0.0), 146 weight(decay=0.0005), 139 bias(decay=0.0)
[34m[1mTensorBoard: [0mmodel graph visualization added ✅
Image sizes 640 train, 640 val
Using 8 dataloader workers
Logging results to [1m/home/ddwilde/scriptie/runs/mvrsd_lower/stage3-lower[0m
Starting training for 50 epochs...

      Epoch    GPU_mem   box_loss   cls_loss   dfl_loss  Instances       Size
                   all        360       3012      0.424       0.24      0.171       0.12

      Epoch    GPU_mem   box_loss   cls_loss   dfl_loss  Instances       Size
                   all        360       3012      0.606        0.4      0.354      0.242

      Epoch    GPU_mem   box_loss   cls_loss   dfl_loss  Instances       Size
                   all        360       3012      0.662      0.413      0.435      0.293

      Epoch    GPU_mem   box_loss   cls_loss   dfl_loss  Instances       Size
                   all        360       3012      0.526      0.497      0.452      0.282

      Epoch    GPU_mem   box_loss   cls_loss   dfl_loss  Instances       Size
                   all        360       3012      0.568      0.524      0.553      0.369

      Epoch    GPU_mem   box_loss   cls_loss   dfl_loss  Instances       Size
                   all        360       3012      0.611      0.536      0.596      0.396

      Epoch    GPU_mem   box_loss   cls_loss   dfl_loss  Instances       Size
                   all        360       3012      0.589      0.613      0.624      0.411

      Epoch    GPU_mem   box_loss   cls_loss   dfl_loss  Instances       Size
                   all        360       3012      0.564      0.548      0.535      0.367

      Epoch    GPU_mem   box_loss   cls_loss   dfl_loss  Instances       Size
                   all        360       3012      0.544      0.562      0.552      0.368

      Epoch    GPU_mem   box_loss   cls_loss   dfl_loss  Instances       Size
                   all        360       3012      0.639      0.581      0.622       0.42

      Epoch    GPU_mem   box_loss   cls_loss   dfl_loss  Instances       Size
                   all        360       3012      0.605      0.612      0.637      0.435

      Epoch    GPU_mem   box_loss   cls_loss   dfl_loss  Instances       Size
                   all        360       3012      0.593      0.612      0.626      0.414

      Epoch    GPU_mem   box_loss   cls_loss   dfl_loss  Instances       Size
                   all        360       3012      0.614      0.618       0.64      0.431

      Epoch    GPU_mem   box_loss   cls_loss   dfl_loss  Instances       Size
                   all        360       3012      0.654      0.641      0.667      0.445

      Epoch    GPU_mem   box_loss   cls_loss   dfl_loss  Instances       Size
                   all        360       3012      0.624      0.632      0.658      0.447

      Epoch    GPU_mem   box_loss   cls_loss   dfl_loss  Instances       Size
                   all        360       3012      0.554      0.611      0.621      0.425

      Epoch    GPU_mem   box_loss   cls_loss   dfl_loss  Instances       Size
                   all        360       3012      0.645      0.665      0.685      0.464

      Epoch    GPU_mem   box_loss   cls_loss   dfl_loss  Instances       Size
                   all        360       3012      0.655      0.657      0.673      0.455

      Epoch    GPU_mem   box_loss   cls_loss   dfl_loss  Instances       Size
                   all        360       3012      0.644      0.638      0.686      0.467

      Epoch    GPU_mem   box_loss   cls_loss   dfl_loss  Instances       Size
                   all        360       3012      0.664      0.625      0.679      0.459

      Epoch    GPU_mem   box_loss   cls_loss   dfl_loss  Instances       Size
                   all        360       3012      0.676      0.664      0.705      0.474

      Epoch    GPU_mem   box_loss   cls_loss   dfl_loss  Instances       Size
                   all        360       3012      0.677      0.687       0.71      0.478

      Epoch    GPU_mem   box_loss   cls_loss   dfl_loss  Instances       Size
                   all        360       3012      0.679      0.683      0.707       0.48

      Epoch    GPU_mem   box_loss   cls_loss   dfl_loss  Instances       Size
                   all        360       3012      0.719      0.652      0.711      0.481

      Epoch    GPU_mem   box_loss   cls_loss   dfl_loss  Instances       Size
                   all        360       3012      0.697       0.69      0.732      0.496

      Epoch    GPU_mem   box_loss   cls_loss   dfl_loss  Instances       Size
                   all        360       3012      0.666      0.691       0.71      0.485

      Epoch    GPU_mem   box_loss   cls_loss   dfl_loss  Instances       Size
                   all        360       3012      0.709      0.702      0.747      0.509

      Epoch    GPU_mem   box_loss   cls_loss   dfl_loss  Instances       Size
                   all        360       3012      0.689      0.706      0.729      0.499

      Epoch    GPU_mem   box_loss   cls_loss   dfl_loss  Instances       Size
                   all        360       3012      0.747       0.72      0.757      0.518

      Epoch    GPU_mem   box_loss   cls_loss   dfl_loss  Instances       Size
                   all        360       3012      0.716      0.708      0.735        0.5

      Epoch    GPU_mem   box_loss   cls_loss   dfl_loss  Instances       Size
                   all        360       3012      0.675      0.708      0.735      0.499

      Epoch    GPU_mem   box_loss   cls_loss   dfl_loss  Instances       Size
                   all        360       3012      0.742      0.697      0.763      0.522

      Epoch    GPU_mem   box_loss   cls_loss   dfl_loss  Instances       Size
                   all        360       3012      0.766      0.697      0.767      0.527

      Epoch    GPU_mem   box_loss   cls_loss   dfl_loss  Instances       Size
                   all        360       3012      0.748      0.702      0.765      0.523

      Epoch    GPU_mem   box_loss   cls_loss   dfl_loss  Instances       Size
                   all        360       3012      0.737      0.712      0.758      0.515

      Epoch    GPU_mem   box_loss   cls_loss   dfl_loss  Instances       Size
                   all        360       3012      0.753      0.718      0.767      0.526

      Epoch    GPU_mem   box_loss   cls_loss   dfl_loss  Instances       Size
                   all        360       3012      0.726      0.744      0.763      0.518

      Epoch    GPU_mem   box_loss   cls_loss   dfl_loss  Instances       Size
                   all        360       3012      0.755      0.715      0.772      0.528

      Epoch    GPU_mem   box_loss   cls_loss   dfl_loss  Instances       Size
                   all        360       3012      0.736      0.734      0.774      0.524

      Epoch    GPU_mem   box_loss   cls_loss   dfl_loss  Instances       Size
                   all        360       3012      0.716      0.707      0.753      0.514
Closing dataloader mosaic

      Epoch    GPU_mem   box_loss   cls_loss   dfl_loss  Instances       Size
                   all        360       3012      0.762      0.717      0.769      0.524

      Epoch    GPU_mem   box_loss   cls_loss   dfl_loss  Instances       Size
                   all        360       3012      0.731      0.733       0.76      0.522

      Epoch    GPU_mem   box_loss   cls_loss   dfl_loss  Instances       Size
                   all        360       3012      0.755      0.702      0.762      0.525

      Epoch    GPU_mem   box_loss   cls_loss   dfl_loss  Instances       Size
                   all        360       3012      0.755      0.733       0.78      0.535

      Epoch    GPU_mem   box_loss   cls_loss   dfl_loss  Instances       Size
                   all        360       3012      0.752      0.738      0.774      0.532

      Epoch    GPU_mem   box_loss   cls_loss   dfl_loss  Instances       Size
                   all        360       3012      0.775      0.726      0.787      0.541

      Epoch    GPU_mem   box_loss   cls_loss   dfl_loss  Instances       Size
                   all        360       3012      0.748      0.752      0.783      0.539

      Epoch    GPU_mem   box_loss   cls_loss   dfl_loss  Instances       Size
                   all        360       3012      0.752      0.733      0.777      0.535

      Epoch    GPU_mem   box_loss   cls_loss   dfl_loss  Instances       Size
                   all        360       3012       0.78      0.716      0.779      0.536

      Epoch    GPU_mem   box_loss   cls_loss   dfl_loss  Instances       Size
                   all        360       3012      0.775      0.719      0.773      0.533

50 epochs completed in 0.275 hours.
Optimizer stripped from /home/ddwilde/scriptie/runs/mvrsd_lower/stage3-lower/weights/last.pt, 19.3MB
Optimizer stripped from /home/ddwilde/scriptie/runs/mvrsd_lower/stage3-lower/weights/best.pt, 19.3MB

Validating /home/ddwilde/scriptie/runs/mvrsd_lower/stage3-lower/weights/best.pt...
EDNet 1.0 ✅ Python-3.10.4 ✅ torch-2.8.0+cu128 ✅CUDA:0 (NVIDIA A100-SXM4-40GB, 40441MiB)
ednet-s summary (fused): 394 layers, 9,301,248 parameters, 0 gradients
                   all        360       3012      0.774      0.726      0.786       0.54
                   SMV        108        721      0.823      0.752      0.833      0.601
                   LMV        249       1322      0.793      0.866      0.884      0.598
                   AFV         96        775      0.838       0.84      0.894      0.634
                   MCV         55        194      0.643      0.448      0.532      0.329
WARNING ⚠️ ConfusionMatrix plot failure: No module named 'seaborn'
WARNING ⚠️ ConfusionMatrix plot failure: No module named 'seaborn'
Speed: 0.1ms preprocess, 1.8ms inference, 0.0ms loss, 0.3ms postprocess per image
Results saved to [1m/home/ddwilde/scriptie/runs/mvrsd_lower/stage3-lower[0m
Training finished. Results saved in: /home/ddwilde/scriptie/runs/mvrsd_lower/stage3-lower
