EDNet 1.0 ✅ Python-3.10.4 ✅ torch-2.8.0+cu128 ✅CUDA:0 (NVIDIA A100-SXM4-40GB, 40441MiB)
[34m[1mengine/trainer: [0mtask=detect, mode=train, model=/home/ddwilde/scriptie/runs/dota_saab/stage1-saab/weights/best.pt, data=/home/ddwilde/scriptie/yaml/DOTA-shared-stage2-replay.yaml, epochs=50, time=None, patience=100, batch=4, imgsz=640, save=True, save_period=-1, cache=False, device=None, workers=8, project=/home/ddwilde/scriptie/runs/dota_saab_lw12, name=stage2-saab, exist_ok=False, pretrained=True, optimizer=auto, verbose=True, seed=0, deterministic=True, single_cls=False, rect=False, cos_lr=False, close_mosaic=10, resume=False, amp=True, fraction=1.0, profile=False, freeze=None, multi_scale=False, continual={'enable': False, 'batches': [], 'adapter_strategy': 'last', 'save_history': True}, replay={'enable': True, 'buffer_per_class': 128, 'sample_per_batch': 32, 'loss_weight': 12.0, 'tiny_max_pixels': 320, 'prototypes': {'num_fine': 4}, 'init_buffer': '/home/ddwilde/scriptie/runs/dota_saab/stage1-saab/replay/buffer.pt', 'box': {'enable': True, 'loss_weight': 12.0, 'init_buffer': '/home/ddwilde/scriptie/runs/dota_saab/stage1-saab/replay/box_buffer.pt'}, 'student_update_freq': 10}, kd={'enable': False, 'lambda_cls': 1.0, 'lambda_bbox': 1.0, 'top_k': 10, 'teacher_weights': None, 'teacher_nc': None, 'debug_batches': 10}, stage={'active_classes': [2, 3], 'prev_classes': [0, 1]}, overlap_mask=True, mask_ratio=4, dropout=0.0, val=True, split=val, save_json=False, save_hybrid=False, conf=None, iou=0.7, max_det=300, half=False, dnn=False, plots=True, per_class_tb_interval=1, source=None, vid_stride=1, stream_buffer=False, visualize=False, augment=False, agnostic_nms=False, classes=None, retina_masks=False, embed=None, show=False, save_frames=False, save_txt=False, save_conf=False, save_crop=False, show_labels=True, show_conf=True, show_boxes=True, line_width=None, format=torchscript, keras=False, optimize=False, int8=False, dynamic=False, simplify=False, opset=None, workspace=4, nms=False, lr0=0.01, lrf=0.01, momentum=0.937, weight_decay=0.0005, warmup_epochs=3.0, warmup_momentum=0.8, warmup_bias_lr=0.1, box=7.5, cls=0.5, dfl=1.5, pose=12.0, kobj=1.0, label_smoothing=0.0, nbs=64, hsv_h=0.015, hsv_s=0.7, hsv_v=0.4, degrees=0.0, translate=0.1, scale=0.5, shear=0.0, perspective=0.0, flipud=0.0, fliplr=0.5, bgr=0.0, mosaic=1.0, mixup=0.0, copy_paste=0.0, auto_augment=randaugment, erasing=0.4, crop_fraction=1.0, cfg=None, tracker=botsort.yaml, save_dir=/home/ddwilde/scriptie/runs/dota_saab_lw12/stage2-saab
Overriding model.yaml nc=2 with nc=4

                   from  n    params  module                                       arguments                     
  0                  -1  1       928  ednet.nn.modules.conv.Conv                   [3, 32, 3, 2]                 
  1                  -1  1     18560  ednet.nn.modules.conv.Conv                   [32, 64, 3, 2]                
  2                  -1  1     29056  ednet.nn.modules.block.C2f                   [64, 64, 1, True]             
  3                  -1  1     73984  ednet.nn.modules.conv.Conv                   [64, 128, 3, 2]               
  4                  -1  2    197632  ednet.nn.modules.block.C2f                   [128, 128, 2, True]           
  5                  -1  1    295424  ednet.nn.modules.conv.Conv                   [128, 256, 3, 2]              
  6                  -1  2    420864  ednet.nn.modules.block.C2f_FCA               [256, 256, 2, True]           
  7                  -1  1   1180672  ednet.nn.modules.conv.Conv                   [256, 512, 3, 2]              
  8                  -1  1   1095680  ednet.nn.modules.block.C2f_FCA               [512, 512, 1, True]           
  9                  -1  1    656896  ednet.nn.modules.block.SPPF                  [512, 512, 5]                 
 10                  -1  1    990976  ednet.nn.modules.block.PSA                   [512, 512]                    
 11                  -1  1         0  torch.nn.modules.upsampling.Upsample         [None, 2, 'nearest']          
 12             [-1, 6]  1         0  ednet.nn.modules.conv.Concat                 [1]                           
 13                  -1  1    591360  ednet.nn.modules.block.C2f                   [768, 256, 1]                 
 14                  -1  1         0  torch.nn.modules.upsampling.Upsample         [None, 2, 'nearest']          
 15             [-1, 4]  1         0  ednet.nn.modules.conv.Concat                 [1]                           
 16                  -1  1    148224  ednet.nn.modules.block.C2f                   [384, 128, 1]                 
 17                  -1  1         0  torch.nn.modules.upsampling.Upsample         [None, 2, 'nearest']          
 18             [-1, 2]  1         0  ednet.nn.modules.conv.Concat                 [1]                           
 19                  -1  1     37248  ednet.nn.modules.block.C2f                   [192, 64, 1]                  
 20                  -1  1     36992  ednet.nn.modules.conv.Conv                   [64, 64, 3, 2]                
 21            [-1, 16]  1         0  ednet.nn.modules.conv.Concat                 [1]                           
 22                  -1  1    123648  ednet.nn.modules.block.C2f                   [192, 128, 1]                 
 23                  -1  1    147712  ednet.nn.modules.conv.Conv                   [128, 128, 3, 2]              
 24            [-1, 13]  1         0  ednet.nn.modules.conv.Concat                 [1]                           
 25                  -1  1    493056  ednet.nn.modules.block.C2f                   [384, 256, 1]                 
 26                  -1  1     68864  ednet.nn.modules.block.SCDown                [256, 256, 3, 2]              
 27             [-1, 9]  1         0  ednet.nn.modules.conv.Concat                 [1]                           
 28                  -1  1   1089536  ednet.nn.modules.block.C2fCIB                [768, 512, 1, True, True]     
 29    [19, 22, 25, 28]  1   1622704  ednet.nn.modules.head.v10Detect              [4, [64, 128, 256, 512]]      
ednet-s summary: 510 layers, 9,320,016 parameters, 9,320,000 gradients

Active classes for this stage: (2, 3)
Replay/previous classes for this stage: (0, 1)
Transferred 737/753 items from pretrained weights
Replay active: extended active_classes → (0, 1, 2, 3)
Replay feature tapper initialized for detection head levels: ['P2', 'P3', 'P4']
Loaded 3397 replay embeddings from /home/ddwilde/scriptie/runs/dota_saab/stage1-saab/replay/buffer.pt
Box replay feature tapper initialized (cv2) for levels: ['P2', 'P3', 'P4']
Loaded 3612 box replay embeddings from /home/ddwilde/scriptie/runs/dota_saab/stage1-saab/replay/box_buffer.pt
Box prototype replay enabled | loss_weight=12.00
[34m[1mTensorBoard: [0mStart with 'tensorboard --logdir /home/ddwilde/scriptie/runs/dota_saab_lw12/stage2-saab', view at http://localhost:6006/
Freezing layer 'model.29.dfl.conv.weight'
[34m[1mAMP: [0mrunning Automatic Mixed Precision (AMP) checks with YOLOv8n...
[34m[1mAMP: [0mchecks passed ✅
Plotting labels to /home/ddwilde/scriptie/runs/dota_saab_lw12/stage2-saab/labels.jpg... 
[34m[1moptimizer:[0m 'optimizer=auto' found, ignoring 'lr0=0.01' and 'momentum=0.937' and determining best 'optimizer', 'lr0' and 'momentum' automatically... 
[34m[1moptimizer:[0m AdamW(lr=0.00125, momentum=0.9) with parameter groups 117 weight(decay=0.0), 145 weight(decay=0.0005), 139 bias(decay=0.0)
Trainable params: 401 tensors (9320000 weights). Top trainable=[('model.7.conv.weight', 1179648), ('model.9.cv2.conv.weight', 524288), ('model.8.cv2.conv.weight', 393216), ('model.28.cv1.conv.weight', 393216), ('model.28.cv2.conv.weight', 393216), ('model.5.conv.weight', 294912), ('model.29.cv2.3.0.conv.weight', 294912), ('model.29.one2one_cv2.3.0.conv.weight', 294912), ('model.8.cv1.conv.weight', 262144), ('model.10.cv1.conv.weight', 262144), ('model.10.cv2.conv.weight', 262144), ('model.13.cv1.conv.weight', 196608), ('model.13.m.0.cv1.conv.weight', 147456), ('model.13.m.0.cv2.conv.weight', 147456), ('model.23.conv.weight', 147456), ('model.25.m.0.cv1.conv.weight', 147456), ('model.25.m.0.cv2.conv.weight', 147456), ('model.29.cv2.2.0.conv.weight', 147456), ('model.29.one2one_cv2.2.0.conv.weight', 147456), ('model.6.cv2.conv.weight', 131072)]
Limiting positives to classes (0, 1, 2, 3)
Replay targets limited to previous classes (0, 1)
Limiting positives to classes (0, 1, 2, 3)
Replay targets limited to previous classes (0, 1)
[34m[1mTensorBoard: [0mmodel graph visualization added ✅
Image sizes 640 train, 640 val
Using 8 dataloader workers
Logging results to [1m/home/ddwilde/scriptie/runs/dota_saab_lw12/stage2-saab[0m
Starting training for 50 epochs...

      Epoch    GPU_mem   box_loss   cls_loss   dfl_loss  Instances       Size
Limiting positives to classes (0, 1, 2, 3)
Replay targets limited to previous classes (0, 1)
Limiting positives to classes (0, 1, 2, 3)
Replay targets limited to previous classes (0, 1)
Replay tap config not set; GT-driven replay skipped for this batch.
Replay tap config not set; GT-driven replay skipped for this batch.
                   all        186      10109     0.0404      0.139      0.029     0.0175
Saved 7356 replay embeddings to /home/ddwilde/scriptie/runs/dota_saab_lw12/stage2-saab/replay/buffer.pt
Failed to save fine prototype sources: Object of type Tensor is not JSON serializable
Saved 8201 box replay embeddings to /home/ddwilde/scriptie/runs/dota_saab_lw12/stage2-saab/replay/box_buffer.pt
Saved fine prototype sources to /home/ddwilde/scriptie/runs/dota_saab_lw12/stage2-saab/replay/box_buffer_sources.json

      Epoch    GPU_mem   box_loss   cls_loss   dfl_loss  Instances       Size
                   all        186      10109      0.108      0.308      0.142     0.0703
Saved 7944 replay embeddings to /home/ddwilde/scriptie/runs/dota_saab_lw12/stage2-saab/replay/buffer.pt
Failed to save fine prototype sources: Object of type Tensor is not JSON serializable
Saved 8519 box replay embeddings to /home/ddwilde/scriptie/runs/dota_saab_lw12/stage2-saab/replay/box_buffer.pt
Saved fine prototype sources to /home/ddwilde/scriptie/runs/dota_saab_lw12/stage2-saab/replay/box_buffer_sources.json

      Epoch    GPU_mem   box_loss   cls_loss   dfl_loss  Instances       Size
                   all        186      10109      0.139      0.356      0.217      0.115
Saved 8514 replay embeddings to /home/ddwilde/scriptie/runs/dota_saab_lw12/stage2-saab/replay/buffer.pt
Failed to save fine prototype sources: Object of type Tensor is not JSON serializable
Saved 8930 box replay embeddings to /home/ddwilde/scriptie/runs/dota_saab_lw12/stage2-saab/replay/box_buffer.pt
Saved fine prototype sources to /home/ddwilde/scriptie/runs/dota_saab_lw12/stage2-saab/replay/box_buffer_sources.json

      Epoch    GPU_mem   box_loss   cls_loss   dfl_loss  Instances       Size
                   all        186      10109      0.162      0.356      0.225      0.112
Saved 9071 replay embeddings to /home/ddwilde/scriptie/runs/dota_saab_lw12/stage2-saab/replay/buffer.pt
Failed to save fine prototype sources: Object of type Tensor is not JSON serializable
Saved 9234 box replay embeddings to /home/ddwilde/scriptie/runs/dota_saab_lw12/stage2-saab/replay/box_buffer.pt
Saved fine prototype sources to /home/ddwilde/scriptie/runs/dota_saab_lw12/stage2-saab/replay/box_buffer_sources.json

      Epoch    GPU_mem   box_loss   cls_loss   dfl_loss  Instances       Size
                   all        186      10109      0.573      0.145      0.217      0.103
Saved 9416 replay embeddings to /home/ddwilde/scriptie/runs/dota_saab_lw12/stage2-saab/replay/buffer.pt
Failed to save fine prototype sources: Object of type Tensor is not JSON serializable
Saved 9480 box replay embeddings to /home/ddwilde/scriptie/runs/dota_saab_lw12/stage2-saab/replay/box_buffer.pt
Saved fine prototype sources to /home/ddwilde/scriptie/runs/dota_saab_lw12/stage2-saab/replay/box_buffer_sources.json

      Epoch    GPU_mem   box_loss   cls_loss   dfl_loss  Instances       Size
                   all        186      10109      0.656      0.131      0.189     0.0964
Saved 9599 replay embeddings to /home/ddwilde/scriptie/runs/dota_saab_lw12/stage2-saab/replay/buffer.pt
Failed to save fine prototype sources: Object of type Tensor is not JSON serializable
Saved 9596 box replay embeddings to /home/ddwilde/scriptie/runs/dota_saab_lw12/stage2-saab/replay/box_buffer.pt
Saved fine prototype sources to /home/ddwilde/scriptie/runs/dota_saab_lw12/stage2-saab/replay/box_buffer_sources.json

      Epoch    GPU_mem   box_loss   cls_loss   dfl_loss  Instances       Size
                   all        186      10109      0.189      0.438      0.333       0.18
Saved 9691 replay embeddings to /home/ddwilde/scriptie/runs/dota_saab_lw12/stage2-saab/replay/buffer.pt
Failed to save fine prototype sources: Object of type Tensor is not JSON serializable
Saved 9647 box replay embeddings to /home/ddwilde/scriptie/runs/dota_saab_lw12/stage2-saab/replay/box_buffer.pt
Saved fine prototype sources to /home/ddwilde/scriptie/runs/dota_saab_lw12/stage2-saab/replay/box_buffer_sources.json

      Epoch    GPU_mem   box_loss   cls_loss   dfl_loss  Instances       Size
                   all        186      10109      0.173      0.446      0.347      0.186
Saved 9808 replay embeddings to /home/ddwilde/scriptie/runs/dota_saab_lw12/stage2-saab/replay/buffer.pt
Failed to save fine prototype sources: Object of type Tensor is not JSON serializable
Saved 9710 box replay embeddings to /home/ddwilde/scriptie/runs/dota_saab_lw12/stage2-saab/replay/box_buffer.pt
Saved fine prototype sources to /home/ddwilde/scriptie/runs/dota_saab_lw12/stage2-saab/replay/box_buffer_sources.json

      Epoch    GPU_mem   box_loss   cls_loss   dfl_loss  Instances       Size
                   all        186      10109      0.261      0.402       0.36      0.194
Saved 9893 replay embeddings to /home/ddwilde/scriptie/runs/dota_saab_lw12/stage2-saab/replay/buffer.pt
Failed to save fine prototype sources: Object of type Tensor is not JSON serializable
Saved 9723 box replay embeddings to /home/ddwilde/scriptie/runs/dota_saab_lw12/stage2-saab/replay/box_buffer.pt
Saved fine prototype sources to /home/ddwilde/scriptie/runs/dota_saab_lw12/stage2-saab/replay/box_buffer_sources.json

      Epoch    GPU_mem   box_loss   cls_loss   dfl_loss  Instances       Size
                   all        186      10109      0.176      0.481       0.33      0.173
Saved 9923 replay embeddings to /home/ddwilde/scriptie/runs/dota_saab_lw12/stage2-saab/replay/buffer.pt
Failed to save fine prototype sources: Object of type Tensor is not JSON serializable
Saved 9727 box replay embeddings to /home/ddwilde/scriptie/runs/dota_saab_lw12/stage2-saab/replay/box_buffer.pt
Saved fine prototype sources to /home/ddwilde/scriptie/runs/dota_saab_lw12/stage2-saab/replay/box_buffer_sources.json

      Epoch    GPU_mem   box_loss   cls_loss   dfl_loss  Instances       Size
                   all        186      10109      0.181       0.48      0.347      0.193
Saved 9966 replay embeddings to /home/ddwilde/scriptie/runs/dota_saab_lw12/stage2-saab/replay/buffer.pt
Failed to save fine prototype sources: Object of type Tensor is not JSON serializable
Saved 9741 box replay embeddings to /home/ddwilde/scriptie/runs/dota_saab_lw12/stage2-saab/replay/box_buffer.pt
Saved fine prototype sources to /home/ddwilde/scriptie/runs/dota_saab_lw12/stage2-saab/replay/box_buffer_sources.json

      Epoch    GPU_mem   box_loss   cls_loss   dfl_loss  Instances       Size
                   all        186      10109      0.175      0.492      0.307      0.156
Saved 9987 replay embeddings to /home/ddwilde/scriptie/runs/dota_saab_lw12/stage2-saab/replay/buffer.pt
Failed to save fine prototype sources: Object of type Tensor is not JSON serializable
Saved 9747 box replay embeddings to /home/ddwilde/scriptie/runs/dota_saab_lw12/stage2-saab/replay/box_buffer.pt
Saved fine prototype sources to /home/ddwilde/scriptie/runs/dota_saab_lw12/stage2-saab/replay/box_buffer_sources.json

      Epoch    GPU_mem   box_loss   cls_loss   dfl_loss  Instances       Size
                   all        186      10109      0.151      0.497      0.357       0.19
Saved 9997 replay embeddings to /home/ddwilde/scriptie/runs/dota_saab_lw12/stage2-saab/replay/buffer.pt
Failed to save fine prototype sources: Object of type Tensor is not JSON serializable
Saved 9753 box replay embeddings to /home/ddwilde/scriptie/runs/dota_saab_lw12/stage2-saab/replay/box_buffer.pt
Saved fine prototype sources to /home/ddwilde/scriptie/runs/dota_saab_lw12/stage2-saab/replay/box_buffer_sources.json

      Epoch    GPU_mem   box_loss   cls_loss   dfl_loss  Instances       Size
                   all        186      10109      0.197      0.485      0.394      0.216
Saved 10042 replay embeddings to /home/ddwilde/scriptie/runs/dota_saab_lw12/stage2-saab/replay/buffer.pt
Failed to save fine prototype sources: Object of type Tensor is not JSON serializable
Saved 9729 box replay embeddings to /home/ddwilde/scriptie/runs/dota_saab_lw12/stage2-saab/replay/box_buffer.pt
Saved fine prototype sources to /home/ddwilde/scriptie/runs/dota_saab_lw12/stage2-saab/replay/box_buffer_sources.json

      Epoch    GPU_mem   box_loss   cls_loss   dfl_loss  Instances       Size
                   all        186      10109      0.165      0.499      0.361       0.19
Saved 10073 replay embeddings to /home/ddwilde/scriptie/runs/dota_saab_lw12/stage2-saab/replay/buffer.pt
Failed to save fine prototype sources: Object of type Tensor is not JSON serializable
Saved 9748 box replay embeddings to /home/ddwilde/scriptie/runs/dota_saab_lw12/stage2-saab/replay/box_buffer.pt
Saved fine prototype sources to /home/ddwilde/scriptie/runs/dota_saab_lw12/stage2-saab/replay/box_buffer_sources.json

      Epoch    GPU_mem   box_loss   cls_loss   dfl_loss  Instances       Size
                   all        186      10109      0.134      0.456      0.322      0.165
Saved 10138 replay embeddings to /home/ddwilde/scriptie/runs/dota_saab_lw12/stage2-saab/replay/buffer.pt
Failed to save fine prototype sources: Object of type Tensor is not JSON serializable
Saved 9781 box replay embeddings to /home/ddwilde/scriptie/runs/dota_saab_lw12/stage2-saab/replay/box_buffer.pt
Saved fine prototype sources to /home/ddwilde/scriptie/runs/dota_saab_lw12/stage2-saab/replay/box_buffer_sources.json

      Epoch    GPU_mem   box_loss   cls_loss   dfl_loss  Instances       Size
                   all        186      10109      0.181      0.489      0.351      0.197
Saved 10219 replay embeddings to /home/ddwilde/scriptie/runs/dota_saab_lw12/stage2-saab/replay/buffer.pt
Failed to save fine prototype sources: Object of type Tensor is not JSON serializable
Saved 9847 box replay embeddings to /home/ddwilde/scriptie/runs/dota_saab_lw12/stage2-saab/replay/box_buffer.pt
Saved fine prototype sources to /home/ddwilde/scriptie/runs/dota_saab_lw12/stage2-saab/replay/box_buffer_sources.json

      Epoch    GPU_mem   box_loss   cls_loss   dfl_loss  Instances       Size
                   all        186      10109      0.147       0.52      0.336       0.18
Saved 10234 replay embeddings to /home/ddwilde/scriptie/runs/dota_saab_lw12/stage2-saab/replay/buffer.pt
Failed to save fine prototype sources: Object of type Tensor is not JSON serializable
Saved 9863 box replay embeddings to /home/ddwilde/scriptie/runs/dota_saab_lw12/stage2-saab/replay/box_buffer.pt
Saved fine prototype sources to /home/ddwilde/scriptie/runs/dota_saab_lw12/stage2-saab/replay/box_buffer_sources.json

      Epoch    GPU_mem   box_loss   cls_loss   dfl_loss  Instances       Size
                   all        186      10109      0.231      0.517      0.409       0.22
Saved 10238 replay embeddings to /home/ddwilde/scriptie/runs/dota_saab_lw12/stage2-saab/replay/buffer.pt
Failed to save fine prototype sources: Object of type Tensor is not JSON serializable
Saved 9881 box replay embeddings to /home/ddwilde/scriptie/runs/dota_saab_lw12/stage2-saab/replay/box_buffer.pt
Saved fine prototype sources to /home/ddwilde/scriptie/runs/dota_saab_lw12/stage2-saab/replay/box_buffer_sources.json

      Epoch    GPU_mem   box_loss   cls_loss   dfl_loss  Instances       Size
                   all        186      10109      0.193       0.51      0.392      0.204
Saved 10251 replay embeddings to /home/ddwilde/scriptie/runs/dota_saab_lw12/stage2-saab/replay/buffer.pt
Failed to save fine prototype sources: Object of type Tensor is not JSON serializable
Saved 9913 box replay embeddings to /home/ddwilde/scriptie/runs/dota_saab_lw12/stage2-saab/replay/box_buffer.pt
Saved fine prototype sources to /home/ddwilde/scriptie/runs/dota_saab_lw12/stage2-saab/replay/box_buffer_sources.json

      Epoch    GPU_mem   box_loss   cls_loss   dfl_loss  Instances       Size
                   all        186      10109      0.164      0.535      0.375      0.208
Saved 10260 replay embeddings to /home/ddwilde/scriptie/runs/dota_saab_lw12/stage2-saab/replay/buffer.pt
Failed to save fine prototype sources: Object of type Tensor is not JSON serializable
Saved 9917 box replay embeddings to /home/ddwilde/scriptie/runs/dota_saab_lw12/stage2-saab/replay/box_buffer.pt
Saved fine prototype sources to /home/ddwilde/scriptie/runs/dota_saab_lw12/stage2-saab/replay/box_buffer_sources.json

      Epoch    GPU_mem   box_loss   cls_loss   dfl_loss  Instances       Size
                   all        186      10109      0.418      0.345      0.375      0.201
Saved 10266 replay embeddings to /home/ddwilde/scriptie/runs/dota_saab_lw12/stage2-saab/replay/buffer.pt
Failed to save fine prototype sources: Object of type Tensor is not JSON serializable
Saved 9917 box replay embeddings to /home/ddwilde/scriptie/runs/dota_saab_lw12/stage2-saab/replay/box_buffer.pt
Saved fine prototype sources to /home/ddwilde/scriptie/runs/dota_saab_lw12/stage2-saab/replay/box_buffer_sources.json

      Epoch    GPU_mem   box_loss   cls_loss   dfl_loss  Instances       Size
                   all        186      10109      0.181      0.451      0.354      0.198
Saved 10279 replay embeddings to /home/ddwilde/scriptie/runs/dota_saab_lw12/stage2-saab/replay/buffer.pt
Failed to save fine prototype sources: Object of type Tensor is not JSON serializable
Saved 9918 box replay embeddings to /home/ddwilde/scriptie/runs/dota_saab_lw12/stage2-saab/replay/box_buffer.pt
Saved fine prototype sources to /home/ddwilde/scriptie/runs/dota_saab_lw12/stage2-saab/replay/box_buffer_sources.json

      Epoch    GPU_mem   box_loss   cls_loss   dfl_loss  Instances       Size
                   all        186      10109      0.178      0.512      0.389      0.218
Saved 10301 replay embeddings to /home/ddwilde/scriptie/runs/dota_saab_lw12/stage2-saab/replay/buffer.pt
Failed to save fine prototype sources: Object of type Tensor is not JSON serializable
Saved 9970 box replay embeddings to /home/ddwilde/scriptie/runs/dota_saab_lw12/stage2-saab/replay/box_buffer.pt
Saved fine prototype sources to /home/ddwilde/scriptie/runs/dota_saab_lw12/stage2-saab/replay/box_buffer_sources.json

      Epoch    GPU_mem   box_loss   cls_loss   dfl_loss  Instances       Size
                   all        186      10109      0.177        0.5      0.392      0.209
Saved 10307 replay embeddings to /home/ddwilde/scriptie/runs/dota_saab_lw12/stage2-saab/replay/buffer.pt
Failed to save fine prototype sources: Object of type Tensor is not JSON serializable
Saved 9963 box replay embeddings to /home/ddwilde/scriptie/runs/dota_saab_lw12/stage2-saab/replay/box_buffer.pt
Saved fine prototype sources to /home/ddwilde/scriptie/runs/dota_saab_lw12/stage2-saab/replay/box_buffer_sources.json

      Epoch    GPU_mem   box_loss   cls_loss   dfl_loss  Instances       Size
                   all        186      10109      0.213      0.537      0.404      0.227
Saved 10322 replay embeddings to /home/ddwilde/scriptie/runs/dota_saab_lw12/stage2-saab/replay/buffer.pt
Failed to save fine prototype sources: Object of type Tensor is not JSON serializable
Saved 9965 box replay embeddings to /home/ddwilde/scriptie/runs/dota_saab_lw12/stage2-saab/replay/box_buffer.pt
Saved fine prototype sources to /home/ddwilde/scriptie/runs/dota_saab_lw12/stage2-saab/replay/box_buffer_sources.json

      Epoch    GPU_mem   box_loss   cls_loss   dfl_loss  Instances       Size
                   all        186      10109      0.213      0.553      0.417      0.232
Saved 10332 replay embeddings to /home/ddwilde/scriptie/runs/dota_saab_lw12/stage2-saab/replay/buffer.pt
Failed to save fine prototype sources: Object of type Tensor is not JSON serializable
Saved 9991 box replay embeddings to /home/ddwilde/scriptie/runs/dota_saab_lw12/stage2-saab/replay/box_buffer.pt
Saved fine prototype sources to /home/ddwilde/scriptie/runs/dota_saab_lw12/stage2-saab/replay/box_buffer_sources.json

      Epoch    GPU_mem   box_loss   cls_loss   dfl_loss  Instances       Size
                   all        186      10109        0.2      0.452       0.34      0.191
Saved 9969 replay embeddings to /home/ddwilde/scriptie/runs/dota_saab_lw12/stage2-saab/replay/buffer.pt
Failed to save fine prototype sources: Object of type Tensor is not JSON serializable
Saved 9590 box replay embeddings to /home/ddwilde/scriptie/runs/dota_saab_lw12/stage2-saab/replay/box_buffer.pt
Saved fine prototype sources to /home/ddwilde/scriptie/runs/dota_saab_lw12/stage2-saab/replay/box_buffer_sources.json

      Epoch    GPU_mem   box_loss   cls_loss   dfl_loss  Instances       Size
                   all        186      10109      0.179      0.538      0.395       0.22
Saved 9973 replay embeddings to /home/ddwilde/scriptie/runs/dota_saab_lw12/stage2-saab/replay/buffer.pt
Failed to save fine prototype sources: Object of type Tensor is not JSON serializable
Saved 9631 box replay embeddings to /home/ddwilde/scriptie/runs/dota_saab_lw12/stage2-saab/replay/box_buffer.pt
Saved fine prototype sources to /home/ddwilde/scriptie/runs/dota_saab_lw12/stage2-saab/replay/box_buffer_sources.json

      Epoch    GPU_mem   box_loss   cls_loss   dfl_loss  Instances       Size
                   all        186      10109      0.176      0.515      0.364      0.199
Saved 9974 replay embeddings to /home/ddwilde/scriptie/runs/dota_saab_lw12/stage2-saab/replay/buffer.pt
Failed to save fine prototype sources: Object of type Tensor is not JSON serializable
Saved 9662 box replay embeddings to /home/ddwilde/scriptie/runs/dota_saab_lw12/stage2-saab/replay/box_buffer.pt
Saved fine prototype sources to /home/ddwilde/scriptie/runs/dota_saab_lw12/stage2-saab/replay/box_buffer_sources.json

      Epoch    GPU_mem   box_loss   cls_loss   dfl_loss  Instances       Size
                   all        186      10109      0.184      0.542      0.386      0.214
Saved 9974 replay embeddings to /home/ddwilde/scriptie/runs/dota_saab_lw12/stage2-saab/replay/buffer.pt
Failed to save fine prototype sources: Object of type Tensor is not JSON serializable
Saved 9634 box replay embeddings to /home/ddwilde/scriptie/runs/dota_saab_lw12/stage2-saab/replay/box_buffer.pt
Saved fine prototype sources to /home/ddwilde/scriptie/runs/dota_saab_lw12/stage2-saab/replay/box_buffer_sources.json

      Epoch    GPU_mem   box_loss   cls_loss   dfl_loss  Instances       Size
                   all        186      10109      0.175      0.538      0.372      0.199
Saved 9981 replay embeddings to /home/ddwilde/scriptie/runs/dota_saab_lw12/stage2-saab/replay/buffer.pt
Failed to save fine prototype sources: Object of type Tensor is not JSON serializable
Saved 9673 box replay embeddings to /home/ddwilde/scriptie/runs/dota_saab_lw12/stage2-saab/replay/box_buffer.pt
Saved fine prototype sources to /home/ddwilde/scriptie/runs/dota_saab_lw12/stage2-saab/replay/box_buffer_sources.json

      Epoch    GPU_mem   box_loss   cls_loss   dfl_loss  Instances       Size
                   all        186      10109      0.176      0.516      0.382      0.208
Saved 9982 replay embeddings to /home/ddwilde/scriptie/runs/dota_saab_lw12/stage2-saab/replay/buffer.pt
Failed to save fine prototype sources: Object of type Tensor is not JSON serializable
Saved 9758 box replay embeddings to /home/ddwilde/scriptie/runs/dota_saab_lw12/stage2-saab/replay/box_buffer.pt
Saved fine prototype sources to /home/ddwilde/scriptie/runs/dota_saab_lw12/stage2-saab/replay/box_buffer_sources.json

      Epoch    GPU_mem   box_loss   cls_loss   dfl_loss  Instances       Size
                   all        186      10109      0.232      0.508      0.404       0.23
Saved 9984 replay embeddings to /home/ddwilde/scriptie/runs/dota_saab_lw12/stage2-saab/replay/buffer.pt
Failed to save fine prototype sources: Object of type Tensor is not JSON serializable
Saved 9760 box replay embeddings to /home/ddwilde/scriptie/runs/dota_saab_lw12/stage2-saab/replay/box_buffer.pt
Saved fine prototype sources to /home/ddwilde/scriptie/runs/dota_saab_lw12/stage2-saab/replay/box_buffer_sources.json

      Epoch    GPU_mem   box_loss   cls_loss   dfl_loss  Instances       Size
                   all        186      10109      0.179      0.506      0.377      0.205
Saved 9989 replay embeddings to /home/ddwilde/scriptie/runs/dota_saab_lw12/stage2-saab/replay/buffer.pt
Failed to save fine prototype sources: Object of type Tensor is not JSON serializable
Saved 9769 box replay embeddings to /home/ddwilde/scriptie/runs/dota_saab_lw12/stage2-saab/replay/box_buffer.pt
Saved fine prototype sources to /home/ddwilde/scriptie/runs/dota_saab_lw12/stage2-saab/replay/box_buffer_sources.json

      Epoch    GPU_mem   box_loss   cls_loss   dfl_loss  Instances       Size
                   all        186      10109      0.189      0.529      0.396      0.215
Saved 9994 replay embeddings to /home/ddwilde/scriptie/runs/dota_saab_lw12/stage2-saab/replay/buffer.pt
Failed to save fine prototype sources: Object of type Tensor is not JSON serializable
Saved 9786 box replay embeddings to /home/ddwilde/scriptie/runs/dota_saab_lw12/stage2-saab/replay/box_buffer.pt
Saved fine prototype sources to /home/ddwilde/scriptie/runs/dota_saab_lw12/stage2-saab/replay/box_buffer_sources.json

      Epoch    GPU_mem   box_loss   cls_loss   dfl_loss  Instances       Size
                   all        186      10109      0.159      0.537      0.351      0.192
Saved 10001 replay embeddings to /home/ddwilde/scriptie/runs/dota_saab_lw12/stage2-saab/replay/buffer.pt
Failed to save fine prototype sources: Object of type Tensor is not JSON serializable
Saved 9788 box replay embeddings to /home/ddwilde/scriptie/runs/dota_saab_lw12/stage2-saab/replay/box_buffer.pt
Saved fine prototype sources to /home/ddwilde/scriptie/runs/dota_saab_lw12/stage2-saab/replay/box_buffer_sources.json

      Epoch    GPU_mem   box_loss   cls_loss   dfl_loss  Instances       Size
                   all        186      10109      0.179      0.512      0.358        0.2
Saved 10007 replay embeddings to /home/ddwilde/scriptie/runs/dota_saab_lw12/stage2-saab/replay/buffer.pt
Failed to save fine prototype sources: Object of type Tensor is not JSON serializable
Saved 9795 box replay embeddings to /home/ddwilde/scriptie/runs/dota_saab_lw12/stage2-saab/replay/box_buffer.pt
Saved fine prototype sources to /home/ddwilde/scriptie/runs/dota_saab_lw12/stage2-saab/replay/box_buffer_sources.json

      Epoch    GPU_mem   box_loss   cls_loss   dfl_loss  Instances       Size
                   all        186      10109      0.207      0.516      0.367      0.205
Saved 10015 replay embeddings to /home/ddwilde/scriptie/runs/dota_saab_lw12/stage2-saab/replay/buffer.pt
Failed to save fine prototype sources: Object of type Tensor is not JSON serializable
Saved 9837 box replay embeddings to /home/ddwilde/scriptie/runs/dota_saab_lw12/stage2-saab/replay/box_buffer.pt
Saved fine prototype sources to /home/ddwilde/scriptie/runs/dota_saab_lw12/stage2-saab/replay/box_buffer_sources.json

      Epoch    GPU_mem   box_loss   cls_loss   dfl_loss  Instances       Size
                   all        186      10109      0.361       0.37      0.336      0.181
Saved 10022 replay embeddings to /home/ddwilde/scriptie/runs/dota_saab_lw12/stage2-saab/replay/buffer.pt
Failed to save fine prototype sources: Object of type Tensor is not JSON serializable
Saved 9865 box replay embeddings to /home/ddwilde/scriptie/runs/dota_saab_lw12/stage2-saab/replay/box_buffer.pt
Saved fine prototype sources to /home/ddwilde/scriptie/runs/dota_saab_lw12/stage2-saab/replay/box_buffer_sources.json
Closing dataloader mosaic

      Epoch    GPU_mem   box_loss   cls_loss   dfl_loss  Instances       Size
                   all        186      10109      0.264      0.471      0.378      0.219
Saved 10028 replay embeddings to /home/ddwilde/scriptie/runs/dota_saab_lw12/stage2-saab/replay/buffer.pt
Failed to save fine prototype sources: Object of type Tensor is not JSON serializable
Saved 9877 box replay embeddings to /home/ddwilde/scriptie/runs/dota_saab_lw12/stage2-saab/replay/box_buffer.pt
Saved fine prototype sources to /home/ddwilde/scriptie/runs/dota_saab_lw12/stage2-saab/replay/box_buffer_sources.json

      Epoch    GPU_mem   box_loss   cls_loss   dfl_loss  Instances       Size
                   all        186      10109      0.211      0.506      0.365      0.203
Saved 10028 replay embeddings to /home/ddwilde/scriptie/runs/dota_saab_lw12/stage2-saab/replay/buffer.pt
Failed to save fine prototype sources: Object of type Tensor is not JSON serializable
Saved 9877 box replay embeddings to /home/ddwilde/scriptie/runs/dota_saab_lw12/stage2-saab/replay/box_buffer.pt
Saved fine prototype sources to /home/ddwilde/scriptie/runs/dota_saab_lw12/stage2-saab/replay/box_buffer_sources.json

      Epoch    GPU_mem   box_loss   cls_loss   dfl_loss  Instances       Size
                   all        186      10109      0.221      0.474      0.353      0.197
Saved 10034 replay embeddings to /home/ddwilde/scriptie/runs/dota_saab_lw12/stage2-saab/replay/buffer.pt
Failed to save fine prototype sources: Object of type Tensor is not JSON serializable
Saved 9877 box replay embeddings to /home/ddwilde/scriptie/runs/dota_saab_lw12/stage2-saab/replay/box_buffer.pt
Saved fine prototype sources to /home/ddwilde/scriptie/runs/dota_saab_lw12/stage2-saab/replay/box_buffer_sources.json

      Epoch    GPU_mem   box_loss   cls_loss   dfl_loss  Instances       Size
                   all        186      10109      0.238      0.494      0.366      0.205
Saved 10034 replay embeddings to /home/ddwilde/scriptie/runs/dota_saab_lw12/stage2-saab/replay/buffer.pt
Failed to save fine prototype sources: Object of type Tensor is not JSON serializable
Saved 9877 box replay embeddings to /home/ddwilde/scriptie/runs/dota_saab_lw12/stage2-saab/replay/box_buffer.pt
Saved fine prototype sources to /home/ddwilde/scriptie/runs/dota_saab_lw12/stage2-saab/replay/box_buffer_sources.json

      Epoch    GPU_mem   box_loss   cls_loss   dfl_loss  Instances       Size
                   all        186      10109      0.191      0.508      0.353      0.196
Saved 10034 replay embeddings to /home/ddwilde/scriptie/runs/dota_saab_lw12/stage2-saab/replay/buffer.pt
Failed to save fine prototype sources: Object of type Tensor is not JSON serializable
Saved 9877 box replay embeddings to /home/ddwilde/scriptie/runs/dota_saab_lw12/stage2-saab/replay/box_buffer.pt
Saved fine prototype sources to /home/ddwilde/scriptie/runs/dota_saab_lw12/stage2-saab/replay/box_buffer_sources.json

      Epoch    GPU_mem   box_loss   cls_loss   dfl_loss  Instances       Size
                   all        186      10109      0.211      0.495      0.364      0.205
Saved 10034 replay embeddings to /home/ddwilde/scriptie/runs/dota_saab_lw12/stage2-saab/replay/buffer.pt
Failed to save fine prototype sources: Object of type Tensor is not JSON serializable
Saved 9877 box replay embeddings to /home/ddwilde/scriptie/runs/dota_saab_lw12/stage2-saab/replay/box_buffer.pt
Saved fine prototype sources to /home/ddwilde/scriptie/runs/dota_saab_lw12/stage2-saab/replay/box_buffer_sources.json

      Epoch    GPU_mem   box_loss   cls_loss   dfl_loss  Instances       Size
                   all        186      10109      0.187      0.513      0.355      0.197
Saved 10038 replay embeddings to /home/ddwilde/scriptie/runs/dota_saab_lw12/stage2-saab/replay/buffer.pt
Failed to save fine prototype sources: Object of type Tensor is not JSON serializable
Saved 9756 box replay embeddings to /home/ddwilde/scriptie/runs/dota_saab_lw12/stage2-saab/replay/box_buffer.pt
Saved fine prototype sources to /home/ddwilde/scriptie/runs/dota_saab_lw12/stage2-saab/replay/box_buffer_sources.json

      Epoch    GPU_mem   box_loss   cls_loss   dfl_loss  Instances       Size
                   all        186      10109      0.183      0.508      0.348      0.193
Saved 10043 replay embeddings to /home/ddwilde/scriptie/runs/dota_saab_lw12/stage2-saab/replay/buffer.pt
Failed to save fine prototype sources: Object of type Tensor is not JSON serializable
Saved 9756 box replay embeddings to /home/ddwilde/scriptie/runs/dota_saab_lw12/stage2-saab/replay/box_buffer.pt
Saved fine prototype sources to /home/ddwilde/scriptie/runs/dota_saab_lw12/stage2-saab/replay/box_buffer_sources.json

      Epoch    GPU_mem   box_loss   cls_loss   dfl_loss  Instances       Size
                   all        186      10109      0.167      0.509       0.34      0.187
Saved 10047 replay embeddings to /home/ddwilde/scriptie/runs/dota_saab_lw12/stage2-saab/replay/buffer.pt
Failed to save fine prototype sources: Object of type Tensor is not JSON serializable
Saved 9760 box replay embeddings to /home/ddwilde/scriptie/runs/dota_saab_lw12/stage2-saab/replay/box_buffer.pt
Saved fine prototype sources to /home/ddwilde/scriptie/runs/dota_saab_lw12/stage2-saab/replay/box_buffer_sources.json

      Epoch    GPU_mem   box_loss   cls_loss   dfl_loss  Instances       Size
                   all        186      10109      0.181        0.5      0.346      0.193
Saved 10047 replay embeddings to /home/ddwilde/scriptie/runs/dota_saab_lw12/stage2-saab/replay/buffer.pt
Failed to save fine prototype sources: Object of type Tensor is not JSON serializable
Saved 9760 box replay embeddings to /home/ddwilde/scriptie/runs/dota_saab_lw12/stage2-saab/replay/box_buffer.pt
Saved fine prototype sources to /home/ddwilde/scriptie/runs/dota_saab_lw12/stage2-saab/replay/box_buffer_sources.json

50 epochs completed in 0.721 hours.
Optimizer stripped from /home/ddwilde/scriptie/runs/dota_saab_lw12/stage2-saab/weights/last.pt, 19.1MB
Optimizer stripped from /home/ddwilde/scriptie/runs/dota_saab_lw12/stage2-saab/weights/best.pt, 19.1MB

Validating /home/ddwilde/scriptie/runs/dota_saab_lw12/stage2-saab/weights/best.pt...
EDNet 1.0 ✅ Python-3.10.4 ✅ torch-2.8.0+cu128 ✅CUDA:0 (NVIDIA A100-SXM4-40GB, 40441MiB)
ednet-s summary (fused): 394 layers, 9,296,048 parameters, 0 gradients
                   all        186      10109      0.213      0.552      0.417      0.232
         small-vehicle         89       5547      0.292      0.526      0.406      0.196
         large-vehicle         73       2810        0.4      0.591      0.527      0.336
                 plane         45       1720      0.151      0.811      0.714      0.389
            helicopter          5         32    0.00686      0.281      0.019    0.00895
Speed: 0.1ms preprocess, 5.4ms inference, 0.0ms loss, 0.1ms postprocess per image
Results saved to [1m/home/ddwilde/scriptie/runs/dota_saab_lw12/stage2-saab[0m
Training finished. Results saved in: /home/ddwilde/scriptie/runs/dota_saab_lw12/stage2-saab
EDNet 1.0 ✅ Python-3.10.4 ✅ torch-2.8.0+cu128 ✅CUDA:0 (NVIDIA A100-SXM4-40GB, 40441MiB)
[34m[1mengine/trainer: [0mtask=detect, mode=train, model=/home/ddwilde/scriptie/runs/dota_saab_lw12/stage2-saab/weights/best.pt, data=/home/ddwilde/scriptie/yaml/DOTA-shared-stage3-replay.yaml, epochs=50, time=None, patience=100, batch=4, imgsz=640, save=True, save_period=-1, cache=False, device=None, workers=8, project=/home/ddwilde/scriptie/runs/dota_saab_lw12, name=stage3-saab, exist_ok=False, pretrained=True, optimizer=auto, verbose=True, seed=0, deterministic=True, single_cls=False, rect=False, cos_lr=False, close_mosaic=10, resume=False, amp=True, fraction=1.0, profile=False, freeze=None, multi_scale=False, continual={'enable': False, 'batches': [], 'adapter_strategy': 'last', 'save_history': True}, replay={'enable': True, 'buffer_per_class': 128, 'sample_per_batch': 32, 'loss_weight': 12.0, 'tiny_max_pixels': 320, 'prototypes': {'num_fine': 4}, 'init_buffer': '/home/ddwilde/scriptie/runs/dota_saab_lw12/stage2-saab/replay/buffer.pt', 'box': {'enable': True, 'loss_weight': 12.0, 'init_buffer': '/home/ddwilde/scriptie/runs/dota_saab_lw12/stage2-saab/replay/box_buffer.pt'}, 'student_update_freq': 10}, kd={'enable': False, 'lambda_cls': 1.0, 'lambda_bbox': 1.0, 'top_k': 10, 'teacher_weights': None, 'teacher_nc': None, 'debug_batches': 10}, stage={'active_classes': [4], 'prev_classes': [0, 1, 2, 3]}, overlap_mask=True, mask_ratio=4, dropout=0.0, val=True, split=val, save_json=False, save_hybrid=False, conf=None, iou=0.7, max_det=300, half=False, dnn=False, plots=True, per_class_tb_interval=1, source=None, vid_stride=1, stream_buffer=False, visualize=False, augment=False, agnostic_nms=False, classes=None, retina_masks=False, embed=None, show=False, save_frames=False, save_txt=False, save_conf=False, save_crop=False, show_labels=True, show_conf=True, show_boxes=True, line_width=None, format=torchscript, keras=False, optimize=False, int8=False, dynamic=False, simplify=False, opset=None, workspace=4, nms=False, lr0=0.01, lrf=0.01, momentum=0.937, weight_decay=0.0005, warmup_epochs=3.0, warmup_momentum=0.8, warmup_bias_lr=0.1, box=7.5, cls=0.5, dfl=1.5, pose=12.0, kobj=1.0, label_smoothing=0.0, nbs=64, hsv_h=0.015, hsv_s=0.7, hsv_v=0.4, degrees=0.0, translate=0.1, scale=0.5, shear=0.0, perspective=0.0, flipud=0.0, fliplr=0.5, bgr=0.0, mosaic=1.0, mixup=0.0, copy_paste=0.0, auto_augment=randaugment, erasing=0.4, crop_fraction=1.0, cfg=None, tracker=botsort.yaml, save_dir=/home/ddwilde/scriptie/runs/dota_saab_lw12/stage3-saab
Overriding model.yaml nc=4 with nc=5

                   from  n    params  module                                       arguments                     
  0                  -1  1       928  ednet.nn.modules.conv.Conv                   [3, 32, 3, 2]                 
  1                  -1  1     18560  ednet.nn.modules.conv.Conv                   [32, 64, 3, 2]                
  2                  -1  1     29056  ednet.nn.modules.block.C2f                   [64, 64, 1, True]             
  3                  -1  1     73984  ednet.nn.modules.conv.Conv                   [64, 128, 3, 2]               
  4                  -1  2    197632  ednet.nn.modules.block.C2f                   [128, 128, 2, True]           
  5                  -1  1    295424  ednet.nn.modules.conv.Conv                   [128, 256, 3, 2]              
  6                  -1  2    420864  ednet.nn.modules.block.C2f_FCA               [256, 256, 2, True]           
  7                  -1  1   1180672  ednet.nn.modules.conv.Conv                   [256, 512, 3, 2]              
  8                  -1  1   1095680  ednet.nn.modules.block.C2f_FCA               [512, 512, 1, True]           
  9                  -1  1    656896  ednet.nn.modules.block.SPPF                  [512, 512, 5]                 
 10                  -1  1    990976  ednet.nn.modules.block.PSA                   [512, 512]                    
 11                  -1  1         0  torch.nn.modules.upsampling.Upsample         [None, 2, 'nearest']          
 12             [-1, 6]  1         0  ednet.nn.modules.conv.Concat                 [1]                           
 13                  -1  1    591360  ednet.nn.modules.block.C2f                   [768, 256, 1]                 
 14                  -1  1         0  torch.nn.modules.upsampling.Upsample         [None, 2, 'nearest']          
 15             [-1, 4]  1         0  ednet.nn.modules.conv.Concat                 [1]                           
 16                  -1  1    148224  ednet.nn.modules.block.C2f                   [384, 128, 1]                 
 17                  -1  1         0  torch.nn.modules.upsampling.Upsample         [None, 2, 'nearest']          
 18             [-1, 2]  1         0  ednet.nn.modules.conv.Concat                 [1]                           
 19                  -1  1     37248  ednet.nn.modules.block.C2f                   [192, 64, 1]                  
 20                  -1  1     36992  ednet.nn.modules.conv.Conv                   [64, 64, 3, 2]                
 21            [-1, 16]  1         0  ednet.nn.modules.conv.Concat                 [1]                           
 22                  -1  1    123648  ednet.nn.modules.block.C2f                   [192, 128, 1]                 
 23                  -1  1    147712  ednet.nn.modules.conv.Conv                   [128, 128, 3, 2]              
 24            [-1, 13]  1         0  ednet.nn.modules.conv.Concat                 [1]                           
 25                  -1  1    493056  ednet.nn.modules.block.C2f                   [384, 256, 1]                 
 26                  -1  1     68864  ednet.nn.modules.block.SCDown                [256, 256, 3, 2]              
 27             [-1, 9]  1         0  ednet.nn.modules.conv.Concat                 [1]                           
 28                  -1  1   1089536  ednet.nn.modules.block.C2fCIB                [768, 512, 1, True, True]     
 29    [19, 22, 25, 28]  1   1623224  ednet.nn.modules.head.v10Detect              [5, [64, 128, 256, 512]]      
ednet-s summary: 510 layers, 9,320,536 parameters, 9,320,520 gradients

Active classes for this stage: (4,)
Replay/previous classes for this stage: (0, 1, 2, 3)
Transferred 737/753 items from pretrained weights
Replay active: extended active_classes → (0, 1, 2, 3, 4)
Replay feature tapper initialized for detection head levels: ['P2', 'P3', 'P4']
Loaded 10047 replay embeddings from /home/ddwilde/scriptie/runs/dota_saab_lw12/stage2-saab/replay/buffer.pt
Box replay feature tapper initialized (cv2) for levels: ['P2', 'P3', 'P4']
Loaded 9760 box replay embeddings from /home/ddwilde/scriptie/runs/dota_saab_lw12/stage2-saab/replay/box_buffer.pt
Box prototype replay enabled | loss_weight=12.00
[34m[1mTensorBoard: [0mStart with 'tensorboard --logdir /home/ddwilde/scriptie/runs/dota_saab_lw12/stage3-saab', view at http://localhost:6006/
Freezing layer 'model.29.dfl.conv.weight'
[34m[1mAMP: [0mrunning Automatic Mixed Precision (AMP) checks with YOLOv8n...
[34m[1mAMP: [0mchecks passed ✅
Plotting labels to /home/ddwilde/scriptie/runs/dota_saab_lw12/stage3-saab/labels.jpg... 
[34m[1moptimizer:[0m 'optimizer=auto' found, ignoring 'lr0=0.01' and 'momentum=0.937' and determining best 'optimizer', 'lr0' and 'momentum' automatically... 
[34m[1moptimizer:[0m AdamW(lr=0.001111, momentum=0.9) with parameter groups 117 weight(decay=0.0), 145 weight(decay=0.0005), 139 bias(decay=0.0)
Trainable params: 401 tensors (9320520 weights). Top trainable=[('model.7.conv.weight', 1179648), ('model.9.cv2.conv.weight', 524288), ('model.8.cv2.conv.weight', 393216), ('model.28.cv1.conv.weight', 393216), ('model.28.cv2.conv.weight', 393216), ('model.5.conv.weight', 294912), ('model.29.cv2.3.0.conv.weight', 294912), ('model.29.one2one_cv2.3.0.conv.weight', 294912), ('model.8.cv1.conv.weight', 262144), ('model.10.cv1.conv.weight', 262144), ('model.10.cv2.conv.weight', 262144), ('model.13.cv1.conv.weight', 196608), ('model.13.m.0.cv1.conv.weight', 147456), ('model.13.m.0.cv2.conv.weight', 147456), ('model.23.conv.weight', 147456), ('model.25.m.0.cv1.conv.weight', 147456), ('model.25.m.0.cv2.conv.weight', 147456), ('model.29.cv2.2.0.conv.weight', 147456), ('model.29.one2one_cv2.2.0.conv.weight', 147456), ('model.6.cv2.conv.weight', 131072)]
Limiting positives to classes (0, 1, 2, 3, 4)
Replay targets limited to previous classes (0, 1, 2, 3)
Limiting positives to classes (0, 1, 2, 3, 4)
Replay targets limited to previous classes (0, 1, 2, 3)
[34m[1mTensorBoard: [0mmodel graph visualization added ✅
Image sizes 640 train, 640 val
Using 8 dataloader workers
Logging results to [1m/home/ddwilde/scriptie/runs/dota_saab_lw12/stage3-saab[0m
Starting training for 50 epochs...

      Epoch    GPU_mem   box_loss   cls_loss   dfl_loss  Instances       Size
Limiting positives to classes (0, 1, 2, 3, 4)
Replay targets limited to previous classes (0, 1, 2, 3)
Limiting positives to classes (0, 1, 2, 3, 4)
Replay targets limited to previous classes (0, 1, 2, 3)
Replay tap config not set; GT-driven replay skipped for this batch.
Replay tap config not set; GT-driven replay skipped for this batch.
                   all        186      15849      0.111       0.24      0.149     0.0859
Saved 14791 replay embeddings to /home/ddwilde/scriptie/runs/dota_saab_lw12/stage3-saab/replay/buffer.pt
Failed to save fine prototype sources: Object of type Tensor is not JSON serializable
Saved 15111 box replay embeddings to /home/ddwilde/scriptie/runs/dota_saab_lw12/stage3-saab/replay/box_buffer.pt
Saved fine prototype sources to /home/ddwilde/scriptie/runs/dota_saab_lw12/stage3-saab/replay/box_buffer_sources.json

      Epoch    GPU_mem   box_loss   cls_loss   dfl_loss  Instances       Size
                   all        186      15849      0.478      0.157      0.222        0.1
Saved 15832 replay embeddings to /home/ddwilde/scriptie/runs/dota_saab_lw12/stage3-saab/replay/buffer.pt
Failed to save fine prototype sources: Object of type Tensor is not JSON serializable
Saved 15670 box replay embeddings to /home/ddwilde/scriptie/runs/dota_saab_lw12/stage3-saab/replay/box_buffer.pt
Saved fine prototype sources to /home/ddwilde/scriptie/runs/dota_saab_lw12/stage3-saab/replay/box_buffer_sources.json

      Epoch    GPU_mem   box_loss   cls_loss   dfl_loss  Instances       Size
                   all        186      15849      0.667      0.186      0.278      0.136
Saved 16742 replay embeddings to /home/ddwilde/scriptie/runs/dota_saab_lw12/stage3-saab/replay/buffer.pt
Failed to save fine prototype sources: Object of type Tensor is not JSON serializable
Saved 16336 box replay embeddings to /home/ddwilde/scriptie/runs/dota_saab_lw12/stage3-saab/replay/box_buffer.pt
Saved fine prototype sources to /home/ddwilde/scriptie/runs/dota_saab_lw12/stage3-saab/replay/box_buffer_sources.json

      Epoch    GPU_mem   box_loss   cls_loss   dfl_loss  Instances       Size
                   all        186      15849      0.133      0.383      0.278      0.126
Saved 17426 replay embeddings to /home/ddwilde/scriptie/runs/dota_saab_lw12/stage3-saab/replay/buffer.pt
Failed to save fine prototype sources: Object of type Tensor is not JSON serializable
Saved 16848 box replay embeddings to /home/ddwilde/scriptie/runs/dota_saab_lw12/stage3-saab/replay/box_buffer.pt
Saved fine prototype sources to /home/ddwilde/scriptie/runs/dota_saab_lw12/stage3-saab/replay/box_buffer_sources.json

      Epoch    GPU_mem   box_loss   cls_loss   dfl_loss  Instances       Size
                   all        186      15849      0.162      0.384      0.253      0.117
Saved 17647 replay embeddings to /home/ddwilde/scriptie/runs/dota_saab_lw12/stage3-saab/replay/buffer.pt
Failed to save fine prototype sources: Object of type Tensor is not JSON serializable
Saved 16934 box replay embeddings to /home/ddwilde/scriptie/runs/dota_saab_lw12/stage3-saab/replay/box_buffer.pt
Saved fine prototype sources to /home/ddwilde/scriptie/runs/dota_saab_lw12/stage3-saab/replay/box_buffer_sources.json

      Epoch    GPU_mem   box_loss   cls_loss   dfl_loss  Instances       Size
                   all        186      15849      0.166      0.441      0.295      0.148
Saved 17642 replay embeddings to /home/ddwilde/scriptie/runs/dota_saab_lw12/stage3-saab/replay/buffer.pt
Failed to save fine prototype sources: Object of type Tensor is not JSON serializable
Saved 16969 box replay embeddings to /home/ddwilde/scriptie/runs/dota_saab_lw12/stage3-saab/replay/box_buffer.pt
Saved fine prototype sources to /home/ddwilde/scriptie/runs/dota_saab_lw12/stage3-saab/replay/box_buffer_sources.json

      Epoch    GPU_mem   box_loss   cls_loss   dfl_loss  Instances       Size
                   all        186      15849      0.183      0.437       0.29      0.143
Saved 17849 replay embeddings to /home/ddwilde/scriptie/runs/dota_saab_lw12/stage3-saab/replay/buffer.pt
Failed to save fine prototype sources: Object of type Tensor is not JSON serializable
Saved 17170 box replay embeddings to /home/ddwilde/scriptie/runs/dota_saab_lw12/stage3-saab/replay/box_buffer.pt
Saved fine prototype sources to /home/ddwilde/scriptie/runs/dota_saab_lw12/stage3-saab/replay/box_buffer_sources.json

      Epoch    GPU_mem   box_loss   cls_loss   dfl_loss  Instances       Size
                   all        186      15849      0.182      0.418      0.308      0.153
Saved 17958 replay embeddings to /home/ddwilde/scriptie/runs/dota_saab_lw12/stage3-saab/replay/buffer.pt
Failed to save fine prototype sources: Object of type Tensor is not JSON serializable
Saved 17057 box replay embeddings to /home/ddwilde/scriptie/runs/dota_saab_lw12/stage3-saab/replay/box_buffer.pt
Saved fine prototype sources to /home/ddwilde/scriptie/runs/dota_saab_lw12/stage3-saab/replay/box_buffer_sources.json

      Epoch    GPU_mem   box_loss   cls_loss   dfl_loss  Instances       Size
                   all        186      15849      0.489      0.281      0.342      0.172
Saved 18014 replay embeddings to /home/ddwilde/scriptie/runs/dota_saab_lw12/stage3-saab/replay/buffer.pt
Failed to save fine prototype sources: Object of type Tensor is not JSON serializable
Saved 17168 box replay embeddings to /home/ddwilde/scriptie/runs/dota_saab_lw12/stage3-saab/replay/box_buffer.pt
Saved fine prototype sources to /home/ddwilde/scriptie/runs/dota_saab_lw12/stage3-saab/replay/box_buffer_sources.json

      Epoch    GPU_mem   box_loss   cls_loss   dfl_loss  Instances       Size
                   all        186      15849       0.19      0.457      0.355      0.182
Saved 18039 replay embeddings to /home/ddwilde/scriptie/runs/dota_saab_lw12/stage3-saab/replay/buffer.pt
Failed to save fine prototype sources: Object of type Tensor is not JSON serializable
Saved 17081 box replay embeddings to /home/ddwilde/scriptie/runs/dota_saab_lw12/stage3-saab/replay/box_buffer.pt
Saved fine prototype sources to /home/ddwilde/scriptie/runs/dota_saab_lw12/stage3-saab/replay/box_buffer_sources.json

      Epoch    GPU_mem   box_loss   cls_loss   dfl_loss  Instances       Size
                   all        186      15849        0.7      0.269      0.351      0.176
Saved 18066 replay embeddings to /home/ddwilde/scriptie/runs/dota_saab_lw12/stage3-saab/replay/buffer.pt
Failed to save fine prototype sources: Object of type Tensor is not JSON serializable
Saved 17138 box replay embeddings to /home/ddwilde/scriptie/runs/dota_saab_lw12/stage3-saab/replay/box_buffer.pt
Saved fine prototype sources to /home/ddwilde/scriptie/runs/dota_saab_lw12/stage3-saab/replay/box_buffer_sources.json

      Epoch    GPU_mem   box_loss   cls_loss   dfl_loss  Instances       Size
                   all        186      15849       0.19      0.506      0.377      0.191
Saved 18086 replay embeddings to /home/ddwilde/scriptie/runs/dota_saab_lw12/stage3-saab/replay/buffer.pt
Failed to save fine prototype sources: Object of type Tensor is not JSON serializable
Saved 17156 box replay embeddings to /home/ddwilde/scriptie/runs/dota_saab_lw12/stage3-saab/replay/box_buffer.pt
Saved fine prototype sources to /home/ddwilde/scriptie/runs/dota_saab_lw12/stage3-saab/replay/box_buffer_sources.json

      Epoch    GPU_mem   box_loss   cls_loss   dfl_loss  Instances       Size
                   all        186      15849      0.163      0.463      0.338      0.164
Saved 18092 replay embeddings to /home/ddwilde/scriptie/runs/dota_saab_lw12/stage3-saab/replay/buffer.pt
Failed to save fine prototype sources: Object of type Tensor is not JSON serializable
Saved 17200 box replay embeddings to /home/ddwilde/scriptie/runs/dota_saab_lw12/stage3-saab/replay/box_buffer.pt
Saved fine prototype sources to /home/ddwilde/scriptie/runs/dota_saab_lw12/stage3-saab/replay/box_buffer_sources.json

      Epoch    GPU_mem   box_loss   cls_loss   dfl_loss  Instances       Size
                   all        186      15849      0.589      0.391        0.4      0.201
Saved 18116 replay embeddings to /home/ddwilde/scriptie/runs/dota_saab_lw12/stage3-saab/replay/buffer.pt
Failed to save fine prototype sources: Object of type Tensor is not JSON serializable
Saved 17179 box replay embeddings to /home/ddwilde/scriptie/runs/dota_saab_lw12/stage3-saab/replay/box_buffer.pt
Saved fine prototype sources to /home/ddwilde/scriptie/runs/dota_saab_lw12/stage3-saab/replay/box_buffer_sources.json

      Epoch    GPU_mem   box_loss   cls_loss   dfl_loss  Instances       Size
                   all        186      15849      0.199        0.5      0.396        0.2
Saved 18145 replay embeddings to /home/ddwilde/scriptie/runs/dota_saab_lw12/stage3-saab/replay/buffer.pt
Failed to save fine prototype sources: Object of type Tensor is not JSON serializable
Saved 17200 box replay embeddings to /home/ddwilde/scriptie/runs/dota_saab_lw12/stage3-saab/replay/box_buffer.pt
Saved fine prototype sources to /home/ddwilde/scriptie/runs/dota_saab_lw12/stage3-saab/replay/box_buffer_sources.json

      Epoch    GPU_mem   box_loss   cls_loss   dfl_loss  Instances       Size
                   all        186      15849      0.509      0.394      0.338      0.167
Saved 18158 replay embeddings to /home/ddwilde/scriptie/runs/dota_saab_lw12/stage3-saab/replay/buffer.pt
Failed to save fine prototype sources: Object of type Tensor is not JSON serializable
Saved 17322 box replay embeddings to /home/ddwilde/scriptie/runs/dota_saab_lw12/stage3-saab/replay/box_buffer.pt
Saved fine prototype sources to /home/ddwilde/scriptie/runs/dota_saab_lw12/stage3-saab/replay/box_buffer_sources.json

      Epoch    GPU_mem   box_loss   cls_loss   dfl_loss  Instances       Size
                   all        186      15849      0.208      0.513      0.371      0.189
Saved 18176 replay embeddings to /home/ddwilde/scriptie/runs/dota_saab_lw12/stage3-saab/replay/buffer.pt
Failed to save fine prototype sources: Object of type Tensor is not JSON serializable
Saved 17041 box replay embeddings to /home/ddwilde/scriptie/runs/dota_saab_lw12/stage3-saab/replay/box_buffer.pt
Saved fine prototype sources to /home/ddwilde/scriptie/runs/dota_saab_lw12/stage3-saab/replay/box_buffer_sources.json

      Epoch    GPU_mem   box_loss   cls_loss   dfl_loss  Instances       Size
                   all        186      15849      0.554      0.396      0.412      0.204
Saved 18181 replay embeddings to /home/ddwilde/scriptie/runs/dota_saab_lw12/stage3-saab/replay/buffer.pt
Failed to save fine prototype sources: Object of type Tensor is not JSON serializable
Saved 17059 box replay embeddings to /home/ddwilde/scriptie/runs/dota_saab_lw12/stage3-saab/replay/box_buffer.pt
Saved fine prototype sources to /home/ddwilde/scriptie/runs/dota_saab_lw12/stage3-saab/replay/box_buffer_sources.json

      Epoch    GPU_mem   box_loss   cls_loss   dfl_loss  Instances       Size
                   all        186      15849      0.236      0.461      0.373      0.179
Saved 18193 replay embeddings to /home/ddwilde/scriptie/runs/dota_saab_lw12/stage3-saab/replay/buffer.pt
Failed to save fine prototype sources: Object of type Tensor is not JSON serializable
Saved 17088 box replay embeddings to /home/ddwilde/scriptie/runs/dota_saab_lw12/stage3-saab/replay/box_buffer.pt
Saved fine prototype sources to /home/ddwilde/scriptie/runs/dota_saab_lw12/stage3-saab/replay/box_buffer_sources.json

      Epoch    GPU_mem   box_loss   cls_loss   dfl_loss  Instances       Size
                   all        186      15849      0.188      0.506      0.348      0.178
Saved 18214 replay embeddings to /home/ddwilde/scriptie/runs/dota_saab_lw12/stage3-saab/replay/buffer.pt
Failed to save fine prototype sources: Object of type Tensor is not JSON serializable
Saved 17142 box replay embeddings to /home/ddwilde/scriptie/runs/dota_saab_lw12/stage3-saab/replay/box_buffer.pt
Saved fine prototype sources to /home/ddwilde/scriptie/runs/dota_saab_lw12/stage3-saab/replay/box_buffer_sources.json

      Epoch    GPU_mem   box_loss   cls_loss   dfl_loss  Instances       Size
                   all        186      15849      0.483      0.393      0.388       0.19
Saved 18225 replay embeddings to /home/ddwilde/scriptie/runs/dota_saab_lw12/stage3-saab/replay/buffer.pt
Failed to save fine prototype sources: Object of type Tensor is not JSON serializable
Saved 17082 box replay embeddings to /home/ddwilde/scriptie/runs/dota_saab_lw12/stage3-saab/replay/box_buffer.pt
Saved fine prototype sources to /home/ddwilde/scriptie/runs/dota_saab_lw12/stage3-saab/replay/box_buffer_sources.json

      Epoch    GPU_mem   box_loss   cls_loss   dfl_loss  Instances       Size
                   all        186      15849      0.236      0.517       0.41      0.219
Saved 18228 replay embeddings to /home/ddwilde/scriptie/runs/dota_saab_lw12/stage3-saab/replay/buffer.pt
Failed to save fine prototype sources: Object of type Tensor is not JSON serializable
Saved 17088 box replay embeddings to /home/ddwilde/scriptie/runs/dota_saab_lw12/stage3-saab/replay/box_buffer.pt
Saved fine prototype sources to /home/ddwilde/scriptie/runs/dota_saab_lw12/stage3-saab/replay/box_buffer_sources.json

      Epoch    GPU_mem   box_loss   cls_loss   dfl_loss  Instances       Size
                   all        186      15849      0.206      0.522      0.383      0.201
Saved 18232 replay embeddings to /home/ddwilde/scriptie/runs/dota_saab_lw12/stage3-saab/replay/buffer.pt
Failed to save fine prototype sources: Object of type Tensor is not JSON serializable
Saved 17097 box replay embeddings to /home/ddwilde/scriptie/runs/dota_saab_lw12/stage3-saab/replay/box_buffer.pt
Saved fine prototype sources to /home/ddwilde/scriptie/runs/dota_saab_lw12/stage3-saab/replay/box_buffer_sources.json

      Epoch    GPU_mem   box_loss   cls_loss   dfl_loss  Instances       Size
                   all        186      15849      0.216      0.498      0.371      0.192
Saved 18276 replay embeddings to /home/ddwilde/scriptie/runs/dota_saab_lw12/stage3-saab/replay/buffer.pt
Failed to save fine prototype sources: Object of type Tensor is not JSON serializable
Saved 17126 box replay embeddings to /home/ddwilde/scriptie/runs/dota_saab_lw12/stage3-saab/replay/box_buffer.pt
Saved fine prototype sources to /home/ddwilde/scriptie/runs/dota_saab_lw12/stage3-saab/replay/box_buffer_sources.json

      Epoch    GPU_mem   box_loss   cls_loss   dfl_loss  Instances       Size
                   all        186      15849      0.246      0.447       0.35       0.18
Saved 18301 replay embeddings to /home/ddwilde/scriptie/runs/dota_saab_lw12/stage3-saab/replay/buffer.pt
Failed to save fine prototype sources: Object of type Tensor is not JSON serializable
Saved 17164 box replay embeddings to /home/ddwilde/scriptie/runs/dota_saab_lw12/stage3-saab/replay/box_buffer.pt
Saved fine prototype sources to /home/ddwilde/scriptie/runs/dota_saab_lw12/stage3-saab/replay/box_buffer_sources.json

      Epoch    GPU_mem   box_loss   cls_loss   dfl_loss  Instances       Size
                   all        186      15849      0.217      0.531      0.409      0.217
Saved 18306 replay embeddings to /home/ddwilde/scriptie/runs/dota_saab_lw12/stage3-saab/replay/buffer.pt
Failed to save fine prototype sources: Object of type Tensor is not JSON serializable
Saved 17168 box replay embeddings to /home/ddwilde/scriptie/runs/dota_saab_lw12/stage3-saab/replay/box_buffer.pt
Saved fine prototype sources to /home/ddwilde/scriptie/runs/dota_saab_lw12/stage3-saab/replay/box_buffer_sources.json

      Epoch    GPU_mem   box_loss   cls_loss   dfl_loss  Instances       Size
                   all        186      15849      0.204      0.524        0.4      0.205
Saved 18332 replay embeddings to /home/ddwilde/scriptie/runs/dota_saab_lw12/stage3-saab/replay/buffer.pt
Failed to save fine prototype sources: Object of type Tensor is not JSON serializable
Saved 17179 box replay embeddings to /home/ddwilde/scriptie/runs/dota_saab_lw12/stage3-saab/replay/box_buffer.pt
Saved fine prototype sources to /home/ddwilde/scriptie/runs/dota_saab_lw12/stage3-saab/replay/box_buffer_sources.json

      Epoch    GPU_mem   box_loss   cls_loss   dfl_loss  Instances       Size
                   all        186      15849      0.218      0.515      0.386      0.195
Saved 18276 replay embeddings to /home/ddwilde/scriptie/runs/dota_saab_lw12/stage3-saab/replay/buffer.pt
Failed to save fine prototype sources: Object of type Tensor is not JSON serializable
Saved 17227 box replay embeddings to /home/ddwilde/scriptie/runs/dota_saab_lw12/stage3-saab/replay/box_buffer.pt
Saved fine prototype sources to /home/ddwilde/scriptie/runs/dota_saab_lw12/stage3-saab/replay/box_buffer_sources.json

      Epoch    GPU_mem   box_loss   cls_loss   dfl_loss  Instances       Size
                   all        186      15849      0.672      0.325      0.406      0.203
Saved 18282 replay embeddings to /home/ddwilde/scriptie/runs/dota_saab_lw12/stage3-saab/replay/buffer.pt
Failed to save fine prototype sources: Object of type Tensor is not JSON serializable
Saved 17272 box replay embeddings to /home/ddwilde/scriptie/runs/dota_saab_lw12/stage3-saab/replay/box_buffer.pt
Saved fine prototype sources to /home/ddwilde/scriptie/runs/dota_saab_lw12/stage3-saab/replay/box_buffer_sources.json

      Epoch    GPU_mem   box_loss   cls_loss   dfl_loss  Instances       Size
                   all        186      15849      0.735      0.312      0.416      0.218
Saved 18306 replay embeddings to /home/ddwilde/scriptie/runs/dota_saab_lw12/stage3-saab/replay/buffer.pt
Failed to save fine prototype sources: Object of type Tensor is not JSON serializable
Saved 17174 box replay embeddings to /home/ddwilde/scriptie/runs/dota_saab_lw12/stage3-saab/replay/box_buffer.pt
Saved fine prototype sources to /home/ddwilde/scriptie/runs/dota_saab_lw12/stage3-saab/replay/box_buffer_sources.json

      Epoch    GPU_mem   box_loss   cls_loss   dfl_loss  Instances       Size
                   all        186      15849      0.491      0.322      0.391        0.2
Saved 18313 replay embeddings to /home/ddwilde/scriptie/runs/dota_saab_lw12/stage3-saab/replay/buffer.pt
Failed to save fine prototype sources: Object of type Tensor is not JSON serializable
Saved 17194 box replay embeddings to /home/ddwilde/scriptie/runs/dota_saab_lw12/stage3-saab/replay/box_buffer.pt
Saved fine prototype sources to /home/ddwilde/scriptie/runs/dota_saab_lw12/stage3-saab/replay/box_buffer_sources.json

      Epoch    GPU_mem   box_loss   cls_loss   dfl_loss  Instances       Size
                   all        186      15849      0.361      0.459      0.396      0.206
Saved 18337 replay embeddings to /home/ddwilde/scriptie/runs/dota_saab_lw12/stage3-saab/replay/buffer.pt
Failed to save fine prototype sources: Object of type Tensor is not JSON serializable
Saved 17305 box replay embeddings to /home/ddwilde/scriptie/runs/dota_saab_lw12/stage3-saab/replay/box_buffer.pt
Saved fine prototype sources to /home/ddwilde/scriptie/runs/dota_saab_lw12/stage3-saab/replay/box_buffer_sources.json

      Epoch    GPU_mem   box_loss   cls_loss   dfl_loss  Instances       Size
                   all        186      15849      0.593      0.362      0.386      0.197
Saved 18361 replay embeddings to /home/ddwilde/scriptie/runs/dota_saab_lw12/stage3-saab/replay/buffer.pt
Failed to save fine prototype sources: Object of type Tensor is not JSON serializable
Saved 17385 box replay embeddings to /home/ddwilde/scriptie/runs/dota_saab_lw12/stage3-saab/replay/box_buffer.pt
Saved fine prototype sources to /home/ddwilde/scriptie/runs/dota_saab_lw12/stage3-saab/replay/box_buffer_sources.json

      Epoch    GPU_mem   box_loss   cls_loss   dfl_loss  Instances       Size
                   all        186      15849      0.427      0.397      0.392      0.208
Saved 18374 replay embeddings to /home/ddwilde/scriptie/runs/dota_saab_lw12/stage3-saab/replay/buffer.pt
Failed to save fine prototype sources: Object of type Tensor is not JSON serializable
Saved 17424 box replay embeddings to /home/ddwilde/scriptie/runs/dota_saab_lw12/stage3-saab/replay/box_buffer.pt
Saved fine prototype sources to /home/ddwilde/scriptie/runs/dota_saab_lw12/stage3-saab/replay/box_buffer_sources.json

      Epoch    GPU_mem   box_loss   cls_loss   dfl_loss  Instances       Size
                   all        186      15849      0.214      0.534      0.417      0.224
Saved 18263 replay embeddings to /home/ddwilde/scriptie/runs/dota_saab_lw12/stage3-saab/replay/buffer.pt
Failed to save fine prototype sources: Object of type Tensor is not JSON serializable
Saved 17432 box replay embeddings to /home/ddwilde/scriptie/runs/dota_saab_lw12/stage3-saab/replay/box_buffer.pt
Saved fine prototype sources to /home/ddwilde/scriptie/runs/dota_saab_lw12/stage3-saab/replay/box_buffer_sources.json

      Epoch    GPU_mem   box_loss   cls_loss   dfl_loss  Instances       Size
                   all        186      15849       0.57      0.389      0.426      0.223
Saved 18269 replay embeddings to /home/ddwilde/scriptie/runs/dota_saab_lw12/stage3-saab/replay/buffer.pt
Failed to save fine prototype sources: Object of type Tensor is not JSON serializable
Saved 17456 box replay embeddings to /home/ddwilde/scriptie/runs/dota_saab_lw12/stage3-saab/replay/box_buffer.pt
Saved fine prototype sources to /home/ddwilde/scriptie/runs/dota_saab_lw12/stage3-saab/replay/box_buffer_sources.json

      Epoch    GPU_mem   box_loss   cls_loss   dfl_loss  Instances       Size
                   all        186      15849      0.586      0.326      0.399      0.211
Saved 18291 replay embeddings to /home/ddwilde/scriptie/runs/dota_saab_lw12/stage3-saab/replay/buffer.pt
Failed to save fine prototype sources: Object of type Tensor is not JSON serializable
Saved 17470 box replay embeddings to /home/ddwilde/scriptie/runs/dota_saab_lw12/stage3-saab/replay/box_buffer.pt
Saved fine prototype sources to /home/ddwilde/scriptie/runs/dota_saab_lw12/stage3-saab/replay/box_buffer_sources.json

      Epoch    GPU_mem   box_loss   cls_loss   dfl_loss  Instances       Size
                   all        186      15849      0.495      0.347      0.386        0.2
Saved 18305 replay embeddings to /home/ddwilde/scriptie/runs/dota_saab_lw12/stage3-saab/replay/buffer.pt
Failed to save fine prototype sources: Object of type Tensor is not JSON serializable
Saved 17481 box replay embeddings to /home/ddwilde/scriptie/runs/dota_saab_lw12/stage3-saab/replay/box_buffer.pt
Saved fine prototype sources to /home/ddwilde/scriptie/runs/dota_saab_lw12/stage3-saab/replay/box_buffer_sources.json

      Epoch    GPU_mem   box_loss   cls_loss   dfl_loss  Instances       Size
                   all        186      15849      0.261       0.51      0.412      0.224
Saved 18318 replay embeddings to /home/ddwilde/scriptie/runs/dota_saab_lw12/stage3-saab/replay/buffer.pt
Failed to save fine prototype sources: Object of type Tensor is not JSON serializable
Saved 17493 box replay embeddings to /home/ddwilde/scriptie/runs/dota_saab_lw12/stage3-saab/replay/box_buffer.pt
Saved fine prototype sources to /home/ddwilde/scriptie/runs/dota_saab_lw12/stage3-saab/replay/box_buffer_sources.json

      Epoch    GPU_mem   box_loss   cls_loss   dfl_loss  Instances       Size
                   all        186      15849      0.606      0.337      0.407      0.216
Saved 18339 replay embeddings to /home/ddwilde/scriptie/runs/dota_saab_lw12/stage3-saab/replay/buffer.pt
Failed to save fine prototype sources: Object of type Tensor is not JSON serializable
Saved 17532 box replay embeddings to /home/ddwilde/scriptie/runs/dota_saab_lw12/stage3-saab/replay/box_buffer.pt
Saved fine prototype sources to /home/ddwilde/scriptie/runs/dota_saab_lw12/stage3-saab/replay/box_buffer_sources.json
Closing dataloader mosaic

      Epoch    GPU_mem   box_loss   cls_loss   dfl_loss  Instances       Size
                   all        186      15849       0.28      0.447      0.396      0.209
Saved 18359 replay embeddings to /home/ddwilde/scriptie/runs/dota_saab_lw12/stage3-saab/replay/buffer.pt
Failed to save fine prototype sources: Object of type Tensor is not JSON serializable
Saved 17632 box replay embeddings to /home/ddwilde/scriptie/runs/dota_saab_lw12/stage3-saab/replay/box_buffer.pt
Saved fine prototype sources to /home/ddwilde/scriptie/runs/dota_saab_lw12/stage3-saab/replay/box_buffer_sources.json

      Epoch    GPU_mem   box_loss   cls_loss   dfl_loss  Instances       Size
                   all        186      15849      0.256      0.502      0.413      0.225
Saved 18373 replay embeddings to /home/ddwilde/scriptie/runs/dota_saab_lw12/stage3-saab/replay/buffer.pt
Failed to save fine prototype sources: Object of type Tensor is not JSON serializable
Saved 17636 box replay embeddings to /home/ddwilde/scriptie/runs/dota_saab_lw12/stage3-saab/replay/box_buffer.pt
Saved fine prototype sources to /home/ddwilde/scriptie/runs/dota_saab_lw12/stage3-saab/replay/box_buffer_sources.json

      Epoch    GPU_mem   box_loss   cls_loss   dfl_loss  Instances       Size
                   all        186      15849      0.296      0.482      0.413      0.227
Saved 18385 replay embeddings to /home/ddwilde/scriptie/runs/dota_saab_lw12/stage3-saab/replay/buffer.pt
Failed to save fine prototype sources: Object of type Tensor is not JSON serializable
Saved 17673 box replay embeddings to /home/ddwilde/scriptie/runs/dota_saab_lw12/stage3-saab/replay/box_buffer.pt
Saved fine prototype sources to /home/ddwilde/scriptie/runs/dota_saab_lw12/stage3-saab/replay/box_buffer_sources.json

      Epoch    GPU_mem   box_loss   cls_loss   dfl_loss  Instances       Size
                   all        186      15849       0.28      0.483      0.406      0.217
Saved 18402 replay embeddings to /home/ddwilde/scriptie/runs/dota_saab_lw12/stage3-saab/replay/buffer.pt
Failed to save fine prototype sources: Object of type Tensor is not JSON serializable
Saved 17707 box replay embeddings to /home/ddwilde/scriptie/runs/dota_saab_lw12/stage3-saab/replay/box_buffer.pt
Saved fine prototype sources to /home/ddwilde/scriptie/runs/dota_saab_lw12/stage3-saab/replay/box_buffer_sources.json

      Epoch    GPU_mem   box_loss   cls_loss   dfl_loss  Instances       Size
                   all        186      15849      0.232      0.489      0.376      0.196
Saved 18407 replay embeddings to /home/ddwilde/scriptie/runs/dota_saab_lw12/stage3-saab/replay/buffer.pt
Failed to save fine prototype sources: Object of type Tensor is not JSON serializable
Saved 17709 box replay embeddings to /home/ddwilde/scriptie/runs/dota_saab_lw12/stage3-saab/replay/box_buffer.pt
Saved fine prototype sources to /home/ddwilde/scriptie/runs/dota_saab_lw12/stage3-saab/replay/box_buffer_sources.json

      Epoch    GPU_mem   box_loss   cls_loss   dfl_loss  Instances       Size
                   all        186      15849      0.321      0.458       0.41      0.228
Saved 18415 replay embeddings to /home/ddwilde/scriptie/runs/dota_saab_lw12/stage3-saab/replay/buffer.pt
Failed to save fine prototype sources: Object of type Tensor is not JSON serializable
Saved 17666 box replay embeddings to /home/ddwilde/scriptie/runs/dota_saab_lw12/stage3-saab/replay/box_buffer.pt
Saved fine prototype sources to /home/ddwilde/scriptie/runs/dota_saab_lw12/stage3-saab/replay/box_buffer_sources.json

      Epoch    GPU_mem   box_loss   cls_loss   dfl_loss  Instances       Size
                   all        186      15849      0.298      0.453      0.403      0.218
Saved 18426 replay embeddings to /home/ddwilde/scriptie/runs/dota_saab_lw12/stage3-saab/replay/buffer.pt
Failed to save fine prototype sources: Object of type Tensor is not JSON serializable
Saved 17674 box replay embeddings to /home/ddwilde/scriptie/runs/dota_saab_lw12/stage3-saab/replay/box_buffer.pt
Saved fine prototype sources to /home/ddwilde/scriptie/runs/dota_saab_lw12/stage3-saab/replay/box_buffer_sources.json

      Epoch    GPU_mem   box_loss   cls_loss   dfl_loss  Instances       Size
                   all        186      15849      0.272      0.489      0.405      0.219
Saved 18460 replay embeddings to /home/ddwilde/scriptie/runs/dota_saab_lw12/stage3-saab/replay/buffer.pt
Failed to save fine prototype sources: Object of type Tensor is not JSON serializable
Saved 17563 box replay embeddings to /home/ddwilde/scriptie/runs/dota_saab_lw12/stage3-saab/replay/box_buffer.pt
Saved fine prototype sources to /home/ddwilde/scriptie/runs/dota_saab_lw12/stage3-saab/replay/box_buffer_sources.json

      Epoch    GPU_mem   box_loss   cls_loss   dfl_loss  Instances       Size
                   all        186      15849      0.263      0.484      0.393      0.211
Saved 18477 replay embeddings to /home/ddwilde/scriptie/runs/dota_saab_lw12/stage3-saab/replay/buffer.pt
Failed to save fine prototype sources: Object of type Tensor is not JSON serializable
Saved 17569 box replay embeddings to /home/ddwilde/scriptie/runs/dota_saab_lw12/stage3-saab/replay/box_buffer.pt
Saved fine prototype sources to /home/ddwilde/scriptie/runs/dota_saab_lw12/stage3-saab/replay/box_buffer_sources.json

      Epoch    GPU_mem   box_loss   cls_loss   dfl_loss  Instances       Size
                   all        186      15849      0.257      0.488       0.39      0.207
Saved 18486 replay embeddings to /home/ddwilde/scriptie/runs/dota_saab_lw12/stage3-saab/replay/buffer.pt
Failed to save fine prototype sources: Object of type Tensor is not JSON serializable
Saved 17576 box replay embeddings to /home/ddwilde/scriptie/runs/dota_saab_lw12/stage3-saab/replay/box_buffer.pt
Saved fine prototype sources to /home/ddwilde/scriptie/runs/dota_saab_lw12/stage3-saab/replay/box_buffer_sources.json

50 epochs completed in 0.918 hours.
Optimizer stripped from /home/ddwilde/scriptie/runs/dota_saab_lw12/stage3-saab/weights/last.pt, 19.1MB
Optimizer stripped from /home/ddwilde/scriptie/runs/dota_saab_lw12/stage3-saab/weights/best.pt, 19.1MB

Validating /home/ddwilde/scriptie/runs/dota_saab_lw12/stage3-saab/weights/best.pt...
EDNet 1.0 ✅ Python-3.10.4 ✅ torch-2.8.0+cu128 ✅CUDA:0 (NVIDIA A100-SXM4-40GB, 40441MiB)
ednet-s summary (fused): 394 layers, 9,296,568 parameters, 0 gradients
