EDNet 1.0 ✅ Python-3.10.4 ✅ torch-2.8.0+cu128 ✅CUDA:0 (NVIDIA A100-SXM4-40GB, 40441MiB)
[34m[1mengine/trainer: [0mtask=detect, mode=train, model=/home/ddwilde/scriptie/runs/dota_saab/stage1-saab/weights/best.pt, data=/home/ddwilde/scriptie/yaml/DOTA-shared-stage2-replay.yaml, epochs=50, time=None, patience=100, batch=4, imgsz=640, save=True, save_period=-1, cache=False, device=None, workers=8, project=/home/ddwilde/scriptie/runs/dota_saab_lw8, name=stage2-saab, exist_ok=False, pretrained=True, optimizer=auto, verbose=True, seed=0, deterministic=True, single_cls=False, rect=False, cos_lr=False, close_mosaic=10, resume=False, amp=True, fraction=1.0, profile=False, freeze=None, multi_scale=False, continual={'enable': False, 'batches': [], 'adapter_strategy': 'last', 'save_history': True}, replay={'enable': True, 'buffer_per_class': 128, 'sample_per_batch': 32, 'loss_weight': 8.0, 'tiny_max_pixels': 320, 'prototypes': {'num_fine': 4}, 'init_buffer': '/home/ddwilde/scriptie/runs/dota_saab/stage1-saab/replay/buffer.pt', 'box': {'enable': True, 'loss_weight': 8.0, 'init_buffer': '/home/ddwilde/scriptie/runs/dota_saab/stage1-saab/replay/box_buffer.pt'}, 'student_update_freq': 10}, kd={'enable': False, 'lambda_cls': 1.0, 'lambda_bbox': 1.0, 'top_k': 10, 'teacher_weights': None, 'teacher_nc': None, 'debug_batches': 10}, stage={'active_classes': [2, 3], 'prev_classes': [0, 1]}, overlap_mask=True, mask_ratio=4, dropout=0.0, val=True, split=val, save_json=False, save_hybrid=False, conf=None, iou=0.7, max_det=300, half=False, dnn=False, plots=True, per_class_tb_interval=1, source=None, vid_stride=1, stream_buffer=False, visualize=False, augment=False, agnostic_nms=False, classes=None, retina_masks=False, embed=None, show=False, save_frames=False, save_txt=False, save_conf=False, save_crop=False, show_labels=True, show_conf=True, show_boxes=True, line_width=None, format=torchscript, keras=False, optimize=False, int8=False, dynamic=False, simplify=False, opset=None, workspace=4, nms=False, lr0=0.01, lrf=0.01, momentum=0.937, weight_decay=0.0005, warmup_epochs=3.0, warmup_momentum=0.8, warmup_bias_lr=0.1, box=7.5, cls=0.5, dfl=1.5, pose=12.0, kobj=1.0, label_smoothing=0.0, nbs=64, hsv_h=0.015, hsv_s=0.7, hsv_v=0.4, degrees=0.0, translate=0.1, scale=0.5, shear=0.0, perspective=0.0, flipud=0.0, fliplr=0.5, bgr=0.0, mosaic=1.0, mixup=0.0, copy_paste=0.0, auto_augment=randaugment, erasing=0.4, crop_fraction=1.0, cfg=None, tracker=botsort.yaml, save_dir=/home/ddwilde/scriptie/runs/dota_saab_lw8/stage2-saab
Overriding model.yaml nc=2 with nc=4

                   from  n    params  module                                       arguments                     
  0                  -1  1       928  ednet.nn.modules.conv.Conv                   [3, 32, 3, 2]                 
  1                  -1  1     18560  ednet.nn.modules.conv.Conv                   [32, 64, 3, 2]                
  2                  -1  1     29056  ednet.nn.modules.block.C2f                   [64, 64, 1, True]             
  3                  -1  1     73984  ednet.nn.modules.conv.Conv                   [64, 128, 3, 2]               
  4                  -1  2    197632  ednet.nn.modules.block.C2f                   [128, 128, 2, True]           
  5                  -1  1    295424  ednet.nn.modules.conv.Conv                   [128, 256, 3, 2]              
  6                  -1  2    420864  ednet.nn.modules.block.C2f_FCA               [256, 256, 2, True]           
  7                  -1  1   1180672  ednet.nn.modules.conv.Conv                   [256, 512, 3, 2]              
  8                  -1  1   1095680  ednet.nn.modules.block.C2f_FCA               [512, 512, 1, True]           
  9                  -1  1    656896  ednet.nn.modules.block.SPPF                  [512, 512, 5]                 
 10                  -1  1    990976  ednet.nn.modules.block.PSA                   [512, 512]                    
 11                  -1  1         0  torch.nn.modules.upsampling.Upsample         [None, 2, 'nearest']          
 12             [-1, 6]  1         0  ednet.nn.modules.conv.Concat                 [1]                           
 13                  -1  1    591360  ednet.nn.modules.block.C2f                   [768, 256, 1]                 
 14                  -1  1         0  torch.nn.modules.upsampling.Upsample         [None, 2, 'nearest']          
 15             [-1, 4]  1         0  ednet.nn.modules.conv.Concat                 [1]                           
 16                  -1  1    148224  ednet.nn.modules.block.C2f                   [384, 128, 1]                 
 17                  -1  1         0  torch.nn.modules.upsampling.Upsample         [None, 2, 'nearest']          
 18             [-1, 2]  1         0  ednet.nn.modules.conv.Concat                 [1]                           
 19                  -1  1     37248  ednet.nn.modules.block.C2f                   [192, 64, 1]                  
 20                  -1  1     36992  ednet.nn.modules.conv.Conv                   [64, 64, 3, 2]                
 21            [-1, 16]  1         0  ednet.nn.modules.conv.Concat                 [1]                           
 22                  -1  1    123648  ednet.nn.modules.block.C2f                   [192, 128, 1]                 
 23                  -1  1    147712  ednet.nn.modules.conv.Conv                   [128, 128, 3, 2]              
 24            [-1, 13]  1         0  ednet.nn.modules.conv.Concat                 [1]                           
 25                  -1  1    493056  ednet.nn.modules.block.C2f                   [384, 256, 1]                 
 26                  -1  1     68864  ednet.nn.modules.block.SCDown                [256, 256, 3, 2]              
 27             [-1, 9]  1         0  ednet.nn.modules.conv.Concat                 [1]                           
 28                  -1  1   1089536  ednet.nn.modules.block.C2fCIB                [768, 512, 1, True, True]     
 29    [19, 22, 25, 28]  1   1622704  ednet.nn.modules.head.v10Detect              [4, [64, 128, 256, 512]]      
ednet-s summary: 510 layers, 9,320,016 parameters, 9,320,000 gradients

Active classes for this stage: (2, 3)
Replay/previous classes for this stage: (0, 1)
Transferred 737/753 items from pretrained weights
Replay active: extended active_classes → (0, 1, 2, 3)
Replay feature tapper initialized for detection head levels: ['P2', 'P3', 'P4']
Loaded 3397 replay embeddings from /home/ddwilde/scriptie/runs/dota_saab/stage1-saab/replay/buffer.pt
Box replay feature tapper initialized (cv2) for levels: ['P2', 'P3', 'P4']
Loaded 3612 box replay embeddings from /home/ddwilde/scriptie/runs/dota_saab/stage1-saab/replay/box_buffer.pt
Box prototype replay enabled | loss_weight=8.00
[34m[1mTensorBoard: [0mStart with 'tensorboard --logdir /home/ddwilde/scriptie/runs/dota_saab_lw8/stage2-saab', view at http://localhost:6006/
Freezing layer 'model.29.dfl.conv.weight'
[34m[1mAMP: [0mrunning Automatic Mixed Precision (AMP) checks with YOLOv8n...
[34m[1mAMP: [0mchecks passed ✅
Plotting labels to /home/ddwilde/scriptie/runs/dota_saab_lw8/stage2-saab/labels.jpg... 
[34m[1moptimizer:[0m 'optimizer=auto' found, ignoring 'lr0=0.01' and 'momentum=0.937' and determining best 'optimizer', 'lr0' and 'momentum' automatically... 
[34m[1moptimizer:[0m AdamW(lr=0.00125, momentum=0.9) with parameter groups 117 weight(decay=0.0), 145 weight(decay=0.0005), 139 bias(decay=0.0)
Trainable params: 401 tensors (9320000 weights). Top trainable=[('model.7.conv.weight', 1179648), ('model.9.cv2.conv.weight', 524288), ('model.8.cv2.conv.weight', 393216), ('model.28.cv1.conv.weight', 393216), ('model.28.cv2.conv.weight', 393216), ('model.5.conv.weight', 294912), ('model.29.cv2.3.0.conv.weight', 294912), ('model.29.one2one_cv2.3.0.conv.weight', 294912), ('model.8.cv1.conv.weight', 262144), ('model.10.cv1.conv.weight', 262144), ('model.10.cv2.conv.weight', 262144), ('model.13.cv1.conv.weight', 196608), ('model.13.m.0.cv1.conv.weight', 147456), ('model.13.m.0.cv2.conv.weight', 147456), ('model.23.conv.weight', 147456), ('model.25.m.0.cv1.conv.weight', 147456), ('model.25.m.0.cv2.conv.weight', 147456), ('model.29.cv2.2.0.conv.weight', 147456), ('model.29.one2one_cv2.2.0.conv.weight', 147456), ('model.6.cv2.conv.weight', 131072)]
Limiting positives to classes (0, 1, 2, 3)
Replay targets limited to previous classes (0, 1)
Limiting positives to classes (0, 1, 2, 3)
Replay targets limited to previous classes (0, 1)
[34m[1mTensorBoard: [0mmodel graph visualization added ✅
Image sizes 640 train, 640 val
Using 8 dataloader workers
Logging results to [1m/home/ddwilde/scriptie/runs/dota_saab_lw8/stage2-saab[0m
Starting training for 50 epochs...

      Epoch    GPU_mem   box_loss   cls_loss   dfl_loss  Instances       Size
Limiting positives to classes (0, 1, 2, 3)
Replay targets limited to previous classes (0, 1)
Limiting positives to classes (0, 1, 2, 3)
Replay targets limited to previous classes (0, 1)
Replay tap config not set; GT-driven replay skipped for this batch.
Replay tap config not set; GT-driven replay skipped for this batch.
                   all        186      10109     0.0502      0.148     0.0405     0.0257
Saved 7229 replay embeddings to /home/ddwilde/scriptie/runs/dota_saab_lw8/stage2-saab/replay/buffer.pt
Failed to save fine prototype sources: Object of type Tensor is not JSON serializable
Saved 8205 box replay embeddings to /home/ddwilde/scriptie/runs/dota_saab_lw8/stage2-saab/replay/box_buffer.pt
Saved fine prototype sources to /home/ddwilde/scriptie/runs/dota_saab_lw8/stage2-saab/replay/box_buffer_sources.json

      Epoch    GPU_mem   box_loss   cls_loss   dfl_loss  Instances       Size
                   all        186      10109      0.162      0.292      0.162     0.0806
Saved 7886 replay embeddings to /home/ddwilde/scriptie/runs/dota_saab_lw8/stage2-saab/replay/buffer.pt
Failed to save fine prototype sources: Object of type Tensor is not JSON serializable
Saved 8516 box replay embeddings to /home/ddwilde/scriptie/runs/dota_saab_lw8/stage2-saab/replay/box_buffer.pt
Saved fine prototype sources to /home/ddwilde/scriptie/runs/dota_saab_lw8/stage2-saab/replay/box_buffer_sources.json

      Epoch    GPU_mem   box_loss   cls_loss   dfl_loss  Instances       Size
                   all        186      10109      0.135      0.365      0.234      0.128
Saved 8431 replay embeddings to /home/ddwilde/scriptie/runs/dota_saab_lw8/stage2-saab/replay/buffer.pt
Failed to save fine prototype sources: Object of type Tensor is not JSON serializable
Saved 8914 box replay embeddings to /home/ddwilde/scriptie/runs/dota_saab_lw8/stage2-saab/replay/box_buffer.pt
Saved fine prototype sources to /home/ddwilde/scriptie/runs/dota_saab_lw8/stage2-saab/replay/box_buffer_sources.json

      Epoch    GPU_mem   box_loss   cls_loss   dfl_loss  Instances       Size
                   all        186      10109      0.175      0.364      0.251      0.125
Saved 8935 replay embeddings to /home/ddwilde/scriptie/runs/dota_saab_lw8/stage2-saab/replay/buffer.pt
Failed to save fine prototype sources: Object of type Tensor is not JSON serializable
Saved 9181 box replay embeddings to /home/ddwilde/scriptie/runs/dota_saab_lw8/stage2-saab/replay/box_buffer.pt
Saved fine prototype sources to /home/ddwilde/scriptie/runs/dota_saab_lw8/stage2-saab/replay/box_buffer_sources.json

      Epoch    GPU_mem   box_loss   cls_loss   dfl_loss  Instances       Size
                   all        186      10109      0.108      0.324      0.217      0.108
Saved 9106 replay embeddings to /home/ddwilde/scriptie/runs/dota_saab_lw8/stage2-saab/replay/buffer.pt
Failed to save fine prototype sources: Object of type Tensor is not JSON serializable
Saved 9411 box replay embeddings to /home/ddwilde/scriptie/runs/dota_saab_lw8/stage2-saab/replay/box_buffer.pt
Saved fine prototype sources to /home/ddwilde/scriptie/runs/dota_saab_lw8/stage2-saab/replay/box_buffer_sources.json

      Epoch    GPU_mem   box_loss   cls_loss   dfl_loss  Instances       Size
                   all        186      10109      0.653       0.13      0.192      0.092
Saved 9228 replay embeddings to /home/ddwilde/scriptie/runs/dota_saab_lw8/stage2-saab/replay/buffer.pt
Failed to save fine prototype sources: Object of type Tensor is not JSON serializable
Saved 9488 box replay embeddings to /home/ddwilde/scriptie/runs/dota_saab_lw8/stage2-saab/replay/box_buffer.pt
Saved fine prototype sources to /home/ddwilde/scriptie/runs/dota_saab_lw8/stage2-saab/replay/box_buffer_sources.json

      Epoch    GPU_mem   box_loss   cls_loss   dfl_loss  Instances       Size
                   all        186      10109      0.212      0.424      0.327      0.177
Saved 9378 replay embeddings to /home/ddwilde/scriptie/runs/dota_saab_lw8/stage2-saab/replay/buffer.pt
Failed to save fine prototype sources: Object of type Tensor is not JSON serializable
Saved 9570 box replay embeddings to /home/ddwilde/scriptie/runs/dota_saab_lw8/stage2-saab/replay/box_buffer.pt
Saved fine prototype sources to /home/ddwilde/scriptie/runs/dota_saab_lw8/stage2-saab/replay/box_buffer_sources.json

      Epoch    GPU_mem   box_loss   cls_loss   dfl_loss  Instances       Size
                   all        186      10109      0.167      0.443      0.341      0.184
Saved 9572 replay embeddings to /home/ddwilde/scriptie/runs/dota_saab_lw8/stage2-saab/replay/buffer.pt
Failed to save fine prototype sources: Object of type Tensor is not JSON serializable
Saved 9732 box replay embeddings to /home/ddwilde/scriptie/runs/dota_saab_lw8/stage2-saab/replay/box_buffer.pt
Saved fine prototype sources to /home/ddwilde/scriptie/runs/dota_saab_lw8/stage2-saab/replay/box_buffer_sources.json

      Epoch    GPU_mem   box_loss   cls_loss   dfl_loss  Instances       Size
                   all        186      10109      0.263       0.41      0.353      0.198
Saved 9540 replay embeddings to /home/ddwilde/scriptie/runs/dota_saab_lw8/stage2-saab/replay/buffer.pt
Failed to save fine prototype sources: Object of type Tensor is not JSON serializable
Saved 9772 box replay embeddings to /home/ddwilde/scriptie/runs/dota_saab_lw8/stage2-saab/replay/box_buffer.pt
Saved fine prototype sources to /home/ddwilde/scriptie/runs/dota_saab_lw8/stage2-saab/replay/box_buffer_sources.json

      Epoch    GPU_mem   box_loss   cls_loss   dfl_loss  Instances       Size
                   all        186      10109      0.162      0.453      0.305      0.162
Saved 9573 replay embeddings to /home/ddwilde/scriptie/runs/dota_saab_lw8/stage2-saab/replay/buffer.pt
Failed to save fine prototype sources: Object of type Tensor is not JSON serializable
Saved 9586 box replay embeddings to /home/ddwilde/scriptie/runs/dota_saab_lw8/stage2-saab/replay/box_buffer.pt
Saved fine prototype sources to /home/ddwilde/scriptie/runs/dota_saab_lw8/stage2-saab/replay/box_buffer_sources.json

      Epoch    GPU_mem   box_loss   cls_loss   dfl_loss  Instances       Size
                   all        186      10109      0.189      0.418      0.321      0.183
Saved 9647 replay embeddings to /home/ddwilde/scriptie/runs/dota_saab_lw8/stage2-saab/replay/buffer.pt
Failed to save fine prototype sources: Object of type Tensor is not JSON serializable
Saved 9687 box replay embeddings to /home/ddwilde/scriptie/runs/dota_saab_lw8/stage2-saab/replay/box_buffer.pt
Saved fine prototype sources to /home/ddwilde/scriptie/runs/dota_saab_lw8/stage2-saab/replay/box_buffer_sources.json

      Epoch    GPU_mem   box_loss   cls_loss   dfl_loss  Instances       Size
                   all        186      10109      0.215      0.444      0.343      0.185
Saved 9668 replay embeddings to /home/ddwilde/scriptie/runs/dota_saab_lw8/stage2-saab/replay/buffer.pt
Failed to save fine prototype sources: Object of type Tensor is not JSON serializable
Saved 9764 box replay embeddings to /home/ddwilde/scriptie/runs/dota_saab_lw8/stage2-saab/replay/box_buffer.pt
Saved fine prototype sources to /home/ddwilde/scriptie/runs/dota_saab_lw8/stage2-saab/replay/box_buffer_sources.json

      Epoch    GPU_mem   box_loss   cls_loss   dfl_loss  Instances       Size
                   all        186      10109      0.155      0.466       0.35      0.186
Saved 9685 replay embeddings to /home/ddwilde/scriptie/runs/dota_saab_lw8/stage2-saab/replay/buffer.pt
Failed to save fine prototype sources: Object of type Tensor is not JSON serializable
Saved 9806 box replay embeddings to /home/ddwilde/scriptie/runs/dota_saab_lw8/stage2-saab/replay/box_buffer.pt
Saved fine prototype sources to /home/ddwilde/scriptie/runs/dota_saab_lw8/stage2-saab/replay/box_buffer_sources.json

      Epoch    GPU_mem   box_loss   cls_loss   dfl_loss  Instances       Size
                   all        186      10109      0.197      0.524      0.378      0.213
Saved 9755 replay embeddings to /home/ddwilde/scriptie/runs/dota_saab_lw8/stage2-saab/replay/buffer.pt
Failed to save fine prototype sources: Object of type Tensor is not JSON serializable
Saved 9722 box replay embeddings to /home/ddwilde/scriptie/runs/dota_saab_lw8/stage2-saab/replay/box_buffer.pt
Saved fine prototype sources to /home/ddwilde/scriptie/runs/dota_saab_lw8/stage2-saab/replay/box_buffer_sources.json

      Epoch    GPU_mem   box_loss   cls_loss   dfl_loss  Instances       Size
                   all        186      10109       0.17      0.482       0.36      0.199
Saved 9783 replay embeddings to /home/ddwilde/scriptie/runs/dota_saab_lw8/stage2-saab/replay/buffer.pt
Failed to save fine prototype sources: Object of type Tensor is not JSON serializable
Saved 9755 box replay embeddings to /home/ddwilde/scriptie/runs/dota_saab_lw8/stage2-saab/replay/box_buffer.pt
Saved fine prototype sources to /home/ddwilde/scriptie/runs/dota_saab_lw8/stage2-saab/replay/box_buffer_sources.json

      Epoch    GPU_mem   box_loss   cls_loss   dfl_loss  Instances       Size
                   all        186      10109      0.121      0.429       0.28      0.141
Saved 9561 replay embeddings to /home/ddwilde/scriptie/runs/dota_saab_lw8/stage2-saab/replay/buffer.pt
Failed to save fine prototype sources: Object of type Tensor is not JSON serializable
Saved 9797 box replay embeddings to /home/ddwilde/scriptie/runs/dota_saab_lw8/stage2-saab/replay/box_buffer.pt
Saved fine prototype sources to /home/ddwilde/scriptie/runs/dota_saab_lw8/stage2-saab/replay/box_buffer_sources.json

      Epoch    GPU_mem   box_loss   cls_loss   dfl_loss  Instances       Size
                   all        186      10109      0.206      0.495      0.368        0.2
Saved 9725 replay embeddings to /home/ddwilde/scriptie/runs/dota_saab_lw8/stage2-saab/replay/buffer.pt
Failed to save fine prototype sources: Object of type Tensor is not JSON serializable
Saved 9815 box replay embeddings to /home/ddwilde/scriptie/runs/dota_saab_lw8/stage2-saab/replay/box_buffer.pt
Saved fine prototype sources to /home/ddwilde/scriptie/runs/dota_saab_lw8/stage2-saab/replay/box_buffer_sources.json

      Epoch    GPU_mem   box_loss   cls_loss   dfl_loss  Instances       Size
                   all        186      10109      0.133      0.519      0.318      0.168
Saved 9786 replay embeddings to /home/ddwilde/scriptie/runs/dota_saab_lw8/stage2-saab/replay/buffer.pt
Failed to save fine prototype sources: Object of type Tensor is not JSON serializable
Saved 9908 box replay embeddings to /home/ddwilde/scriptie/runs/dota_saab_lw8/stage2-saab/replay/box_buffer.pt
Saved fine prototype sources to /home/ddwilde/scriptie/runs/dota_saab_lw8/stage2-saab/replay/box_buffer_sources.json

      Epoch    GPU_mem   box_loss   cls_loss   dfl_loss  Instances       Size
                   all        186      10109      0.253      0.526      0.417      0.223
Saved 9809 replay embeddings to /home/ddwilde/scriptie/runs/dota_saab_lw8/stage2-saab/replay/buffer.pt
Failed to save fine prototype sources: Object of type Tensor is not JSON serializable
Saved 9919 box replay embeddings to /home/ddwilde/scriptie/runs/dota_saab_lw8/stage2-saab/replay/box_buffer.pt
Saved fine prototype sources to /home/ddwilde/scriptie/runs/dota_saab_lw8/stage2-saab/replay/box_buffer_sources.json

      Epoch    GPU_mem   box_loss   cls_loss   dfl_loss  Instances       Size
                   all        186      10109      0.178      0.519       0.38        0.2
Saved 9844 replay embeddings to /home/ddwilde/scriptie/runs/dota_saab_lw8/stage2-saab/replay/buffer.pt
Failed to save fine prototype sources: Object of type Tensor is not JSON serializable
Saved 9946 box replay embeddings to /home/ddwilde/scriptie/runs/dota_saab_lw8/stage2-saab/replay/box_buffer.pt
Saved fine prototype sources to /home/ddwilde/scriptie/runs/dota_saab_lw8/stage2-saab/replay/box_buffer_sources.json

      Epoch    GPU_mem   box_loss   cls_loss   dfl_loss  Instances       Size
                   all        186      10109      0.139      0.538      0.329      0.176
Saved 9873 replay embeddings to /home/ddwilde/scriptie/runs/dota_saab_lw8/stage2-saab/replay/buffer.pt
Failed to save fine prototype sources: Object of type Tensor is not JSON serializable
Saved 9957 box replay embeddings to /home/ddwilde/scriptie/runs/dota_saab_lw8/stage2-saab/replay/box_buffer.pt
Saved fine prototype sources to /home/ddwilde/scriptie/runs/dota_saab_lw8/stage2-saab/replay/box_buffer_sources.json

      Epoch    GPU_mem   box_loss   cls_loss   dfl_loss  Instances       Size
                   all        186      10109      0.151      0.477      0.361      0.197
Saved 9916 replay embeddings to /home/ddwilde/scriptie/runs/dota_saab_lw8/stage2-saab/replay/buffer.pt
Failed to save fine prototype sources: Object of type Tensor is not JSON serializable
Saved 9965 box replay embeddings to /home/ddwilde/scriptie/runs/dota_saab_lw8/stage2-saab/replay/box_buffer.pt
Saved fine prototype sources to /home/ddwilde/scriptie/runs/dota_saab_lw8/stage2-saab/replay/box_buffer_sources.json

      Epoch    GPU_mem   box_loss   cls_loss   dfl_loss  Instances       Size
                   all        186      10109      0.239      0.479      0.387      0.225
Saved 9935 replay embeddings to /home/ddwilde/scriptie/runs/dota_saab_lw8/stage2-saab/replay/buffer.pt
Failed to save fine prototype sources: Object of type Tensor is not JSON serializable
Saved 9992 box replay embeddings to /home/ddwilde/scriptie/runs/dota_saab_lw8/stage2-saab/replay/box_buffer.pt
Saved fine prototype sources to /home/ddwilde/scriptie/runs/dota_saab_lw8/stage2-saab/replay/box_buffer_sources.json

      Epoch    GPU_mem   box_loss   cls_loss   dfl_loss  Instances       Size
                   all        186      10109      0.211      0.497       0.39       0.23
Saved 9955 replay embeddings to /home/ddwilde/scriptie/runs/dota_saab_lw8/stage2-saab/replay/buffer.pt
Failed to save fine prototype sources: Object of type Tensor is not JSON serializable
Saved 10031 box replay embeddings to /home/ddwilde/scriptie/runs/dota_saab_lw8/stage2-saab/replay/box_buffer.pt
Saved fine prototype sources to /home/ddwilde/scriptie/runs/dota_saab_lw8/stage2-saab/replay/box_buffer_sources.json

      Epoch    GPU_mem   box_loss   cls_loss   dfl_loss  Instances       Size
                   all        186      10109      0.161      0.519      0.364      0.194
Saved 9957 replay embeddings to /home/ddwilde/scriptie/runs/dota_saab_lw8/stage2-saab/replay/buffer.pt
Failed to save fine prototype sources: Object of type Tensor is not JSON serializable
Saved 10037 box replay embeddings to /home/ddwilde/scriptie/runs/dota_saab_lw8/stage2-saab/replay/box_buffer.pt
Saved fine prototype sources to /home/ddwilde/scriptie/runs/dota_saab_lw8/stage2-saab/replay/box_buffer_sources.json

      Epoch    GPU_mem   box_loss   cls_loss   dfl_loss  Instances       Size
                   all        186      10109      0.221      0.528      0.395      0.226
Saved 9974 replay embeddings to /home/ddwilde/scriptie/runs/dota_saab_lw8/stage2-saab/replay/buffer.pt
Failed to save fine prototype sources: Object of type Tensor is not JSON serializable
Saved 10049 box replay embeddings to /home/ddwilde/scriptie/runs/dota_saab_lw8/stage2-saab/replay/box_buffer.pt
Saved fine prototype sources to /home/ddwilde/scriptie/runs/dota_saab_lw8/stage2-saab/replay/box_buffer_sources.json

      Epoch    GPU_mem   box_loss   cls_loss   dfl_loss  Instances       Size
                   all        186      10109      0.207      0.552      0.407       0.23
Saved 9991 replay embeddings to /home/ddwilde/scriptie/runs/dota_saab_lw8/stage2-saab/replay/buffer.pt
Failed to save fine prototype sources: Object of type Tensor is not JSON serializable
Saved 10070 box replay embeddings to /home/ddwilde/scriptie/runs/dota_saab_lw8/stage2-saab/replay/box_buffer.pt
Saved fine prototype sources to /home/ddwilde/scriptie/runs/dota_saab_lw8/stage2-saab/replay/box_buffer_sources.json

      Epoch    GPU_mem   box_loss   cls_loss   dfl_loss  Instances       Size
                   all        186      10109      0.248      0.451      0.378      0.217
Saved 9557 replay embeddings to /home/ddwilde/scriptie/runs/dota_saab_lw8/stage2-saab/replay/buffer.pt
Failed to save fine prototype sources: Object of type Tensor is not JSON serializable
Saved 9479 box replay embeddings to /home/ddwilde/scriptie/runs/dota_saab_lw8/stage2-saab/replay/box_buffer.pt
Saved fine prototype sources to /home/ddwilde/scriptie/runs/dota_saab_lw8/stage2-saab/replay/box_buffer_sources.json

      Epoch    GPU_mem   box_loss   cls_loss   dfl_loss  Instances       Size
                   all        186      10109      0.185      0.536      0.399      0.221
Saved 9561 replay embeddings to /home/ddwilde/scriptie/runs/dota_saab_lw8/stage2-saab/replay/buffer.pt
Failed to save fine prototype sources: Object of type Tensor is not JSON serializable
Saved 9504 box replay embeddings to /home/ddwilde/scriptie/runs/dota_saab_lw8/stage2-saab/replay/box_buffer.pt
Saved fine prototype sources to /home/ddwilde/scriptie/runs/dota_saab_lw8/stage2-saab/replay/box_buffer_sources.json

      Epoch    GPU_mem   box_loss   cls_loss   dfl_loss  Instances       Size
                   all        186      10109      0.183        0.5      0.352      0.199
Saved 9580 replay embeddings to /home/ddwilde/scriptie/runs/dota_saab_lw8/stage2-saab/replay/buffer.pt
Failed to save fine prototype sources: Object of type Tensor is not JSON serializable
Saved 9516 box replay embeddings to /home/ddwilde/scriptie/runs/dota_saab_lw8/stage2-saab/replay/box_buffer.pt
Saved fine prototype sources to /home/ddwilde/scriptie/runs/dota_saab_lw8/stage2-saab/replay/box_buffer_sources.json

      Epoch    GPU_mem   box_loss   cls_loss   dfl_loss  Instances       Size
                   all        186      10109      0.203      0.535      0.384      0.218
Saved 9586 replay embeddings to /home/ddwilde/scriptie/runs/dota_saab_lw8/stage2-saab/replay/buffer.pt
Failed to save fine prototype sources: Object of type Tensor is not JSON serializable
Saved 9555 box replay embeddings to /home/ddwilde/scriptie/runs/dota_saab_lw8/stage2-saab/replay/box_buffer.pt
Saved fine prototype sources to /home/ddwilde/scriptie/runs/dota_saab_lw8/stage2-saab/replay/box_buffer_sources.json

      Epoch    GPU_mem   box_loss   cls_loss   dfl_loss  Instances       Size
                   all        186      10109      0.181      0.557      0.378      0.211
Saved 9600 replay embeddings to /home/ddwilde/scriptie/runs/dota_saab_lw8/stage2-saab/replay/buffer.pt
Failed to save fine prototype sources: Object of type Tensor is not JSON serializable
Saved 9578 box replay embeddings to /home/ddwilde/scriptie/runs/dota_saab_lw8/stage2-saab/replay/box_buffer.pt
Saved fine prototype sources to /home/ddwilde/scriptie/runs/dota_saab_lw8/stage2-saab/replay/box_buffer_sources.json

      Epoch    GPU_mem   box_loss   cls_loss   dfl_loss  Instances       Size
                   all        186      10109      0.179      0.529      0.377      0.208
Saved 9631 replay embeddings to /home/ddwilde/scriptie/runs/dota_saab_lw8/stage2-saab/replay/buffer.pt
Failed to save fine prototype sources: Object of type Tensor is not JSON serializable
Saved 9585 box replay embeddings to /home/ddwilde/scriptie/runs/dota_saab_lw8/stage2-saab/replay/box_buffer.pt
Saved fine prototype sources to /home/ddwilde/scriptie/runs/dota_saab_lw8/stage2-saab/replay/box_buffer_sources.json

      Epoch    GPU_mem   box_loss   cls_loss   dfl_loss  Instances       Size
                   all        186      10109       0.19      0.494      0.373      0.213
Saved 9639 replay embeddings to /home/ddwilde/scriptie/runs/dota_saab_lw8/stage2-saab/replay/buffer.pt
Failed to save fine prototype sources: Object of type Tensor is not JSON serializable
Saved 9592 box replay embeddings to /home/ddwilde/scriptie/runs/dota_saab_lw8/stage2-saab/replay/box_buffer.pt
Saved fine prototype sources to /home/ddwilde/scriptie/runs/dota_saab_lw8/stage2-saab/replay/box_buffer_sources.json

      Epoch    GPU_mem   box_loss   cls_loss   dfl_loss  Instances       Size
                   all        186      10109      0.196      0.545      0.405      0.226
Saved 9692 replay embeddings to /home/ddwilde/scriptie/runs/dota_saab_lw8/stage2-saab/replay/buffer.pt
Failed to save fine prototype sources: Object of type Tensor is not JSON serializable
Saved 9594 box replay embeddings to /home/ddwilde/scriptie/runs/dota_saab_lw8/stage2-saab/replay/box_buffer.pt
Saved fine prototype sources to /home/ddwilde/scriptie/runs/dota_saab_lw8/stage2-saab/replay/box_buffer_sources.json

      Epoch    GPU_mem   box_loss   cls_loss   dfl_loss  Instances       Size
                   all        186      10109      0.285      0.451      0.381      0.214
Saved 9709 replay embeddings to /home/ddwilde/scriptie/runs/dota_saab_lw8/stage2-saab/replay/buffer.pt
Failed to save fine prototype sources: Object of type Tensor is not JSON serializable
Saved 9605 box replay embeddings to /home/ddwilde/scriptie/runs/dota_saab_lw8/stage2-saab/replay/box_buffer.pt
Saved fine prototype sources to /home/ddwilde/scriptie/runs/dota_saab_lw8/stage2-saab/replay/box_buffer_sources.json

      Epoch    GPU_mem   box_loss   cls_loss   dfl_loss  Instances       Size
                   all        186      10109      0.404      0.309       0.34      0.191
Saved 9728 replay embeddings to /home/ddwilde/scriptie/runs/dota_saab_lw8/stage2-saab/replay/buffer.pt
Failed to save fine prototype sources: Object of type Tensor is not JSON serializable
Saved 9511 box replay embeddings to /home/ddwilde/scriptie/runs/dota_saab_lw8/stage2-saab/replay/box_buffer.pt
Saved fine prototype sources to /home/ddwilde/scriptie/runs/dota_saab_lw8/stage2-saab/replay/box_buffer_sources.json

      Epoch    GPU_mem   box_loss   cls_loss   dfl_loss  Instances       Size
                   all        186      10109      0.189      0.513      0.386      0.218
Saved 9762 replay embeddings to /home/ddwilde/scriptie/runs/dota_saab_lw8/stage2-saab/replay/buffer.pt
Failed to save fine prototype sources: Object of type Tensor is not JSON serializable
Saved 9643 box replay embeddings to /home/ddwilde/scriptie/runs/dota_saab_lw8/stage2-saab/replay/box_buffer.pt
Saved fine prototype sources to /home/ddwilde/scriptie/runs/dota_saab_lw8/stage2-saab/replay/box_buffer_sources.json

      Epoch    GPU_mem   box_loss   cls_loss   dfl_loss  Instances       Size
                   all        186      10109      0.298      0.485      0.404      0.229
Saved 9796 replay embeddings to /home/ddwilde/scriptie/runs/dota_saab_lw8/stage2-saab/replay/buffer.pt
Failed to save fine prototype sources: Object of type Tensor is not JSON serializable
Saved 9658 box replay embeddings to /home/ddwilde/scriptie/runs/dota_saab_lw8/stage2-saab/replay/box_buffer.pt
Saved fine prototype sources to /home/ddwilde/scriptie/runs/dota_saab_lw8/stage2-saab/replay/box_buffer_sources.json

      Epoch    GPU_mem   box_loss   cls_loss   dfl_loss  Instances       Size
                   all        186      10109      0.454      0.323      0.382      0.216
Saved 9814 replay embeddings to /home/ddwilde/scriptie/runs/dota_saab_lw8/stage2-saab/replay/buffer.pt
Failed to save fine prototype sources: Object of type Tensor is not JSON serializable
Saved 9667 box replay embeddings to /home/ddwilde/scriptie/runs/dota_saab_lw8/stage2-saab/replay/box_buffer.pt
Saved fine prototype sources to /home/ddwilde/scriptie/runs/dota_saab_lw8/stage2-saab/replay/box_buffer_sources.json
Closing dataloader mosaic

      Epoch    GPU_mem   box_loss   cls_loss   dfl_loss  Instances       Size
                   all        186      10109      0.233       0.47      0.368      0.218
Saved 9837 replay embeddings to /home/ddwilde/scriptie/runs/dota_saab_lw8/stage2-saab/replay/buffer.pt
Failed to save fine prototype sources: Object of type Tensor is not JSON serializable
Saved 9673 box replay embeddings to /home/ddwilde/scriptie/runs/dota_saab_lw8/stage2-saab/replay/box_buffer.pt
Saved fine prototype sources to /home/ddwilde/scriptie/runs/dota_saab_lw8/stage2-saab/replay/box_buffer_sources.json

      Epoch    GPU_mem   box_loss   cls_loss   dfl_loss  Instances       Size
                   all        186      10109      0.254      0.508      0.388      0.226
Saved 9837 replay embeddings to /home/ddwilde/scriptie/runs/dota_saab_lw8/stage2-saab/replay/buffer.pt
Failed to save fine prototype sources: Object of type Tensor is not JSON serializable
Saved 9675 box replay embeddings to /home/ddwilde/scriptie/runs/dota_saab_lw8/stage2-saab/replay/box_buffer.pt
Saved fine prototype sources to /home/ddwilde/scriptie/runs/dota_saab_lw8/stage2-saab/replay/box_buffer_sources.json

      Epoch    GPU_mem   box_loss   cls_loss   dfl_loss  Instances       Size
                   all        186      10109      0.183      0.505       0.36      0.203
Saved 9870 replay embeddings to /home/ddwilde/scriptie/runs/dota_saab_lw8/stage2-saab/replay/buffer.pt
Failed to save fine prototype sources: Object of type Tensor is not JSON serializable
Saved 9676 box replay embeddings to /home/ddwilde/scriptie/runs/dota_saab_lw8/stage2-saab/replay/box_buffer.pt
Saved fine prototype sources to /home/ddwilde/scriptie/runs/dota_saab_lw8/stage2-saab/replay/box_buffer_sources.json

      Epoch    GPU_mem   box_loss   cls_loss   dfl_loss  Instances       Size
                   all        186      10109      0.244      0.507      0.395      0.224
Saved 9877 replay embeddings to /home/ddwilde/scriptie/runs/dota_saab_lw8/stage2-saab/replay/buffer.pt
Failed to save fine prototype sources: Object of type Tensor is not JSON serializable
Saved 9676 box replay embeddings to /home/ddwilde/scriptie/runs/dota_saab_lw8/stage2-saab/replay/box_buffer.pt
Saved fine prototype sources to /home/ddwilde/scriptie/runs/dota_saab_lw8/stage2-saab/replay/box_buffer_sources.json

      Epoch    GPU_mem   box_loss   cls_loss   dfl_loss  Instances       Size
                   all        186      10109      0.217       0.52      0.389       0.22
Saved 9881 replay embeddings to /home/ddwilde/scriptie/runs/dota_saab_lw8/stage2-saab/replay/buffer.pt
Failed to save fine prototype sources: Object of type Tensor is not JSON serializable
Saved 9682 box replay embeddings to /home/ddwilde/scriptie/runs/dota_saab_lw8/stage2-saab/replay/box_buffer.pt
Saved fine prototype sources to /home/ddwilde/scriptie/runs/dota_saab_lw8/stage2-saab/replay/box_buffer_sources.json

      Epoch    GPU_mem   box_loss   cls_loss   dfl_loss  Instances       Size
                   all        186      10109      0.212      0.495      0.374      0.214
Saved 9889 replay embeddings to /home/ddwilde/scriptie/runs/dota_saab_lw8/stage2-saab/replay/buffer.pt
Failed to save fine prototype sources: Object of type Tensor is not JSON serializable
Saved 9685 box replay embeddings to /home/ddwilde/scriptie/runs/dota_saab_lw8/stage2-saab/replay/box_buffer.pt
Saved fine prototype sources to /home/ddwilde/scriptie/runs/dota_saab_lw8/stage2-saab/replay/box_buffer_sources.json

      Epoch    GPU_mem   box_loss   cls_loss   dfl_loss  Instances       Size
                   all        186      10109      0.205      0.523      0.393      0.224
Saved 9897 replay embeddings to /home/ddwilde/scriptie/runs/dota_saab_lw8/stage2-saab/replay/buffer.pt
Failed to save fine prototype sources: Object of type Tensor is not JSON serializable
Saved 9696 box replay embeddings to /home/ddwilde/scriptie/runs/dota_saab_lw8/stage2-saab/replay/box_buffer.pt
Saved fine prototype sources to /home/ddwilde/scriptie/runs/dota_saab_lw8/stage2-saab/replay/box_buffer_sources.json

      Epoch    GPU_mem   box_loss   cls_loss   dfl_loss  Instances       Size
                   all        186      10109      0.211      0.517      0.386      0.221
Saved 9907 replay embeddings to /home/ddwilde/scriptie/runs/dota_saab_lw8/stage2-saab/replay/buffer.pt
Failed to save fine prototype sources: Object of type Tensor is not JSON serializable
Saved 9711 box replay embeddings to /home/ddwilde/scriptie/runs/dota_saab_lw8/stage2-saab/replay/box_buffer.pt
Saved fine prototype sources to /home/ddwilde/scriptie/runs/dota_saab_lw8/stage2-saab/replay/box_buffer_sources.json

      Epoch    GPU_mem   box_loss   cls_loss   dfl_loss  Instances       Size
                   all        186      10109       0.19       0.52      0.383      0.216
Saved 9917 replay embeddings to /home/ddwilde/scriptie/runs/dota_saab_lw8/stage2-saab/replay/buffer.pt
Failed to save fine prototype sources: Object of type Tensor is not JSON serializable
Saved 9726 box replay embeddings to /home/ddwilde/scriptie/runs/dota_saab_lw8/stage2-saab/replay/box_buffer.pt
Saved fine prototype sources to /home/ddwilde/scriptie/runs/dota_saab_lw8/stage2-saab/replay/box_buffer_sources.json

      Epoch    GPU_mem   box_loss   cls_loss   dfl_loss  Instances       Size
                   all        186      10109      0.199      0.526      0.385      0.219
Saved 9931 replay embeddings to /home/ddwilde/scriptie/runs/dota_saab_lw8/stage2-saab/replay/buffer.pt
Failed to save fine prototype sources: Object of type Tensor is not JSON serializable
Saved 9731 box replay embeddings to /home/ddwilde/scriptie/runs/dota_saab_lw8/stage2-saab/replay/box_buffer.pt
Saved fine prototype sources to /home/ddwilde/scriptie/runs/dota_saab_lw8/stage2-saab/replay/box_buffer_sources.json

50 epochs completed in 0.723 hours.
Optimizer stripped from /home/ddwilde/scriptie/runs/dota_saab_lw8/stage2-saab/weights/last.pt, 19.1MB
Optimizer stripped from /home/ddwilde/scriptie/runs/dota_saab_lw8/stage2-saab/weights/best.pt, 19.1MB

Validating /home/ddwilde/scriptie/runs/dota_saab_lw8/stage2-saab/weights/best.pt...
EDNet 1.0 ✅ Python-3.10.4 ✅ torch-2.8.0+cu128 ✅CUDA:0 (NVIDIA A100-SXM4-40GB, 40441MiB)
ednet-s summary (fused): 394 layers, 9,296,048 parameters, 0 gradients
                   all        186      10109      0.207      0.553      0.407       0.23
         small-vehicle         89       5547      0.278      0.513       0.38      0.184
         large-vehicle         73       2810      0.368      0.602        0.5      0.314
                 plane         45       1720      0.174      0.814      0.722      0.413
            helicopter          5         32    0.00672      0.281     0.0242    0.00928
Speed: 0.2ms preprocess, 4.5ms inference, 0.0ms loss, 0.1ms postprocess per image
Results saved to [1m/home/ddwilde/scriptie/runs/dota_saab_lw8/stage2-saab[0m
Training finished. Results saved in: /home/ddwilde/scriptie/runs/dota_saab_lw8/stage2-saab
EDNet 1.0 ✅ Python-3.10.4 ✅ torch-2.8.0+cu128 ✅CUDA:0 (NVIDIA A100-SXM4-40GB, 40441MiB)
[34m[1mengine/trainer: [0mtask=detect, mode=train, model=/home/ddwilde/scriptie/runs/dota_saab_lw8/stage2-saab/weights/best.pt, data=/home/ddwilde/scriptie/yaml/DOTA-shared-stage3-replay.yaml, epochs=50, time=None, patience=100, batch=4, imgsz=640, save=True, save_period=-1, cache=False, device=None, workers=8, project=/home/ddwilde/scriptie/runs/dota_saab_lw8, name=stage3-saab, exist_ok=False, pretrained=True, optimizer=auto, verbose=True, seed=0, deterministic=True, single_cls=False, rect=False, cos_lr=False, close_mosaic=10, resume=False, amp=True, fraction=1.0, profile=False, freeze=None, multi_scale=False, continual={'enable': False, 'batches': [], 'adapter_strategy': 'last', 'save_history': True}, replay={'enable': True, 'buffer_per_class': 128, 'sample_per_batch': 32, 'loss_weight': 8.0, 'tiny_max_pixels': 320, 'prototypes': {'num_fine': 4}, 'init_buffer': '/home/ddwilde/scriptie/runs/dota_saab_lw8/stage2-saab/replay/buffer.pt', 'box': {'enable': True, 'loss_weight': 8.0, 'init_buffer': '/home/ddwilde/scriptie/runs/dota_saab_lw8/stage2-saab/replay/box_buffer.pt'}, 'student_update_freq': 10}, kd={'enable': False, 'lambda_cls': 1.0, 'lambda_bbox': 1.0, 'top_k': 10, 'teacher_weights': None, 'teacher_nc': None, 'debug_batches': 10}, stage={'active_classes': [4], 'prev_classes': [0, 1, 2, 3]}, overlap_mask=True, mask_ratio=4, dropout=0.0, val=True, split=val, save_json=False, save_hybrid=False, conf=None, iou=0.7, max_det=300, half=False, dnn=False, plots=True, per_class_tb_interval=1, source=None, vid_stride=1, stream_buffer=False, visualize=False, augment=False, agnostic_nms=False, classes=None, retina_masks=False, embed=None, show=False, save_frames=False, save_txt=False, save_conf=False, save_crop=False, show_labels=True, show_conf=True, show_boxes=True, line_width=None, format=torchscript, keras=False, optimize=False, int8=False, dynamic=False, simplify=False, opset=None, workspace=4, nms=False, lr0=0.01, lrf=0.01, momentum=0.937, weight_decay=0.0005, warmup_epochs=3.0, warmup_momentum=0.8, warmup_bias_lr=0.1, box=7.5, cls=0.5, dfl=1.5, pose=12.0, kobj=1.0, label_smoothing=0.0, nbs=64, hsv_h=0.015, hsv_s=0.7, hsv_v=0.4, degrees=0.0, translate=0.1, scale=0.5, shear=0.0, perspective=0.0, flipud=0.0, fliplr=0.5, bgr=0.0, mosaic=1.0, mixup=0.0, copy_paste=0.0, auto_augment=randaugment, erasing=0.4, crop_fraction=1.0, cfg=None, tracker=botsort.yaml, save_dir=/home/ddwilde/scriptie/runs/dota_saab_lw8/stage3-saab
Overriding model.yaml nc=4 with nc=5

                   from  n    params  module                                       arguments                     
  0                  -1  1       928  ednet.nn.modules.conv.Conv                   [3, 32, 3, 2]                 
  1                  -1  1     18560  ednet.nn.modules.conv.Conv                   [32, 64, 3, 2]                
  2                  -1  1     29056  ednet.nn.modules.block.C2f                   [64, 64, 1, True]             
  3                  -1  1     73984  ednet.nn.modules.conv.Conv                   [64, 128, 3, 2]               
  4                  -1  2    197632  ednet.nn.modules.block.C2f                   [128, 128, 2, True]           
  5                  -1  1    295424  ednet.nn.modules.conv.Conv                   [128, 256, 3, 2]              
  6                  -1  2    420864  ednet.nn.modules.block.C2f_FCA               [256, 256, 2, True]           
  7                  -1  1   1180672  ednet.nn.modules.conv.Conv                   [256, 512, 3, 2]              
  8                  -1  1   1095680  ednet.nn.modules.block.C2f_FCA               [512, 512, 1, True]           
  9                  -1  1    656896  ednet.nn.modules.block.SPPF                  [512, 512, 5]                 
 10                  -1  1    990976  ednet.nn.modules.block.PSA                   [512, 512]                    
 11                  -1  1         0  torch.nn.modules.upsampling.Upsample         [None, 2, 'nearest']          
 12             [-1, 6]  1         0  ednet.nn.modules.conv.Concat                 [1]                           
 13                  -1  1    591360  ednet.nn.modules.block.C2f                   [768, 256, 1]                 
 14                  -1  1         0  torch.nn.modules.upsampling.Upsample         [None, 2, 'nearest']          
 15             [-1, 4]  1         0  ednet.nn.modules.conv.Concat                 [1]                           
 16                  -1  1    148224  ednet.nn.modules.block.C2f                   [384, 128, 1]                 
 17                  -1  1         0  torch.nn.modules.upsampling.Upsample         [None, 2, 'nearest']          
 18             [-1, 2]  1         0  ednet.nn.modules.conv.Concat                 [1]                           
 19                  -1  1     37248  ednet.nn.modules.block.C2f                   [192, 64, 1]                  
 20                  -1  1     36992  ednet.nn.modules.conv.Conv                   [64, 64, 3, 2]                
 21            [-1, 16]  1         0  ednet.nn.modules.conv.Concat                 [1]                           
 22                  -1  1    123648  ednet.nn.modules.block.C2f                   [192, 128, 1]                 
 23                  -1  1    147712  ednet.nn.modules.conv.Conv                   [128, 128, 3, 2]              
 24            [-1, 13]  1         0  ednet.nn.modules.conv.Concat                 [1]                           
 25                  -1  1    493056  ednet.nn.modules.block.C2f                   [384, 256, 1]                 
 26                  -1  1     68864  ednet.nn.modules.block.SCDown                [256, 256, 3, 2]              
 27             [-1, 9]  1         0  ednet.nn.modules.conv.Concat                 [1]                           
 28                  -1  1   1089536  ednet.nn.modules.block.C2fCIB                [768, 512, 1, True, True]     
 29    [19, 22, 25, 28]  1   1623224  ednet.nn.modules.head.v10Detect              [5, [64, 128, 256, 512]]      
ednet-s summary: 510 layers, 9,320,536 parameters, 9,320,520 gradients

Active classes for this stage: (4,)
Replay/previous classes for this stage: (0, 1, 2, 3)
Transferred 737/753 items from pretrained weights
Replay active: extended active_classes → (0, 1, 2, 3, 4)
Replay feature tapper initialized for detection head levels: ['P2', 'P3', 'P4']
Loaded 9931 replay embeddings from /home/ddwilde/scriptie/runs/dota_saab_lw8/stage2-saab/replay/buffer.pt
Box replay feature tapper initialized (cv2) for levels: ['P2', 'P3', 'P4']
Loaded 9731 box replay embeddings from /home/ddwilde/scriptie/runs/dota_saab_lw8/stage2-saab/replay/box_buffer.pt
Box prototype replay enabled | loss_weight=8.00
[34m[1mTensorBoard: [0mStart with 'tensorboard --logdir /home/ddwilde/scriptie/runs/dota_saab_lw8/stage3-saab', view at http://localhost:6006/
Freezing layer 'model.29.dfl.conv.weight'
[34m[1mAMP: [0mrunning Automatic Mixed Precision (AMP) checks with YOLOv8n...
[34m[1mAMP: [0mchecks passed ✅
Plotting labels to /home/ddwilde/scriptie/runs/dota_saab_lw8/stage3-saab/labels.jpg... 
[34m[1moptimizer:[0m 'optimizer=auto' found, ignoring 'lr0=0.01' and 'momentum=0.937' and determining best 'optimizer', 'lr0' and 'momentum' automatically... 
[34m[1moptimizer:[0m AdamW(lr=0.001111, momentum=0.9) with parameter groups 117 weight(decay=0.0), 145 weight(decay=0.0005), 139 bias(decay=0.0)
Trainable params: 401 tensors (9320520 weights). Top trainable=[('model.7.conv.weight', 1179648), ('model.9.cv2.conv.weight', 524288), ('model.8.cv2.conv.weight', 393216), ('model.28.cv1.conv.weight', 393216), ('model.28.cv2.conv.weight', 393216), ('model.5.conv.weight', 294912), ('model.29.cv2.3.0.conv.weight', 294912), ('model.29.one2one_cv2.3.0.conv.weight', 294912), ('model.8.cv1.conv.weight', 262144), ('model.10.cv1.conv.weight', 262144), ('model.10.cv2.conv.weight', 262144), ('model.13.cv1.conv.weight', 196608), ('model.13.m.0.cv1.conv.weight', 147456), ('model.13.m.0.cv2.conv.weight', 147456), ('model.23.conv.weight', 147456), ('model.25.m.0.cv1.conv.weight', 147456), ('model.25.m.0.cv2.conv.weight', 147456), ('model.29.cv2.2.0.conv.weight', 147456), ('model.29.one2one_cv2.2.0.conv.weight', 147456), ('model.6.cv2.conv.weight', 131072)]
Limiting positives to classes (0, 1, 2, 3, 4)
Replay targets limited to previous classes (0, 1, 2, 3)
Limiting positives to classes (0, 1, 2, 3, 4)
Replay targets limited to previous classes (0, 1, 2, 3)
[34m[1mTensorBoard: [0mmodel graph visualization added ✅
Image sizes 640 train, 640 val
Using 8 dataloader workers
Logging results to [1m/home/ddwilde/scriptie/runs/dota_saab_lw8/stage3-saab[0m
Starting training for 50 epochs...

      Epoch    GPU_mem   box_loss   cls_loss   dfl_loss  Instances       Size
Limiting positives to classes (0, 1, 2, 3, 4)
Replay targets limited to previous classes (0, 1, 2, 3)
Limiting positives to classes (0, 1, 2, 3, 4)
Replay targets limited to previous classes (0, 1, 2, 3)
Replay tap config not set; GT-driven replay skipped for this batch.
Replay tap config not set; GT-driven replay skipped for this batch.
                   all        186      15849      0.117      0.264       0.15     0.0862
Saved 14687 replay embeddings to /home/ddwilde/scriptie/runs/dota_saab_lw8/stage3-saab/replay/buffer.pt
Failed to save fine prototype sources: Object of type Tensor is not JSON serializable
Saved 15292 box replay embeddings to /home/ddwilde/scriptie/runs/dota_saab_lw8/stage3-saab/replay/box_buffer.pt
Saved fine prototype sources to /home/ddwilde/scriptie/runs/dota_saab_lw8/stage3-saab/replay/box_buffer_sources.json

      Epoch    GPU_mem   box_loss   cls_loss   dfl_loss  Instances       Size
                   all        186      15849      0.468      0.158      0.225      0.106
Saved 15730 replay embeddings to /home/ddwilde/scriptie/runs/dota_saab_lw8/stage3-saab/replay/buffer.pt
Failed to save fine prototype sources: Object of type Tensor is not JSON serializable
Saved 16027 box replay embeddings to /home/ddwilde/scriptie/runs/dota_saab_lw8/stage3-saab/replay/box_buffer.pt
Saved fine prototype sources to /home/ddwilde/scriptie/runs/dota_saab_lw8/stage3-saab/replay/box_buffer_sources.json

      Epoch    GPU_mem   box_loss   cls_loss   dfl_loss  Instances       Size
                   all        186      15849      0.617      0.186      0.269      0.125
Saved 16582 replay embeddings to /home/ddwilde/scriptie/runs/dota_saab_lw8/stage3-saab/replay/buffer.pt
Failed to save fine prototype sources: Object of type Tensor is not JSON serializable
Saved 16537 box replay embeddings to /home/ddwilde/scriptie/runs/dota_saab_lw8/stage3-saab/replay/box_buffer.pt
Saved fine prototype sources to /home/ddwilde/scriptie/runs/dota_saab_lw8/stage3-saab/replay/box_buffer_sources.json

      Epoch    GPU_mem   box_loss   cls_loss   dfl_loss  Instances       Size
                   all        186      15849      0.198       0.39      0.298      0.142
Saved 17250 replay embeddings to /home/ddwilde/scriptie/runs/dota_saab_lw8/stage3-saab/replay/buffer.pt
Failed to save fine prototype sources: Object of type Tensor is not JSON serializable
Saved 17145 box replay embeddings to /home/ddwilde/scriptie/runs/dota_saab_lw8/stage3-saab/replay/box_buffer.pt
Saved fine prototype sources to /home/ddwilde/scriptie/runs/dota_saab_lw8/stage3-saab/replay/box_buffer_sources.json

      Epoch    GPU_mem   box_loss   cls_loss   dfl_loss  Instances       Size
                   all        186      15849      0.168      0.375      0.297      0.139
Saved 17494 replay embeddings to /home/ddwilde/scriptie/runs/dota_saab_lw8/stage3-saab/replay/buffer.pt
Failed to save fine prototype sources: Object of type Tensor is not JSON serializable
Saved 17400 box replay embeddings to /home/ddwilde/scriptie/runs/dota_saab_lw8/stage3-saab/replay/box_buffer.pt
Saved fine prototype sources to /home/ddwilde/scriptie/runs/dota_saab_lw8/stage3-saab/replay/box_buffer_sources.json

      Epoch    GPU_mem   box_loss   cls_loss   dfl_loss  Instances       Size
                   all        186      15849      0.185      0.393       0.28      0.146
Saved 17451 replay embeddings to /home/ddwilde/scriptie/runs/dota_saab_lw8/stage3-saab/replay/buffer.pt
Failed to save fine prototype sources: Object of type Tensor is not JSON serializable
Saved 17329 box replay embeddings to /home/ddwilde/scriptie/runs/dota_saab_lw8/stage3-saab/replay/box_buffer.pt
Saved fine prototype sources to /home/ddwilde/scriptie/runs/dota_saab_lw8/stage3-saab/replay/box_buffer_sources.json

      Epoch    GPU_mem   box_loss   cls_loss   dfl_loss  Instances       Size
                   all        186      15849      0.183      0.502      0.351      0.177
Saved 17555 replay embeddings to /home/ddwilde/scriptie/runs/dota_saab_lw8/stage3-saab/replay/buffer.pt
Failed to save fine prototype sources: Object of type Tensor is not JSON serializable
Saved 17438 box replay embeddings to /home/ddwilde/scriptie/runs/dota_saab_lw8/stage3-saab/replay/box_buffer.pt
Saved fine prototype sources to /home/ddwilde/scriptie/runs/dota_saab_lw8/stage3-saab/replay/box_buffer_sources.json

      Epoch    GPU_mem   box_loss   cls_loss   dfl_loss  Instances       Size
                   all        186      15849      0.179      0.483      0.331      0.161
Saved 17698 replay embeddings to /home/ddwilde/scriptie/runs/dota_saab_lw8/stage3-saab/replay/buffer.pt
Failed to save fine prototype sources: Object of type Tensor is not JSON serializable
Saved 17104 box replay embeddings to /home/ddwilde/scriptie/runs/dota_saab_lw8/stage3-saab/replay/box_buffer.pt
Saved fine prototype sources to /home/ddwilde/scriptie/runs/dota_saab_lw8/stage3-saab/replay/box_buffer_sources.json

      Epoch    GPU_mem   box_loss   cls_loss   dfl_loss  Instances       Size
                   all        186      15849        0.2      0.474      0.341      0.173
Saved 17779 replay embeddings to /home/ddwilde/scriptie/runs/dota_saab_lw8/stage3-saab/replay/buffer.pt
Failed to save fine prototype sources: Object of type Tensor is not JSON serializable
Saved 17233 box replay embeddings to /home/ddwilde/scriptie/runs/dota_saab_lw8/stage3-saab/replay/box_buffer.pt
Saved fine prototype sources to /home/ddwilde/scriptie/runs/dota_saab_lw8/stage3-saab/replay/box_buffer_sources.json

      Epoch    GPU_mem   box_loss   cls_loss   dfl_loss  Instances       Size
                   all        186      15849        0.2      0.487      0.373      0.192
Saved 17803 replay embeddings to /home/ddwilde/scriptie/runs/dota_saab_lw8/stage3-saab/replay/buffer.pt
Failed to save fine prototype sources: Object of type Tensor is not JSON serializable
Saved 17285 box replay embeddings to /home/ddwilde/scriptie/runs/dota_saab_lw8/stage3-saab/replay/box_buffer.pt
Saved fine prototype sources to /home/ddwilde/scriptie/runs/dota_saab_lw8/stage3-saab/replay/box_buffer_sources.json

      Epoch    GPU_mem   box_loss   cls_loss   dfl_loss  Instances       Size
                   all        186      15849      0.668      0.296      0.374      0.196
Saved 17844 replay embeddings to /home/ddwilde/scriptie/runs/dota_saab_lw8/stage3-saab/replay/buffer.pt
Failed to save fine prototype sources: Object of type Tensor is not JSON serializable
Saved 17380 box replay embeddings to /home/ddwilde/scriptie/runs/dota_saab_lw8/stage3-saab/replay/box_buffer.pt
Saved fine prototype sources to /home/ddwilde/scriptie/runs/dota_saab_lw8/stage3-saab/replay/box_buffer_sources.json

      Epoch    GPU_mem   box_loss   cls_loss   dfl_loss  Instances       Size
                   all        186      15849      0.336      0.388      0.372      0.188
Saved 17900 replay embeddings to /home/ddwilde/scriptie/runs/dota_saab_lw8/stage3-saab/replay/buffer.pt
Failed to save fine prototype sources: Object of type Tensor is not JSON serializable
Saved 17421 box replay embeddings to /home/ddwilde/scriptie/runs/dota_saab_lw8/stage3-saab/replay/box_buffer.pt
Saved fine prototype sources to /home/ddwilde/scriptie/runs/dota_saab_lw8/stage3-saab/replay/box_buffer_sources.json

      Epoch    GPU_mem   box_loss   cls_loss   dfl_loss  Instances       Size
                   all        186      15849      0.243      0.409      0.335      0.165
Saved 17909 replay embeddings to /home/ddwilde/scriptie/runs/dota_saab_lw8/stage3-saab/replay/buffer.pt
Failed to save fine prototype sources: Object of type Tensor is not JSON serializable
Saved 17472 box replay embeddings to /home/ddwilde/scriptie/runs/dota_saab_lw8/stage3-saab/replay/box_buffer.pt
Saved fine prototype sources to /home/ddwilde/scriptie/runs/dota_saab_lw8/stage3-saab/replay/box_buffer_sources.json

      Epoch    GPU_mem   box_loss   cls_loss   dfl_loss  Instances       Size
                   all        186      15849      0.188      0.498      0.376       0.19
Saved 17934 replay embeddings to /home/ddwilde/scriptie/runs/dota_saab_lw8/stage3-saab/replay/buffer.pt
Failed to save fine prototype sources: Object of type Tensor is not JSON serializable
Saved 17511 box replay embeddings to /home/ddwilde/scriptie/runs/dota_saab_lw8/stage3-saab/replay/box_buffer.pt
Saved fine prototype sources to /home/ddwilde/scriptie/runs/dota_saab_lw8/stage3-saab/replay/box_buffer_sources.json

      Epoch    GPU_mem   box_loss   cls_loss   dfl_loss  Instances       Size
                   all        186      15849      0.181       0.49      0.378      0.191
Saved 17945 replay embeddings to /home/ddwilde/scriptie/runs/dota_saab_lw8/stage3-saab/replay/buffer.pt
Failed to save fine prototype sources: Object of type Tensor is not JSON serializable
Saved 17451 box replay embeddings to /home/ddwilde/scriptie/runs/dota_saab_lw8/stage3-saab/replay/box_buffer.pt
Saved fine prototype sources to /home/ddwilde/scriptie/runs/dota_saab_lw8/stage3-saab/replay/box_buffer_sources.json

      Epoch    GPU_mem   box_loss   cls_loss   dfl_loss  Instances       Size
                   all        186      15849      0.546       0.38      0.362      0.183
Saved 17880 replay embeddings to /home/ddwilde/scriptie/runs/dota_saab_lw8/stage3-saab/replay/buffer.pt
Failed to save fine prototype sources: Object of type Tensor is not JSON serializable
Saved 17534 box replay embeddings to /home/ddwilde/scriptie/runs/dota_saab_lw8/stage3-saab/replay/box_buffer.pt
Saved fine prototype sources to /home/ddwilde/scriptie/runs/dota_saab_lw8/stage3-saab/replay/box_buffer_sources.json

      Epoch    GPU_mem   box_loss   cls_loss   dfl_loss  Instances       Size
                   all        186      15849      0.209      0.534      0.391      0.203
Saved 17937 replay embeddings to /home/ddwilde/scriptie/runs/dota_saab_lw8/stage3-saab/replay/buffer.pt
Failed to save fine prototype sources: Object of type Tensor is not JSON serializable
Saved 17395 box replay embeddings to /home/ddwilde/scriptie/runs/dota_saab_lw8/stage3-saab/replay/box_buffer.pt
Saved fine prototype sources to /home/ddwilde/scriptie/runs/dota_saab_lw8/stage3-saab/replay/box_buffer_sources.json

      Epoch    GPU_mem   box_loss   cls_loss   dfl_loss  Instances       Size
                   all        186      15849      0.653      0.327      0.375      0.187
Saved 17957 replay embeddings to /home/ddwilde/scriptie/runs/dota_saab_lw8/stage3-saab/replay/buffer.pt
Failed to save fine prototype sources: Object of type Tensor is not JSON serializable
Saved 17412 box replay embeddings to /home/ddwilde/scriptie/runs/dota_saab_lw8/stage3-saab/replay/box_buffer.pt
Saved fine prototype sources to /home/ddwilde/scriptie/runs/dota_saab_lw8/stage3-saab/replay/box_buffer_sources.json

      Epoch    GPU_mem   box_loss   cls_loss   dfl_loss  Instances       Size
                   all        186      15849      0.247       0.44      0.373      0.194
Saved 17965 replay embeddings to /home/ddwilde/scriptie/runs/dota_saab_lw8/stage3-saab/replay/buffer.pt
Failed to save fine prototype sources: Object of type Tensor is not JSON serializable
Saved 17469 box replay embeddings to /home/ddwilde/scriptie/runs/dota_saab_lw8/stage3-saab/replay/box_buffer.pt
Saved fine prototype sources to /home/ddwilde/scriptie/runs/dota_saab_lw8/stage3-saab/replay/box_buffer_sources.json

      Epoch    GPU_mem   box_loss   cls_loss   dfl_loss  Instances       Size
                   all        186      15849      0.261       0.44      0.376      0.198
Saved 18023 replay embeddings to /home/ddwilde/scriptie/runs/dota_saab_lw8/stage3-saab/replay/buffer.pt
Failed to save fine prototype sources: Object of type Tensor is not JSON serializable
Saved 17551 box replay embeddings to /home/ddwilde/scriptie/runs/dota_saab_lw8/stage3-saab/replay/box_buffer.pt
Saved fine prototype sources to /home/ddwilde/scriptie/runs/dota_saab_lw8/stage3-saab/replay/box_buffer_sources.json

      Epoch    GPU_mem   box_loss   cls_loss   dfl_loss  Instances       Size
                   all        186      15849        0.6      0.365      0.375      0.193
Saved 18058 replay embeddings to /home/ddwilde/scriptie/runs/dota_saab_lw8/stage3-saab/replay/buffer.pt
Failed to save fine prototype sources: Object of type Tensor is not JSON serializable
Saved 17503 box replay embeddings to /home/ddwilde/scriptie/runs/dota_saab_lw8/stage3-saab/replay/box_buffer.pt
Saved fine prototype sources to /home/ddwilde/scriptie/runs/dota_saab_lw8/stage3-saab/replay/box_buffer_sources.json

      Epoch    GPU_mem   box_loss   cls_loss   dfl_loss  Instances       Size
                   all        186      15849      0.297      0.485      0.423      0.225
Saved 18066 replay embeddings to /home/ddwilde/scriptie/runs/dota_saab_lw8/stage3-saab/replay/buffer.pt
Failed to save fine prototype sources: Object of type Tensor is not JSON serializable
Saved 17636 box replay embeddings to /home/ddwilde/scriptie/runs/dota_saab_lw8/stage3-saab/replay/box_buffer.pt
Saved fine prototype sources to /home/ddwilde/scriptie/runs/dota_saab_lw8/stage3-saab/replay/box_buffer_sources.json

      Epoch    GPU_mem   box_loss   cls_loss   dfl_loss  Instances       Size
                   all        186      15849      0.559      0.403      0.396      0.209
Saved 18094 replay embeddings to /home/ddwilde/scriptie/runs/dota_saab_lw8/stage3-saab/replay/buffer.pt
Failed to save fine prototype sources: Object of type Tensor is not JSON serializable
Saved 17664 box replay embeddings to /home/ddwilde/scriptie/runs/dota_saab_lw8/stage3-saab/replay/box_buffer.pt
Saved fine prototype sources to /home/ddwilde/scriptie/runs/dota_saab_lw8/stage3-saab/replay/box_buffer_sources.json

      Epoch    GPU_mem   box_loss   cls_loss   dfl_loss  Instances       Size
                   all        186      15849      0.218      0.498      0.386      0.205
Saved 18115 replay embeddings to /home/ddwilde/scriptie/runs/dota_saab_lw8/stage3-saab/replay/buffer.pt
Failed to save fine prototype sources: Object of type Tensor is not JSON serializable
Saved 17693 box replay embeddings to /home/ddwilde/scriptie/runs/dota_saab_lw8/stage3-saab/replay/box_buffer.pt
Saved fine prototype sources to /home/ddwilde/scriptie/runs/dota_saab_lw8/stage3-saab/replay/box_buffer_sources.json

      Epoch    GPU_mem   box_loss   cls_loss   dfl_loss  Instances       Size
                   all        186      15849      0.244      0.477      0.374      0.197
Saved 18130 replay embeddings to /home/ddwilde/scriptie/runs/dota_saab_lw8/stage3-saab/replay/buffer.pt
Failed to save fine prototype sources: Object of type Tensor is not JSON serializable
Saved 17966 box replay embeddings to /home/ddwilde/scriptie/runs/dota_saab_lw8/stage3-saab/replay/box_buffer.pt
Saved fine prototype sources to /home/ddwilde/scriptie/runs/dota_saab_lw8/stage3-saab/replay/box_buffer_sources.json

      Epoch    GPU_mem   box_loss   cls_loss   dfl_loss  Instances       Size
                   all        186      15849      0.425      0.383      0.402      0.216
Saved 18139 replay embeddings to /home/ddwilde/scriptie/runs/dota_saab_lw8/stage3-saab/replay/buffer.pt
Failed to save fine prototype sources: Object of type Tensor is not JSON serializable
Saved 17980 box replay embeddings to /home/ddwilde/scriptie/runs/dota_saab_lw8/stage3-saab/replay/box_buffer.pt
Saved fine prototype sources to /home/ddwilde/scriptie/runs/dota_saab_lw8/stage3-saab/replay/box_buffer_sources.json

      Epoch    GPU_mem   box_loss   cls_loss   dfl_loss  Instances       Size
                   all        186      15849      0.216       0.52      0.405      0.206
Saved 18161 replay embeddings to /home/ddwilde/scriptie/runs/dota_saab_lw8/stage3-saab/replay/buffer.pt
Failed to save fine prototype sources: Object of type Tensor is not JSON serializable
Saved 17999 box replay embeddings to /home/ddwilde/scriptie/runs/dota_saab_lw8/stage3-saab/replay/box_buffer.pt
Saved fine prototype sources to /home/ddwilde/scriptie/runs/dota_saab_lw8/stage3-saab/replay/box_buffer_sources.json

      Epoch    GPU_mem   box_loss   cls_loss   dfl_loss  Instances       Size
                   all        186      15849      0.225       0.52      0.404      0.212
Saved 18094 replay embeddings to /home/ddwilde/scriptie/runs/dota_saab_lw8/stage3-saab/replay/buffer.pt
Failed to save fine prototype sources: Object of type Tensor is not JSON serializable
Saved 17950 box replay embeddings to /home/ddwilde/scriptie/runs/dota_saab_lw8/stage3-saab/replay/box_buffer.pt
Saved fine prototype sources to /home/ddwilde/scriptie/runs/dota_saab_lw8/stage3-saab/replay/box_buffer_sources.json

      Epoch    GPU_mem   box_loss   cls_loss   dfl_loss  Instances       Size
                   all        186      15849      0.721       0.32      0.423       0.22
Saved 18100 replay embeddings to /home/ddwilde/scriptie/runs/dota_saab_lw8/stage3-saab/replay/buffer.pt
Failed to save fine prototype sources: Object of type Tensor is not JSON serializable
Saved 17962 box replay embeddings to /home/ddwilde/scriptie/runs/dota_saab_lw8/stage3-saab/replay/box_buffer.pt
Saved fine prototype sources to /home/ddwilde/scriptie/runs/dota_saab_lw8/stage3-saab/replay/box_buffer_sources.json

      Epoch    GPU_mem   box_loss   cls_loss   dfl_loss  Instances       Size
                   all        186      15849      0.719      0.331       0.43      0.232
Saved 18115 replay embeddings to /home/ddwilde/scriptie/runs/dota_saab_lw8/stage3-saab/replay/buffer.pt
Failed to save fine prototype sources: Object of type Tensor is not JSON serializable
Saved 17845 box replay embeddings to /home/ddwilde/scriptie/runs/dota_saab_lw8/stage3-saab/replay/box_buffer.pt
Saved fine prototype sources to /home/ddwilde/scriptie/runs/dota_saab_lw8/stage3-saab/replay/box_buffer_sources.json

      Epoch    GPU_mem   box_loss   cls_loss   dfl_loss  Instances       Size
                   all        186      15849      0.681       0.35       0.42       0.22
Saved 18122 replay embeddings to /home/ddwilde/scriptie/runs/dota_saab_lw8/stage3-saab/replay/buffer.pt
Failed to save fine prototype sources: Object of type Tensor is not JSON serializable
Saved 17867 box replay embeddings to /home/ddwilde/scriptie/runs/dota_saab_lw8/stage3-saab/replay/box_buffer.pt
Saved fine prototype sources to /home/ddwilde/scriptie/runs/dota_saab_lw8/stage3-saab/replay/box_buffer_sources.json

      Epoch    GPU_mem   box_loss   cls_loss   dfl_loss  Instances       Size
                   all        186      15849      0.573        0.4      0.414      0.221
Saved 18019 replay embeddings to /home/ddwilde/scriptie/runs/dota_saab_lw8/stage3-saab/replay/buffer.pt
Failed to save fine prototype sources: Object of type Tensor is not JSON serializable
Saved 17957 box replay embeddings to /home/ddwilde/scriptie/runs/dota_saab_lw8/stage3-saab/replay/box_buffer.pt
Saved fine prototype sources to /home/ddwilde/scriptie/runs/dota_saab_lw8/stage3-saab/replay/box_buffer_sources.json

      Epoch    GPU_mem   box_loss   cls_loss   dfl_loss  Instances       Size
                   all        186      15849      0.397      0.392      0.396      0.199
Saved 18033 replay embeddings to /home/ddwilde/scriptie/runs/dota_saab_lw8/stage3-saab/replay/buffer.pt
Failed to save fine prototype sources: Object of type Tensor is not JSON serializable
Saved 17973 box replay embeddings to /home/ddwilde/scriptie/runs/dota_saab_lw8/stage3-saab/replay/box_buffer.pt
Saved fine prototype sources to /home/ddwilde/scriptie/runs/dota_saab_lw8/stage3-saab/replay/box_buffer_sources.json

      Epoch    GPU_mem   box_loss   cls_loss   dfl_loss  Instances       Size
                   all        186      15849      0.558       0.36      0.393      0.211
Saved 18039 replay embeddings to /home/ddwilde/scriptie/runs/dota_saab_lw8/stage3-saab/replay/buffer.pt
Failed to save fine prototype sources: Object of type Tensor is not JSON serializable
Saved 17861 box replay embeddings to /home/ddwilde/scriptie/runs/dota_saab_lw8/stage3-saab/replay/box_buffer.pt
Saved fine prototype sources to /home/ddwilde/scriptie/runs/dota_saab_lw8/stage3-saab/replay/box_buffer_sources.json

      Epoch    GPU_mem   box_loss   cls_loss   dfl_loss  Instances       Size
                   all        186      15849      0.663      0.339       0.41      0.222
Saved 18052 replay embeddings to /home/ddwilde/scriptie/runs/dota_saab_lw8/stage3-saab/replay/buffer.pt
Failed to save fine prototype sources: Object of type Tensor is not JSON serializable
Saved 17942 box replay embeddings to /home/ddwilde/scriptie/runs/dota_saab_lw8/stage3-saab/replay/box_buffer.pt
Saved fine prototype sources to /home/ddwilde/scriptie/runs/dota_saab_lw8/stage3-saab/replay/box_buffer_sources.json

      Epoch    GPU_mem   box_loss   cls_loss   dfl_loss  Instances       Size
                   all        186      15849      0.665      0.365      0.419      0.218
Saved 18060 replay embeddings to /home/ddwilde/scriptie/runs/dota_saab_lw8/stage3-saab/replay/buffer.pt
Failed to save fine prototype sources: Object of type Tensor is not JSON serializable
Saved 17936 box replay embeddings to /home/ddwilde/scriptie/runs/dota_saab_lw8/stage3-saab/replay/box_buffer.pt
Saved fine prototype sources to /home/ddwilde/scriptie/runs/dota_saab_lw8/stage3-saab/replay/box_buffer_sources.json

      Epoch    GPU_mem   box_loss   cls_loss   dfl_loss  Instances       Size
                   all        186      15849      0.704      0.304      0.397       0.21
Saved 17954 replay embeddings to /home/ddwilde/scriptie/runs/dota_saab_lw8/stage3-saab/replay/buffer.pt
Failed to save fine prototype sources: Object of type Tensor is not JSON serializable
Saved 18020 box replay embeddings to /home/ddwilde/scriptie/runs/dota_saab_lw8/stage3-saab/replay/box_buffer.pt
Saved fine prototype sources to /home/ddwilde/scriptie/runs/dota_saab_lw8/stage3-saab/replay/box_buffer_sources.json

      Epoch    GPU_mem   box_loss   cls_loss   dfl_loss  Instances       Size
                   all        186      15849      0.624      0.348      0.387      0.204
Saved 17968 replay embeddings to /home/ddwilde/scriptie/runs/dota_saab_lw8/stage3-saab/replay/buffer.pt
Failed to save fine prototype sources: Object of type Tensor is not JSON serializable
Saved 18029 box replay embeddings to /home/ddwilde/scriptie/runs/dota_saab_lw8/stage3-saab/replay/box_buffer.pt
Saved fine prototype sources to /home/ddwilde/scriptie/runs/dota_saab_lw8/stage3-saab/replay/box_buffer_sources.json

      Epoch    GPU_mem   box_loss   cls_loss   dfl_loss  Instances       Size
                   all        186      15849      0.251      0.518      0.413      0.228
Saved 17993 replay embeddings to /home/ddwilde/scriptie/runs/dota_saab_lw8/stage3-saab/replay/buffer.pt
Failed to save fine prototype sources: Object of type Tensor is not JSON serializable
Saved 17991 box replay embeddings to /home/ddwilde/scriptie/runs/dota_saab_lw8/stage3-saab/replay/box_buffer.pt
Saved fine prototype sources to /home/ddwilde/scriptie/runs/dota_saab_lw8/stage3-saab/replay/box_buffer_sources.json

      Epoch    GPU_mem   box_loss   cls_loss   dfl_loss  Instances       Size
                   all        186      15849      0.644      0.348      0.399      0.213
Saved 18028 replay embeddings to /home/ddwilde/scriptie/runs/dota_saab_lw8/stage3-saab/replay/buffer.pt
Failed to save fine prototype sources: Object of type Tensor is not JSON serializable
Saved 18041 box replay embeddings to /home/ddwilde/scriptie/runs/dota_saab_lw8/stage3-saab/replay/box_buffer.pt
Saved fine prototype sources to /home/ddwilde/scriptie/runs/dota_saab_lw8/stage3-saab/replay/box_buffer_sources.json
Closing dataloader mosaic

      Epoch    GPU_mem   box_loss   cls_loss   dfl_loss  Instances       Size
                   all        186      15849      0.269      0.457      0.387      0.205
Saved 18045 replay embeddings to /home/ddwilde/scriptie/runs/dota_saab_lw8/stage3-saab/replay/buffer.pt
Failed to save fine prototype sources: Object of type Tensor is not JSON serializable
Saved 18133 box replay embeddings to /home/ddwilde/scriptie/runs/dota_saab_lw8/stage3-saab/replay/box_buffer.pt
Saved fine prototype sources to /home/ddwilde/scriptie/runs/dota_saab_lw8/stage3-saab/replay/box_buffer_sources.json

      Epoch    GPU_mem   box_loss   cls_loss   dfl_loss  Instances       Size
                   all        186      15849      0.219      0.521      0.386      0.205
Saved 18100 replay embeddings to /home/ddwilde/scriptie/runs/dota_saab_lw8/stage3-saab/replay/buffer.pt
Failed to save fine prototype sources: Object of type Tensor is not JSON serializable
Saved 18135 box replay embeddings to /home/ddwilde/scriptie/runs/dota_saab_lw8/stage3-saab/replay/box_buffer.pt
Saved fine prototype sources to /home/ddwilde/scriptie/runs/dota_saab_lw8/stage3-saab/replay/box_buffer_sources.json

      Epoch    GPU_mem   box_loss   cls_loss   dfl_loss  Instances       Size
                   all        186      15849      0.299      0.451      0.403       0.22
Saved 18191 replay embeddings to /home/ddwilde/scriptie/runs/dota_saab_lw8/stage3-saab/replay/buffer.pt
Failed to save fine prototype sources: Object of type Tensor is not JSON serializable
Saved 18142 box replay embeddings to /home/ddwilde/scriptie/runs/dota_saab_lw8/stage3-saab/replay/box_buffer.pt
Saved fine prototype sources to /home/ddwilde/scriptie/runs/dota_saab_lw8/stage3-saab/replay/box_buffer_sources.json

      Epoch    GPU_mem   box_loss   cls_loss   dfl_loss  Instances       Size
                   all        186      15849       0.27      0.479      0.398      0.215
Saved 18207 replay embeddings to /home/ddwilde/scriptie/runs/dota_saab_lw8/stage3-saab/replay/buffer.pt
Failed to save fine prototype sources: Object of type Tensor is not JSON serializable
Saved 18144 box replay embeddings to /home/ddwilde/scriptie/runs/dota_saab_lw8/stage3-saab/replay/box_buffer.pt
Saved fine prototype sources to /home/ddwilde/scriptie/runs/dota_saab_lw8/stage3-saab/replay/box_buffer_sources.json

      Epoch    GPU_mem   box_loss   cls_loss   dfl_loss  Instances       Size
                   all        186      15849      0.222      0.495      0.382        0.2
Saved 18215 replay embeddings to /home/ddwilde/scriptie/runs/dota_saab_lw8/stage3-saab/replay/buffer.pt
Failed to save fine prototype sources: Object of type Tensor is not JSON serializable
Saved 18146 box replay embeddings to /home/ddwilde/scriptie/runs/dota_saab_lw8/stage3-saab/replay/box_buffer.pt
Saved fine prototype sources to /home/ddwilde/scriptie/runs/dota_saab_lw8/stage3-saab/replay/box_buffer_sources.json

      Epoch    GPU_mem   box_loss   cls_loss   dfl_loss  Instances       Size
                   all        186      15849      0.324       0.46      0.416      0.233
Saved 18219 replay embeddings to /home/ddwilde/scriptie/runs/dota_saab_lw8/stage3-saab/replay/buffer.pt
Failed to save fine prototype sources: Object of type Tensor is not JSON serializable
Saved 18147 box replay embeddings to /home/ddwilde/scriptie/runs/dota_saab_lw8/stage3-saab/replay/box_buffer.pt
Saved fine prototype sources to /home/ddwilde/scriptie/runs/dota_saab_lw8/stage3-saab/replay/box_buffer_sources.json

      Epoch    GPU_mem   box_loss   cls_loss   dfl_loss  Instances       Size
                   all        186      15849      0.286       0.46      0.397      0.214
Saved 18115 replay embeddings to /home/ddwilde/scriptie/runs/dota_saab_lw8/stage3-saab/replay/buffer.pt
Failed to save fine prototype sources: Object of type Tensor is not JSON serializable
Saved 18149 box replay embeddings to /home/ddwilde/scriptie/runs/dota_saab_lw8/stage3-saab/replay/box_buffer.pt
Saved fine prototype sources to /home/ddwilde/scriptie/runs/dota_saab_lw8/stage3-saab/replay/box_buffer_sources.json

      Epoch    GPU_mem   box_loss   cls_loss   dfl_loss  Instances       Size
                   all        186      15849      0.257      0.487      0.393       0.21
Saved 18227 replay embeddings to /home/ddwilde/scriptie/runs/dota_saab_lw8/stage3-saab/replay/buffer.pt
Failed to save fine prototype sources: Object of type Tensor is not JSON serializable
Saved 18029 box replay embeddings to /home/ddwilde/scriptie/runs/dota_saab_lw8/stage3-saab/replay/box_buffer.pt
Saved fine prototype sources to /home/ddwilde/scriptie/runs/dota_saab_lw8/stage3-saab/replay/box_buffer_sources.json

      Epoch    GPU_mem   box_loss   cls_loss   dfl_loss  Instances       Size
                   all        186      15849      0.258      0.481      0.392       0.21
Saved 18242 replay embeddings to /home/ddwilde/scriptie/runs/dota_saab_lw8/stage3-saab/replay/buffer.pt
Failed to save fine prototype sources: Object of type Tensor is not JSON serializable
Saved 18083 box replay embeddings to /home/ddwilde/scriptie/runs/dota_saab_lw8/stage3-saab/replay/box_buffer.pt
Saved fine prototype sources to /home/ddwilde/scriptie/runs/dota_saab_lw8/stage3-saab/replay/box_buffer_sources.json

      Epoch    GPU_mem   box_loss   cls_loss   dfl_loss  Instances       Size
                   all        186      15849      0.254      0.484       0.39      0.208
Saved 18269 replay embeddings to /home/ddwilde/scriptie/runs/dota_saab_lw8/stage3-saab/replay/buffer.pt
Failed to save fine prototype sources: Object of type Tensor is not JSON serializable
Saved 18122 box replay embeddings to /home/ddwilde/scriptie/runs/dota_saab_lw8/stage3-saab/replay/box_buffer.pt
Saved fine prototype sources to /home/ddwilde/scriptie/runs/dota_saab_lw8/stage3-saab/replay/box_buffer_sources.json

50 epochs completed in 0.918 hours.
Optimizer stripped from /home/ddwilde/scriptie/runs/dota_saab_lw8/stage3-saab/weights/last.pt, 19.1MB
Optimizer stripped from /home/ddwilde/scriptie/runs/dota_saab_lw8/stage3-saab/weights/best.pt, 19.1MB

Validating /home/ddwilde/scriptie/runs/dota_saab_lw8/stage3-saab/weights/best.pt...
EDNet 1.0 ✅ Python-3.10.4 ✅ torch-2.8.0+cu128 ✅CUDA:0 (NVIDIA A100-SXM4-40GB, 40441MiB)
ednet-s summary (fused): 394 layers, 9,296,568 parameters, 0 gradients
                   all        186      15849      0.719      0.331      0.429      0.232
         small-vehicle         89       5547       0.72      0.234      0.425      0.201
         large-vehicle         73       2810      0.803      0.285      0.499      0.313
                 plane         45       1720      0.534      0.615      0.596      0.304
            helicopter          5         32          1          0      0.111     0.0839
                  ship         65       5740      0.538       0.52      0.516      0.259
Speed: 0.1ms preprocess, 5.6ms inference, 0.0ms loss, 0.1ms postprocess per image
Results saved to [1m/home/ddwilde/scriptie/runs/dota_saab_lw8/stage3-saab[0m
Training finished. Results saved in: /home/ddwilde/scriptie/runs/dota_saab_lw8/stage3-saab
