Epoch 1
  [loss hits: which prototype was nearest each embedding]
    level=P2 cls=0 | coarse:5473, fine_0:99, fine_1:3806, fine_2:2884, fine_3:346
    level=P2 cls=1 | coarse:2196, fine_0:29, fine_1:8633, fine_2:6236, fine_3:160
    level=P2 cls=2 | coarse:2467, fine_0:414, fine_1:4587, fine_2:3030, fine_3:478
    level=P3 cls=0 | coarse:729, fine_0:18, fine_1:931, fine_2:29, fine_3:31
    level=P3 cls=1 | coarse:6113, fine_0:16, fine_1:191, fine_2:6076, fine_3:334
    level=P3 cls=2 | coarse:173, fine_0:8, fine_1:706, fine_2:46, fine_3:1171
    level=P4 cls=0 | coarse:2, fine_2:2
    level=P4 cls=1 | coarse:1307, fine_0:12, fine_1:3, fine_2:1318
    level=P4 cls=2 | coarse:155, fine_0:8, fine_1:54, fine_2:27, fine_3:548
  [fine-win rate] 42231/60846 embeddings preferred a fine proto over the coarse (69.4%)

Epoch 2
  [loss hits: which prototype was nearest each embedding]
    level=P2 cls=0 | coarse:3217, fine_0:26, fine_1:3874, fine_2:6836, fine_3:289
    level=P2 cls=1 | coarse:2525, fine_0:36, fine_1:8033, fine_2:5373, fine_3:133
    level=P2 cls=2 | coarse:1231, fine_0:221, fine_1:5627, fine_2:2837, fine_3:122
    level=P3 cls=0 | coarse:1204, fine_0:44, fine_1:206, fine_2:146, fine_3:140
    level=P3 cls=1 | coarse:6149, fine_0:173, fine_1:164, fine_2:6024, fine_3:602
    level=P3 cls=2 | coarse:337, fine_0:8, fine_1:157, fine_2:52, fine_3:1944
    level=P4 cls=0 | coarse:1, fine_2:5
    level=P4 cls=1 | coarse:1172, fine_0:25, fine_1:3, fine_2:1194
    level=P4 cls=2 | coarse:164, fine_1:5, fine_2:2, fine_3:581
  [fine-win rate] 44882/60882 embeddings preferred a fine proto over the coarse (73.7%)

Epoch 3
  [loss hits: which prototype was nearest each embedding]
    level=P2 cls=0 | coarse:2154, fine_0:47, fine_1:3668, fine_2:5122, fine_3:175
    level=P2 cls=1 | coarse:2236, fine_0:129, fine_1:8144, fine_2:5837, fine_3:144
    level=P2 cls=2 | coarse:1065, fine_0:211, fine_1:6138, fine_2:2735, fine_3:139
    level=P3 cls=0 | coarse:609, fine_0:40, fine_1:572, fine_2:176, fine_3:141
    level=P3 cls=1 | coarse:6375, fine_0:136, fine_1:109, fine_2:6174, fine_3:446
    level=P3 cls=2 | coarse:508, fine_0:4, fine_1:479, fine_2:37, fine_3:1374
    level=P4 cls=0 | coarse:7, fine_2:43
    level=P4 cls=1 | coarse:1180, fine_0:1, fine_1:2, fine_2:1183
    level=P4 cls=2 | coarse:162, fine_3:578
  [fine-win rate] 43984/58280 embeddings preferred a fine proto over the coarse (75.5%)

Epoch 4
  [loss hits: which prototype was nearest each embedding]
    level=P2 cls=0 | coarse:2495, fine_0:42, fine_1:3092, fine_2:5036, fine_3:177
    level=P2 cls=1 | coarse:1733, fine_0:121, fine_1:7461, fine_2:5671, fine_3:136
    level=P2 cls=2 | coarse:1337, fine_0:169, fine_1:8224, fine_2:3135, fine_3:201
    level=P3 cls=0 | coarse:1007, fine_0:5, fine_1:917, fine_2:35, fine_3:44
    level=P3 cls=1 | coarse:6804, fine_0:67, fine_1:103, fine_2:6635, fine_3:227
    level=P3 cls=2 | coarse:614, fine_0:4, fine_1:433, fine_2:56, fine_3:1525
    level=P4 cls=0 | coarse:8, fine_2:18
    level=P4 cls=1 | coarse:1348, fine_0:3, fine_2:1351
    level=P4 cls=2 | coarse:183, fine_0:2, fine_1:3, fine_2:1, fine_3:509
  [fine-win rate] 45403/60932 embeddings preferred a fine proto over the coarse (74.5%)

Epoch 5
  [loss hits: which prototype was nearest each embedding]
    level=P2 cls=0 | coarse:3297, fine_0:44, fine_1:3776, fine_2:6203, fine_3:238
    level=P2 cls=1 | coarse:1708, fine_0:55, fine_1:7779, fine_2:5953, fine_3:119
    level=P2 cls=2 | coarse:875, fine_0:168, fine_1:6056, fine_2:2915, fine_3:170
    level=P3 cls=0 | coarse:901, fine_0:9, fine_1:893, fine_2:17, fine_3:18
    level=P3 cls=1 | coarse:6828, fine_0:65, fine_1:51, fine_2:6810, fine_3:164
    level=P3 cls=2 | coarse:527, fine_0:4, fine_1:416, fine_2:41, fine_3:1364
    level=P4 cls=0 | coarse:3, fine_2:7
    level=P4 cls=1 | coarse:1178, fine_0:14, fine_1:3, fine_2:1194, fine_3:1
    level=P4 cls=2 | coarse:179, fine_0:2, fine_1:2, fine_2:1, fine_3:594
  [fine-win rate] 45146/60642 embeddings preferred a fine proto over the coarse (74.4%)

Epoch 6
  [loss hits: which prototype was nearest each embedding]
    level=P2 cls=0 | coarse:3680, fine_0:81, fine_1:3000, fine_2:4912, fine_3:179
    level=P2 cls=1 | coarse:1912, fine_0:78, fine_1:7489, fine_2:5487, fine_3:114
    level=P2 cls=2 | coarse:973, fine_0:124, fine_1:6023, fine_2:2840, fine_3:106
    level=P3 cls=0 | coarse:661, fine_0:5, fine_1:644, fine_2:12, fine_3:2
    level=P3 cls=1 | coarse:7080, fine_0:73, fine_1:33, fine_2:6982, fine_3:206
    level=P3 cls=2 | coarse:484, fine_0:1, fine_1:301, fine_2:35, fine_3:1031
    level=P4 cls=0 | coarse:19, fine_2:23
    level=P4 cls=1 | coarse:1401, fine_0:50, fine_1:77, fine_2:1352
    level=P4 cls=2 | coarse:264, fine_0:6, fine_1:12, fine_2:2, fine_3:524
  [fine-win rate] 41804/58278 embeddings preferred a fine proto over the coarse (71.7%)

Epoch 7
  [loss hits: which prototype was nearest each embedding]
    level=P2 cls=0 | coarse:3022, fine_0:35, fine_1:3548, fine_2:5151, fine_3:134
    level=P2 cls=1 | coarse:2130, fine_0:35, fine_1:7534, fine_2:5276, fine_3:109
    level=P2 cls=2 | coarse:1113, fine_0:134, fine_1:6435, fine_2:2848, fine_3:160
    level=P3 cls=0 | coarse:1098, fine_0:16, fine_1:1085, fine_2:42, fine_3:13
    level=P3 cls=1 | coarse:6784, fine_0:75, fine_1:43, fine_2:6765, fine_3:171
    level=P3 cls=2 | coarse:563, fine_0:6, fine_1:455, fine_2:48, fine_3:1218
    level=P4 cls=0 | coarse:5, fine_0:2, fine_2:13
    level=P4 cls=1 | coarse:1477, fine_0:10, fine_2:1487
    level=P4 cls=2 | coarse:165, fine_0:2, fine_1:4, fine_3:551
  [fine-win rate] 43405/59762 embeddings preferred a fine proto over the coarse (72.6%)

Epoch 8
  [loss hits: which prototype was nearest each embedding]
    level=P2 cls=0 | coarse:4208, fine_0:77, fine_1:3653, fine_2:5710, fine_3:212
    level=P2 cls=1 | coarse:2203, fine_0:88, fine_1:9175, fine_2:6811, fine_3:193
    level=P2 cls=2 | coarse:1158, fine_0:222, fine_1:8078, fine_2:3239, fine_3:257
    level=P3 cls=0 | coarse:1009, fine_0:4, fine_1:1023, fine_2:21, fine_3:7
    level=P3 cls=1 | coarse:6248, fine_0:64, fine_1:59, fine_2:6170, fine_3:193
    level=P3 cls=2 | coarse:547, fine_0:3, fine_1:680, fine_2:31, fine_3:1443
    level=P4 cls=0 | coarse:1, fine_2:5
    level=P4 cls=1 | coarse:1247, fine_0:4, fine_1:1, fine_2:1252
    level=P4 cls=2 | coarse:133, fine_0:5, fine_1:3, fine_2:2, fine_3:441
  [fine-win rate] 49126/65880 embeddings preferred a fine proto over the coarse (74.6%)

Epoch 9
  [loss hits: which prototype was nearest each embedding]
    level=P2 cls=0 | coarse:3373, fine_0:75, fine_1:3670, fine_2:5041, fine_3:169
    level=P2 cls=1 | coarse:2028, fine_0:81, fine_1:7677, fine_2:5556, fine_3:114
    level=P2 cls=2 | coarse:868, fine_0:105, fine_1:6402, fine_2:2493, fine_3:128
    level=P3 cls=0 | coarse:718, fine_0:6, fine_1:733, fine_2:14, fine_3:9
    level=P3 cls=1 | coarse:7271, fine_0:30, fine_1:32, fine_2:7213, fine_3:162
    level=P3 cls=2 | coarse:671, fine_0:2, fine_1:459, fine_2:21, fine_3:1365
    level=P4 cls=0 | coarse:24, fine_2:26
    level=P4 cls=1 | coarse:1631, fine_0:4, fine_2:1635
    level=P4 cls=2 | coarse:110, fine_0:1, fine_1:2, fine_2:1, fine_3:628
  [fine-win rate] 43854/60548 embeddings preferred a fine proto over the coarse (72.4%)

Epoch 10
  [loss hits: which prototype was nearest each embedding]
    level=P2 cls=0 | coarse:4656, fine_0:67, fine_1:3620, fine_2:4789, fine_3:202
    level=P2 cls=1 | coarse:1800, fine_0:38, fine_1:7409, fine_2:5442, fine_3:173
    level=P2 cls=2 | coarse:825, fine_0:103, fine_1:6275, fine_2:2677, fine_3:174
    level=P3 cls=0 | coarse:1049, fine_0:5, fine_1:1041, fine_2:23, fine_3:18
    level=P3 cls=1 | coarse:6827, fine_0:39, fine_1:67, fine_2:6642, fine_3:217
    level=P3 cls=2 | coarse:504, fine_0:2, fine_1:520, fine_2:21, fine_3:1155
    level=P4 cls=0 | coarse:6, fine_2:16
    level=P4 cls=1 | coarse:1431, fine_0:1, fine_1:1, fine_2:1433
    level=P4 cls=2 | coarse:201, fine_0:2, fine_1:1, fine_2:1, fine_3:439
  [fine-win rate] 42613/59912 embeddings preferred a fine proto over the coarse (71.1%)

Epoch 11
  [loss hits: which prototype was nearest each embedding]
    level=P2 cls=0 | coarse:3441, fine_0:53, fine_1:3631, fine_2:4228, fine_3:147
    level=P2 cls=1 | coarse:2378, fine_0:29, fine_1:8175, fine_2:5637, fine_3:149
    level=P2 cls=2 | coarse:744, fine_0:71, fine_1:5874, fine_2:2393, fine_3:122
    level=P3 cls=0 | coarse:858, fine_0:3, fine_1:852, fine_2:16, fine_3:11
    level=P3 cls=1 | coarse:6337, fine_0:39, fine_1:56, fine_2:6271, fine_3:189
    level=P3 cls=2 | coarse:381, fine_0:3, fine_1:633, fine_2:21, fine_3:1154
    level=P4 cls=0 | coarse:9, fine_2:19
    level=P4 cls=1 | coarse:1647, fine_0:12, fine_2:1659
    level=P4 cls=2 | coarse:231, fine_0:3, fine_1:1, fine_3:503
  [fine-win rate] 41954/57980 embeddings preferred a fine proto over the coarse (72.4%)

Epoch 12
  [loss hits: which prototype was nearest each embedding]
    level=P2 cls=0 | coarse:4136, fine_0:82, fine_1:3528, fine_2:5071, fine_3:247
    level=P2 cls=1 | coarse:1648, fine_0:53, fine_1:6642, fine_2:4840, fine_3:123
    level=P2 cls=2 | coarse:1149, fine_0:129, fine_1:7394, fine_2:2835, fine_3:221
    level=P3 cls=0 | coarse:838, fine_0:3, fine_1:834, fine_2:6, fine_3:3
    level=P3 cls=1 | coarse:6151, fine_0:45, fine_1:29, fine_2:6012, fine_3:143
    level=P3 cls=2 | coarse:579, fine_1:575, fine_2:17, fine_3:1279
    level=P4 cls=0 | coarse:3, fine_2:11
    level=P4 cls=1 | coarse:1264, fine_0:1, fine_2:1265
    level=P4 cls=2 | coarse:70, fine_0:2, fine_3:528
  [fine-win rate] 41918/57756 embeddings preferred a fine proto over the coarse (72.6%)

Epoch 13
  [loss hits: which prototype was nearest each embedding]
    level=P2 cls=0 | coarse:3506, fine_0:75, fine_1:3816, fine_2:4318, fine_3:131
    level=P2 cls=1 | coarse:1583, fine_0:61, fine_1:6686, fine_2:4988, fine_3:142
    level=P2 cls=2 | coarse:1302, fine_0:134, fine_1:7142, fine_2:3090, fine_3:176
    level=P3 cls=0 | coarse:942, fine_0:5, fine_1:947, fine_2:14, fine_3:22
    level=P3 cls=1 | coarse:6757, fine_0:52, fine_1:56, fine_2:6660, fine_3:125
    level=P3 cls=2 | coarse:609, fine_0:4, fine_1:720, fine_2:18, fine_3:1517
    level=P4 cls=0 | coarse:7, fine_2:29
    level=P4 cls=1 | coarse:1404, fine_0:6, fine_1:2, fine_2:1410
    level=P4 cls=2 | coarse:312, fine_0:1, fine_1:4, fine_3:423
  [fine-win rate] 42774/59196 embeddings preferred a fine proto over the coarse (72.3%)

Epoch 14
  [loss hits: which prototype was nearest each embedding]
    level=P2 cls=0 | coarse:3961, fine_0:80, fine_1:3165, fine_2:4413, fine_3:155
    level=P2 cls=1 | coarse:2226, fine_0:102, fine_1:7221, fine_2:4809, fine_3:204
    level=P2 cls=2 | coarse:850, fine_0:86, fine_1:6505, fine_2:2360, fine_3:143
    level=P3 cls=0 | coarse:780, fine_0:4, fine_1:784, fine_2:7, fine_3:5
    level=P3 cls=1 | coarse:6970, fine_0:85, fine_1:81, fine_2:6841, fine_3:163
    level=P3 cls=2 | coarse:392, fine_1:799, fine_2:22, fine_3:1341
    level=P4 cls=0 | coarse:19, fine_2:47
    level=P4 cls=1 | coarse:1272, fine_0:7, fine_1:1, fine_2:1280
    level=P4 cls=2 | coarse:211, fine_0:1, fine_1:2, fine_3:410
  [fine-win rate] 41123/57804 embeddings preferred a fine proto over the coarse (71.1%)

Epoch 15
  [loss hits: which prototype was nearest each embedding]
    level=P2 cls=0 | coarse:3523, fine_0:50, fine_1:3274, fine_2:4505, fine_3:112
    level=P2 cls=1 | coarse:2172, fine_0:29, fine_1:8266, fine_2:5890, fine_3:159
    level=P2 cls=2 | coarse:909, fine_0:129, fine_1:7186, fine_2:3028, fine_3:204
    level=P3 cls=0 | coarse:1231, fine_0:2, fine_1:1240, fine_2:10, fine_3:3
    level=P3 cls=1 | coarse:6559, fine_0:28, fine_1:41, fine_2:6497, fine_3:107
    level=P3 cls=2 | coarse:240, fine_1:751, fine_2:17, fine_3:1080
    level=P4 cls=0 | coarse:14, fine_0:2, fine_2:32
    level=P4 cls=1 | coarse:1265, fine_1:5, fine_2:1262
    level=P4 cls=2 | coarse:172, fine_1:2, fine_3:466
  [fine-win rate] 44377/60462 embeddings preferred a fine proto over the coarse (73.4%)

Epoch 16
  [loss hits: which prototype was nearest each embedding]
    level=P2 cls=0 | coarse:3907, fine_0:83, fine_1:3598, fine_2:3844, fine_3:136
    level=P2 cls=1 | coarse:2092, fine_0:41, fine_1:8524, fine_2:6312, fine_3:99
    level=P2 cls=2 | coarse:738, fine_0:60, fine_1:6228, fine_2:2690, fine_3:106
    level=P3 cls=0 | coarse:996, fine_0:4, fine_1:1000, fine_2:13, fine_3:9
    level=P3 cls=1 | coarse:6932, fine_0:60, fine_1:65, fine_2:6796, fine_3:175
    level=P3 cls=2 | coarse:502, fine_0:1, fine_1:590, fine_2:18, fine_3:1187
    level=P4 cls=0 | coarse:5, fine_2:13
    level=P4 cls=1 | coarse:1664, fine_0:3, fine_2:1663
    level=P4 cls=2 | coarse:240, fine_0:1, fine_3:429
  [fine-win rate] 43748/60824 embeddings preferred a fine proto over the coarse (71.9%)

Epoch 17
  [loss hits: which prototype was nearest each embedding]
    level=P2 cls=0 | coarse:3993, fine_0:72, fine_1:4099, fine_2:5262, fine_3:160
    level=P2 cls=1 | coarse:1781, fine_0:21, fine_1:8407, fine_2:6434, fine_3:147
    level=P2 cls=2 | coarse:882, fine_0:130, fine_1:6238, fine_2:3283, fine_3:113
    level=P3 cls=0 | coarse:736, fine_0:2, fine_1:746, fine_2:9, fine_3:5
    level=P3 cls=1 | coarse:6851, fine_0:84, fine_1:58, fine_2:6694, fine_3:185
    level=P3 cls=2 | coarse:382, fine_0:4, fine_1:835, fine_2:11, fine_3:1360
    level=P4 cls=0 | coarse:18, fine_2:18
    level=P4 cls=1 | coarse:1324, fine_0:11, fine_2:1335
    level=P4 cls=2 | coarse:135, fine_3:611
  [fine-win rate] 46334/62436 embeddings preferred a fine proto over the coarse (74.2%)

Epoch 18
  [loss hits: which prototype was nearest each embedding]
    level=P2 cls=0 | coarse:4482, fine_0:41, fine_1:3764, fine_2:4269, fine_3:140
    level=P2 cls=1 | coarse:1518, fine_0:24, fine_1:6945, fine_2:5289, fine_3:124
    level=P2 cls=2 | coarse:879, fine_0:81, fine_1:5743, fine_2:2714, fine_3:185
    level=P3 cls=0 | coarse:910, fine_0:5, fine_1:922, fine_2:6, fine_3:15
    level=P3 cls=1 | coarse:7450, fine_0:33, fine_1:44, fine_2:7340, fine_3:113
    level=P3 cls=2 | coarse:410, fine_0:3, fine_1:608, fine_2:5, fine_3:1138
    level=P4 cls=0 | coarse:17, fine_2:19
    level=P4 cls=1 | coarse:1287, fine_0:10, fine_1:1, fine_2:1298
    level=P4 cls=2 | coarse:218, fine_0:1, fine_1:2, fine_3:493
  [fine-win rate] 41375/58546 embeddings preferred a fine proto over the coarse (70.7%)

Epoch 19
  [loss hits: which prototype was nearest each embedding]
    level=P2 cls=0 | coarse:3289, fine_0:60, fine_1:3278, fine_2:4034, fine_3:107
    level=P2 cls=1 | coarse:1677, fine_0:15, fine_1:7752, fine_2:5933, fine_3:125
    level=P2 cls=2 | coarse:1141, fine_0:40, fine_1:8564, fine_2:3082, fine_3:149
    level=P3 cls=0 | coarse:897, fine_0:2, fine_1:901, fine_2:10, fine_3:6
    level=P3 cls=1 | coarse:6897, fine_0:18, fine_1:29, fine_2:6756, fine_3:146
    level=P3 cls=2 | coarse:291, fine_1:1068, fine_2:8, fine_3:1429
    level=P4 cls=0 | coarse:6, fine_2:8
    level=P4 cls=1 | coarse:1486, fine_0:5, fine_2:1491
    level=P4 cls=2 | coarse:158, fine_0:1, fine_1:1, fine_3:470
  [fine-win rate] 45488/61330 embeddings preferred a fine proto over the coarse (74.2%)

Epoch 20
  [loss hits: which prototype was nearest each embedding]
    level=P2 cls=0 | coarse:3980, fine_0:58, fine_1:3773, fine_2:4998, fine_3:175
    level=P2 cls=1 | coarse:1960, fine_0:26, fine_1:8116, fine_2:6012, fine_3:124
    level=P2 cls=2 | coarse:927, fine_0:63, fine_1:6574, fine_2:2851, fine_3:97
    level=P3 cls=0 | coarse:855, fine_0:1, fine_1:869, fine_2:17, fine_3:6
    level=P3 cls=1 | coarse:7223, fine_0:41, fine_1:37, fine_2:7077, fine_3:186
    level=P3 cls=2 | coarse:393, fine_0:1, fine_1:650, fine_2:14, fine_3:1126
    level=P4 cls=0 | coarse:5, fine_2:5
    level=P4 cls=1 | coarse:1400, fine_0:2, fine_2:1402
    level=P4 cls=2 | coarse:185, fine_0:1, fine_1:1, fine_3:475
  [fine-win rate] 44778/61706 embeddings preferred a fine proto over the coarse (72.6%)

Epoch 21
  [loss hits: which prototype was nearest each embedding]
    level=P2 cls=0 | coarse:3769, fine_0:42, fine_1:3382, fine_2:3499, fine_3:108
    level=P2 cls=1 | coarse:1831, fine_0:7, fine_1:7578, fine_2:5596, fine_3:134
    level=P2 cls=2 | coarse:899, fine_0:85, fine_1:7175, fine_2:3350, fine_3:175
    level=P3 cls=0 | coarse:624, fine_1:623, fine_2:6, fine_3:7
    level=P3 cls=1 | coarse:7498, fine_0:52, fine_1:59, fine_2:7396, fine_3:163
    level=P3 cls=2 | coarse:172, fine_0:2, fine_1:874, fine_2:11, fine_3:1131
    level=P4 cls=0 | coarse:10, fine_2:10
    level=P4 cls=1 | coarse:1473, fine_0:2, fine_2:1475
    level=P4 cls=2 | coarse:215, fine_0:1, fine_3:354
  [fine-win rate] 43297/59788 embeddings preferred a fine proto over the coarse (72.4%)

Epoch 22
  [loss hits: which prototype was nearest each embedding]
    level=P2 cls=0 | coarse:4756, fine_0:51, fine_1:3643, fine_2:3606, fine_3:108
    level=P2 cls=1 | coarse:1266, fine_0:9, fine_1:6521, fine_2:5098, fine_3:98
    level=P2 cls=2 | coarse:981, fine_0:49, fine_1:8012, fine_2:3775, fine_3:185
    level=P3 cls=0 | coarse:809, fine_0:8, fine_1:784, fine_2:11, fine_3:8
    level=P3 cls=1 | coarse:6555, fine_0:60, fine_1:50, fine_2:6463, fine_3:152
    level=P3 cls=2 | coarse:200, fine_0:2, fine_1:922, fine_2:26, fine_3:1228
    level=P4 cls=0 | coarse:4, fine_2:4
    level=P4 cls=1 | coarse:1290, fine_0:3, fine_2:1291
    level=P4 cls=2 | coarse:93, fine_0:2, fine_1:1, fine_3:690
  [fine-win rate] 42860/58814 embeddings preferred a fine proto over the coarse (72.9%)

Epoch 23
  [loss hits: which prototype was nearest each embedding]
    level=P2 cls=0 | coarse:3517, fine_0:60, fine_1:3209, fine_2:3396, fine_3:88
    level=P2 cls=1 | coarse:2007, fine_0:13, fine_1:7797, fine_2:5626, fine_3:127
    level=P2 cls=2 | coarse:980, fine_0:30, fine_1:7588, fine_2:2815, fine_3:97
    level=P3 cls=0 | coarse:656, fine_0:8, fine_1:663, fine_2:14, fine_3:11
    level=P3 cls=1 | coarse:6486, fine_0:20, fine_1:28, fine_2:6343, fine_3:145
    level=P3 cls=2 | coarse:238, fine_1:915, fine_2:14, fine_3:1253
    level=P4 cls=0 | coarse:8, fine_2:8
    level=P4 cls=1 | coarse:1386, fine_0:1, fine_2:1387
    level=P4 cls=2 | coarse:309, fine_0:1, fine_3:432
  [fine-win rate] 42089/57676 embeddings preferred a fine proto over the coarse (73.0%)

Epoch 24
  [loss hits: which prototype was nearest each embedding]
    level=P2 cls=0 | coarse:3519, fine_0:43, fine_1:3220, fine_2:3819, fine_3:115
    level=P2 cls=1 | coarse:1816, fine_0:25, fine_1:8041, fine_2:6075, fine_3:137
    level=P2 cls=2 | coarse:955, fine_0:50, fine_1:7331, fine_2:2973, fine_3:107
    level=P3 cls=0 | coarse:833, fine_0:5, fine_1:844, fine_2:6, fine_3:4
    level=P3 cls=1 | coarse:6470, fine_0:35, fine_1:27, fine_2:6421, fine_3:89
    level=P3 cls=2 | coarse:103, fine_1:1048, fine_2:14, fine_3:1233
    level=P4 cls=0 | coarse:3, fine_2:17
    level=P4 cls=1 | coarse:1397, fine_0:8, fine_1:1, fine_2:1406
    level=P4 cls=2 | coarse:269, fine_0:1, fine_2:1, fine_3:441
  [fine-win rate] 43537/58902 embeddings preferred a fine proto over the coarse (73.9%)

Epoch 25
  [loss hits: which prototype was nearest each embedding]
    level=P2 cls=0 | coarse:3953, fine_0:30, fine_1:3501, fine_2:4308, fine_3:144
    level=P2 cls=1 | coarse:2355, fine_0:18, fine_1:7788, fine_2:5285, fine_3:148
    level=P2 cls=2 | coarse:656, fine_0:45, fine_1:6094, fine_2:2562, fine_3:99
    level=P3 cls=0 | coarse:716, fine_0:2, fine_1:712, fine_2:6, fine_3:8
    level=P3 cls=1 | coarse:6924, fine_0:84, fine_1:40, fine_2:6816, fine_3:176
    level=P3 cls=2 | coarse:202, fine_0:2, fine_1:940, fine_2:17, fine_3:1245
    level=P4 cls=0 | coarse:10, fine_2:12
    level=P4 cls=1 | coarse:1229, fine_0:2, fine_2:1231
    level=P4 cls=2 | coarse:241, fine_3:413
  [fine-win rate] 41728/58014 embeddings preferred a fine proto over the coarse (71.9%)

Epoch 26
  [loss hits: which prototype was nearest each embedding]
    level=P2 cls=0 | coarse:3747, fine_0:47, fine_1:4032, fine_2:4303, fine_3:79
    level=P2 cls=1 | coarse:1665, fine_0:5, fine_1:6428, fine_2:4599, fine_3:133
    level=P2 cls=2 | coarse:763, fine_0:48, fine_1:6068, fine_2:2676, fine_3:105
    level=P3 cls=0 | coarse:982, fine_0:7, fine_1:996, fine_2:15, fine_3:14
    level=P3 cls=1 | coarse:7121, fine_0:35, fine_1:52, fine_2:7021, fine_3:91
    level=P3 cls=2 | coarse:288, fine_0:1, fine_1:984, fine_2:14, fine_3:1381
    level=P4 cls=0 | coarse:10, fine_2:16
    level=P4 cls=1 | coarse:1356, fine_0:2, fine_2:1358
    level=P4 cls=2 | coarse:287, fine_0:1, fine_3:378
  [fine-win rate] 40889/57108 embeddings preferred a fine proto over the coarse (71.6%)

Epoch 27
  [loss hits: which prototype was nearest each embedding]
    level=P2 cls=0 | coarse:3250, fine_0:27, fine_1:3227, fine_2:3485, fine_3:97
    level=P2 cls=1 | coarse:1681, fine_0:18, fine_1:7266, fine_2:5457, fine_3:106
    level=P2 cls=2 | coarse:806, fine_0:22, fine_1:6788, fine_2:2883, fine_3:87
    level=P3 cls=0 | coarse:697, fine_0:4, fine_1:703, fine_2:4, fine_3:6
    level=P3 cls=1 | coarse:6727, fine_0:30, fine_1:47, fine_2:6632, fine_3:138
    level=P3 cls=2 | coarse:106, fine_0:3, fine_1:852, fine_2:10, fine_3:1033
    level=P4 cls=0 | coarse:3, fine_2:7
    level=P4 cls=1 | coarse:1465, fine_0:6, fine_1:1, fine_2:1472
    level=P4 cls=2 | coarse:102, fine_1:2, fine_3:640
  [fine-win rate] 41053/55890 embeddings preferred a fine proto over the coarse (73.5%)

Epoch 28
  [loss hits: which prototype was nearest each embedding]
    level=P2 cls=0 | coarse:4060, fine_0:34, fine_1:3339, fine_2:3667, fine_3:104
    level=P2 cls=1 | coarse:1756, fine_0:24, fine_1:7727, fine_2:5857, fine_3:86
    level=P2 cls=2 | coarse:796, fine_0:39, fine_1:6444, fine_2:2638, fine_3:131
    level=P3 cls=0 | coarse:1036, fine_0:4, fine_1:1048, fine_2:8, fine_3:10
    level=P3 cls=1 | coarse:6931, fine_0:35, fine_1:38, fine_2:6822, fine_3:148
    level=P3 cls=2 | coarse:226, fine_0:1, fine_1:1047, fine_2:13, fine_3:1397
    level=P4 cls=0 | coarse:3, fine_2:7
    level=P4 cls=1 | coarse:1445, fine_0:8, fine_2:1453
    level=P4 cls=2 | coarse:173, fine_1:1, fine_3:384
  [fine-win rate] 42514/58940 embeddings preferred a fine proto over the coarse (72.1%)

Epoch 29
  [loss hits: which prototype was nearest each embedding]
    level=P2 cls=0 | coarse:4674, fine_0:92, fine_1:4406, fine_2:4283, fine_3:75
    level=P2 cls=1 | coarse:1750, fine_0:4, fine_1:7276, fine_2:5395, fine_3:103
    level=P2 cls=2 | coarse:914, fine_0:37, fine_1:5754, fine_2:2780, fine_3:95
    level=P3 cls=0 | coarse:906, fine_0:4, fine_1:921, fine_2:14, fine_3:7
    level=P3 cls=1 | coarse:6847, fine_0:37, fine_1:22, fine_2:6707, fine_3:163
    level=P3 cls=2 | coarse:141, fine_1:842, fine_2:8, fine_3:1063
    level=P4 cls=0 | coarse:7, fine_2:9
    level=P4 cls=1 | coarse:1282, fine_0:3, fine_2:1285
    level=P4 cls=2 | coarse:170, fine_0:1, fine_3:521
  [fine-win rate] 41907/58598 embeddings preferred a fine proto over the coarse (71.5%)

Epoch 30
  [loss hits: which prototype was nearest each embedding]
    level=P2 cls=0 | coarse:4235, fine_0:42, fine_1:3707, fine_2:4096, fine_3:110
    level=P2 cls=1 | coarse:1493, fine_0:17, fine_1:7184, fine_2:5510, fine_3:130
    level=P2 cls=2 | coarse:718, fine_0:16, fine_1:6722, fine_2:3154, fine_3:74
    level=P3 cls=0 | coarse:837, fine_0:2, fine_1:833, fine_2:14, fine_3:6
    level=P3 cls=1 | coarse:7414, fine_0:55, fine_1:59, fine_2:7304, fine_3:132
    level=P3 cls=2 | coarse:95, fine_0:1, fine_1:932, fine_2:5, fine_3:1093
    level=P4 cls=0 | coarse:7, fine_2:11
    level=P4 cls=1 | coarse:1349, fine_0:10, fine_2:1359
    level=P4 cls=2 | coarse:154, fine_1:2, fine_3:498
  [fine-win rate] 43078/59380 embeddings preferred a fine proto over the coarse (72.5%)

Epoch 31
  [loss hits: which prototype was nearest each embedding]
    level=P2 cls=0 | coarse:4535, fine_0:28, fine_1:3868, fine_2:3743, fine_3:106
    level=P2 cls=1 | coarse:1874, fine_0:6, fine_1:7742, fine_2:5705, fine_3:135
    level=P2 cls=2 | coarse:729, fine_0:45, fine_1:5757, fine_2:3165, fine_3:110
    level=P3 cls=0 | coarse:961, fine_0:2, fine_1:961, fine_2:10, fine_3:6
    level=P3 cls=1 | coarse:6805, fine_0:34, fine_1:50, fine_2:6619, fine_3:186
    level=P3 cls=2 | coarse:178, fine_0:2, fine_1:1058, fine_2:4, fine_3:1336
    level=P4 cls=0 | coarse:5, fine_2:7
    level=P4 cls=1 | coarse:1293, fine_0:1, fine_2:1294
    level=P4 cls=2 | coarse:224, fine_0:1, fine_2:1, fine_3:406
  [fine-win rate] 42388/58992 embeddings preferred a fine proto over the coarse (71.9%)

Epoch 32
  [loss hits: which prototype was nearest each embedding]
    level=P2 cls=0 | coarse:4074, fine_0:38, fine_1:3235, fine_2:3160, fine_3:105
    level=P2 cls=1 | coarse:1970, fine_0:6, fine_1:6864, fine_2:4726, fine_3:136
    level=P2 cls=2 | coarse:1268, fine_0:47, fine_1:6785, fine_2:3314, fine_3:154
    level=P3 cls=0 | coarse:839, fine_0:4, fine_1:837, fine_2:11, fine_3:17
    level=P3 cls=1 | coarse:6820, fine_0:38, fine_1:48, fine_2:6739, fine_3:139
    level=P3 cls=2 | coarse:192, fine_0:1, fine_1:928, fine_2:7, fine_3:1258
    level=P4 cls=0 | coarse:3, fine_2:3
    level=P4 cls=1 | coarse:1536, fine_0:3, fine_2:1539
    level=P4 cls=2 | coarse:300, fine_1:1, fine_3:481
  [fine-win rate] 40624/57626 embeddings preferred a fine proto over the coarse (70.5%)

Epoch 33
  [loss hits: which prototype was nearest each embedding]
    level=P2 cls=0 | coarse:4781, fine_0:40, fine_1:4051, fine_2:4309, fine_3:141
    level=P2 cls=1 | coarse:1736, fine_0:22, fine_1:7154, fine_2:5275, fine_3:115
    level=P2 cls=2 | coarse:1013, fine_0:94, fine_1:6364, fine_2:2583, fine_3:152
    level=P3 cls=0 | coarse:996, fine_0:2, fine_1:986, fine_2:10, fine_3:8
    level=P3 cls=1 | coarse:6471, fine_0:39, fine_1:37, fine_2:6394, fine_3:127
    level=P3 cls=2 | coarse:92, fine_0:3, fine_1:813, fine_2:12, fine_3:952
    level=P4 cls=0 | coarse:2, fine_2:16
    level=P4 cls=1 | coarse:1283, fine_0:7, fine_2:1290
    level=P4 cls=2 | coarse:250, fine_0:2, fine_1:1, fine_3:545
  [fine-win rate] 41544/58168 embeddings preferred a fine proto over the coarse (71.4%)

Epoch 34
  [loss hits: which prototype was nearest each embedding]
    level=P2 cls=0 | coarse:3775, fine_0:44, fine_1:3346, fine_2:3814, fine_3:99
    level=P2 cls=1 | coarse:2041, fine_0:6, fine_1:8054, fine_2:5809, fine_3:164
    level=P2 cls=2 | coarse:1037, fine_0:47, fine_1:6765, fine_2:3149, fine_3:94
    level=P3 cls=0 | coarse:857, fine_0:4, fine_1:862, fine_2:10, fine_3:7
    level=P3 cls=1 | coarse:6981, fine_0:72, fine_1:43, fine_2:6816, fine_3:200
    level=P3 cls=2 | coarse:169, fine_0:2, fine_1:969, fine_2:6, fine_3:1224
    level=P4 cls=0 | coarse:22, fine_2:44
    level=P4 cls=1 | coarse:1332, fine_0:4, fine_2:1336
    level=P4 cls=2 | coarse:215, fine_0:1, fine_2:1, fine_3:343
  [fine-win rate] 43335/59764 embeddings preferred a fine proto over the coarse (72.5%)

Epoch 35
  [loss hits: which prototype was nearest each embedding]
    level=P2 cls=0 | coarse:3409, fine_0:42, fine_1:3330, fine_2:3564, fine_3:87
    level=P2 cls=1 | coarse:1783, fine_0:13, fine_1:8064, fine_2:6122, fine_3:130
    level=P2 cls=2 | coarse:860, fine_0:39, fine_1:5598, fine_2:2651, fine_3:96
    level=P3 cls=0 | coarse:416, fine_0:2, fine_1:421, fine_2:7, fine_3:4
    level=P3 cls=1 | coarse:6518, fine_0:22, fine_1:35, fine_2:6449, fine_3:88
    level=P3 cls=2 | coarse:111, fine_1:964, fine_2:6, fine_3:1145
    level=P4 cls=0 | coarse:3, fine_2:7
    level=P4 cls=1 | coarse:1256, fine_0:4, fine_2:1260
    level=P4 cls=2 | coarse:237, fine_0:1, fine_1:1, fine_3:447
  [fine-win rate] 40599/55192 embeddings preferred a fine proto over the coarse (73.6%)

Epoch 36
  [loss hits: which prototype was nearest each embedding]
    level=P2 cls=0 | coarse:4393, fine_0:33, fine_1:3530, fine_2:3966, fine_3:110
    level=P2 cls=1 | coarse:2203, fine_0:13, fine_1:8623, fine_2:6225, fine_3:138
    level=P2 cls=2 | coarse:1069, fine_0:38, fine_1:7005, fine_2:3372, fine_3:112
    level=P3 cls=0 | coarse:468, fine_0:2, fine_1:479, fine_2:5, fine_3:8
    level=P3 cls=1 | coarse:6602, fine_0:66, fine_1:53, fine_2:6453, fine_3:204
    level=P3 cls=2 | coarse:131, fine_0:1, fine_1:1076, fine_2:8, fine_3:1308
    level=P4 cls=0 | coarse:12, fine_2:42
    level=P4 cls=1 | coarse:1595, fine_2:1595
    level=P4 cls=2 | coarse:367, fine_1:1, fine_3:420
  [fine-win rate] 44886/61726 embeddings preferred a fine proto over the coarse (72.7%)

Epoch 37
  [loss hits: which prototype was nearest each embedding]
    level=P2 cls=0 | coarse:4907, fine_0:53, fine_1:4171, fine_2:3314, fine_3:101
    level=P2 cls=1 | coarse:1581, fine_0:19, fine_1:7586, fine_2:5835, fine_3:135
    level=P2 cls=2 | coarse:1243, fine_0:26, fine_1:6882, fine_2:3032, fine_3:99
    level=P3 cls=0 | coarse:682, fine_0:2, fine_1:682, fine_2:7, fine_3:9
    level=P3 cls=1 | coarse:6296, fine_0:42, fine_1:58, fine_2:6215, fine_3:113
    level=P3 cls=2 | coarse:87, fine_1:967, fine_2:4, fine_3:1128
    level=P4 cls=0 | coarse:9, fine_2:25
    level=P4 cls=1 | coarse:1387, fine_0:3, fine_2:1388
    level=P4 cls=2 | coarse:225, fine_0:2, fine_3:407
  [fine-win rate] 42305/58722 embeddings preferred a fine proto over the coarse (72.0%)

Epoch 38
  [loss hits: which prototype was nearest each embedding]
    level=P2 cls=0 | coarse:4524, fine_0:36, fine_1:3647, fine_2:3746, fine_3:123
    level=P2 cls=1 | coarse:1870, fine_0:18, fine_1:8082, fine_2:6048, fine_3:130
    level=P2 cls=2 | coarse:1152, fine_0:24, fine_1:8317, fine_2:3535, fine_3:102
    level=P3 cls=0 | coarse:733, fine_1:739, fine_2:9, fine_3:3
    level=P3 cls=1 | coarse:6754, fine_0:58, fine_1:49, fine_2:6599, fine_3:158
    level=P3 cls=2 | coarse:146, fine_0:1, fine_1:1009, fine_2:10, fine_3:1222
    level=P4 cls=0 | coarse:2, fine_2:2
    level=P4 cls=1 | coarse:1157, fine_0:1, fine_2:1158
    level=P4 cls=2 | coarse:199, fine_3:367
  [fine-win rate] 45193/61730 embeddings preferred a fine proto over the coarse (73.2%)

Epoch 39
  [loss hits: which prototype was nearest each embedding]
    level=P2 cls=0 | coarse:5310, fine_0:50, fine_1:4125, fine_2:3944, fine_3:155
    level=P2 cls=1 | coarse:1931, fine_0:10, fine_1:7026, fine_2:4945, fine_3:98
    level=P2 cls=2 | coarse:746, fine_0:17, fine_1:5513, fine_2:2850, fine_3:80
    level=P3 cls=0 | coarse:881, fine_0:3, fine_1:887, fine_2:7, fine_3:6
    level=P3 cls=1 | coarse:7055, fine_0:46, fine_1:53, fine_2:6885, fine_3:163
    level=P3 cls=2 | coarse:133, fine_0:2, fine_1:1045, fine_2:9, fine_3:1275
    level=P4 cls=0 | coarse:16, fine_2:16
    level=P4 cls=1 | coarse:1623, fine_0:3, fine_1:1, fine_2:1627
    level=P4 cls=2 | coarse:345, fine_0:1, fine_3:576
  [fine-win rate] 41418/59458 embeddings preferred a fine proto over the coarse (69.7%)

Epoch 40
  [loss hits: which prototype was nearest each embedding]
    level=P2 cls=0 | coarse:5758, fine_0:51, fine_1:3825, fine_2:4100, fine_3:152
    level=P2 cls=1 | coarse:2207, fine_0:6, fine_1:7706, fine_2:5371, fine_3:118
    level=P2 cls=2 | coarse:1090, fine_0:29, fine_1:6936, fine_2:2844, fine_3:75
    level=P3 cls=0 | coarse:834, fine_0:5, fine_1:838, fine_2:15, fine_3:8
    level=P3 cls=1 | coarse:6671, fine_0:38, fine_1:54, fine_2:6600, fine_3:117
    level=P3 cls=2 | coarse:123, fine_1:817, fine_2:11, fine_3:1007
    level=P4 cls=0 | coarse:13, fine_2:13
    level=P4 cls=1 | coarse:1352, fine_2:1352
    level=P4 cls=2 | coarse:341, fine_1:1, fine_2:1, fine_3:467
  [fine-win rate] 42557/60946 embeddings preferred a fine proto over the coarse (69.8%)

Epoch 41
  [loss hits: which prototype was nearest each embedding]
    level=P2 cls=0 | coarse:2935, fine_0:15, fine_1:2454, fine_2:1691, fine_3:33
    level=P2 cls=1 | coarse:683, fine_0:1, fine_1:3139, fine_2:2419, fine_3:28
    level=P2 cls=2 | coarse:493, fine_0:3, fine_1:3686, fine_2:1977, fine_3:65
    level=P3 cls=0 | coarse:717, fine_0:2, fine_1:730, fine_2:13, fine_3:6
    level=P3 cls=1 | coarse:5180, fine_0:9, fine_1:9, fine_2:5128, fine_3:42
    level=P3 cls=2 | coarse:91, fine_0:1, fine_1:762, fine_2:2, fine_3:876
    level=P4 cls=0 | coarse:22, fine_2:24
    level=P4 cls=1 | coarse:1519, fine_0:1, fine_2:1520
    level=P4 cls=2 | coarse:220, fine_3:346
  [fine-win rate] 24982/36842 embeddings preferred a fine proto over the coarse (67.8%)

Epoch 42
  [loss hits: which prototype was nearest each embedding]
    level=P2 cls=0 | coarse:2613, fine_0:23, fine_1:2475, fine_2:1817, fine_3:56
    level=P2 cls=1 | coarse:722, fine_1:3646, fine_2:2883, fine_3:31
    level=P2 cls=2 | coarse:468, fine_0:20, fine_1:3523, fine_2:1632, fine_3:57
    level=P3 cls=0 | coarse:865, fine_0:3, fine_1:872, fine_2:7, fine_3:5
    level=P3 cls=1 | coarse:4670, fine_0:23, fine_1:13, fine_2:4620, fine_3:60
    level=P3 cls=2 | coarse:108, fine_0:3, fine_1:834, fine_2:1, fine_3:996
    level=P4 cls=0 | coarse:21, fine_2:25
    level=P4 cls=1 | coarse:1548, fine_0:1, fine_2:1547
    level=P4 cls=2 | coarse:264, fine_3:372
  [fine-win rate] 25545/36824 embeddings preferred a fine proto over the coarse (69.4%)

Epoch 43
  [loss hits: which prototype was nearest each embedding]
    level=P2 cls=0 | coarse:3025, fine_0:15, fine_1:2650, fine_2:1580, fine_3:48
    level=P2 cls=1 | coarse:616, fine_0:2, fine_1:3543, fine_2:2853, fine_3:60
    level=P2 cls=2 | coarse:423, fine_0:10, fine_1:3608, fine_2:2036, fine_3:49
    level=P3 cls=0 | coarse:689, fine_1:685, fine_2:4, fine_3:4
    level=P3 cls=1 | coarse:4892, fine_0:8, fine_1:15, fine_2:4851, fine_3:28
    level=P3 cls=2 | coarse:67, fine_1:730, fine_2:2, fine_3:829
    level=P4 cls=0 | coarse:33, fine_2:39
    level=P4 cls=1 | coarse:1378, fine_0:7, fine_2:1385
    level=P4 cls=2 | coarse:222, fine_3:390
  [fine-win rate] 25431/36776 embeddings preferred a fine proto over the coarse (69.2%)

Epoch 44
  [loss hits: which prototype was nearest each embedding]
    level=P2 cls=0 | coarse:2793, fine_0:24, fine_1:2341, fine_2:1349, fine_3:33
    level=P2 cls=1 | coarse:610, fine_0:2, fine_1:3302, fine_2:2648, fine_3:40
    level=P2 cls=2 | coarse:511, fine_0:8, fine_1:3987, fine_2:1816, fine_3:62
    level=P3 cls=0 | coarse:1066, fine_0:1, fine_1:1076, fine_2:10, fine_3:7
    level=P3 cls=1 | coarse:5030, fine_0:16, fine_1:39, fine_2:4960, fine_3:35
    level=P3 cls=2 | coarse:36, fine_1:721, fine_2:2, fine_3:783
    level=P4 cls=0 | coarse:9, fine_2:19
    level=P4 cls=1 | coarse:1547, fine_0:2, fine_2:1549
    level=P4 cls=2 | coarse:264, fine_3:342
  [fine-win rate] 25174/37040 embeddings preferred a fine proto over the coarse (68.0%)

Epoch 45
  [loss hits: which prototype was nearest each embedding]
    level=P2 cls=0 | coarse:2792, fine_0:34, fine_1:2086, fine_2:1410, fine_3:42
    level=P2 cls=1 | coarse:647, fine_0:5, fine_1:3144, fine_2:2443, fine_3:49
    level=P2 cls=2 | coarse:462, fine_0:4, fine_1:3723, fine_2:1834, fine_3:57
    level=P3 cls=0 | coarse:1103, fine_0:5, fine_1:1102, fine_2:4, fine_3:4
    level=P3 cls=1 | coarse:5331, fine_0:23, fine_1:32, fine_2:5226, fine_3:68
    level=P3 cls=2 | coarse:37, fine_1:772, fine_2:1, fine_3:826
    level=P4 cls=0 | coarse:16, fine_2:32
    level=P4 cls=1 | coarse:1373, fine_0:1, fine_2:1374
    level=P4 cls=2 | coarse:267, fine_3:407
  [fine-win rate] 24708/36736 embeddings preferred a fine proto over the coarse (67.3%)

Epoch 46
  [loss hits: which prototype was nearest each embedding]
    level=P2 cls=0 | coarse:3114, fine_0:14, fine_1:2322, fine_2:1429, fine_3:57
    level=P2 cls=1 | coarse:629, fine_0:1, fine_1:3238, fine_2:2570, fine_3:34
    level=P2 cls=2 | coarse:459, fine_0:3, fine_1:3692, fine_2:1761, fine_3:33
    level=P3 cls=0 | coarse:962, fine_0:1, fine_1:972, fine_2:6, fine_3:3
    level=P3 cls=1 | coarse:5235, fine_0:26, fine_1:23, fine_2:5162, fine_3:74
    level=P3 cls=2 | coarse:67, fine_1:838, fine_2:6, fine_3:929
    level=P4 cls=0 | coarse:2, fine_2:6
    level=P4 cls=1 | coarse:1392, fine_2:1392
    level=P4 cls=2 | coarse:227, fine_3:285
  [fine-win rate] 24877/36964 embeddings preferred a fine proto over the coarse (67.3%)

Epoch 47
  [loss hits: which prototype was nearest each embedding]
    level=P2 cls=0 | coarse:3217, fine_0:23, fine_1:2454, fine_2:1424, fine_3:34
    level=P2 cls=1 | coarse:629, fine_0:2, fine_1:3368, fine_2:2692, fine_3:37
    level=P2 cls=2 | coarse:452, fine_0:4, fine_1:3798, fine_2:1732, fine_3:48
    level=P3 cls=0 | coarse:872, fine_0:5, fine_1:878, fine_2:5, fine_3:4
    level=P3 cls=1 | coarse:5286, fine_0:36, fine_1:43, fine_2:5168, fine_3:99
    level=P3 cls=2 | coarse:62, fine_0:2, fine_1:765, fine_2:4, fine_3:847
    level=P4 cls=0 | coarse:8, fine_2:8
    level=P4 cls=1 | coarse:1172, fine_0:1, fine_2:1173
    level=P4 cls=2 | coarse:264, fine_3:302
  [fine-win rate] 24956/36918 embeddings preferred a fine proto over the coarse (67.6%)

Epoch 48
  [loss hits: which prototype was nearest each embedding]
    level=P2 cls=0 | coarse:3449, fine_0:28, fine_1:2610, fine_2:1469, fine_3:48
    level=P2 cls=1 | coarse:892, fine_1:3265, fine_2:2283, fine_3:72
    level=P2 cls=2 | coarse:385, fine_0:4, fine_1:3210, fine_2:2204, fine_3:57
    level=P3 cls=0 | coarse:580, fine_0:2, fine_1:575, fine_2:6, fine_3:5
    level=P3 cls=1 | coarse:5267, fine_0:36, fine_1:50, fine_2:5182, fine_3:55
    level=P3 cls=2 | coarse:71, fine_1:789, fine_2:2, fine_3:886
    level=P4 cls=0 | coarse:4, fine_2:4
    level=P4 cls=1 | coarse:1293, fine_0:2, fine_2:1295
    level=P4 cls=2 | coarse:260, fine_3:318
  [fine-win rate] 24457/36658 embeddings preferred a fine proto over the coarse (66.7%)

Epoch 49
  [loss hits: which prototype was nearest each embedding]
    level=P2 cls=0 | coarse:2838, fine_0:10, fine_1:2413, fine_2:1456, fine_3:37
    level=P2 cls=1 | coarse:743, fine_1:3255, fine_2:2454, fine_3:46
    level=P2 cls=2 | coarse:438, fine_0:2, fine_1:3660, fine_2:2062, fine_3:24
    level=P3 cls=0 | coarse:932, fine_0:4, fine_1:928, fine_2:8, fine_3:4
    level=P3 cls=1 | coarse:5115, fine_0:8, fine_1:29, fine_2:5060, fine_3:36
    level=P3 cls=2 | coarse:59, fine_1:799, fine_2:3, fine_3:911
    level=P4 cls=0 | coarse:9, fine_0:1, fine_2:16
    level=P4 cls=1 | coarse:1498, fine_0:2, fine_2:1500
    level=P4 cls=2 | coarse:193, fine_3:321
  [fine-win rate] 25049/36874 embeddings preferred a fine proto over the coarse (67.9%)

Epoch 50
  [loss hits: which prototype was nearest each embedding]
    level=P2 cls=0 | coarse:2753, fine_0:19, fine_1:2427, fine_2:1557, fine_3:44
    level=P2 cls=1 | coarse:749, fine_0:1, fine_1:3327, fine_2:2528, fine_3:41
    level=P2 cls=2 | coarse:538, fine_0:2, fine_1:3898, fine_2:1864, fine_3:32
    level=P3 cls=0 | coarse:928, fine_0:2, fine_1:937, fine_2:8, fine_3:5
    level=P3 cls=1 | coarse:4865, fine_0:20, fine_1:27, fine_2:4797, fine_3:47
    level=P3 cls=2 | coarse:36, fine_1:748, fine_2:1, fine_3:811
    level=P4 cls=0 | coarse:8, fine_2:8
    level=P4 cls=1 | coarse:1617, fine_0:2, fine_2:1619
    level=P4 cls=2 | coarse:213, fine_3:383
  [fine-win rate] 25155/36862 embeddings preferred a fine proto over the coarse (68.2%)

