EDNet 1.0 ✅ Python-3.10.4 ✅ torch-2.8.0+cu128 ✅CUDA:0 (NVIDIA A100-SXM4-40GB, 40441MiB)
[34m[1mengine/trainer: [0mtask=detect, mode=train, model=pretrained/small.pt, data=/home/ddwilde/scriptie/yaml/DOTA-stage1.yaml, epochs=50, time=None, patience=100, batch=4, imgsz=640, save=True, save_period=-1, cache=False, device=None, workers=8, project=/home/ddwilde/scriptie/runs/dota_lora, name=stage1-lora, exist_ok=False, pretrained=True, optimizer=auto, verbose=True, seed=0, deterministic=True, single_cls=False, rect=False, cos_lr=False, close_mosaic=10, resume=False, amp=True, fraction=1.0, profile=False, freeze=[0, 1, 2, 3, 4, 5, 6, 7, 8, 9, 10, 11, 12, 13, 14, 15, 16, 17, 18, 19, 20, 21, 22, 23, 24, 25, 26, 27, 28], multi_scale=False, lora={'enable': True, 'feature_pyramid_indices': [19, 22, 25], 'include_detection_head': True}, continual={'enable': False, 'batches': [], 'adapter_strategy': 'last', 'save_history': True}, replay={'enable': False, 'tap_layers': {'P2': 19, 'P3': 22, 'P4': 25}, 'tiny_max_pixels': 128, 'context_scale': 1.5, 'buffer_per_class': 64, 'sample_per_batch': 16, 'loss_weight': 1.0, 'scale_weighting': 'stride', 'store_dir': 'replay', 'buffer_file': 'buffer.pt', 'init_buffer': None, 'carryover_growth': 1.5, 'memory_dir': None, 'memory_ratio': 0.25, 'prototypes': {'num_fine': 4, 'use_coarse': True, 'ema_alpha': 0.05, 'init_sim_thresh': 0.9, 'gate_min_cos': 0.0, 'init_strategy': 'first_k', 'weight_by_count': False}}, stage={'active_classes': None, 'prev_classes': None}, overlap_mask=True, mask_ratio=4, dropout=0.0, val=True, split=val, save_json=False, save_hybrid=False, conf=None, iou=0.7, max_det=300, half=False, dnn=False, plots=True, per_class_tb_interval=1, source=None, vid_stride=1, stream_buffer=False, visualize=False, augment=False, agnostic_nms=False, classes=None, retina_masks=False, embed=None, show=False, save_frames=False, save_txt=False, save_conf=False, save_crop=False, show_labels=True, show_conf=True, show_boxes=True, line_width=None, format=torchscript, keras=False, optimize=False, int8=False, dynamic=False, simplify=False, opset=None, workspace=4, nms=False, lr0=0.01, lrf=0.01, momentum=0.937, weight_decay=0.0005, warmup_epochs=3.0, warmup_momentum=0.8, warmup_bias_lr=0.1, box=7.5, cls=0.5, dfl=1.5, pose=12.0, kobj=1.0, label_smoothing=0.0, nbs=64, hsv_h=0.015, hsv_s=0.7, hsv_v=0.4, degrees=0.0, translate=0.1, scale=0.5, shear=0.0, perspective=0.0, flipud=0.0, fliplr=0.5, bgr=0.0, mosaic=1.0, mixup=0.0, copy_paste=0.0, auto_augment=randaugment, erasing=0.4, crop_fraction=1.0, cfg=None, tracker=botsort.yaml, save_dir=/home/ddwilde/scriptie/runs/dota_lora/stage1-lora
Overriding model.yaml nc=10 with nc=2

                   from  n    params  module                                       arguments                     
  0                  -1  1       928  ednet.nn.modules.conv.Conv                   [3, 32, 3, 2]                 
  1                  -1  1     18560  ednet.nn.modules.conv.Conv                   [32, 64, 3, 2]                
  2                  -1  1     29056  ednet.nn.modules.block.C2f                   [64, 64, 1, True]             
  3                  -1  1     73984  ednet.nn.modules.conv.Conv                   [64, 128, 3, 2]               
  4                  -1  2    197632  ednet.nn.modules.block.C2f                   [128, 128, 2, True]           
  5                  -1  1    295424  ednet.nn.modules.conv.Conv                   [128, 256, 3, 2]              
  6                  -1  2    420864  ednet.nn.modules.block.C2f_FCA               [256, 256, 2, True]           
  7                  -1  1   1180672  ednet.nn.modules.conv.Conv                   [256, 512, 3, 2]              
  8                  -1  1   1095680  ednet.nn.modules.block.C2f_FCA               [512, 512, 1, True]           
  9                  -1  1    656896  ednet.nn.modules.block.SPPF                  [512, 512, 5]                 
 10                  -1  1    990976  ednet.nn.modules.block.PSA                   [512, 512]                    
 11                  -1  1         0  torch.nn.modules.upsampling.Upsample         [None, 2, 'nearest']          
 12             [-1, 6]  1         0  ednet.nn.modules.conv.Concat                 [1]                           
 13                  -1  1    591360  ednet.nn.modules.block.C2f                   [768, 256, 1]                 
 14                  -1  1         0  torch.nn.modules.upsampling.Upsample         [None, 2, 'nearest']          
 15             [-1, 4]  1         0  ednet.nn.modules.conv.Concat                 [1]                           
 16                  -1  1    148224  ednet.nn.modules.block.C2f                   [384, 128, 1]                 
 17                  -1  1         0  torch.nn.modules.upsampling.Upsample         [None, 2, 'nearest']          
 18             [-1, 2]  1         0  ednet.nn.modules.conv.Concat                 [1]                           
 19                  -1  1     37248  ednet.nn.modules.block.C2f                   [192, 64, 1]                  
 20                  -1  1     36992  ednet.nn.modules.conv.Conv                   [64, 64, 3, 2]                
 21            [-1, 16]  1         0  ednet.nn.modules.conv.Concat                 [1]                           
 22                  -1  1    123648  ednet.nn.modules.block.C2f                   [192, 128, 1]                 
 23                  -1  1    147712  ednet.nn.modules.conv.Conv                   [128, 128, 3, 2]              
 24            [-1, 13]  1         0  ednet.nn.modules.conv.Concat                 [1]                           
 25                  -1  1    493056  ednet.nn.modules.block.C2f                   [384, 256, 1]                 
 26                  -1  1     68864  ednet.nn.modules.block.SCDown                [256, 256, 3, 2]              
 27             [-1, 9]  1         0  ednet.nn.modules.conv.Concat                 [1]                           
 28                  -1  1   1089536  ednet.nn.modules.block.C2fCIB                [768, 512, 1, True, True]     
 29    [19, 22, 25, 28]  1   1621664  ednet.nn.modules.head.v10Detect              [2, [64, 128, 256, 512]]      
ednet-s summary: 510 layers, 9,318,976 parameters, 9,318,960 gradients

Transferred 737/753 items from pretrained weights
LoRA enabled: 28 adapters (rank=8, alpha=16.0, 
LoRA adapter registry: 28 modules -> ['Conv.conv', 'Conv.conv', 'Conv.conv', 'Conv.conv', 'Conv.conv', 'Conv.conv', 'Conv.conv', 'Conv.conv', 'Conv.conv', 'Conv.conv', 'Conv.conv', 'Conv.conv', 'Conv.conv', 'Conv.conv', 'Conv.conv', 'Conv.conv', 'Conv.conv', 'Conv.conv', 'Conv.conv', 'Conv.conv', 'Conv.conv', 'Conv.conv', 'Conv.conv', 'Conv.conv', 'Conv.conv', 'Conv.conv', 'Conv.conv', 'Conv.conv']
Trainable params: 429 tensors (8594224 weights) example=[('model.0.conv.weight', 864), ('model.0.bn.weight', 32), ('model.0.bn.bias', 32), ('model.1.conv.weight', 18432), ('model.1.bn.weight', 64), ('model.1.bn.bias', 64), ('model.2.cv1.conv.weight', 4096), ('model.2.cv1.bn.weight', 64), ('model.2.cv1.bn.bias', 64), ('model.2.cv2.conv.weight', 6144), ('model.2.cv2.bn.weight', 64), ('model.2.cv2.bn.bias', 64), ('model.2.m.0.cv1.conv.weight', 9216), ('model.2.m.0.cv1.bn.weight', 32), ('model.2.m.0.cv1.bn.bias', 32), ('model.2.m.0.cv2.conv.weight', 9216), ('model.2.m.0.cv2.bn.weight', 32), ('model.2.m.0.cv2.bn.bias', 32), ('model.3.conv.weight', 73728), ('model.3.bn.weight', 128)]
[34m[1mTensorBoard: [0mStart with 'tensorboard --logdir /home/ddwilde/scriptie/runs/dota_lora/stage1-lora', view at http://localhost:6006/
Freezing layer 'model.0.conv.weight'
Freezing layer 'model.0.bn.weight'
Freezing layer 'model.0.bn.bias'
Freezing layer 'model.1.conv.weight'
Freezing layer 'model.1.bn.weight'
Freezing layer 'model.1.bn.bias'
Freezing layer 'model.2.cv1.conv.weight'
Freezing layer 'model.2.cv1.bn.weight'
Freezing layer 'model.2.cv1.bn.bias'
Freezing layer 'model.2.cv2.conv.weight'
Freezing layer 'model.2.cv2.bn.weight'
Freezing layer 'model.2.cv2.bn.bias'
Freezing layer 'model.2.m.0.cv1.conv.weight'
Freezing layer 'model.2.m.0.cv1.bn.weight'
Freezing layer 'model.2.m.0.cv1.bn.bias'
Freezing layer 'model.2.m.0.cv2.conv.weight'
Freezing layer 'model.2.m.0.cv2.bn.weight'
Freezing layer 'model.2.m.0.cv2.bn.bias'
Freezing layer 'model.3.conv.weight'
Freezing layer 'model.3.bn.weight'
Freezing layer 'model.3.bn.bias'
Freezing layer 'model.4.cv1.conv.weight'
Freezing layer 'model.4.cv1.bn.weight'
Freezing layer 'model.4.cv1.bn.bias'
Freezing layer 'model.4.cv2.conv.weight'
Freezing layer 'model.4.cv2.bn.weight'
Freezing layer 'model.4.cv2.bn.bias'
Freezing layer 'model.4.m.0.cv1.conv.weight'
Freezing layer 'model.4.m.0.cv1.bn.weight'
Freezing layer 'model.4.m.0.cv1.bn.bias'
Freezing layer 'model.4.m.0.cv2.conv.weight'
Freezing layer 'model.4.m.0.cv2.bn.weight'
Freezing layer 'model.4.m.0.cv2.bn.bias'
Freezing layer 'model.4.m.1.cv1.conv.weight'
Freezing layer 'model.4.m.1.cv1.bn.weight'
Freezing layer 'model.4.m.1.cv1.bn.bias'
Freezing layer 'model.4.m.1.cv2.conv.weight'
Freezing layer 'model.4.m.1.cv2.bn.weight'
Freezing layer 'model.4.m.1.cv2.bn.bias'
Freezing layer 'model.5.conv.weight'
Freezing layer 'model.5.bn.weight'
Freezing layer 'model.5.bn.bias'
Freezing layer 'model.6.cv1.conv.weight'
Freezing layer 'model.6.cv1.bn.weight'
Freezing layer 'model.6.cv1.bn.bias'
Freezing layer 'model.6.cv2.conv.weight'
Freezing layer 'model.6.cv2.bn.weight'
Freezing layer 'model.6.cv2.bn.bias'
Freezing layer 'model.6.m.0.mlp.0.conv.weight'
Freezing layer 'model.6.m.0.mlp.0.bn.weight'
Freezing layer 'model.6.m.0.mlp.0.bn.bias'
Freezing layer 'model.6.m.0.mlp.1.weight'
Freezing layer 'model.6.m.0.spatial_mixing.PConv3.weight'
Freezing layer 'model.6.m.0.attention.conv1.conv.weight'
Freezing layer 'model.6.m.0.attention.conv1.bn.weight'
Freezing layer 'model.6.m.0.attention.conv1.bn.bias'
Freezing layer 'model.6.m.0.attention.h_conv.conv.weight'
Freezing layer 'model.6.m.0.attention.h_conv.conv.bias'
Freezing layer 'model.6.m.0.attention.v_conv.conv.weight'
Freezing layer 'model.6.m.0.attention.v_conv.conv.bias'
Freezing layer 'model.6.m.0.attention.conv2.conv.weight'
Freezing layer 'model.6.m.0.attention.conv2.bn.weight'
Freezing layer 'model.6.m.0.attention.conv2.bn.bias'
Freezing layer 'model.6.m.1.mlp.0.conv.weight'
Freezing layer 'model.6.m.1.mlp.0.bn.weight'
Freezing layer 'model.6.m.1.mlp.0.bn.bias'
Freezing layer 'model.6.m.1.mlp.1.weight'
Freezing layer 'model.6.m.1.spatial_mixing.PConv3.weight'
Freezing layer 'model.6.m.1.attention.conv1.conv.weight'
Freezing layer 'model.6.m.1.attention.conv1.bn.weight'
Freezing layer 'model.6.m.1.attention.conv1.bn.bias'
Freezing layer 'model.6.m.1.attention.h_conv.conv.weight'
Freezing layer 'model.6.m.1.attention.h_conv.conv.bias'
Freezing layer 'model.6.m.1.attention.v_conv.conv.weight'
Freezing layer 'model.6.m.1.attention.v_conv.conv.bias'
Freezing layer 'model.6.m.1.attention.conv2.conv.weight'
Freezing layer 'model.6.m.1.attention.conv2.bn.weight'
Freezing layer 'model.6.m.1.attention.conv2.bn.bias'
Freezing layer 'model.7.conv.weight'
Freezing layer 'model.7.bn.weight'
Freezing layer 'model.7.bn.bias'
Freezing layer 'model.8.cv1.conv.weight'
Freezing layer 'model.8.cv1.bn.weight'
Freezing layer 'model.8.cv1.bn.bias'
Freezing layer 'model.8.cv2.conv.weight'
Freezing layer 'model.8.cv2.bn.weight'
Freezing layer 'model.8.cv2.bn.bias'
Freezing layer 'model.8.m.0.mlp.0.conv.weight'
Freezing layer 'model.8.m.0.mlp.0.bn.weight'
Freezing layer 'model.8.m.0.mlp.0.bn.bias'
Freezing layer 'model.8.m.0.mlp.1.weight'
Freezing layer 'model.8.m.0.spatial_mixing.PConv3.weight'
Freezing layer 'model.8.m.0.attention.conv1.conv.weight'
Freezing layer 'model.8.m.0.attention.conv1.bn.weight'
Freezing layer 'model.8.m.0.attention.conv1.bn.bias'
Freezing layer 'model.8.m.0.attention.h_conv.conv.weight'
Freezing layer 'model.8.m.0.attention.h_conv.conv.bias'
Freezing layer 'model.8.m.0.attention.v_conv.conv.weight'
Freezing layer 'model.8.m.0.attention.v_conv.conv.bias'
Freezing layer 'model.8.m.0.attention.conv2.conv.weight'
Freezing layer 'model.8.m.0.attention.conv2.bn.weight'
Freezing layer 'model.8.m.0.attention.conv2.bn.bias'
Freezing layer 'model.9.cv1.conv.weight'
Freezing layer 'model.9.cv1.bn.weight'
Freezing layer 'model.9.cv1.bn.bias'
Freezing layer 'model.9.cv2.conv.weight'
Freezing layer 'model.9.cv2.bn.weight'
Freezing layer 'model.9.cv2.bn.bias'
Freezing layer 'model.10.cv1.conv.weight'
Freezing layer 'model.10.cv1.bn.weight'
Freezing layer 'model.10.cv1.bn.bias'
Freezing layer 'model.10.cv2.conv.weight'
Freezing layer 'model.10.cv2.bn.weight'
Freezing layer 'model.10.cv2.bn.bias'
Freezing layer 'model.10.attn.qkv.conv.weight'
Freezing layer 'model.10.attn.qkv.bn.weight'
Freezing layer 'model.10.attn.qkv.bn.bias'
Freezing layer 'model.10.attn.proj.conv.weight'
Freezing layer 'model.10.attn.proj.bn.weight'
Freezing layer 'model.10.attn.proj.bn.bias'
Freezing layer 'model.10.attn.pe.conv.weight'
Freezing layer 'model.10.attn.pe.bn.weight'
Freezing layer 'model.10.attn.pe.bn.bias'
Freezing layer 'model.10.ffn.0.conv.weight'
Freezing layer 'model.10.ffn.0.bn.weight'
Freezing layer 'model.10.ffn.0.bn.bias'
Freezing layer 'model.10.ffn.1.conv.weight'
Freezing layer 'model.10.ffn.1.bn.weight'
Freezing layer 'model.10.ffn.1.bn.bias'
Freezing layer 'model.13.cv1.conv.weight'
Freezing layer 'model.13.cv1.bn.weight'
Freezing layer 'model.13.cv1.bn.bias'
Freezing layer 'model.13.cv2.conv.weight'
Freezing layer 'model.13.cv2.bn.weight'
Freezing layer 'model.13.cv2.bn.bias'
Freezing layer 'model.13.m.0.cv1.conv.weight'
Freezing layer 'model.13.m.0.cv1.bn.weight'
Freezing layer 'model.13.m.0.cv1.bn.bias'
Freezing layer 'model.13.m.0.cv2.conv.weight'
Freezing layer 'model.13.m.0.cv2.bn.weight'
Freezing layer 'model.13.m.0.cv2.bn.bias'
Freezing layer 'model.16.cv1.conv.weight'
Freezing layer 'model.16.cv1.bn.weight'
Freezing layer 'model.16.cv1.bn.bias'
Freezing layer 'model.16.cv2.conv.weight'
Freezing layer 'model.16.cv2.bn.weight'
Freezing layer 'model.16.cv2.bn.bias'
Freezing layer 'model.16.m.0.cv1.conv.weight'
Freezing layer 'model.16.m.0.cv1.bn.weight'
Freezing layer 'model.16.m.0.cv1.bn.bias'
Freezing layer 'model.16.m.0.cv2.conv.weight'
Freezing layer 'model.16.m.0.cv2.bn.weight'
Freezing layer 'model.16.m.0.cv2.bn.bias'
Freezing layer 'model.19.cv1.conv.base.weight'
Freezing layer 'model.19.cv1.bn.weight'
Freezing layer 'model.19.cv1.bn.bias'
Freezing layer 'model.19.cv2.conv.base.weight'
Freezing layer 'model.19.cv2.bn.weight'
Freezing layer 'model.19.cv2.bn.bias'
Freezing layer 'model.19.m.0.cv1.conv.base.weight'
Freezing layer 'model.19.m.0.cv1.bn.weight'
Freezing layer 'model.19.m.0.cv1.bn.bias'
Freezing layer 'model.19.m.0.cv2.conv.base.weight'
Freezing layer 'model.19.m.0.cv2.bn.weight'
Freezing layer 'model.19.m.0.cv2.bn.bias'
Freezing layer 'model.20.conv.weight'
Freezing layer 'model.20.bn.weight'
Freezing layer 'model.20.bn.bias'
Freezing layer 'model.22.cv1.conv.base.weight'
Freezing layer 'model.22.cv1.bn.weight'
Freezing layer 'model.22.cv1.bn.bias'
Freezing layer 'model.22.cv2.conv.base.weight'
Freezing layer 'model.22.cv2.bn.weight'
Freezing layer 'model.22.cv2.bn.bias'
Freezing layer 'model.22.m.0.cv1.conv.base.weight'
Freezing layer 'model.22.m.0.cv1.bn.weight'
Freezing layer 'model.22.m.0.cv1.bn.bias'
Freezing layer 'model.22.m.0.cv2.conv.base.weight'
Freezing layer 'model.22.m.0.cv2.bn.weight'
Freezing layer 'model.22.m.0.cv2.bn.bias'
Freezing layer 'model.23.conv.weight'
Freezing layer 'model.23.bn.weight'
Freezing layer 'model.23.bn.bias'
Freezing layer 'model.25.cv1.conv.base.weight'
Freezing layer 'model.25.cv1.bn.weight'
Freezing layer 'model.25.cv1.bn.bias'
Freezing layer 'model.25.cv2.conv.base.weight'
Freezing layer 'model.25.cv2.bn.weight'
Freezing layer 'model.25.cv2.bn.bias'
Freezing layer 'model.25.m.0.cv1.conv.base.weight'
Freezing layer 'model.25.m.0.cv1.bn.weight'
Freezing layer 'model.25.m.0.cv1.bn.bias'
Freezing layer 'model.25.m.0.cv2.conv.base.weight'
Freezing layer 'model.25.m.0.cv2.bn.weight'
Freezing layer 'model.25.m.0.cv2.bn.bias'
Freezing layer 'model.26.cv1.conv.weight'
Freezing layer 'model.26.cv1.bn.weight'
Freezing layer 'model.26.cv1.bn.bias'
Freezing layer 'model.26.cv2.conv.weight'
Freezing layer 'model.26.cv2.bn.weight'
Freezing layer 'model.26.cv2.bn.bias'
Freezing layer 'model.28.cv1.conv.weight'
Freezing layer 'model.28.cv1.bn.weight'
Freezing layer 'model.28.cv1.bn.bias'
Freezing layer 'model.28.cv2.conv.weight'
Freezing layer 'model.28.cv2.bn.weight'
Freezing layer 'model.28.cv2.bn.bias'
Freezing layer 'model.28.m.0.cv1.0.conv.weight'
Freezing layer 'model.28.m.0.cv1.0.bn.weight'
Freezing layer 'model.28.m.0.cv1.0.bn.bias'
Freezing layer 'model.28.m.0.cv1.1.conv.weight'
Freezing layer 'model.28.m.0.cv1.1.bn.weight'
Freezing layer 'model.28.m.0.cv1.1.bn.bias'
Freezing layer 'model.28.m.0.cv1.2.conv.conv.weight'
Freezing layer 'model.28.m.0.cv1.2.conv.bn.weight'
Freezing layer 'model.28.m.0.cv1.2.conv.bn.bias'
Freezing layer 'model.28.m.0.cv1.2.conv1.conv.weight'
Freezing layer 'model.28.m.0.cv1.2.conv1.bn.weight'
Freezing layer 'model.28.m.0.cv1.2.conv1.bn.bias'
Freezing layer 'model.28.m.0.cv1.3.conv.weight'
Freezing layer 'model.28.m.0.cv1.3.bn.weight'
Freezing layer 'model.28.m.0.cv1.3.bn.bias'
Freezing layer 'model.28.m.0.cv1.4.conv.weight'
Freezing layer 'model.28.m.0.cv1.4.bn.weight'
Freezing layer 'model.28.m.0.cv1.4.bn.bias'
Freezing layer 'model.29.dfl.conv.weight'
[34m[1mAMP: [0mrunning Automatic Mixed Precision (AMP) checks with YOLOv8n...
[34m[1mAMP: [0mchecks passed ✅
Plotting labels to /home/ddwilde/scriptie/runs/dota_lora/stage1-lora/labels.jpg... 
[34m[1moptimizer:[0m 'optimizer=auto' found, ignoring 'lr0=0.01' and 'momentum=0.937' and determining best 'optimizer', 'lr0' and 'momentum' automatically... 
[34m[1moptimizer:[0m AdamW(lr=0.001667, momentum=0.9) with parameter groups 48 weight(decay=0.0), 104 weight(decay=0.0005), 64 bias(decay=0.0)
Trainable params: 216 tensors (1548176 weights). Top trainable=[('model.29.cv2.3.0.conv.weight', 294912), ('model.29.one2one_cv2.3.0.conv.weight', 294912), ('model.29.cv2.2.0.conv.weight', 147456), ('model.29.one2one_cv2.2.0.conv.weight', 147456), ('model.29.cv2.1.0.conv.weight', 73728), ('model.29.one2one_cv2.1.0.conv.weight', 73728), ('model.29.cv2.0.0.conv.weight', 36864), ('model.29.cv2.0.1.conv.weight', 36864), ('model.29.cv2.1.1.conv.weight', 36864), ('model.29.cv2.2.1.conv.weight', 36864), ('model.29.cv2.3.1.conv.weight', 36864), ('model.29.one2one_cv2.0.0.conv.weight', 36864), ('model.29.one2one_cv2.0.1.conv.weight', 36864), ('model.29.one2one_cv2.1.1.conv.weight', 36864), ('model.29.one2one_cv2.2.1.conv.weight', 36864), ('model.29.one2one_cv2.3.1.conv.weight', 36864), ('model.25.m.0.cv1.conv.lora_A.weight', 9216), ('model.25.m.0.cv2.conv.lora_A.weight', 9216), ('model.22.m.0.cv1.conv.lora_A.weight', 4608), ('model.22.m.0.cv2.conv.lora_A.weight', 4608)]
Skipping fusion for LoRA-wrapped layer Conv
Skipping fusion for LoRA-wrapped layer Conv
Skipping fusion for LoRA-wrapped layer Conv
Skipping fusion for LoRA-wrapped layer Conv
Skipping fusion for LoRA-wrapped layer Conv
Skipping fusion for LoRA-wrapped layer Conv
Skipping fusion for LoRA-wrapped layer Conv
Skipping fusion for LoRA-wrapped layer Conv
Skipping fusion for LoRA-wrapped layer Conv
Skipping fusion for LoRA-wrapped layer Conv
Skipping fusion for LoRA-wrapped layer Conv
Skipping fusion for LoRA-wrapped layer Conv
Skipping fusion for LoRA-wrapped layer Conv
Skipping fusion for LoRA-wrapped layer Conv
Skipping fusion for LoRA-wrapped layer Conv
Skipping fusion for LoRA-wrapped layer Conv
Skipping fusion for LoRA-wrapped layer Conv
Skipping fusion for LoRA-wrapped layer Conv
Skipping fusion for LoRA-wrapped layer Conv
Skipping fusion for LoRA-wrapped layer Conv
Skipping fusion for LoRA-wrapped layer Conv
Skipping fusion for LoRA-wrapped layer Conv
Skipping fusion for LoRA-wrapped layer Conv
Skipping fusion for LoRA-wrapped layer Conv
Skipping fusion for LoRA-wrapped layer Conv
Skipping fusion for LoRA-wrapped layer Conv
Skipping fusion for LoRA-wrapped layer Conv
Skipping fusion for LoRA-wrapped layer Conv
[34m[1mTensorBoard: [0mmodel graph visualization added ✅
Image sizes 640 train, 640 val
Using 8 dataloader workers
Logging results to [1m/home/ddwilde/scriptie/runs/dota_lora/stage1-lora[0m
Starting training for 50 epochs...

      Epoch    GPU_mem   box_loss   cls_loss   dfl_loss  Instances       Size
No positive cells found.
No positive cells found.
                   all        186       8357      0.479     0.0727     0.0997     0.0425

      Epoch    GPU_mem   box_loss   cls_loss   dfl_loss  Instances       Size
No positive cells found.
No positive cells found.
                   all        186       8357      0.383      0.325      0.238       0.11

      Epoch    GPU_mem   box_loss   cls_loss   dfl_loss  Instances       Size
No positive cells found.
No positive cells found.
                   all        186       8357      0.352      0.367       0.24      0.123

      Epoch    GPU_mem   box_loss   cls_loss   dfl_loss  Instances       Size
No positive cells found.
No positive cells found.
                   all        186       8357      0.449      0.382       0.33      0.177

      Epoch    GPU_mem   box_loss   cls_loss   dfl_loss  Instances       Size
No positive cells found.
No positive cells found.
                   all        186       8357      0.465      0.404      0.345      0.188

      Epoch    GPU_mem   box_loss   cls_loss   dfl_loss  Instances       Size
No positive cells found.
No positive cells found.
                   all        186       8357      0.453       0.43       0.37      0.196

      Epoch    GPU_mem   box_loss   cls_loss   dfl_loss  Instances       Size
No positive cells found.
No positive cells found.
                   all        186       8357      0.502      0.456      0.395      0.214

      Epoch    GPU_mem   box_loss   cls_loss   dfl_loss  Instances       Size
No positive cells found.
No positive cells found.
                   all        186       8357      0.531      0.468      0.413      0.227

      Epoch    GPU_mem   box_loss   cls_loss   dfl_loss  Instances       Size
No positive cells found.
No positive cells found.
                   all        186       8357      0.508      0.456      0.414      0.222

      Epoch    GPU_mem   box_loss   cls_loss   dfl_loss  Instances       Size
No positive cells found.
No positive cells found.
                   all        186       8357       0.52       0.47      0.417      0.229

      Epoch    GPU_mem   box_loss   cls_loss   dfl_loss  Instances       Size
No positive cells found.
No positive cells found.
                   all        186       8357      0.568      0.462      0.442       0.24

      Epoch    GPU_mem   box_loss   cls_loss   dfl_loss  Instances       Size
No positive cells found.
No positive cells found.
                   all        186       8357      0.589      0.473      0.459      0.243

      Epoch    GPU_mem   box_loss   cls_loss   dfl_loss  Instances       Size
No positive cells found.
No positive cells found.
                   all        186       8357      0.575      0.479      0.467      0.261

      Epoch    GPU_mem   box_loss   cls_loss   dfl_loss  Instances       Size
No positive cells found.
No positive cells found.
                   all        186       8357      0.564      0.474      0.461       0.25

      Epoch    GPU_mem   box_loss   cls_loss   dfl_loss  Instances       Size
No positive cells found.
No positive cells found.
                   all        186       8357       0.59       0.48       0.47      0.255

      Epoch    GPU_mem   box_loss   cls_loss   dfl_loss  Instances       Size
No positive cells found.
No positive cells found.
                   all        186       8357      0.602      0.485      0.481      0.261

      Epoch    GPU_mem   box_loss   cls_loss   dfl_loss  Instances       Size
No positive cells found.
No positive cells found.
                   all        186       8357      0.593      0.493      0.489       0.27

      Epoch    GPU_mem   box_loss   cls_loss   dfl_loss  Instances       Size
No positive cells found.
No positive cells found.
                   all        186       8357      0.587      0.483      0.478      0.259

      Epoch    GPU_mem   box_loss   cls_loss   dfl_loss  Instances       Size
No positive cells found.
No positive cells found.
                   all        186       8357      0.599        0.5      0.488      0.268

      Epoch    GPU_mem   box_loss   cls_loss   dfl_loss  Instances       Size
No positive cells found.
No positive cells found.
                   all        186       8357      0.569        0.5      0.485      0.265

      Epoch    GPU_mem   box_loss   cls_loss   dfl_loss  Instances       Size
No positive cells found.
No positive cells found.
                   all        186       8357      0.603      0.503      0.496       0.27

      Epoch    GPU_mem   box_loss   cls_loss   dfl_loss  Instances       Size
No positive cells found.
No positive cells found.
                   all        186       8357      0.606      0.489      0.489      0.271

      Epoch    GPU_mem   box_loss   cls_loss   dfl_loss  Instances       Size
No positive cells found.
No positive cells found.
                   all        186       8357      0.629      0.496      0.501      0.277

      Epoch    GPU_mem   box_loss   cls_loss   dfl_loss  Instances       Size
No positive cells found.
No positive cells found.
                   all        186       8357      0.595      0.497      0.497      0.274

      Epoch    GPU_mem   box_loss   cls_loss   dfl_loss  Instances       Size
No positive cells found.
No positive cells found.
                   all        186       8357      0.619      0.484       0.49      0.272

      Epoch    GPU_mem   box_loss   cls_loss   dfl_loss  Instances       Size
No positive cells found.
No positive cells found.
                   all        186       8357      0.615      0.496      0.495      0.272

      Epoch    GPU_mem   box_loss   cls_loss   dfl_loss  Instances       Size
No positive cells found.
No positive cells found.
                   all        186       8357      0.605      0.499      0.501      0.281

      Epoch    GPU_mem   box_loss   cls_loss   dfl_loss  Instances       Size
No positive cells found.
No positive cells found.
                   all        186       8357      0.635      0.493      0.502       0.28

      Epoch    GPU_mem   box_loss   cls_loss   dfl_loss  Instances       Size
No positive cells found.
No positive cells found.
                   all        186       8357      0.613      0.493      0.497      0.276

      Epoch    GPU_mem   box_loss   cls_loss   dfl_loss  Instances       Size
No positive cells found.
No positive cells found.
                   all        186       8357      0.635      0.507       0.51      0.288

      Epoch    GPU_mem   box_loss   cls_loss   dfl_loss  Instances       Size
No positive cells found.
No positive cells found.
                   all        186       8357      0.637      0.507      0.512      0.286

      Epoch    GPU_mem   box_loss   cls_loss   dfl_loss  Instances       Size
No positive cells found.
No positive cells found.
                   all        186       8357      0.605      0.506      0.504      0.281

      Epoch    GPU_mem   box_loss   cls_loss   dfl_loss  Instances       Size
No positive cells found.
No positive cells found.
                   all        186       8357      0.627      0.496      0.504      0.283

      Epoch    GPU_mem   box_loss   cls_loss   dfl_loss  Instances       Size
No positive cells found.
No positive cells found.
                   all        186       8357      0.621        0.5      0.503      0.282

      Epoch    GPU_mem   box_loss   cls_loss   dfl_loss  Instances       Size
No positive cells found.
No positive cells found.
                   all        186       8357      0.624      0.511       0.51      0.292

      Epoch    GPU_mem   box_loss   cls_loss   dfl_loss  Instances       Size
No positive cells found.
No positive cells found.
                   all        186       8357      0.621       0.49      0.501       0.28

      Epoch    GPU_mem   box_loss   cls_loss   dfl_loss  Instances       Size
No positive cells found.
No positive cells found.
                   all        186       8357      0.629      0.497      0.504      0.282

      Epoch    GPU_mem   box_loss   cls_loss   dfl_loss  Instances       Size
No positive cells found.
No positive cells found.
                   all        186       8357      0.638      0.507      0.515      0.296

      Epoch    GPU_mem   box_loss   cls_loss   dfl_loss  Instances       Size
No positive cells found.
No positive cells found.
                   all        186       8357      0.637      0.507      0.513       0.29

      Epoch    GPU_mem   box_loss   cls_loss   dfl_loss  Instances       Size
No positive cells found.
No positive cells found.
                   all        186       8357      0.633      0.505      0.516      0.296
Closing dataloader mosaic

      Epoch    GPU_mem   box_loss   cls_loss   dfl_loss  Instances       Size
No positive cells found.
No positive cells found.
                   all        186       8357      0.629      0.509      0.513      0.294

      Epoch    GPU_mem   box_loss   cls_loss   dfl_loss  Instances       Size
No positive cells found.
No positive cells found.
                   all        186       8357      0.634       0.51      0.516        0.3

      Epoch    GPU_mem   box_loss   cls_loss   dfl_loss  Instances       Size
No positive cells found.
No positive cells found.
                   all        186       8357      0.632      0.512      0.516        0.3

      Epoch    GPU_mem   box_loss   cls_loss   dfl_loss  Instances       Size
No positive cells found.
No positive cells found.
                   all        186       8357       0.63      0.511      0.515        0.3

      Epoch    GPU_mem   box_loss   cls_loss   dfl_loss  Instances       Size
No positive cells found.
No positive cells found.
                   all        186       8357      0.638      0.508      0.516      0.298

      Epoch    GPU_mem   box_loss   cls_loss   dfl_loss  Instances       Size
No positive cells found.
No positive cells found.
                   all        186       8357      0.635      0.513      0.517      0.296

      Epoch    GPU_mem   box_loss   cls_loss   dfl_loss  Instances       Size
No positive cells found.
No positive cells found.
                   all        186       8357      0.642      0.511      0.517      0.293

      Epoch    GPU_mem   box_loss   cls_loss   dfl_loss  Instances       Size
No positive cells found.
No positive cells found.
                   all        186       8357      0.643      0.508      0.517      0.294

      Epoch    GPU_mem   box_loss   cls_loss   dfl_loss  Instances       Size
No positive cells found.
No positive cells found.
                   all        186       8357      0.646      0.506      0.517      0.296

      Epoch    GPU_mem   box_loss   cls_loss   dfl_loss  Instances       Size
No positive cells found.
No positive cells found.
                   all        186       8357      0.638      0.513      0.518      0.299

50 epochs completed in 0.290 hours.
Optimizer stripped from /home/ddwilde/scriptie/runs/dota_lora/stage1-lora/weights/last.pt, 19.3MB
Optimizer stripped from /home/ddwilde/scriptie/runs/dota_lora/stage1-lora/weights/best.pt, 19.3MB

Validating /home/ddwilde/scriptie/runs/dota_lora/stage1-lora/weights/best.pt...
EDNet 1.0 ✅ Python-3.10.4 ✅ torch-2.8.0+cu128 ✅CUDA:0 (NVIDIA A100-SXM4-40GB, 40441MiB)
Skipping layer fusion for LoRA-enabled model during weight loading.
                   all        186       8357      0.632      0.512      0.516        0.3
         small-vehicle         89       5547      0.607      0.398      0.402       0.21
         large-vehicle         73       2810      0.658      0.627       0.63       0.39
Speed: 0.1ms preprocess, 5.8ms inference, 0.0ms loss, 0.1ms postprocess per image
Results saved to [1m/home/ddwilde/scriptie/runs/dota_lora/stage1-lora[0m
Training finished. Results saved in: /home/ddwilde/scriptie/runs/dota_lora/stage1-lora
EDNet 1.0 ✅ Python-3.10.4 ✅ torch-2.8.0+cu128 ✅CUDA:0 (NVIDIA A100-SXM4-40GB, 40441MiB)
[34m[1mengine/trainer: [0mtask=detect, mode=train, model=/home/ddwilde/scriptie/runs/dota_lora/stage1-lora/weights/best.pt, data=/home/ddwilde/scriptie/yaml/DOTA-stage2.yaml, epochs=50, time=None, patience=100, batch=4, imgsz=640, save=True, save_period=-1, cache=False, device=None, workers=8, project=/home/ddwilde/scriptie/runs/dota_lora, name=stage2-lora, exist_ok=False, pretrained=True, optimizer=auto, verbose=True, seed=0, deterministic=True, single_cls=False, rect=False, cos_lr=False, close_mosaic=10, resume=False, amp=True, fraction=1.0, profile=False, freeze=[0, 1, 2, 3, 4, 5, 6, 7, 8, 9, 10, 11, 12, 13, 14, 15, 16, 17, 18, 19, 20, 21, 22, 23, 24, 25, 26, 27, 28], multi_scale=False, lora={'enable': True, 'feature_pyramid_indices': [19, 22, 25], 'include_detection_head': True}, continual={'enable': False, 'batches': [], 'adapter_strategy': 'last', 'save_history': True}, replay={'enable': False, 'tap_layers': {'P2': 19, 'P3': 22, 'P4': 25}, 'tiny_max_pixels': 128, 'context_scale': 1.5, 'buffer_per_class': 64, 'sample_per_batch': 16, 'loss_weight': 1.0, 'scale_weighting': 'stride', 'store_dir': 'replay', 'buffer_file': 'buffer.pt', 'init_buffer': None, 'carryover_growth': 1.5, 'memory_dir': None, 'memory_ratio': 0.25, 'prototypes': {'num_fine': 4, 'use_coarse': True, 'ema_alpha': 0.05, 'init_sim_thresh': 0.9, 'gate_min_cos': 0.0, 'init_strategy': 'first_k', 'weight_by_count': False}}, stage={'active_classes': None, 'prev_classes': None}, overlap_mask=True, mask_ratio=4, dropout=0.0, val=True, split=val, save_json=False, save_hybrid=False, conf=None, iou=0.7, max_det=300, half=False, dnn=False, plots=True, per_class_tb_interval=1, source=None, vid_stride=1, stream_buffer=False, visualize=False, augment=False, agnostic_nms=False, classes=None, retina_masks=False, embed=None, show=False, save_frames=False, save_txt=False, save_conf=False, save_crop=False, show_labels=True, show_conf=True, show_boxes=True, line_width=None, format=torchscript, keras=False, optimize=False, int8=False, dynamic=False, simplify=False, opset=None, workspace=4, nms=False, lr0=0.01, lrf=0.01, momentum=0.937, weight_decay=0.0005, warmup_epochs=3.0, warmup_momentum=0.8, warmup_bias_lr=0.1, box=7.5, cls=0.5, dfl=1.5, pose=12.0, kobj=1.0, label_smoothing=0.0, nbs=64, hsv_h=0.015, hsv_s=0.7, hsv_v=0.4, degrees=0.0, translate=0.1, scale=0.5, shear=0.0, perspective=0.0, flipud=0.0, fliplr=0.5, bgr=0.0, mosaic=1.0, mixup=0.0, copy_paste=0.0, auto_augment=randaugment, erasing=0.4, crop_fraction=1.0, cfg=None, tracker=botsort.yaml, save_dir=/home/ddwilde/scriptie/runs/dota_lora/stage2-lora
Overriding model.yaml nc=2 with nc=4

                   from  n    params  module                                       arguments                     
  0                  -1  1       928  ednet.nn.modules.conv.Conv                   [3, 32, 3, 2]                 
  1                  -1  1     18560  ednet.nn.modules.conv.Conv                   [32, 64, 3, 2]                
  2                  -1  1     29056  ednet.nn.modules.block.C2f                   [64, 64, 1, True]             
  3                  -1  1     73984  ednet.nn.modules.conv.Conv                   [64, 128, 3, 2]               
  4                  -1  2    197632  ednet.nn.modules.block.C2f                   [128, 128, 2, True]           
  5                  -1  1    295424  ednet.nn.modules.conv.Conv                   [128, 256, 3, 2]              
  6                  -1  2    420864  ednet.nn.modules.block.C2f_FCA               [256, 256, 2, True]           
  7                  -1  1   1180672  ednet.nn.modules.conv.Conv                   [256, 512, 3, 2]              
  8                  -1  1   1095680  ednet.nn.modules.block.C2f_FCA               [512, 512, 1, True]           
  9                  -1  1    656896  ednet.nn.modules.block.SPPF                  [512, 512, 5]                 
 10                  -1  1    990976  ednet.nn.modules.block.PSA                   [512, 512]                    
 11                  -1  1         0  torch.nn.modules.upsampling.Upsample         [None, 2, 'nearest']          
 12             [-1, 6]  1         0  ednet.nn.modules.conv.Concat                 [1]                           
 13                  -1  1    591360  ednet.nn.modules.block.C2f                   [768, 256, 1]                 
 14                  -1  1         0  torch.nn.modules.upsampling.Upsample         [None, 2, 'nearest']          
 15             [-1, 4]  1         0  ednet.nn.modules.conv.Concat                 [1]                           
 16                  -1  1    148224  ednet.nn.modules.block.C2f                   [384, 128, 1]                 
 17                  -1  1         0  torch.nn.modules.upsampling.Upsample         [None, 2, 'nearest']          
 18             [-1, 2]  1         0  ednet.nn.modules.conv.Concat                 [1]                           
 19                  -1  1     37248  ednet.nn.modules.block.C2f                   [192, 64, 1]                  
 20                  -1  1     36992  ednet.nn.modules.conv.Conv                   [64, 64, 3, 2]                
 21            [-1, 16]  1         0  ednet.nn.modules.conv.Concat                 [1]                           
 22                  -1  1    123648  ednet.nn.modules.block.C2f                   [192, 128, 1]                 
 23                  -1  1    147712  ednet.nn.modules.conv.Conv                   [128, 128, 3, 2]              
 24            [-1, 13]  1         0  ednet.nn.modules.conv.Concat                 [1]                           
 25                  -1  1    493056  ednet.nn.modules.block.C2f                   [384, 256, 1]                 
 26                  -1  1     68864  ednet.nn.modules.block.SCDown                [256, 256, 3, 2]              
 27             [-1, 9]  1         0  ednet.nn.modules.conv.Concat                 [1]                           
 28                  -1  1   1089536  ednet.nn.modules.block.C2fCIB                [768, 512, 1, True, True]     
 29    [19, 22, 25, 28]  1   1622704  ednet.nn.modules.head.v10Detect              [4, [64, 128, 256, 512]]      
ednet-s summary: 510 layers, 9,320,016 parameters, 9,320,000 gradients

Transferred 709/753 items from pretrained weights
LoRA enabled: 28 adapters (rank=8, alpha=16.0, 
LoRA adapter registry: 28 modules -> ['Conv.conv', 'Conv.conv', 'Conv.conv', 'Conv.conv', 'Conv.conv', 'Conv.conv', 'Conv.conv', 'Conv.conv', 'Conv.conv', 'Conv.conv', 'Conv.conv', 'Conv.conv', 'Conv.conv', 'Conv.conv', 'Conv.conv', 'Conv.conv', 'Conv.conv', 'Conv.conv', 'Conv.conv', 'Conv.conv', 'Conv.conv', 'Conv.conv', 'Conv.conv', 'Conv.conv', 'Conv.conv', 'Conv.conv', 'Conv.conv', 'Conv.conv']
Trainable params: 429 tensors (8595264 weights) example=[('model.0.conv.weight', 864), ('model.0.bn.weight', 32), ('model.0.bn.bias', 32), ('model.1.conv.weight', 18432), ('model.1.bn.weight', 64), ('model.1.bn.bias', 64), ('model.2.cv1.conv.weight', 4096), ('model.2.cv1.bn.weight', 64), ('model.2.cv1.bn.bias', 64), ('model.2.cv2.conv.weight', 6144), ('model.2.cv2.bn.weight', 64), ('model.2.cv2.bn.bias', 64), ('model.2.m.0.cv1.conv.weight', 9216), ('model.2.m.0.cv1.bn.weight', 32), ('model.2.m.0.cv1.bn.bias', 32), ('model.2.m.0.cv2.conv.weight', 9216), ('model.2.m.0.cv2.bn.weight', 32), ('model.2.m.0.cv2.bn.bias', 32), ('model.3.conv.weight', 73728), ('model.3.bn.weight', 128)]
[34m[1mTensorBoard: [0mStart with 'tensorboard --logdir /home/ddwilde/scriptie/runs/dota_lora/stage2-lora', view at http://localhost:6006/
Freezing layer 'model.0.conv.weight'
Freezing layer 'model.0.bn.weight'
Freezing layer 'model.0.bn.bias'
Freezing layer 'model.1.conv.weight'
Freezing layer 'model.1.bn.weight'
Freezing layer 'model.1.bn.bias'
Freezing layer 'model.2.cv1.conv.weight'
Freezing layer 'model.2.cv1.bn.weight'
Freezing layer 'model.2.cv1.bn.bias'
Freezing layer 'model.2.cv2.conv.weight'
Freezing layer 'model.2.cv2.bn.weight'
Freezing layer 'model.2.cv2.bn.bias'
Freezing layer 'model.2.m.0.cv1.conv.weight'
Freezing layer 'model.2.m.0.cv1.bn.weight'
Freezing layer 'model.2.m.0.cv1.bn.bias'
Freezing layer 'model.2.m.0.cv2.conv.weight'
Freezing layer 'model.2.m.0.cv2.bn.weight'
Freezing layer 'model.2.m.0.cv2.bn.bias'
Freezing layer 'model.3.conv.weight'
Freezing layer 'model.3.bn.weight'
Freezing layer 'model.3.bn.bias'
Freezing layer 'model.4.cv1.conv.weight'
Freezing layer 'model.4.cv1.bn.weight'
Freezing layer 'model.4.cv1.bn.bias'
Freezing layer 'model.4.cv2.conv.weight'
Freezing layer 'model.4.cv2.bn.weight'
Freezing layer 'model.4.cv2.bn.bias'
Freezing layer 'model.4.m.0.cv1.conv.weight'
Freezing layer 'model.4.m.0.cv1.bn.weight'
Freezing layer 'model.4.m.0.cv1.bn.bias'
Freezing layer 'model.4.m.0.cv2.conv.weight'
Freezing layer 'model.4.m.0.cv2.bn.weight'
Freezing layer 'model.4.m.0.cv2.bn.bias'
Freezing layer 'model.4.m.1.cv1.conv.weight'
Freezing layer 'model.4.m.1.cv1.bn.weight'
Freezing layer 'model.4.m.1.cv1.bn.bias'
Freezing layer 'model.4.m.1.cv2.conv.weight'
Freezing layer 'model.4.m.1.cv2.bn.weight'
Freezing layer 'model.4.m.1.cv2.bn.bias'
Freezing layer 'model.5.conv.weight'
Freezing layer 'model.5.bn.weight'
Freezing layer 'model.5.bn.bias'
Freezing layer 'model.6.cv1.conv.weight'
Freezing layer 'model.6.cv1.bn.weight'
Freezing layer 'model.6.cv1.bn.bias'
Freezing layer 'model.6.cv2.conv.weight'
Freezing layer 'model.6.cv2.bn.weight'
Freezing layer 'model.6.cv2.bn.bias'
Freezing layer 'model.6.m.0.mlp.0.conv.weight'
Freezing layer 'model.6.m.0.mlp.0.bn.weight'
Freezing layer 'model.6.m.0.mlp.0.bn.bias'
Freezing layer 'model.6.m.0.mlp.1.weight'
Freezing layer 'model.6.m.0.spatial_mixing.PConv3.weight'
Freezing layer 'model.6.m.0.attention.conv1.conv.weight'
Freezing layer 'model.6.m.0.attention.conv1.bn.weight'
Freezing layer 'model.6.m.0.attention.conv1.bn.bias'
Freezing layer 'model.6.m.0.attention.h_conv.conv.weight'
Freezing layer 'model.6.m.0.attention.h_conv.conv.bias'
Freezing layer 'model.6.m.0.attention.v_conv.conv.weight'
Freezing layer 'model.6.m.0.attention.v_conv.conv.bias'
Freezing layer 'model.6.m.0.attention.conv2.conv.weight'
Freezing layer 'model.6.m.0.attention.conv2.bn.weight'
Freezing layer 'model.6.m.0.attention.conv2.bn.bias'
Freezing layer 'model.6.m.1.mlp.0.conv.weight'
Freezing layer 'model.6.m.1.mlp.0.bn.weight'
Freezing layer 'model.6.m.1.mlp.0.bn.bias'
Freezing layer 'model.6.m.1.mlp.1.weight'
Freezing layer 'model.6.m.1.spatial_mixing.PConv3.weight'
Freezing layer 'model.6.m.1.attention.conv1.conv.weight'
Freezing layer 'model.6.m.1.attention.conv1.bn.weight'
Freezing layer 'model.6.m.1.attention.conv1.bn.bias'
Freezing layer 'model.6.m.1.attention.h_conv.conv.weight'
Freezing layer 'model.6.m.1.attention.h_conv.conv.bias'
Freezing layer 'model.6.m.1.attention.v_conv.conv.weight'
Freezing layer 'model.6.m.1.attention.v_conv.conv.bias'
Freezing layer 'model.6.m.1.attention.conv2.conv.weight'
Freezing layer 'model.6.m.1.attention.conv2.bn.weight'
Freezing layer 'model.6.m.1.attention.conv2.bn.bias'
Freezing layer 'model.7.conv.weight'
Freezing layer 'model.7.bn.weight'
Freezing layer 'model.7.bn.bias'
Freezing layer 'model.8.cv1.conv.weight'
Freezing layer 'model.8.cv1.bn.weight'
Freezing layer 'model.8.cv1.bn.bias'
Freezing layer 'model.8.cv2.conv.weight'
Freezing layer 'model.8.cv2.bn.weight'
Freezing layer 'model.8.cv2.bn.bias'
Freezing layer 'model.8.m.0.mlp.0.conv.weight'
Freezing layer 'model.8.m.0.mlp.0.bn.weight'
Freezing layer 'model.8.m.0.mlp.0.bn.bias'
Freezing layer 'model.8.m.0.mlp.1.weight'
Freezing layer 'model.8.m.0.spatial_mixing.PConv3.weight'
Freezing layer 'model.8.m.0.attention.conv1.conv.weight'
Freezing layer 'model.8.m.0.attention.conv1.bn.weight'
Freezing layer 'model.8.m.0.attention.conv1.bn.bias'
Freezing layer 'model.8.m.0.attention.h_conv.conv.weight'
Freezing layer 'model.8.m.0.attention.h_conv.conv.bias'
Freezing layer 'model.8.m.0.attention.v_conv.conv.weight'
Freezing layer 'model.8.m.0.attention.v_conv.conv.bias'
Freezing layer 'model.8.m.0.attention.conv2.conv.weight'
Freezing layer 'model.8.m.0.attention.conv2.bn.weight'
Freezing layer 'model.8.m.0.attention.conv2.bn.bias'
Freezing layer 'model.9.cv1.conv.weight'
Freezing layer 'model.9.cv1.bn.weight'
Freezing layer 'model.9.cv1.bn.bias'
Freezing layer 'model.9.cv2.conv.weight'
Freezing layer 'model.9.cv2.bn.weight'
Freezing layer 'model.9.cv2.bn.bias'
Freezing layer 'model.10.cv1.conv.weight'
Freezing layer 'model.10.cv1.bn.weight'
Freezing layer 'model.10.cv1.bn.bias'
Freezing layer 'model.10.cv2.conv.weight'
Freezing layer 'model.10.cv2.bn.weight'
Freezing layer 'model.10.cv2.bn.bias'
Freezing layer 'model.10.attn.qkv.conv.weight'
Freezing layer 'model.10.attn.qkv.bn.weight'
Freezing layer 'model.10.attn.qkv.bn.bias'
Freezing layer 'model.10.attn.proj.conv.weight'
Freezing layer 'model.10.attn.proj.bn.weight'
Freezing layer 'model.10.attn.proj.bn.bias'
Freezing layer 'model.10.attn.pe.conv.weight'
Freezing layer 'model.10.attn.pe.bn.weight'
Freezing layer 'model.10.attn.pe.bn.bias'
Freezing layer 'model.10.ffn.0.conv.weight'
Freezing layer 'model.10.ffn.0.bn.weight'
Freezing layer 'model.10.ffn.0.bn.bias'
Freezing layer 'model.10.ffn.1.conv.weight'
Freezing layer 'model.10.ffn.1.bn.weight'
Freezing layer 'model.10.ffn.1.bn.bias'
Freezing layer 'model.13.cv1.conv.weight'
Freezing layer 'model.13.cv1.bn.weight'
Freezing layer 'model.13.cv1.bn.bias'
Freezing layer 'model.13.cv2.conv.weight'
Freezing layer 'model.13.cv2.bn.weight'
Freezing layer 'model.13.cv2.bn.bias'
Freezing layer 'model.13.m.0.cv1.conv.weight'
Freezing layer 'model.13.m.0.cv1.bn.weight'
Freezing layer 'model.13.m.0.cv1.bn.bias'
Freezing layer 'model.13.m.0.cv2.conv.weight'
Freezing layer 'model.13.m.0.cv2.bn.weight'
Freezing layer 'model.13.m.0.cv2.bn.bias'
Freezing layer 'model.16.cv1.conv.weight'
Freezing layer 'model.16.cv1.bn.weight'
Freezing layer 'model.16.cv1.bn.bias'
Freezing layer 'model.16.cv2.conv.weight'
Freezing layer 'model.16.cv2.bn.weight'
Freezing layer 'model.16.cv2.bn.bias'
Freezing layer 'model.16.m.0.cv1.conv.weight'
Freezing layer 'model.16.m.0.cv1.bn.weight'
Freezing layer 'model.16.m.0.cv1.bn.bias'
Freezing layer 'model.16.m.0.cv2.conv.weight'
Freezing layer 'model.16.m.0.cv2.bn.weight'
Freezing layer 'model.16.m.0.cv2.bn.bias'
Freezing layer 'model.19.cv1.conv.base.weight'
Freezing layer 'model.19.cv1.bn.weight'
Freezing layer 'model.19.cv1.bn.bias'
Freezing layer 'model.19.cv2.conv.base.weight'
Freezing layer 'model.19.cv2.bn.weight'
Freezing layer 'model.19.cv2.bn.bias'
Freezing layer 'model.19.m.0.cv1.conv.base.weight'
Freezing layer 'model.19.m.0.cv1.bn.weight'
Freezing layer 'model.19.m.0.cv1.bn.bias'
Freezing layer 'model.19.m.0.cv2.conv.base.weight'
Freezing layer 'model.19.m.0.cv2.bn.weight'
Freezing layer 'model.19.m.0.cv2.bn.bias'
Freezing layer 'model.20.conv.weight'
Freezing layer 'model.20.bn.weight'
Freezing layer 'model.20.bn.bias'
Freezing layer 'model.22.cv1.conv.base.weight'
Freezing layer 'model.22.cv1.bn.weight'
Freezing layer 'model.22.cv1.bn.bias'
Freezing layer 'model.22.cv2.conv.base.weight'
Freezing layer 'model.22.cv2.bn.weight'
Freezing layer 'model.22.cv2.bn.bias'
Freezing layer 'model.22.m.0.cv1.conv.base.weight'
Freezing layer 'model.22.m.0.cv1.bn.weight'
Freezing layer 'model.22.m.0.cv1.bn.bias'
Freezing layer 'model.22.m.0.cv2.conv.base.weight'
Freezing layer 'model.22.m.0.cv2.bn.weight'
Freezing layer 'model.22.m.0.cv2.bn.bias'
Freezing layer 'model.23.conv.weight'
Freezing layer 'model.23.bn.weight'
Freezing layer 'model.23.bn.bias'
Freezing layer 'model.25.cv1.conv.base.weight'
Freezing layer 'model.25.cv1.bn.weight'
Freezing layer 'model.25.cv1.bn.bias'
Freezing layer 'model.25.cv2.conv.base.weight'
Freezing layer 'model.25.cv2.bn.weight'
Freezing layer 'model.25.cv2.bn.bias'
Freezing layer 'model.25.m.0.cv1.conv.base.weight'
Freezing layer 'model.25.m.0.cv1.bn.weight'
Freezing layer 'model.25.m.0.cv1.bn.bias'
Freezing layer 'model.25.m.0.cv2.conv.base.weight'
Freezing layer 'model.25.m.0.cv2.bn.weight'
Freezing layer 'model.25.m.0.cv2.bn.bias'
Freezing layer 'model.26.cv1.conv.weight'
Freezing layer 'model.26.cv1.bn.weight'
Freezing layer 'model.26.cv1.bn.bias'
Freezing layer 'model.26.cv2.conv.weight'
Freezing layer 'model.26.cv2.bn.weight'
Freezing layer 'model.26.cv2.bn.bias'
Freezing layer 'model.28.cv1.conv.weight'
Freezing layer 'model.28.cv1.bn.weight'
Freezing layer 'model.28.cv1.bn.bias'
Freezing layer 'model.28.cv2.conv.weight'
Freezing layer 'model.28.cv2.bn.weight'
Freezing layer 'model.28.cv2.bn.bias'
Freezing layer 'model.28.m.0.cv1.0.conv.weight'
Freezing layer 'model.28.m.0.cv1.0.bn.weight'
Freezing layer 'model.28.m.0.cv1.0.bn.bias'
Freezing layer 'model.28.m.0.cv1.1.conv.weight'
Freezing layer 'model.28.m.0.cv1.1.bn.weight'
Freezing layer 'model.28.m.0.cv1.1.bn.bias'
Freezing layer 'model.28.m.0.cv1.2.conv.conv.weight'
Freezing layer 'model.28.m.0.cv1.2.conv.bn.weight'
Freezing layer 'model.28.m.0.cv1.2.conv.bn.bias'
Freezing layer 'model.28.m.0.cv1.2.conv1.conv.weight'
Freezing layer 'model.28.m.0.cv1.2.conv1.bn.weight'
Freezing layer 'model.28.m.0.cv1.2.conv1.bn.bias'
Freezing layer 'model.28.m.0.cv1.3.conv.weight'
Freezing layer 'model.28.m.0.cv1.3.bn.weight'
Freezing layer 'model.28.m.0.cv1.3.bn.bias'
Freezing layer 'model.28.m.0.cv1.4.conv.weight'
Freezing layer 'model.28.m.0.cv1.4.bn.weight'
Freezing layer 'model.28.m.0.cv1.4.bn.bias'
Freezing layer 'model.29.dfl.conv.weight'
[34m[1mAMP: [0mrunning Automatic Mixed Precision (AMP) checks with YOLOv8n...
[34m[1mAMP: [0mchecks passed ✅
Plotting labels to /home/ddwilde/scriptie/runs/dota_lora/stage2-lora/labels.jpg... 
[34m[1moptimizer:[0m 'optimizer=auto' found, ignoring 'lr0=0.01' and 'momentum=0.937' and determining best 'optimizer', 'lr0' and 'momentum' automatically... 
[34m[1moptimizer:[0m AdamW(lr=0.00125, momentum=0.9) with parameter groups 48 weight(decay=0.0), 104 weight(decay=0.0005), 64 bias(decay=0.0)
Trainable params: 216 tensors (1549216 weights). Top trainable=[('model.29.cv2.3.0.conv.weight', 294912), ('model.29.one2one_cv2.3.0.conv.weight', 294912), ('model.29.cv2.2.0.conv.weight', 147456), ('model.29.one2one_cv2.2.0.conv.weight', 147456), ('model.29.cv2.1.0.conv.weight', 73728), ('model.29.one2one_cv2.1.0.conv.weight', 73728), ('model.29.cv2.0.0.conv.weight', 36864), ('model.29.cv2.0.1.conv.weight', 36864), ('model.29.cv2.1.1.conv.weight', 36864), ('model.29.cv2.2.1.conv.weight', 36864), ('model.29.cv2.3.1.conv.weight', 36864), ('model.29.one2one_cv2.0.0.conv.weight', 36864), ('model.29.one2one_cv2.0.1.conv.weight', 36864), ('model.29.one2one_cv2.1.1.conv.weight', 36864), ('model.29.one2one_cv2.2.1.conv.weight', 36864), ('model.29.one2one_cv2.3.1.conv.weight', 36864), ('model.25.m.0.cv1.conv.lora_A.weight', 9216), ('model.25.m.0.cv2.conv.lora_A.weight', 9216), ('model.22.m.0.cv1.conv.lora_A.weight', 4608), ('model.22.m.0.cv2.conv.lora_A.weight', 4608)]
Skipping fusion for LoRA-wrapped layer Conv
Skipping fusion for LoRA-wrapped layer Conv
Skipping fusion for LoRA-wrapped layer Conv
Skipping fusion for LoRA-wrapped layer Conv
Skipping fusion for LoRA-wrapped layer Conv
Skipping fusion for LoRA-wrapped layer Conv
Skipping fusion for LoRA-wrapped layer Conv
Skipping fusion for LoRA-wrapped layer Conv
Skipping fusion for LoRA-wrapped layer Conv
Skipping fusion for LoRA-wrapped layer Conv
Skipping fusion for LoRA-wrapped layer Conv
Skipping fusion for LoRA-wrapped layer Conv
Skipping fusion for LoRA-wrapped layer Conv
Skipping fusion for LoRA-wrapped layer Conv
Skipping fusion for LoRA-wrapped layer Conv
Skipping fusion for LoRA-wrapped layer Conv
Skipping fusion for LoRA-wrapped layer Conv
Skipping fusion for LoRA-wrapped layer Conv
Skipping fusion for LoRA-wrapped layer Conv
Skipping fusion for LoRA-wrapped layer Conv
Skipping fusion for LoRA-wrapped layer Conv
Skipping fusion for LoRA-wrapped layer Conv
Skipping fusion for LoRA-wrapped layer Conv
Skipping fusion for LoRA-wrapped layer Conv
Skipping fusion for LoRA-wrapped layer Conv
Skipping fusion for LoRA-wrapped layer Conv
Skipping fusion for LoRA-wrapped layer Conv
Skipping fusion for LoRA-wrapped layer Conv
[34m[1mTensorBoard: [0mmodel graph visualization added ✅
Image sizes 640 train, 640 val
Using 8 dataloader workers
Logging results to [1m/home/ddwilde/scriptie/runs/dota_lora/stage2-lora[0m
Starting training for 50 epochs...

      Epoch    GPU_mem   box_loss   cls_loss   dfl_loss  Instances       Size
No positive cells found.
No positive cells found.
                   all        186      10109   1.28e-05   4.51e-05   6.44e-06   1.29e-06

      Epoch    GPU_mem   box_loss   cls_loss   dfl_loss  Instances       Size
No positive cells found.
No positive cells found.
                   all        186      10109   1.28e-05   4.51e-05   6.44e-06   1.29e-06

      Epoch    GPU_mem   box_loss   cls_loss   dfl_loss  Instances       Size
No positive cells found.
No positive cells found.
                   all        186      10109    0.00097   0.000436   0.000487   0.000115

      Epoch    GPU_mem   box_loss   cls_loss   dfl_loss  Instances       Size
No positive cells found.
No positive cells found.
                   all        186      10109    0.00481     0.0134    0.00285   0.000903

      Epoch    GPU_mem   box_loss   cls_loss   dfl_loss  Instances       Size
No positive cells found.
No positive cells found.
                   all        186      10109    0.00272      0.031    0.00278   0.000807

      Epoch    GPU_mem   box_loss   cls_loss   dfl_loss  Instances       Size
No positive cells found.
No positive cells found.
                   all        186      10109      0.768     0.0109    0.00448    0.00142

      Epoch    GPU_mem   box_loss   cls_loss   dfl_loss  Instances       Size
No positive cells found.
No positive cells found.
                   all        186      10109      0.759     0.0285    0.00353    0.00134

      Epoch    GPU_mem   box_loss   cls_loss   dfl_loss  Instances       Size
No positive cells found.
No positive cells found.
                   all        186      10109      0.756     0.0484    0.00334    0.00136

      Epoch    GPU_mem   box_loss   cls_loss   dfl_loss  Instances       Size
No positive cells found.
No positive cells found.
                   all        186      10109      0.756     0.0538    0.00342     0.0014

      Epoch    GPU_mem   box_loss   cls_loss   dfl_loss  Instances       Size
No positive cells found.
No positive cells found.
                   all        186      10109      0.756     0.0606    0.00365     0.0015

      Epoch    GPU_mem   box_loss   cls_loss   dfl_loss  Instances       Size
No positive cells found.
No positive cells found.
                   all        186      10109      0.756     0.0749    0.00381    0.00158

      Epoch    GPU_mem   box_loss   cls_loss   dfl_loss  Instances       Size
No positive cells found.
No positive cells found.
                   all        186      10109      0.757     0.0583    0.00429    0.00176

      Epoch    GPU_mem   box_loss   cls_loss   dfl_loss  Instances       Size
No positive cells found.
No positive cells found.
                   all        186      10109       0.76     0.0394     0.0052    0.00211

      Epoch    GPU_mem   box_loss   cls_loss   dfl_loss  Instances       Size
No positive cells found.
No positive cells found.
                   all        186      10109      0.769     0.0211     0.0081    0.00315

      Epoch    GPU_mem   box_loss   cls_loss   dfl_loss  Instances       Size
No positive cells found.
No positive cells found.
                   all        186      10109      0.769      0.024     0.0093    0.00388

      Epoch    GPU_mem   box_loss   cls_loss   dfl_loss  Instances       Size
No positive cells found.
No positive cells found.
                   all        186      10109      0.768     0.0408    0.00931    0.00389

      Epoch    GPU_mem   box_loss   cls_loss   dfl_loss  Instances       Size
No positive cells found.
No positive cells found.
                   all        186      10109      0.769     0.0442    0.00964    0.00413

      Epoch    GPU_mem   box_loss   cls_loss   dfl_loss  Instances       Size
No positive cells found.
No positive cells found.
                   all        186      10109      0.772     0.0408     0.0109    0.00449

      Epoch    GPU_mem   box_loss   cls_loss   dfl_loss  Instances       Size
No positive cells found.
No positive cells found.
                   all        186      10109      0.776     0.0417     0.0135    0.00556

      Epoch    GPU_mem   box_loss   cls_loss   dfl_loss  Instances       Size
No positive cells found.
No positive cells found.
                   all        186      10109      0.786     0.0419     0.0185    0.00764

      Epoch    GPU_mem   box_loss   cls_loss   dfl_loss  Instances       Size
No positive cells found.
No positive cells found.
                   all        186      10109      0.788     0.0464     0.0212    0.00907

      Epoch    GPU_mem   box_loss   cls_loss   dfl_loss  Instances       Size
No positive cells found.
No positive cells found.
                   all        186      10109      0.788     0.0554     0.0241     0.0106

      Epoch    GPU_mem   box_loss   cls_loss   dfl_loss  Instances       Size
No positive cells found.
No positive cells found.
                   all        186      10109      0.791     0.0504     0.0257     0.0112

      Epoch    GPU_mem   box_loss   cls_loss   dfl_loss  Instances       Size
No positive cells found.
No positive cells found.
                   all        186      10109      0.546     0.0513      0.029     0.0124

      Epoch    GPU_mem   box_loss   cls_loss   dfl_loss  Instances       Size
No positive cells found.
No positive cells found.
                   all        186      10109      0.302     0.0541     0.0341     0.0147

      Epoch    GPU_mem   box_loss   cls_loss   dfl_loss  Instances       Size
No positive cells found.
No positive cells found.
                   all        186      10109      0.552     0.0549     0.0343     0.0146

      Epoch    GPU_mem   box_loss   cls_loss   dfl_loss  Instances       Size
No positive cells found.
No positive cells found.
                   all        186      10109      0.302     0.0573     0.0354     0.0152

      Epoch    GPU_mem   box_loss   cls_loss   dfl_loss  Instances       Size
No positive cells found.
No positive cells found.
                   all        186      10109      0.303     0.0624     0.0374     0.0164

      Epoch    GPU_mem   box_loss   cls_loss   dfl_loss  Instances       Size
No positive cells found.
No positive cells found.
                   all        186      10109        0.3     0.0584     0.0348     0.0145

      Epoch    GPU_mem   box_loss   cls_loss   dfl_loss  Instances       Size
No positive cells found.
No positive cells found.
                   all        186      10109      0.306     0.0638     0.0403     0.0169

      Epoch    GPU_mem   box_loss   cls_loss   dfl_loss  Instances       Size
No positive cells found.
No positive cells found.
                   all        186      10109      0.311     0.0648     0.0438     0.0191

      Epoch    GPU_mem   box_loss   cls_loss   dfl_loss  Instances       Size
No positive cells found.
No positive cells found.
                   all        186      10109      0.311     0.0673     0.0437     0.0194

      Epoch    GPU_mem   box_loss   cls_loss   dfl_loss  Instances       Size
No positive cells found.
No positive cells found.
                   all        186      10109      0.309     0.0651     0.0421     0.0188

      Epoch    GPU_mem   box_loss   cls_loss   dfl_loss  Instances       Size
No positive cells found.
No positive cells found.
                   all        186      10109      0.307     0.0656     0.0406     0.0176

      Epoch    GPU_mem   box_loss   cls_loss   dfl_loss  Instances       Size
No positive cells found.
No positive cells found.
                   all        186      10109      0.307     0.0675     0.0415     0.0178

      Epoch    GPU_mem   box_loss   cls_loss   dfl_loss  Instances       Size
No positive cells found.
No positive cells found.
                   all        186      10109      0.313     0.0674     0.0454     0.0201

      Epoch    GPU_mem   box_loss   cls_loss   dfl_loss  Instances       Size
No positive cells found.
No positive cells found.
                   all        186      10109      0.316     0.0717     0.0494     0.0214

      Epoch    GPU_mem   box_loss   cls_loss   dfl_loss  Instances       Size
No positive cells found.
No positive cells found.
                   all        186      10109      0.316     0.0722     0.0505     0.0218

      Epoch    GPU_mem   box_loss   cls_loss   dfl_loss  Instances       Size
No positive cells found.
No positive cells found.
                   all        186      10109      0.314     0.0722     0.0472     0.0208

      Epoch    GPU_mem   box_loss   cls_loss   dfl_loss  Instances       Size
No positive cells found.
No positive cells found.
                   all        186      10109      0.312       0.07     0.0452     0.0194
Closing dataloader mosaic

      Epoch    GPU_mem   box_loss   cls_loss   dfl_loss  Instances       Size
No positive cells found.
No positive cells found.
                   all        186      10109      0.311     0.0688     0.0433     0.0185

      Epoch    GPU_mem   box_loss   cls_loss   dfl_loss  Instances       Size
No positive cells found.
No positive cells found.
                   all        186      10109      0.312      0.069     0.0443     0.0187

      Epoch    GPU_mem   box_loss   cls_loss   dfl_loss  Instances       Size
No positive cells found.
No positive cells found.
                   all        186      10109      0.317     0.0686     0.0469     0.0202

      Epoch    GPU_mem   box_loss   cls_loss   dfl_loss  Instances       Size
No positive cells found.
No positive cells found.
                   all        186      10109      0.319     0.0706     0.0498     0.0218

      Epoch    GPU_mem   box_loss   cls_loss   dfl_loss  Instances       Size
No positive cells found.
No positive cells found.
                   all        186      10109       0.32     0.0712     0.0504     0.0226

      Epoch    GPU_mem   box_loss   cls_loss   dfl_loss  Instances       Size
No positive cells found.
No positive cells found.
                   all        186      10109       0.32     0.0717     0.0507     0.0231

      Epoch    GPU_mem   box_loss   cls_loss   dfl_loss  Instances       Size
No positive cells found.
No positive cells found.
                   all        186      10109       0.32     0.0705     0.0509     0.0234

      Epoch    GPU_mem   box_loss   cls_loss   dfl_loss  Instances       Size
No positive cells found.
No positive cells found.
                   all        186      10109      0.318     0.0712     0.0517     0.0236

      Epoch    GPU_mem   box_loss   cls_loss   dfl_loss  Instances       Size
No positive cells found.
No positive cells found.
                   all        186      10109      0.319     0.0711     0.0517     0.0235

      Epoch    GPU_mem   box_loss   cls_loss   dfl_loss  Instances       Size
No positive cells found.
No positive cells found.
                   all        186      10109       0.32     0.0719     0.0521     0.0237

50 epochs completed in 0.181 hours.
Optimizer stripped from /home/ddwilde/scriptie/runs/dota_lora/stage2-lora/weights/last.pt, 19.3MB
Optimizer stripped from /home/ddwilde/scriptie/runs/dota_lora/stage2-lora/weights/best.pt, 19.3MB

Validating /home/ddwilde/scriptie/runs/dota_lora/stage2-lora/weights/best.pt...
EDNet 1.0 ✅ Python-3.10.4 ✅ torch-2.8.0+cu128 ✅CUDA:0 (NVIDIA A100-SXM4-40GB, 40441MiB)
Skipping layer fusion for LoRA-enabled model during weight loading.
                   all        186      10109       0.32     0.0719     0.0521     0.0237
         small-vehicle         89       5547          0          0          0          0
         large-vehicle         73       2810          0          0          0          0
                 plane         45       1720      0.279      0.288      0.202     0.0907
            helicopter          5         32          1          0    0.00656    0.00407
Speed: 0.1ms preprocess, 4.0ms inference, 0.0ms loss, 0.1ms postprocess per image
Results saved to [1m/home/ddwilde/scriptie/runs/dota_lora/stage2-lora[0m
Training finished. Results saved in: /home/ddwilde/scriptie/runs/dota_lora/stage2-lora
EDNet 1.0 ✅ Python-3.10.4 ✅ torch-2.8.0+cu128 ✅CUDA:0 (NVIDIA A100-SXM4-40GB, 40441MiB)
[34m[1mengine/trainer: [0mtask=detect, mode=train, model=/home/ddwilde/scriptie/runs/dota_lora/stage2-lora/weights/best.pt, data=/home/ddwilde/scriptie/yaml/DOTA-stage3.yaml, epochs=50, time=None, patience=100, batch=4, imgsz=640, save=True, save_period=-1, cache=False, device=None, workers=8, project=/home/ddwilde/scriptie/runs/dota_lora, name=stage3-lora, exist_ok=False, pretrained=True, optimizer=auto, verbose=True, seed=0, deterministic=True, single_cls=False, rect=False, cos_lr=False, close_mosaic=10, resume=False, amp=True, fraction=1.0, profile=False, freeze=[0, 1, 2, 3, 4, 5, 6, 7, 8, 9, 10, 11, 12, 13, 14, 15, 16, 17, 18, 19, 20, 21, 22, 23, 24, 25, 26, 27, 28], multi_scale=False, lora={'enable': True, 'feature_pyramid_indices': [19, 22, 25], 'include_detection_head': True}, continual={'enable': False, 'batches': [], 'adapter_strategy': 'last', 'save_history': True}, replay={'enable': False, 'tap_layers': {'P2': 19, 'P3': 22, 'P4': 25}, 'tiny_max_pixels': 128, 'context_scale': 1.5, 'buffer_per_class': 64, 'sample_per_batch': 16, 'loss_weight': 1.0, 'scale_weighting': 'stride', 'store_dir': 'replay', 'buffer_file': 'buffer.pt', 'init_buffer': None, 'carryover_growth': 1.5, 'memory_dir': None, 'memory_ratio': 0.25, 'prototypes': {'num_fine': 4, 'use_coarse': True, 'ema_alpha': 0.05, 'init_sim_thresh': 0.9, 'gate_min_cos': 0.0, 'init_strategy': 'first_k', 'weight_by_count': False}}, stage={'active_classes': None, 'prev_classes': None}, overlap_mask=True, mask_ratio=4, dropout=0.0, val=True, split=val, save_json=False, save_hybrid=False, conf=None, iou=0.7, max_det=300, half=False, dnn=False, plots=True, per_class_tb_interval=1, source=None, vid_stride=1, stream_buffer=False, visualize=False, augment=False, agnostic_nms=False, classes=None, retina_masks=False, embed=None, show=False, save_frames=False, save_txt=False, save_conf=False, save_crop=False, show_labels=True, show_conf=True, show_boxes=True, line_width=None, format=torchscript, keras=False, optimize=False, int8=False, dynamic=False, simplify=False, opset=None, workspace=4, nms=False, lr0=0.01, lrf=0.01, momentum=0.937, weight_decay=0.0005, warmup_epochs=3.0, warmup_momentum=0.8, warmup_bias_lr=0.1, box=7.5, cls=0.5, dfl=1.5, pose=12.0, kobj=1.0, label_smoothing=0.0, nbs=64, hsv_h=0.015, hsv_s=0.7, hsv_v=0.4, degrees=0.0, translate=0.1, scale=0.5, shear=0.0, perspective=0.0, flipud=0.0, fliplr=0.5, bgr=0.0, mosaic=1.0, mixup=0.0, copy_paste=0.0, auto_augment=randaugment, erasing=0.4, crop_fraction=1.0, cfg=None, tracker=botsort.yaml, save_dir=/home/ddwilde/scriptie/runs/dota_lora/stage3-lora
Overriding model.yaml nc=4 with nc=5

                   from  n    params  module                                       arguments                     
  0                  -1  1       928  ednet.nn.modules.conv.Conv                   [3, 32, 3, 2]                 
  1                  -1  1     18560  ednet.nn.modules.conv.Conv                   [32, 64, 3, 2]                
  2                  -1  1     29056  ednet.nn.modules.block.C2f                   [64, 64, 1, True]             
  3                  -1  1     73984  ednet.nn.modules.conv.Conv                   [64, 128, 3, 2]               
  4                  -1  2    197632  ednet.nn.modules.block.C2f                   [128, 128, 2, True]           
  5                  -1  1    295424  ednet.nn.modules.conv.Conv                   [128, 256, 3, 2]              
  6                  -1  2    420864  ednet.nn.modules.block.C2f_FCA               [256, 256, 2, True]           
  7                  -1  1   1180672  ednet.nn.modules.conv.Conv                   [256, 512, 3, 2]              
  8                  -1  1   1095680  ednet.nn.modules.block.C2f_FCA               [512, 512, 1, True]           
  9                  -1  1    656896  ednet.nn.modules.block.SPPF                  [512, 512, 5]                 
 10                  -1  1    990976  ednet.nn.modules.block.PSA                   [512, 512]                    
 11                  -1  1         0  torch.nn.modules.upsampling.Upsample         [None, 2, 'nearest']          
 12             [-1, 6]  1         0  ednet.nn.modules.conv.Concat                 [1]                           
 13                  -1  1    591360  ednet.nn.modules.block.C2f                   [768, 256, 1]                 
 14                  -1  1         0  torch.nn.modules.upsampling.Upsample         [None, 2, 'nearest']          
 15             [-1, 4]  1         0  ednet.nn.modules.conv.Concat                 [1]                           
 16                  -1  1    148224  ednet.nn.modules.block.C2f                   [384, 128, 1]                 
 17                  -1  1         0  torch.nn.modules.upsampling.Upsample         [None, 2, 'nearest']          
 18             [-1, 2]  1         0  ednet.nn.modules.conv.Concat                 [1]                           
 19                  -1  1     37248  ednet.nn.modules.block.C2f                   [192, 64, 1]                  
 20                  -1  1     36992  ednet.nn.modules.conv.Conv                   [64, 64, 3, 2]                
 21            [-1, 16]  1         0  ednet.nn.modules.conv.Concat                 [1]                           
 22                  -1  1    123648  ednet.nn.modules.block.C2f                   [192, 128, 1]                 
 23                  -1  1    147712  ednet.nn.modules.conv.Conv                   [128, 128, 3, 2]              
 24            [-1, 13]  1         0  ednet.nn.modules.conv.Concat                 [1]                           
 25                  -1  1    493056  ednet.nn.modules.block.C2f                   [384, 256, 1]                 
 26                  -1  1     68864  ednet.nn.modules.block.SCDown                [256, 256, 3, 2]              
 27             [-1, 9]  1         0  ednet.nn.modules.conv.Concat                 [1]                           
 28                  -1  1   1089536  ednet.nn.modules.block.C2fCIB                [768, 512, 1, True, True]     
 29    [19, 22, 25, 28]  1   1623224  ednet.nn.modules.head.v10Detect              [5, [64, 128, 256, 512]]      
ednet-s summary: 510 layers, 9,320,536 parameters, 9,320,520 gradients

Transferred 709/753 items from pretrained weights
LoRA enabled: 28 adapters (rank=8, alpha=16.0, 
LoRA adapter registry: 28 modules -> ['Conv.conv', 'Conv.conv', 'Conv.conv', 'Conv.conv', 'Conv.conv', 'Conv.conv', 'Conv.conv', 'Conv.conv', 'Conv.conv', 'Conv.conv', 'Conv.conv', 'Conv.conv', 'Conv.conv', 'Conv.conv', 'Conv.conv', 'Conv.conv', 'Conv.conv', 'Conv.conv', 'Conv.conv', 'Conv.conv', 'Conv.conv', 'Conv.conv', 'Conv.conv', 'Conv.conv', 'Conv.conv', 'Conv.conv', 'Conv.conv', 'Conv.conv']
Trainable params: 429 tensors (8595784 weights) example=[('model.0.conv.weight', 864), ('model.0.bn.weight', 32), ('model.0.bn.bias', 32), ('model.1.conv.weight', 18432), ('model.1.bn.weight', 64), ('model.1.bn.bias', 64), ('model.2.cv1.conv.weight', 4096), ('model.2.cv1.bn.weight', 64), ('model.2.cv1.bn.bias', 64), ('model.2.cv2.conv.weight', 6144), ('model.2.cv2.bn.weight', 64), ('model.2.cv2.bn.bias', 64), ('model.2.m.0.cv1.conv.weight', 9216), ('model.2.m.0.cv1.bn.weight', 32), ('model.2.m.0.cv1.bn.bias', 32), ('model.2.m.0.cv2.conv.weight', 9216), ('model.2.m.0.cv2.bn.weight', 32), ('model.2.m.0.cv2.bn.bias', 32), ('model.3.conv.weight', 73728), ('model.3.bn.weight', 128)]
[34m[1mTensorBoard: [0mStart with 'tensorboard --logdir /home/ddwilde/scriptie/runs/dota_lora/stage3-lora', view at http://localhost:6006/
Freezing layer 'model.0.conv.weight'
Freezing layer 'model.0.bn.weight'
Freezing layer 'model.0.bn.bias'
Freezing layer 'model.1.conv.weight'
Freezing layer 'model.1.bn.weight'
Freezing layer 'model.1.bn.bias'
Freezing layer 'model.2.cv1.conv.weight'
Freezing layer 'model.2.cv1.bn.weight'
Freezing layer 'model.2.cv1.bn.bias'
Freezing layer 'model.2.cv2.conv.weight'
Freezing layer 'model.2.cv2.bn.weight'
Freezing layer 'model.2.cv2.bn.bias'
Freezing layer 'model.2.m.0.cv1.conv.weight'
Freezing layer 'model.2.m.0.cv1.bn.weight'
Freezing layer 'model.2.m.0.cv1.bn.bias'
Freezing layer 'model.2.m.0.cv2.conv.weight'
Freezing layer 'model.2.m.0.cv2.bn.weight'
Freezing layer 'model.2.m.0.cv2.bn.bias'
Freezing layer 'model.3.conv.weight'
Freezing layer 'model.3.bn.weight'
Freezing layer 'model.3.bn.bias'
Freezing layer 'model.4.cv1.conv.weight'
Freezing layer 'model.4.cv1.bn.weight'
Freezing layer 'model.4.cv1.bn.bias'
Freezing layer 'model.4.cv2.conv.weight'
Freezing layer 'model.4.cv2.bn.weight'
Freezing layer 'model.4.cv2.bn.bias'
Freezing layer 'model.4.m.0.cv1.conv.weight'
Freezing layer 'model.4.m.0.cv1.bn.weight'
Freezing layer 'model.4.m.0.cv1.bn.bias'
Freezing layer 'model.4.m.0.cv2.conv.weight'
Freezing layer 'model.4.m.0.cv2.bn.weight'
Freezing layer 'model.4.m.0.cv2.bn.bias'
Freezing layer 'model.4.m.1.cv1.conv.weight'
Freezing layer 'model.4.m.1.cv1.bn.weight'
Freezing layer 'model.4.m.1.cv1.bn.bias'
Freezing layer 'model.4.m.1.cv2.conv.weight'
Freezing layer 'model.4.m.1.cv2.bn.weight'
Freezing layer 'model.4.m.1.cv2.bn.bias'
Freezing layer 'model.5.conv.weight'
Freezing layer 'model.5.bn.weight'
Freezing layer 'model.5.bn.bias'
Freezing layer 'model.6.cv1.conv.weight'
Freezing layer 'model.6.cv1.bn.weight'
Freezing layer 'model.6.cv1.bn.bias'
Freezing layer 'model.6.cv2.conv.weight'
Freezing layer 'model.6.cv2.bn.weight'
Freezing layer 'model.6.cv2.bn.bias'
Freezing layer 'model.6.m.0.mlp.0.conv.weight'
Freezing layer 'model.6.m.0.mlp.0.bn.weight'
Freezing layer 'model.6.m.0.mlp.0.bn.bias'
Freezing layer 'model.6.m.0.mlp.1.weight'
Freezing layer 'model.6.m.0.spatial_mixing.PConv3.weight'
Freezing layer 'model.6.m.0.attention.conv1.conv.weight'
Freezing layer 'model.6.m.0.attention.conv1.bn.weight'
Freezing layer 'model.6.m.0.attention.conv1.bn.bias'
Freezing layer 'model.6.m.0.attention.h_conv.conv.weight'
Freezing layer 'model.6.m.0.attention.h_conv.conv.bias'
Freezing layer 'model.6.m.0.attention.v_conv.conv.weight'
Freezing layer 'model.6.m.0.attention.v_conv.conv.bias'
Freezing layer 'model.6.m.0.attention.conv2.conv.weight'
Freezing layer 'model.6.m.0.attention.conv2.bn.weight'
Freezing layer 'model.6.m.0.attention.conv2.bn.bias'
Freezing layer 'model.6.m.1.mlp.0.conv.weight'
Freezing layer 'model.6.m.1.mlp.0.bn.weight'
Freezing layer 'model.6.m.1.mlp.0.bn.bias'
Freezing layer 'model.6.m.1.mlp.1.weight'
Freezing layer 'model.6.m.1.spatial_mixing.PConv3.weight'
Freezing layer 'model.6.m.1.attention.conv1.conv.weight'
Freezing layer 'model.6.m.1.attention.conv1.bn.weight'
Freezing layer 'model.6.m.1.attention.conv1.bn.bias'
Freezing layer 'model.6.m.1.attention.h_conv.conv.weight'
Freezing layer 'model.6.m.1.attention.h_conv.conv.bias'
Freezing layer 'model.6.m.1.attention.v_conv.conv.weight'
Freezing layer 'model.6.m.1.attention.v_conv.conv.bias'
Freezing layer 'model.6.m.1.attention.conv2.conv.weight'
Freezing layer 'model.6.m.1.attention.conv2.bn.weight'
Freezing layer 'model.6.m.1.attention.conv2.bn.bias'
Freezing layer 'model.7.conv.weight'
Freezing layer 'model.7.bn.weight'
Freezing layer 'model.7.bn.bias'
Freezing layer 'model.8.cv1.conv.weight'
Freezing layer 'model.8.cv1.bn.weight'
Freezing layer 'model.8.cv1.bn.bias'
Freezing layer 'model.8.cv2.conv.weight'
Freezing layer 'model.8.cv2.bn.weight'
Freezing layer 'model.8.cv2.bn.bias'
Freezing layer 'model.8.m.0.mlp.0.conv.weight'
Freezing layer 'model.8.m.0.mlp.0.bn.weight'
Freezing layer 'model.8.m.0.mlp.0.bn.bias'
Freezing layer 'model.8.m.0.mlp.1.weight'
Freezing layer 'model.8.m.0.spatial_mixing.PConv3.weight'
Freezing layer 'model.8.m.0.attention.conv1.conv.weight'
Freezing layer 'model.8.m.0.attention.conv1.bn.weight'
Freezing layer 'model.8.m.0.attention.conv1.bn.bias'
Freezing layer 'model.8.m.0.attention.h_conv.conv.weight'
Freezing layer 'model.8.m.0.attention.h_conv.conv.bias'
Freezing layer 'model.8.m.0.attention.v_conv.conv.weight'
Freezing layer 'model.8.m.0.attention.v_conv.conv.bias'
Freezing layer 'model.8.m.0.attention.conv2.conv.weight'
Freezing layer 'model.8.m.0.attention.conv2.bn.weight'
Freezing layer 'model.8.m.0.attention.conv2.bn.bias'
Freezing layer 'model.9.cv1.conv.weight'
Freezing layer 'model.9.cv1.bn.weight'
Freezing layer 'model.9.cv1.bn.bias'
Freezing layer 'model.9.cv2.conv.weight'
Freezing layer 'model.9.cv2.bn.weight'
Freezing layer 'model.9.cv2.bn.bias'
Freezing layer 'model.10.cv1.conv.weight'
Freezing layer 'model.10.cv1.bn.weight'
Freezing layer 'model.10.cv1.bn.bias'
Freezing layer 'model.10.cv2.conv.weight'
Freezing layer 'model.10.cv2.bn.weight'
Freezing layer 'model.10.cv2.bn.bias'
Freezing layer 'model.10.attn.qkv.conv.weight'
Freezing layer 'model.10.attn.qkv.bn.weight'
Freezing layer 'model.10.attn.qkv.bn.bias'
Freezing layer 'model.10.attn.proj.conv.weight'
Freezing layer 'model.10.attn.proj.bn.weight'
Freezing layer 'model.10.attn.proj.bn.bias'
Freezing layer 'model.10.attn.pe.conv.weight'
Freezing layer 'model.10.attn.pe.bn.weight'
Freezing layer 'model.10.attn.pe.bn.bias'
Freezing layer 'model.10.ffn.0.conv.weight'
Freezing layer 'model.10.ffn.0.bn.weight'
Freezing layer 'model.10.ffn.0.bn.bias'
Freezing layer 'model.10.ffn.1.conv.weight'
Freezing layer 'model.10.ffn.1.bn.weight'
Freezing layer 'model.10.ffn.1.bn.bias'
Freezing layer 'model.13.cv1.conv.weight'
Freezing layer 'model.13.cv1.bn.weight'
Freezing layer 'model.13.cv1.bn.bias'
Freezing layer 'model.13.cv2.conv.weight'
Freezing layer 'model.13.cv2.bn.weight'
Freezing layer 'model.13.cv2.bn.bias'
Freezing layer 'model.13.m.0.cv1.conv.weight'
Freezing layer 'model.13.m.0.cv1.bn.weight'
Freezing layer 'model.13.m.0.cv1.bn.bias'
Freezing layer 'model.13.m.0.cv2.conv.weight'
Freezing layer 'model.13.m.0.cv2.bn.weight'
Freezing layer 'model.13.m.0.cv2.bn.bias'
Freezing layer 'model.16.cv1.conv.weight'
Freezing layer 'model.16.cv1.bn.weight'
Freezing layer 'model.16.cv1.bn.bias'
Freezing layer 'model.16.cv2.conv.weight'
Freezing layer 'model.16.cv2.bn.weight'
Freezing layer 'model.16.cv2.bn.bias'
Freezing layer 'model.16.m.0.cv1.conv.weight'
Freezing layer 'model.16.m.0.cv1.bn.weight'
Freezing layer 'model.16.m.0.cv1.bn.bias'
Freezing layer 'model.16.m.0.cv2.conv.weight'
Freezing layer 'model.16.m.0.cv2.bn.weight'
Freezing layer 'model.16.m.0.cv2.bn.bias'
Freezing layer 'model.19.cv1.conv.base.weight'
Freezing layer 'model.19.cv1.bn.weight'
Freezing layer 'model.19.cv1.bn.bias'
Freezing layer 'model.19.cv2.conv.base.weight'
Freezing layer 'model.19.cv2.bn.weight'
Freezing layer 'model.19.cv2.bn.bias'
Freezing layer 'model.19.m.0.cv1.conv.base.weight'
Freezing layer 'model.19.m.0.cv1.bn.weight'
Freezing layer 'model.19.m.0.cv1.bn.bias'
Freezing layer 'model.19.m.0.cv2.conv.base.weight'
Freezing layer 'model.19.m.0.cv2.bn.weight'
Freezing layer 'model.19.m.0.cv2.bn.bias'
Freezing layer 'model.20.conv.weight'
Freezing layer 'model.20.bn.weight'
Freezing layer 'model.20.bn.bias'
Freezing layer 'model.22.cv1.conv.base.weight'
Freezing layer 'model.22.cv1.bn.weight'
Freezing layer 'model.22.cv1.bn.bias'
Freezing layer 'model.22.cv2.conv.base.weight'
Freezing layer 'model.22.cv2.bn.weight'
Freezing layer 'model.22.cv2.bn.bias'
Freezing layer 'model.22.m.0.cv1.conv.base.weight'
Freezing layer 'model.22.m.0.cv1.bn.weight'
Freezing layer 'model.22.m.0.cv1.bn.bias'
Freezing layer 'model.22.m.0.cv2.conv.base.weight'
Freezing layer 'model.22.m.0.cv2.bn.weight'
Freezing layer 'model.22.m.0.cv2.bn.bias'
Freezing layer 'model.23.conv.weight'
Freezing layer 'model.23.bn.weight'
Freezing layer 'model.23.bn.bias'
Freezing layer 'model.25.cv1.conv.base.weight'
Freezing layer 'model.25.cv1.bn.weight'
Freezing layer 'model.25.cv1.bn.bias'
Freezing layer 'model.25.cv2.conv.base.weight'
Freezing layer 'model.25.cv2.bn.weight'
Freezing layer 'model.25.cv2.bn.bias'
Freezing layer 'model.25.m.0.cv1.conv.base.weight'
Freezing layer 'model.25.m.0.cv1.bn.weight'
Freezing layer 'model.25.m.0.cv1.bn.bias'
Freezing layer 'model.25.m.0.cv2.conv.base.weight'
Freezing layer 'model.25.m.0.cv2.bn.weight'
Freezing layer 'model.25.m.0.cv2.bn.bias'
Freezing layer 'model.26.cv1.conv.weight'
Freezing layer 'model.26.cv1.bn.weight'
Freezing layer 'model.26.cv1.bn.bias'
Freezing layer 'model.26.cv2.conv.weight'
Freezing layer 'model.26.cv2.bn.weight'
Freezing layer 'model.26.cv2.bn.bias'
Freezing layer 'model.28.cv1.conv.weight'
Freezing layer 'model.28.cv1.bn.weight'
Freezing layer 'model.28.cv1.bn.bias'
Freezing layer 'model.28.cv2.conv.weight'
Freezing layer 'model.28.cv2.bn.weight'
Freezing layer 'model.28.cv2.bn.bias'
Freezing layer 'model.28.m.0.cv1.0.conv.weight'
Freezing layer 'model.28.m.0.cv1.0.bn.weight'
Freezing layer 'model.28.m.0.cv1.0.bn.bias'
Freezing layer 'model.28.m.0.cv1.1.conv.weight'
Freezing layer 'model.28.m.0.cv1.1.bn.weight'
Freezing layer 'model.28.m.0.cv1.1.bn.bias'
Freezing layer 'model.28.m.0.cv1.2.conv.conv.weight'
Freezing layer 'model.28.m.0.cv1.2.conv.bn.weight'
Freezing layer 'model.28.m.0.cv1.2.conv.bn.bias'
Freezing layer 'model.28.m.0.cv1.2.conv1.conv.weight'
Freezing layer 'model.28.m.0.cv1.2.conv1.bn.weight'
Freezing layer 'model.28.m.0.cv1.2.conv1.bn.bias'
Freezing layer 'model.28.m.0.cv1.3.conv.weight'
Freezing layer 'model.28.m.0.cv1.3.bn.weight'
Freezing layer 'model.28.m.0.cv1.3.bn.bias'
Freezing layer 'model.28.m.0.cv1.4.conv.weight'
Freezing layer 'model.28.m.0.cv1.4.bn.weight'
Freezing layer 'model.28.m.0.cv1.4.bn.bias'
Freezing layer 'model.29.dfl.conv.weight'
[34m[1mAMP: [0mrunning Automatic Mixed Precision (AMP) checks with YOLOv8n...
[34m[1mAMP: [0mchecks passed ✅
Plotting labels to /home/ddwilde/scriptie/runs/dota_lora/stage3-lora/labels.jpg... 
[34m[1moptimizer:[0m 'optimizer=auto' found, ignoring 'lr0=0.01' and 'momentum=0.937' and determining best 'optimizer', 'lr0' and 'momentum' automatically... 
[34m[1moptimizer:[0m AdamW(lr=0.001111, momentum=0.9) with parameter groups 48 weight(decay=0.0), 104 weight(decay=0.0005), 64 bias(decay=0.0)
Trainable params: 216 tensors (1549736 weights). Top trainable=[('model.29.cv2.3.0.conv.weight', 294912), ('model.29.one2one_cv2.3.0.conv.weight', 294912), ('model.29.cv2.2.0.conv.weight', 147456), ('model.29.one2one_cv2.2.0.conv.weight', 147456), ('model.29.cv2.1.0.conv.weight', 73728), ('model.29.one2one_cv2.1.0.conv.weight', 73728), ('model.29.cv2.0.0.conv.weight', 36864), ('model.29.cv2.0.1.conv.weight', 36864), ('model.29.cv2.1.1.conv.weight', 36864), ('model.29.cv2.2.1.conv.weight', 36864), ('model.29.cv2.3.1.conv.weight', 36864), ('model.29.one2one_cv2.0.0.conv.weight', 36864), ('model.29.one2one_cv2.0.1.conv.weight', 36864), ('model.29.one2one_cv2.1.1.conv.weight', 36864), ('model.29.one2one_cv2.2.1.conv.weight', 36864), ('model.29.one2one_cv2.3.1.conv.weight', 36864), ('model.25.m.0.cv1.conv.lora_A.weight', 9216), ('model.25.m.0.cv2.conv.lora_A.weight', 9216), ('model.22.m.0.cv1.conv.lora_A.weight', 4608), ('model.22.m.0.cv2.conv.lora_A.weight', 4608)]
Skipping fusion for LoRA-wrapped layer Conv
Skipping fusion for LoRA-wrapped layer Conv
Skipping fusion for LoRA-wrapped layer Conv
Skipping fusion for LoRA-wrapped layer Conv
Skipping fusion for LoRA-wrapped layer Conv
Skipping fusion for LoRA-wrapped layer Conv
Skipping fusion for LoRA-wrapped layer Conv
Skipping fusion for LoRA-wrapped layer Conv
Skipping fusion for LoRA-wrapped layer Conv
Skipping fusion for LoRA-wrapped layer Conv
Skipping fusion for LoRA-wrapped layer Conv
Skipping fusion for LoRA-wrapped layer Conv
Skipping fusion for LoRA-wrapped layer Conv
Skipping fusion for LoRA-wrapped layer Conv
Skipping fusion for LoRA-wrapped layer Conv
Skipping fusion for LoRA-wrapped layer Conv
Skipping fusion for LoRA-wrapped layer Conv
Skipping fusion for LoRA-wrapped layer Conv
Skipping fusion for LoRA-wrapped layer Conv
Skipping fusion for LoRA-wrapped layer Conv
Skipping fusion for LoRA-wrapped layer Conv
Skipping fusion for LoRA-wrapped layer Conv
Skipping fusion for LoRA-wrapped layer Conv
Skipping fusion for LoRA-wrapped layer Conv
Skipping fusion for LoRA-wrapped layer Conv
Skipping fusion for LoRA-wrapped layer Conv
Skipping fusion for LoRA-wrapped layer Conv
Skipping fusion for LoRA-wrapped layer Conv
[34m[1mTensorBoard: [0mmodel graph visualization added ✅
Image sizes 640 train, 640 val
Using 8 dataloader workers
Logging results to [1m/home/ddwilde/scriptie/runs/dota_lora/stage3-lora[0m
Starting training for 50 epochs...

      Epoch    GPU_mem   box_loss   cls_loss   dfl_loss  Instances       Size
                   all        186      15849   0.000381    0.00247   0.000997   0.000294

      Epoch    GPU_mem   box_loss   cls_loss   dfl_loss  Instances       Size
                   all        186      15849   0.000649    0.00334   0.000504   0.000155

      Epoch    GPU_mem   box_loss   cls_loss   dfl_loss  Instances       Size
                   all        186      15849    0.00428      0.025    0.00279   0.000831

      Epoch    GPU_mem   box_loss   cls_loss   dfl_loss  Instances       Size
                   all        186      15849       0.81     0.0196    0.00381    0.00112

      Epoch    GPU_mem   box_loss   cls_loss   dfl_loss  Instances       Size
                   all        186      15849      0.814     0.0214    0.00479    0.00139

      Epoch    GPU_mem   box_loss   cls_loss   dfl_loss  Instances       Size
                   all        186      15849      0.818     0.0226     0.0061    0.00155

      Epoch    GPU_mem   box_loss   cls_loss   dfl_loss  Instances       Size
                   all        186      15849      0.821     0.0253    0.00688    0.00178

      Epoch    GPU_mem   box_loss   cls_loss   dfl_loss  Instances       Size
                   all        186      15849      0.825     0.0243    0.00798    0.00212

      Epoch    GPU_mem   box_loss   cls_loss   dfl_loss  Instances       Size
                   all        186      15849      0.824     0.0281    0.00819    0.00227

      Epoch    GPU_mem   box_loss   cls_loss   dfl_loss  Instances       Size
                   all        186      15849      0.826     0.0323    0.00923    0.00266

      Epoch    GPU_mem   box_loss   cls_loss   dfl_loss  Instances       Size
                   all        186      15849      0.831     0.0326     0.0111    0.00317

      Epoch    GPU_mem   box_loss   cls_loss   dfl_loss  Instances       Size
                   all        186      15849      0.836     0.0324     0.0119    0.00345

      Epoch    GPU_mem   box_loss   cls_loss   dfl_loss  Instances       Size
                   all        186      15849      0.839     0.0346     0.0137    0.00413

      Epoch    GPU_mem   box_loss   cls_loss   dfl_loss  Instances       Size
                   all        186      15849      0.839     0.0354     0.0138    0.00388

      Epoch    GPU_mem   box_loss   cls_loss   dfl_loss  Instances       Size
                   all        186      15849      0.845     0.0375     0.0159    0.00444

      Epoch    GPU_mem   box_loss   cls_loss   dfl_loss  Instances       Size
                   all        186      15849      0.851     0.0403     0.0196    0.00572

      Epoch    GPU_mem   box_loss   cls_loss   dfl_loss  Instances       Size
                   all        186      15849      0.841      0.037     0.0159     0.0045

      Epoch    GPU_mem   box_loss   cls_loss   dfl_loss  Instances       Size
                   all        186      15849      0.848     0.0407     0.0204    0.00604

      Epoch    GPU_mem   box_loss   cls_loss   dfl_loss  Instances       Size
                   all        186      15849      0.851     0.0414     0.0209    0.00621

      Epoch    GPU_mem   box_loss   cls_loss   dfl_loss  Instances       Size
                   all        186      15849      0.853     0.0393      0.021    0.00599

      Epoch    GPU_mem   box_loss   cls_loss   dfl_loss  Instances       Size
                   all        186      15849      0.656     0.0415     0.0238    0.00708

      Epoch    GPU_mem   box_loss   cls_loss   dfl_loss  Instances       Size
                   all        186      15849      0.652     0.0394     0.0217    0.00671

      Epoch    GPU_mem   box_loss   cls_loss   dfl_loss  Instances       Size
                   all        186      15849      0.447     0.0415     0.0214    0.00658

      Epoch    GPU_mem   box_loss   cls_loss   dfl_loss  Instances       Size
                   all        186      15849      0.453      0.044     0.0244    0.00779

      Epoch    GPU_mem   box_loss   cls_loss   dfl_loss  Instances       Size
                   all        186      15849      0.654     0.0452     0.0245    0.00756

      Epoch    GPU_mem   box_loss   cls_loss   dfl_loss  Instances       Size
                   all        186      15849      0.454     0.0433     0.0232    0.00696

      Epoch    GPU_mem   box_loss   cls_loss   dfl_loss  Instances       Size
                   all        186      15849      0.457     0.0466     0.0259     0.0081

      Epoch    GPU_mem   box_loss   cls_loss   dfl_loss  Instances       Size
                   all        186      15849      0.454     0.0439     0.0237    0.00736

      Epoch    GPU_mem   box_loss   cls_loss   dfl_loss  Instances       Size
                   all        186      15849      0.459      0.046     0.0264    0.00842

      Epoch    GPU_mem   box_loss   cls_loss   dfl_loss  Instances       Size
                   all        186      15849      0.456     0.0445     0.0246    0.00745

      Epoch    GPU_mem   box_loss   cls_loss   dfl_loss  Instances       Size
                   all        186      15849      0.458     0.0459     0.0268    0.00849

      Epoch    GPU_mem   box_loss   cls_loss   dfl_loss  Instances       Size
                   all        186      15849      0.259     0.0469     0.0272    0.00865

      Epoch    GPU_mem   box_loss   cls_loss   dfl_loss  Instances       Size
                   all        186      15849      0.258     0.0483     0.0278    0.00875

      Epoch    GPU_mem   box_loss   cls_loss   dfl_loss  Instances       Size
                   all        186      15849      0.261     0.0502     0.0296    0.00957

      Epoch    GPU_mem   box_loss   cls_loss   dfl_loss  Instances       Size
                   all        186      15849      0.459     0.0467     0.0267    0.00818

      Epoch    GPU_mem   box_loss   cls_loss   dfl_loss  Instances       Size
                   all        186      15849      0.259     0.0468     0.0273    0.00818

      Epoch    GPU_mem   box_loss   cls_loss   dfl_loss  Instances       Size
                   all        186      15849      0.262     0.0475     0.0291    0.00941

      Epoch    GPU_mem   box_loss   cls_loss   dfl_loss  Instances       Size
                   all        186      15849      0.263     0.0482     0.0297    0.00972

      Epoch    GPU_mem   box_loss   cls_loss   dfl_loss  Instances       Size
                   all        186      15849       0.26     0.0462     0.0272    0.00862

      Epoch    GPU_mem   box_loss   cls_loss   dfl_loss  Instances       Size
                   all        186      15849      0.258     0.0462     0.0265     0.0082
Closing dataloader mosaic

      Epoch    GPU_mem   box_loss   cls_loss   dfl_loss  Instances       Size
                   all        186      15849      0.257     0.0446     0.0254    0.00772

      Epoch    GPU_mem   box_loss   cls_loss   dfl_loss  Instances       Size
                   all        186      15849       0.26     0.0473     0.0279    0.00889

      Epoch    GPU_mem   box_loss   cls_loss   dfl_loss  Instances       Size
                   all        186      15849      0.263     0.0491     0.0296    0.00955

      Epoch    GPU_mem   box_loss   cls_loss   dfl_loss  Instances       Size
                   all        186      15849      0.263       0.05     0.0299    0.00998

      Epoch    GPU_mem   box_loss   cls_loss   dfl_loss  Instances       Size
                   all        186      15849      0.262     0.0509     0.0299       0.01

      Epoch    GPU_mem   box_loss   cls_loss   dfl_loss  Instances       Size
                   all        186      15849      0.261      0.051     0.0295    0.00975

      Epoch    GPU_mem   box_loss   cls_loss   dfl_loss  Instances       Size
                   all        186      15849      0.261     0.0508     0.0289    0.00953

      Epoch    GPU_mem   box_loss   cls_loss   dfl_loss  Instances       Size
                   all        186      15849      0.261     0.0511     0.0294    0.00969

      Epoch    GPU_mem   box_loss   cls_loss   dfl_loss  Instances       Size
                   all        186      15849      0.261     0.0513     0.0294    0.00968

      Epoch    GPU_mem   box_loss   cls_loss   dfl_loss  Instances       Size
                   all        186      15849      0.262     0.0513     0.0297    0.00985

50 epochs completed in 0.211 hours.
Optimizer stripped from /home/ddwilde/scriptie/runs/dota_lora/stage3-lora/weights/last.pt, 19.3MB
Optimizer stripped from /home/ddwilde/scriptie/runs/dota_lora/stage3-lora/weights/best.pt, 19.3MB

Validating /home/ddwilde/scriptie/runs/dota_lora/stage3-lora/weights/best.pt...
EDNet 1.0 ✅ Python-3.10.4 ✅ torch-2.8.0+cu128 ✅CUDA:0 (NVIDIA A100-SXM4-40GB, 40441MiB)
Skipping layer fusion for LoRA-enabled model during weight loading.
                   all        186      15849      0.262     0.0509     0.0299       0.01
         small-vehicle         89       5547          0          0          0          0
         large-vehicle         73       2810          1          0          0          0
                 plane         45       1720          0          0          0          0
            helicopter          5         32          0          0          0          0
                  ship         65       5740      0.311      0.255       0.15     0.0502
Speed: 0.1ms preprocess, 5.3ms inference, 0.0ms loss, 0.2ms postprocess per image
Results saved to [1m/home/ddwilde/scriptie/runs/dota_lora/stage3-lora[0m
Training finished. Results saved in: /home/ddwilde/scriptie/runs/dota_lora/stage3-lora
