EDNet 1.0 ✅ Python-3.10.4 ✅ torch-2.8.0+cu128 ✅CUDA:0 (NVIDIA A100-SXM4-40GB, 40441MiB)
[34m[1mengine/trainer: [0mtask=detect, mode=train, model=/home/ddwilde/scriptie/runs/dota_lower/stage1-lower/weights/best.pt, data=/home/ddwilde/scriptie/yaml/DOTA-stage2.yaml, epochs=50, time=None, patience=100, batch=8, imgsz=640, save=True, save_period=-1, cache=False, device=None, workers=8, project=/home/ddwilde/scriptie/runs/dota_lower, name=stage2-lower, exist_ok=False, pretrained=True, optimizer=auto, verbose=True, seed=0, deterministic=True, single_cls=False, rect=False, cos_lr=False, close_mosaic=10, resume=False, amp=True, fraction=1.0, profile=False, freeze=None, multi_scale=False, lora={'enable': False, 'rank': 8, 'alpha': 16.0, 'dropout': 0.0, 'feature_pyramid_indices': [16, 22, 25], 'include_detection_head': True, 'freeze_backbone': True, 'adapter_dir': 'adapters', 'init_adapter': None}, continual={'enable': False, 'batches': [], 'adapter_strategy': 'last', 'save_history': True}, replay={'enable': False, 'tap_layers': {'P3': 16, 'P4': 25}, 'tiny_max_pixels': 128, 'context_scale': 1.5, 'buffer_per_class': 64, 'sample_per_batch': 16, 'loss_weight': 1.0, 'scale_weighting': 'stride', 'store_dir': 'replay', 'buffer_file': 'buffer.pt', 'init_buffer': None, 'carryover_growth': 1.5, 'memory_dir': None, 'memory_ratio': 0.25}, overlap_mask=True, mask_ratio=4, dropout=0.0, val=True, split=val, save_json=False, save_hybrid=False, conf=None, iou=0.7, max_det=300, half=False, dnn=False, plots=True, source=None, vid_stride=1, stream_buffer=False, visualize=False, augment=False, agnostic_nms=False, classes=None, retina_masks=False, embed=None, show=False, save_frames=False, save_txt=False, save_conf=False, save_crop=False, show_labels=True, show_conf=True, show_boxes=True, line_width=None, format=torchscript, keras=False, optimize=False, int8=False, dynamic=False, simplify=False, opset=None, workspace=4, nms=False, lr0=0.01, lrf=0.01, momentum=0.937, weight_decay=0.0005, warmup_epochs=3.0, warmup_momentum=0.8, warmup_bias_lr=0.1, box=7.5, cls=0.5, dfl=1.5, pose=12.0, kobj=1.0, label_smoothing=0.0, nbs=64, hsv_h=0.015, hsv_s=0.7, hsv_v=0.4, degrees=0.0, translate=0.1, scale=0.5, shear=0.0, perspective=0.0, flipud=0.0, fliplr=0.5, bgr=0.0, mosaic=1.0, mixup=0.0, copy_paste=0.0, auto_augment=randaugment, erasing=0.4, crop_fraction=1.0, cfg=None, tracker=botsort.yaml, save_dir=/home/ddwilde/scriptie/runs/dota_lower/stage2-lower

                   from  n    params  module                                       arguments                     
  0                  -1  1       928  ednet.nn.modules.conv.Conv                   [3, 32, 3, 2]                 
  1                  -1  1     18560  ednet.nn.modules.conv.Conv                   [32, 64, 3, 2]                
  2                  -1  1     29056  ednet.nn.modules.block.C2f                   [64, 64, 1, True]             
  3                  -1  1     73984  ednet.nn.modules.conv.Conv                   [64, 128, 3, 2]               
  4                  -1  2    197632  ednet.nn.modules.block.C2f                   [128, 128, 2, True]           
  5                  -1  1    295424  ednet.nn.modules.conv.Conv                   [128, 256, 3, 2]              
  6                  -1  2    420864  ednet.nn.modules.block.C2f_FCA               [256, 256, 2, True]           
  7                  -1  1   1180672  ednet.nn.modules.conv.Conv                   [256, 512, 3, 2]              
  8                  -1  1   1095680  ednet.nn.modules.block.C2f_FCA               [512, 512, 1, True]           
  9                  -1  1    656896  ednet.nn.modules.block.SPPF                  [512, 512, 5]                 
 10                  -1  1    990976  ednet.nn.modules.block.PSA                   [512, 512]                    
 11                  -1  1         0  torch.nn.modules.upsampling.Upsample         [None, 2, 'nearest']          
 12             [-1, 6]  1         0  ednet.nn.modules.conv.Concat                 [1]                           
 13                  -1  1    591360  ednet.nn.modules.block.C2f                   [768, 256, 1]                 
 14                  -1  1         0  torch.nn.modules.upsampling.Upsample         [None, 2, 'nearest']          
 15             [-1, 4]  1         0  ednet.nn.modules.conv.Concat                 [1]                           
 16                  -1  1    148224  ednet.nn.modules.block.C2f                   [384, 128, 1]                 
 17                  -1  1         0  torch.nn.modules.upsampling.Upsample         [None, 2, 'nearest']          
 18             [-1, 2]  1         0  ednet.nn.modules.conv.Concat                 [1]                           
 19                  -1  1     37248  ednet.nn.modules.block.C2f                   [192, 64, 1]                  
 20                  -1  1     36992  ednet.nn.modules.conv.Conv                   [64, 64, 3, 2]                
 21            [-1, 16]  1         0  ednet.nn.modules.conv.Concat                 [1]                           
 22                  -1  1    123648  ednet.nn.modules.block.C2f                   [192, 128, 1]                 
 23                  -1  1    147712  ednet.nn.modules.conv.Conv                   [128, 128, 3, 2]              
 24            [-1, 13]  1         0  ednet.nn.modules.conv.Concat                 [1]                           
 25                  -1  1    493056  ednet.nn.modules.block.C2f                   [384, 256, 1]                 
 26                  -1  1     68864  ednet.nn.modules.block.SCDown                [256, 256, 3, 2]              
 27             [-1, 9]  1         0  ednet.nn.modules.conv.Concat                 [1]                           
 28                  -1  1   1089536  ednet.nn.modules.block.C2fCIB                [768, 512, 1, True, True]     
 29    [19, 22, 25, 28]  1   1628424  ednet.nn.modules.head.v10Detect              [15, [64, 128, 256, 512]]     
ednet-s summary: 510 layers, 9,325,736 parameters, 9,325,720 gradients

Transferred 753/753 items from pretrained weights
[34m[1mTensorBoard: [0mStart with 'tensorboard --logdir /home/ddwilde/scriptie/runs/dota_lower/stage2-lower', view at http://localhost:6006/
Freezing layer 'model.29.dfl.conv.weight'
[34m[1mAMP: [0mrunning Automatic Mixed Precision (AMP) checks with YOLOv8n...
[34m[1mAMP: [0mchecks passed ✅
Plotting labels to /home/ddwilde/scriptie/runs/dota_lower/stage2-lower/labels.jpg... 
[34m[1moptimizer:[0m 'optimizer=auto' found, ignoring 'lr0=0.01' and 'momentum=0.937' and determining best 'optimizer', 'lr0' and 'momentum' automatically... 
[34m[1moptimizer:[0m AdamW(lr=0.000526, momentum=0.9) with parameter groups 117 weight(decay=0.0), 146 weight(decay=0.0005), 139 bias(decay=0.0)
[34m[1mTensorBoard: [0mmodel graph visualization added ✅
Image sizes 640 train, 640 val
Using 8 dataloader workers
Logging results to [1m/home/ddwilde/scriptie/runs/dota_lower/stage2-lower[0m
Starting training for 50 epochs...

      Epoch    GPU_mem   box_loss   cls_loss   dfl_loss  Instances       Size
                   all        367       8985     0.0248    0.00138     0.0126    0.00621

      Epoch    GPU_mem   box_loss   cls_loss   dfl_loss  Instances       Size
                   all        367       8985      0.317     0.0324     0.0521     0.0349

      Epoch    GPU_mem   box_loss   cls_loss   dfl_loss  Instances       Size
                   all        367       8985      0.423     0.0372     0.0533     0.0299

      Epoch    GPU_mem   box_loss   cls_loss   dfl_loss  Instances       Size
                   all        367       8985      0.438     0.0382     0.0623     0.0431

      Epoch    GPU_mem   box_loss   cls_loss   dfl_loss  Instances       Size
                   all        367       8985       0.56     0.0535     0.0426     0.0292

      Epoch    GPU_mem   box_loss   cls_loss   dfl_loss  Instances       Size
                   all        367       8985      0.457     0.0872     0.0619     0.0352

      Epoch    GPU_mem   box_loss   cls_loss   dfl_loss  Instances       Size
                   all        367       8985      0.562     0.0804     0.0587     0.0353

      Epoch    GPU_mem   box_loss   cls_loss   dfl_loss  Instances       Size
                   all        367       8985      0.555     0.0876     0.0469     0.0304

      Epoch    GPU_mem   box_loss   cls_loss   dfl_loss  Instances       Size
                   all        367       8985      0.672     0.0845     0.0535      0.032

      Epoch    GPU_mem   box_loss   cls_loss   dfl_loss  Instances       Size
                   all        367       8985      0.668      0.096     0.0587      0.036

      Epoch    GPU_mem   box_loss   cls_loss   dfl_loss  Instances       Size
                   all        367       8985      0.502      0.111     0.0652     0.0394

      Epoch    GPU_mem   box_loss   cls_loss   dfl_loss  Instances       Size
                   all        367       8985      0.364      0.127     0.0645     0.0378

      Epoch    GPU_mem   box_loss   cls_loss   dfl_loss  Instances       Size
                   all        367       8985      0.298      0.126     0.0851     0.0471

      Epoch    GPU_mem   box_loss   cls_loss   dfl_loss  Instances       Size
                   all        367       8985      0.104       0.14     0.0709     0.0423

      Epoch    GPU_mem   box_loss   cls_loss   dfl_loss  Instances       Size
                   all        367       8985      0.301      0.127     0.0652     0.0413

      Epoch    GPU_mem   box_loss   cls_loss   dfl_loss  Instances       Size
                   all        367       8985      0.292      0.143     0.0867     0.0542

      Epoch    GPU_mem   box_loss   cls_loss   dfl_loss  Instances       Size
                   all        367       8985      0.303       0.15     0.0821     0.0521

      Epoch    GPU_mem   box_loss   cls_loss   dfl_loss  Instances       Size
                   all        367       8985      0.277       0.15     0.0876     0.0558

      Epoch    GPU_mem   box_loss   cls_loss   dfl_loss  Instances       Size
                   all        367       8985      0.189      0.194       0.11     0.0665

      Epoch    GPU_mem   box_loss   cls_loss   dfl_loss  Instances       Size
                   all        367       8985      0.232      0.174      0.112     0.0669

      Epoch    GPU_mem   box_loss   cls_loss   dfl_loss  Instances       Size
                   all        367       8985      0.108      0.179      0.091     0.0567

      Epoch    GPU_mem   box_loss   cls_loss   dfl_loss  Instances       Size
                   all        367       8985      0.124      0.139     0.0819     0.0498

      Epoch    GPU_mem   box_loss   cls_loss   dfl_loss  Instances       Size
                   all        367       8985      0.212      0.204      0.095     0.0559

      Epoch    GPU_mem   box_loss   cls_loss   dfl_loss  Instances       Size
                   all        367       8985     0.0987      0.162     0.0849     0.0537

      Epoch    GPU_mem   box_loss   cls_loss   dfl_loss  Instances       Size
                   all        367       8985      0.238      0.187      0.095     0.0607

      Epoch    GPU_mem   box_loss   cls_loss   dfl_loss  Instances       Size
                   all        367       8985      0.115      0.181      0.093     0.0578

      Epoch    GPU_mem   box_loss   cls_loss   dfl_loss  Instances       Size
                   all        367       8985      0.109      0.191     0.0882     0.0568

      Epoch    GPU_mem   box_loss   cls_loss   dfl_loss  Instances       Size
                   all        367       8985      0.125      0.175     0.0983      0.061

      Epoch    GPU_mem   box_loss   cls_loss   dfl_loss  Instances       Size
                   all        367       8985      0.104      0.201     0.0985     0.0641

      Epoch    GPU_mem   box_loss   cls_loss   dfl_loss  Instances       Size
                   all        367       8985      0.215      0.203      0.101     0.0656

      Epoch    GPU_mem   box_loss   cls_loss   dfl_loss  Instances       Size
                   all        367       8985       0.22      0.214      0.104     0.0698

      Epoch    GPU_mem   box_loss   cls_loss   dfl_loss  Instances       Size
                   all        367       8985      0.123      0.202      0.105     0.0674

      Epoch    GPU_mem   box_loss   cls_loss   dfl_loss  Instances       Size
                   all        367       8985      0.141      0.186      0.105     0.0674

      Epoch    GPU_mem   box_loss   cls_loss   dfl_loss  Instances       Size
                   all        367       8985      0.127      0.199      0.103      0.068

      Epoch    GPU_mem   box_loss   cls_loss   dfl_loss  Instances       Size
                   all        367       8985       0.15      0.195      0.105     0.0687

      Epoch    GPU_mem   box_loss   cls_loss   dfl_loss  Instances       Size
                   all        367       8985      0.153      0.205       0.11     0.0715

      Epoch    GPU_mem   box_loss   cls_loss   dfl_loss  Instances       Size
                   all        367       8985      0.145      0.221      0.118     0.0785

      Epoch    GPU_mem   box_loss   cls_loss   dfl_loss  Instances       Size
                   all        367       8985      0.239      0.217      0.111     0.0727

      Epoch    GPU_mem   box_loss   cls_loss   dfl_loss  Instances       Size
                   all        367       8985       0.13      0.214       0.11     0.0707

      Epoch    GPU_mem   box_loss   cls_loss   dfl_loss  Instances       Size
                   all        367       8985      0.128      0.222       0.11     0.0716
Closing dataloader mosaic

      Epoch    GPU_mem   box_loss   cls_loss   dfl_loss  Instances       Size
                   all        367       8985      0.241      0.227      0.108     0.0703

      Epoch    GPU_mem   box_loss   cls_loss   dfl_loss  Instances       Size
                   all        367       8985      0.253      0.215      0.115     0.0785

      Epoch    GPU_mem   box_loss   cls_loss   dfl_loss  Instances       Size
                   all        367       8985      0.247      0.228       0.11     0.0741

      Epoch    GPU_mem   box_loss   cls_loss   dfl_loss  Instances       Size
                   all        367       8985       0.25      0.221      0.109     0.0734

      Epoch    GPU_mem   box_loss   cls_loss   dfl_loss  Instances       Size
                   all        367       8985      0.259      0.219      0.117     0.0761

      Epoch    GPU_mem   box_loss   cls_loss   dfl_loss  Instances       Size
                   all        367       8985      0.234      0.222      0.111     0.0722

      Epoch    GPU_mem   box_loss   cls_loss   dfl_loss  Instances       Size
                   all        367       8985      0.257      0.231      0.116     0.0758

      Epoch    GPU_mem   box_loss   cls_loss   dfl_loss  Instances       Size
                   all        367       8985      0.254      0.217      0.117     0.0758

      Epoch    GPU_mem   box_loss   cls_loss   dfl_loss  Instances       Size
                   all        367       8985      0.266      0.215      0.119     0.0781

      Epoch    GPU_mem   box_loss   cls_loss   dfl_loss  Instances       Size
                   all        367       8985      0.257      0.209      0.116     0.0772

50 epochs completed in 0.525 hours.
Optimizer stripped from /home/ddwilde/scriptie/runs/dota_lower/stage2-lower/weights/last.pt, 19.1MB
Optimizer stripped from /home/ddwilde/scriptie/runs/dota_lower/stage2-lower/weights/best.pt, 19.1MB

Validating /home/ddwilde/scriptie/runs/dota_lower/stage2-lower/weights/best.pt...
EDNet 1.0 ✅ Python-3.10.4 ✅ torch-2.8.0+cu128 ✅CUDA:0 (NVIDIA A100-SXM4-40GB, 40441MiB)
ednet-s summary (fused): 394 layers, 9,301,768 parameters, 0 gradients
                   all        367       8985      0.144      0.221      0.118     0.0785
      baseball-diamond         13         37      0.158      0.162      0.105     0.0628
          tennis-court         31        293      0.387      0.805      0.406      0.355
      basketball-court          7         16      0.334      0.562      0.266      0.208
    ground-track-field         18         56     0.0919      0.125     0.0358     0.0218
         large-vehicle         83       3527          0          0          0          0
         small-vehicle         99       4549          0          0          0          0
            helicopter          7         42          0          0          0          0
            roundabout         49        142          0          0          0          0
     soccer-ball-field         22         75      0.164     0.0667     0.0472     0.0264
         swimming-pool         14        248       0.31      0.488      0.319      0.111
Speed: 0.1ms preprocess, 2.4ms inference, 0.0ms loss, 0.2ms postprocess per image
Results saved to [1m/home/ddwilde/scriptie/runs/dota_lower/stage2-lower[0m
Training finished. Results saved in: /home/ddwilde/scriptie/runs/dota_lower/stage2-lower
