EDNet 1.0 ✅ Python-3.10.4 ✅ torch-2.8.0+cu128 ✅CUDA:0 (NVIDIA A100-SXM4-40GB, 40441MiB)
[34m[1mengine/trainer: [0mtask=detect, mode=train, model=/home/ddwilde/scriptie/runs/dota_lower/stage2-lower/weights/best.pt, data=/home/ddwilde/scriptie/yaml/DOTA-stage3.yaml, epochs=50, time=None, patience=100, batch=8, imgsz=640, save=True, save_period=-1, cache=False, device=None, workers=8, project=/home/ddwilde/scriptie/runs/dota_lower, name=stage3-lower, exist_ok=False, pretrained=True, optimizer=auto, verbose=True, seed=0, deterministic=True, single_cls=False, rect=False, cos_lr=False, close_mosaic=10, resume=False, amp=True, fraction=1.0, profile=False, freeze=None, multi_scale=False, lora={'enable': False, 'rank': 8, 'alpha': 16.0, 'dropout': 0.0, 'feature_pyramid_indices': [16, 22, 25], 'include_detection_head': True, 'freeze_backbone': True, 'adapter_dir': 'adapters', 'init_adapter': None}, continual={'enable': False, 'batches': [], 'adapter_strategy': 'last', 'save_history': True}, replay={'enable': False, 'tap_layers': {'P3': 16, 'P4': 25}, 'tiny_max_pixels': 128, 'context_scale': 1.5, 'buffer_per_class': 64, 'sample_per_batch': 16, 'loss_weight': 1.0, 'scale_weighting': 'stride', 'store_dir': 'replay', 'buffer_file': 'buffer.pt', 'init_buffer': None, 'carryover_growth': 1.5, 'memory_dir': None, 'memory_ratio': 0.25}, overlap_mask=True, mask_ratio=4, dropout=0.0, val=True, split=val, save_json=False, save_hybrid=False, conf=None, iou=0.7, max_det=300, half=False, dnn=False, plots=True, source=None, vid_stride=1, stream_buffer=False, visualize=False, augment=False, agnostic_nms=False, classes=None, retina_masks=False, embed=None, show=False, save_frames=False, save_txt=False, save_conf=False, save_crop=False, show_labels=True, show_conf=True, show_boxes=True, line_width=None, format=torchscript, keras=False, optimize=False, int8=False, dynamic=False, simplify=False, opset=None, workspace=4, nms=False, lr0=0.01, lrf=0.01, momentum=0.937, weight_decay=0.0005, warmup_epochs=3.0, warmup_momentum=0.8, warmup_bias_lr=0.1, box=7.5, cls=0.5, dfl=1.5, pose=12.0, kobj=1.0, label_smoothing=0.0, nbs=64, hsv_h=0.015, hsv_s=0.7, hsv_v=0.4, degrees=0.0, translate=0.1, scale=0.5, shear=0.0, perspective=0.0, flipud=0.0, fliplr=0.5, bgr=0.0, mosaic=1.0, mixup=0.0, copy_paste=0.0, auto_augment=randaugment, erasing=0.4, crop_fraction=1.0, cfg=None, tracker=botsort.yaml, save_dir=/home/ddwilde/scriptie/runs/dota_lower/stage3-lower

                   from  n    params  module                                       arguments                     
  0                  -1  1       928  ednet.nn.modules.conv.Conv                   [3, 32, 3, 2]                 
  1                  -1  1     18560  ednet.nn.modules.conv.Conv                   [32, 64, 3, 2]                
  2                  -1  1     29056  ednet.nn.modules.block.C2f                   [64, 64, 1, True]             
  3                  -1  1     73984  ednet.nn.modules.conv.Conv                   [64, 128, 3, 2]               
  4                  -1  2    197632  ednet.nn.modules.block.C2f                   [128, 128, 2, True]           
  5                  -1  1    295424  ednet.nn.modules.conv.Conv                   [128, 256, 3, 2]              
  6                  -1  2    420864  ednet.nn.modules.block.C2f_FCA               [256, 256, 2, True]           
  7                  -1  1   1180672  ednet.nn.modules.conv.Conv                   [256, 512, 3, 2]              
  8                  -1  1   1095680  ednet.nn.modules.block.C2f_FCA               [512, 512, 1, True]           
  9                  -1  1    656896  ednet.nn.modules.block.SPPF                  [512, 512, 5]                 
 10                  -1  1    990976  ednet.nn.modules.block.PSA                   [512, 512]                    
 11                  -1  1         0  torch.nn.modules.upsampling.Upsample         [None, 2, 'nearest']          
 12             [-1, 6]  1         0  ednet.nn.modules.conv.Concat                 [1]                           
 13                  -1  1    591360  ednet.nn.modules.block.C2f                   [768, 256, 1]                 
 14                  -1  1         0  torch.nn.modules.upsampling.Upsample         [None, 2, 'nearest']          
 15             [-1, 4]  1         0  ednet.nn.modules.conv.Concat                 [1]                           
 16                  -1  1    148224  ednet.nn.modules.block.C2f                   [384, 128, 1]                 
 17                  -1  1         0  torch.nn.modules.upsampling.Upsample         [None, 2, 'nearest']          
 18             [-1, 2]  1         0  ednet.nn.modules.conv.Concat                 [1]                           
 19                  -1  1     37248  ednet.nn.modules.block.C2f                   [192, 64, 1]                  
 20                  -1  1     36992  ednet.nn.modules.conv.Conv                   [64, 64, 3, 2]                
 21            [-1, 16]  1         0  ednet.nn.modules.conv.Concat                 [1]                           
 22                  -1  1    123648  ednet.nn.modules.block.C2f                   [192, 128, 1]                 
 23                  -1  1    147712  ednet.nn.modules.conv.Conv                   [128, 128, 3, 2]              
 24            [-1, 13]  1         0  ednet.nn.modules.conv.Concat                 [1]                           
 25                  -1  1    493056  ednet.nn.modules.block.C2f                   [384, 256, 1]                 
 26                  -1  1     68864  ednet.nn.modules.block.SCDown                [256, 256, 3, 2]              
 27             [-1, 9]  1         0  ednet.nn.modules.conv.Concat                 [1]                           
 28                  -1  1   1089536  ednet.nn.modules.block.C2fCIB                [768, 512, 1, True, True]     
 29    [19, 22, 25, 28]  1   1628424  ednet.nn.modules.head.v10Detect              [15, [64, 128, 256, 512]]     
ednet-s summary: 510 layers, 9,325,736 parameters, 9,325,720 gradients

Transferred 753/753 items from pretrained weights
[34m[1mTensorBoard: [0mStart with 'tensorboard --logdir /home/ddwilde/scriptie/runs/dota_lower/stage3-lower', view at http://localhost:6006/
Freezing layer 'model.29.dfl.conv.weight'
[34m[1mAMP: [0mrunning Automatic Mixed Precision (AMP) checks with YOLOv8n...
[34m[1mAMP: [0mchecks passed ✅
Plotting labels to /home/ddwilde/scriptie/runs/dota_lower/stage3-lower/labels.jpg... 
[34m[1moptimizer:[0m 'optimizer=auto' found, ignoring 'lr0=0.01' and 'momentum=0.937' and determining best 'optimizer', 'lr0' and 'momentum' automatically... 
[34m[1moptimizer:[0m AdamW(lr=0.000526, momentum=0.9) with parameter groups 117 weight(decay=0.0), 146 weight(decay=0.0005), 139 bias(decay=0.0)
[34m[1mTensorBoard: [0mmodel graph visualization added ✅
Image sizes 640 train, 640 val
Using 8 dataloader workers
Logging results to [1m/home/ddwilde/scriptie/runs/dota_lower/stage3-lower[0m
Starting training for 50 epochs...

      Epoch    GPU_mem   box_loss   cls_loss   dfl_loss  Instances       Size
                   all        367      16047    0.00585     0.0862     0.0252     0.0144

      Epoch    GPU_mem   box_loss   cls_loss   dfl_loss  Instances       Size
                   all        367      16047     0.0129     0.0235    0.00945    0.00336

      Epoch    GPU_mem   box_loss   cls_loss   dfl_loss  Instances       Size
                   all        367      16047      0.826       0.04     0.0487     0.0352

      Epoch    GPU_mem   box_loss   cls_loss   dfl_loss  Instances       Size
                   all        367      16047      0.241     0.0531     0.0617     0.0392

      Epoch    GPU_mem   box_loss   cls_loss   dfl_loss  Instances       Size
                   all        367      16047      0.185     0.0634     0.0314     0.0147

      Epoch    GPU_mem   box_loss   cls_loss   dfl_loss  Instances       Size
                   all        367      16047      0.149     0.0811     0.0432     0.0211

      Epoch    GPU_mem   box_loss   cls_loss   dfl_loss  Instances       Size
                   all        367      16047      0.164     0.0875     0.0488     0.0234

      Epoch    GPU_mem   box_loss   cls_loss   dfl_loss  Instances       Size
                   all        367      16047      0.108     0.0899     0.0504     0.0236

      Epoch    GPU_mem   box_loss   cls_loss   dfl_loss  Instances       Size
                   all        367      16047      0.173     0.0851     0.0486     0.0236

      Epoch    GPU_mem   box_loss   cls_loss   dfl_loss  Instances       Size
                   all        367      16047      0.239      0.101      0.058     0.0299

      Epoch    GPU_mem   box_loss   cls_loss   dfl_loss  Instances       Size
                   all        367      16047      0.168     0.0963      0.055      0.026

      Epoch    GPU_mem   box_loss   cls_loss   dfl_loss  Instances       Size
                   all        367      16047      0.239      0.102     0.0612     0.0322

      Epoch    GPU_mem   box_loss   cls_loss   dfl_loss  Instances       Size
                   all        367      16047      0.169      0.101     0.0602     0.0302

      Epoch    GPU_mem   box_loss   cls_loss   dfl_loss  Instances       Size
                   all        367      16047     0.0966      0.103     0.0621     0.0326

      Epoch    GPU_mem   box_loss   cls_loss   dfl_loss  Instances       Size
                   all        367      16047      0.163      0.108     0.0617     0.0312

      Epoch    GPU_mem   box_loss   cls_loss   dfl_loss  Instances       Size
                   all        367      16047      0.167      0.108     0.0621     0.0334

      Epoch    GPU_mem   box_loss   cls_loss   dfl_loss  Instances       Size
                   all        367      16047      0.162      0.113      0.064     0.0334

      Epoch    GPU_mem   box_loss   cls_loss   dfl_loss  Instances       Size
                   all        367      16047      0.169      0.116     0.0655     0.0339

      Epoch    GPU_mem   box_loss   cls_loss   dfl_loss  Instances       Size
                   all        367      16047      0.177      0.111     0.0662     0.0343

      Epoch    GPU_mem   box_loss   cls_loss   dfl_loss  Instances       Size
                   all        367      16047      0.247      0.111     0.0676     0.0365

      Epoch    GPU_mem   box_loss   cls_loss   dfl_loss  Instances       Size
                   all        367      16047      0.253      0.114     0.0697     0.0368

      Epoch    GPU_mem   box_loss   cls_loss   dfl_loss  Instances       Size
                   all        367      16047      0.172      0.113     0.0674     0.0354

      Epoch    GPU_mem   box_loss   cls_loss   dfl_loss  Instances       Size
                   all        367      16047      0.247      0.118     0.0733     0.0385

      Epoch    GPU_mem   box_loss   cls_loss   dfl_loss  Instances       Size
                   all        367      16047      0.172      0.114     0.0685     0.0356

      Epoch    GPU_mem   box_loss   cls_loss   dfl_loss  Instances       Size
                   all        367      16047      0.179       0.12     0.0745     0.0393

      Epoch    GPU_mem   box_loss   cls_loss   dfl_loss  Instances       Size
                   all        367      16047      0.173      0.123     0.0721     0.0376

      Epoch    GPU_mem   box_loss   cls_loss   dfl_loss  Instances       Size
                   all        367      16047      0.179      0.119     0.0739       0.04

      Epoch    GPU_mem   box_loss   cls_loss   dfl_loss  Instances       Size
                   all        367      16047      0.181       0.12     0.0736     0.0398

      Epoch    GPU_mem   box_loss   cls_loss   dfl_loss  Instances       Size
                   all        367      16047      0.179      0.123     0.0742     0.0399

      Epoch    GPU_mem   box_loss   cls_loss   dfl_loss  Instances       Size
                   all        367      16047      0.177      0.126     0.0757     0.0403

      Epoch    GPU_mem   box_loss   cls_loss   dfl_loss  Instances       Size
                   all        367      16047      0.173      0.124     0.0741     0.0384

      Epoch    GPU_mem   box_loss   cls_loss   dfl_loss  Instances       Size
                   all        367      16047      0.177      0.126     0.0747     0.0379

      Epoch    GPU_mem   box_loss   cls_loss   dfl_loss  Instances       Size
                   all        367      16047      0.177      0.124     0.0763     0.0408

      Epoch    GPU_mem   box_loss   cls_loss   dfl_loss  Instances       Size
                   all        367      16047      0.184      0.123     0.0787     0.0428

      Epoch    GPU_mem   box_loss   cls_loss   dfl_loss  Instances       Size
                   all        367      16047      0.179      0.124     0.0769     0.0407

      Epoch    GPU_mem   box_loss   cls_loss   dfl_loss  Instances       Size
                   all        367      16047      0.245      0.125     0.0759     0.0394

      Epoch    GPU_mem   box_loss   cls_loss   dfl_loss  Instances       Size
                   all        367      16047      0.181      0.123     0.0775     0.0412

      Epoch    GPU_mem   box_loss   cls_loss   dfl_loss  Instances       Size
                   all        367      16047      0.249      0.124     0.0777     0.0413

      Epoch    GPU_mem   box_loss   cls_loss   dfl_loss  Instances       Size
                   all        367      16047      0.251      0.126     0.0822     0.0438

      Epoch    GPU_mem   box_loss   cls_loss   dfl_loss  Instances       Size
                   all        367      16047      0.178      0.128     0.0786     0.0416
Closing dataloader mosaic

      Epoch    GPU_mem   box_loss   cls_loss   dfl_loss  Instances       Size
                   all        367      16047      0.181      0.129     0.0805     0.0441

      Epoch    GPU_mem   box_loss   cls_loss   dfl_loss  Instances       Size
                   all        367      16047      0.185      0.129      0.082     0.0443

      Epoch    GPU_mem   box_loss   cls_loss   dfl_loss  Instances       Size
                   all        367      16047      0.182      0.133     0.0822     0.0446

      Epoch    GPU_mem   box_loss   cls_loss   dfl_loss  Instances       Size
                   all        367      16047      0.182       0.13     0.0801     0.0435

      Epoch    GPU_mem   box_loss   cls_loss   dfl_loss  Instances       Size
                   all        367      16047       0.18      0.129     0.0782     0.0424

      Epoch    GPU_mem   box_loss   cls_loss   dfl_loss  Instances       Size
                   all        367      16047      0.183      0.127     0.0783     0.0424

      Epoch    GPU_mem   box_loss   cls_loss   dfl_loss  Instances       Size
                   all        367      16047      0.126       0.13     0.0792     0.0428

      Epoch    GPU_mem   box_loss   cls_loss   dfl_loss  Instances       Size
                   all        367      16047      0.182       0.13     0.0805     0.0437

      Epoch    GPU_mem   box_loss   cls_loss   dfl_loss  Instances       Size
                   all        367      16047      0.131      0.134     0.0804     0.0439

      Epoch    GPU_mem   box_loss   cls_loss   dfl_loss  Instances       Size
                   all        367      16047      0.179      0.128     0.0795     0.0433

50 epochs completed in 0.557 hours.
Optimizer stripped from /home/ddwilde/scriptie/runs/dota_lower/stage3-lower/weights/last.pt, 19.1MB
Optimizer stripped from /home/ddwilde/scriptie/runs/dota_lower/stage3-lower/weights/best.pt, 19.1MB

Validating /home/ddwilde/scriptie/runs/dota_lower/stage3-lower/weights/best.pt...
EDNet 1.0 ✅ Python-3.10.4 ✅ torch-2.8.0+cu128 ✅CUDA:0 (NVIDIA A100-SXM4-40GB, 40441MiB)
ednet-s summary (fused): 394 layers, 9,301,768 parameters, 0 gradients
                   all        367      16047      0.182      0.132     0.0821     0.0446
                 plane         28       1450      0.647       0.55      0.423       0.25
                  ship         38       2811      0.316       0.59      0.244      0.133
          storage-tank         34       1146      0.476      0.239      0.214       0.11
      baseball-diamond         46        185          0          0          0          0
          tennis-court         75        639          0          0          0          0
      basketball-court         28        110          0          0          0          0
    ground-track-field         58        119          0          0          0          0
                harbor         40        586      0.285      0.606      0.306      0.163
                bridge         42        217          1          0     0.0453     0.0133
         large-vehicle         83       3527          0          0          0          0
         small-vehicle         99       4549          0          0          0          0
            helicopter          7         42          0          0          0          0
            roundabout         49        142          0          0          0          0
     soccer-ball-field         52        127          0          0          0          0
         swimming-pool         34        397          0          0          0          0
Speed: 0.1ms preprocess, 3.9ms inference, 0.0ms loss, 0.3ms postprocess per image
Results saved to [1m/home/ddwilde/scriptie/runs/dota_lower/stage3-lower[0m
Training finished. Results saved in: /home/ddwilde/scriptie/runs/dota_lower/stage3-lower
