EDNet 1.0 ✅ Python-3.10.4 ✅ torch-2.8.0+cu128 ✅CUDA:0 (NVIDIA A100-SXM4-40GB, 40441MiB)
[34m[1mengine/trainer: [0mtask=detect, mode=train, model=pretrained/small.pt, data=/home/ddwilde/scriptie/yaml/DOTA-stage1.yaml, epochs=50, time=None, patience=100, batch=8, imgsz=640, save=True, save_period=-1, cache=False, device=None, workers=8, project=/home/ddwilde/scriptie/runs/dota_lower, name=stage1-lower, exist_ok=False, pretrained=True, optimizer=auto, verbose=True, seed=0, deterministic=True, single_cls=False, rect=False, cos_lr=False, close_mosaic=10, resume=False, amp=True, fraction=1.0, profile=False, freeze=None, multi_scale=False, lora={'enable': False, 'rank': 8, 'alpha': 16.0, 'dropout': 0.0, 'feature_pyramid_indices': [16, 22, 25], 'include_detection_head': True, 'freeze_backbone': True, 'adapter_dir': 'adapters', 'init_adapter': None}, continual={'enable': False, 'batches': [], 'adapter_strategy': 'last', 'save_history': True}, replay={'enable': False, 'tap_layers': {'P3': 16, 'P4': 25}, 'tiny_max_pixels': 128, 'context_scale': 1.5, 'buffer_per_class': 64, 'sample_per_batch': 16, 'loss_weight': 1.0, 'scale_weighting': 'stride', 'store_dir': 'replay', 'buffer_file': 'buffer.pt', 'init_buffer': None, 'carryover_growth': 1.5, 'memory_dir': None, 'memory_ratio': 0.25}, overlap_mask=True, mask_ratio=4, dropout=0.0, val=True, split=val, save_json=False, save_hybrid=False, conf=None, iou=0.7, max_det=300, half=False, dnn=False, plots=True, source=None, vid_stride=1, stream_buffer=False, visualize=False, augment=False, agnostic_nms=False, classes=None, retina_masks=False, embed=None, show=False, save_frames=False, save_txt=False, save_conf=False, save_crop=False, show_labels=True, show_conf=True, show_boxes=True, line_width=None, format=torchscript, keras=False, optimize=False, int8=False, dynamic=False, simplify=False, opset=None, workspace=4, nms=False, lr0=0.01, lrf=0.01, momentum=0.937, weight_decay=0.0005, warmup_epochs=3.0, warmup_momentum=0.8, warmup_bias_lr=0.1, box=7.5, cls=0.5, dfl=1.5, pose=12.0, kobj=1.0, label_smoothing=0.0, nbs=64, hsv_h=0.015, hsv_s=0.7, hsv_v=0.4, degrees=0.0, translate=0.1, scale=0.5, shear=0.0, perspective=0.0, flipud=0.0, fliplr=0.5, bgr=0.0, mosaic=1.0, mixup=0.0, copy_paste=0.0, auto_augment=randaugment, erasing=0.4, crop_fraction=1.0, cfg=None, tracker=botsort.yaml, save_dir=/home/ddwilde/scriptie/runs/dota_lower/stage1-lower
Overriding model.yaml nc=10 with nc=15

                   from  n    params  module                                       arguments                     
  0                  -1  1       928  ednet.nn.modules.conv.Conv                   [3, 32, 3, 2]                 
  1                  -1  1     18560  ednet.nn.modules.conv.Conv                   [32, 64, 3, 2]                
  2                  -1  1     29056  ednet.nn.modules.block.C2f                   [64, 64, 1, True]             
  3                  -1  1     73984  ednet.nn.modules.conv.Conv                   [64, 128, 3, 2]               
  4                  -1  2    197632  ednet.nn.modules.block.C2f                   [128, 128, 2, True]           
  5                  -1  1    295424  ednet.nn.modules.conv.Conv                   [128, 256, 3, 2]              
  6                  -1  2    420864  ednet.nn.modules.block.C2f_FCA               [256, 256, 2, True]           
  7                  -1  1   1180672  ednet.nn.modules.conv.Conv                   [256, 512, 3, 2]              
  8                  -1  1   1095680  ednet.nn.modules.block.C2f_FCA               [512, 512, 1, True]           
  9                  -1  1    656896  ednet.nn.modules.block.SPPF                  [512, 512, 5]                 
 10                  -1  1    990976  ednet.nn.modules.block.PSA                   [512, 512]                    
 11                  -1  1         0  torch.nn.modules.upsampling.Upsample         [None, 2, 'nearest']          
 12             [-1, 6]  1         0  ednet.nn.modules.conv.Concat                 [1]                           
 13                  -1  1    591360  ednet.nn.modules.block.C2f                   [768, 256, 1]                 
 14                  -1  1         0  torch.nn.modules.upsampling.Upsample         [None, 2, 'nearest']          
 15             [-1, 4]  1         0  ednet.nn.modules.conv.Concat                 [1]                           
 16                  -1  1    148224  ednet.nn.modules.block.C2f                   [384, 128, 1]                 
 17                  -1  1         0  torch.nn.modules.upsampling.Upsample         [None, 2, 'nearest']          
 18             [-1, 2]  1         0  ednet.nn.modules.conv.Concat                 [1]                           
 19                  -1  1     37248  ednet.nn.modules.block.C2f                   [192, 64, 1]                  
 20                  -1  1     36992  ednet.nn.modules.conv.Conv                   [64, 64, 3, 2]                
 21            [-1, 16]  1         0  ednet.nn.modules.conv.Concat                 [1]                           
 22                  -1  1    123648  ednet.nn.modules.block.C2f                   [192, 128, 1]                 
 23                  -1  1    147712  ednet.nn.modules.conv.Conv                   [128, 128, 3, 2]              
 24            [-1, 13]  1         0  ednet.nn.modules.conv.Concat                 [1]                           
 25                  -1  1    493056  ednet.nn.modules.block.C2f                   [384, 256, 1]                 
 26                  -1  1     68864  ednet.nn.modules.block.SCDown                [256, 256, 3, 2]              
 27             [-1, 9]  1         0  ednet.nn.modules.conv.Concat                 [1]                           
 28                  -1  1   1089536  ednet.nn.modules.block.C2fCIB                [768, 512, 1, True, True]     
 29    [19, 22, 25, 28]  1   1628424  ednet.nn.modules.head.v10Detect              [15, [64, 128, 256, 512]]     
ednet-s summary: 510 layers, 9,325,736 parameters, 9,325,720 gradients

Transferred 737/753 items from pretrained weights
[34m[1mTensorBoard: [0mStart with 'tensorboard --logdir /home/ddwilde/scriptie/runs/dota_lower/stage1-lower', view at http://localhost:6006/
Freezing layer 'model.29.dfl.conv.weight'
[34m[1mAMP: [0mrunning Automatic Mixed Precision (AMP) checks with YOLOv8n...
[34m[1mAMP: [0mchecks passed ✅
Plotting labels to /home/ddwilde/scriptie/runs/dota_lower/stage1-lower/labels.jpg... 
[34m[1moptimizer:[0m 'optimizer=auto' found, ignoring 'lr0=0.01' and 'momentum=0.937' and determining best 'optimizer', 'lr0' and 'momentum' automatically... 
[34m[1moptimizer:[0m AdamW(lr=0.000526, momentum=0.9) with parameter groups 117 weight(decay=0.0), 146 weight(decay=0.0005), 139 bias(decay=0.0)
[34m[1mTensorBoard: [0mmodel graph visualization added ✅
Image sizes 640 train, 640 val
Using 8 dataloader workers
Logging results to [1m/home/ddwilde/scriptie/runs/dota_lower/stage1-lower[0m
Starting training for 50 epochs...

      Epoch    GPU_mem   box_loss   cls_loss   dfl_loss  Instances       Size
                   all        367       8260      0.633      0.154     0.0888     0.0379

      Epoch    GPU_mem   box_loss   cls_loss   dfl_loss  Instances       Size
                   all        367       8260      0.192       0.18      0.147     0.0783

      Epoch    GPU_mem   box_loss   cls_loss   dfl_loss  Instances       Size
                   all        367       8260      0.215      0.218       0.18     0.0998

      Epoch    GPU_mem   box_loss   cls_loss   dfl_loss  Instances       Size
                   all        367       8260      0.277      0.251      0.239      0.138

      Epoch    GPU_mem   box_loss   cls_loss   dfl_loss  Instances       Size
                   all        367       8260      0.289      0.255      0.244       0.14

      Epoch    GPU_mem   box_loss   cls_loss   dfl_loss  Instances       Size
                   all        367       8260      0.297      0.264      0.256      0.146

      Epoch    GPU_mem   box_loss   cls_loss   dfl_loss  Instances       Size
                   all        367       8260      0.314      0.268       0.27      0.154

      Epoch    GPU_mem   box_loss   cls_loss   dfl_loss  Instances       Size
                   all        367       8260      0.316      0.269      0.273      0.157

      Epoch    GPU_mem   box_loss   cls_loss   dfl_loss  Instances       Size
                   all        367       8260      0.307      0.266      0.268      0.153

      Epoch    GPU_mem   box_loss   cls_loss   dfl_loss  Instances       Size
                   all        367       8260      0.541      0.264       0.32      0.174

      Epoch    GPU_mem   box_loss   cls_loss   dfl_loss  Instances       Size
                   all        367       8260      0.321      0.284      0.284      0.166

      Epoch    GPU_mem   box_loss   cls_loss   dfl_loss  Instances       Size
                   all        367       8260      0.828      0.295      0.328      0.188

      Epoch    GPU_mem   box_loss   cls_loss   dfl_loss  Instances       Size
                   all        367       8260      0.824      0.283      0.295      0.176

      Epoch    GPU_mem   box_loss   cls_loss   dfl_loss  Instances       Size
                   all        367       8260      0.836      0.284      0.302      0.174

      Epoch    GPU_mem   box_loss   cls_loss   dfl_loss  Instances       Size
                   all        367       8260      0.816      0.287      0.297      0.175

      Epoch    GPU_mem   box_loss   cls_loss   dfl_loss  Instances       Size
                   all        367       8260      0.834      0.289      0.311      0.188

      Epoch    GPU_mem   box_loss   cls_loss   dfl_loss  Instances       Size
                   all        367       8260      0.592      0.296      0.311      0.184

      Epoch    GPU_mem   box_loss   cls_loss   dfl_loss  Instances       Size
                   all        367       8260       0.48      0.321      0.311      0.181

      Epoch    GPU_mem   box_loss   cls_loss   dfl_loss  Instances       Size
                   all        367       8260      0.773      0.295      0.316      0.182

      Epoch    GPU_mem   box_loss   cls_loss   dfl_loss  Instances       Size
                   all        367       8260      0.541      0.305      0.308      0.185

      Epoch    GPU_mem   box_loss   cls_loss   dfl_loss  Instances       Size
                   all        367       8260      0.821      0.295        0.3      0.178

      Epoch    GPU_mem   box_loss   cls_loss   dfl_loss  Instances       Size
                   all        367       8260      0.838      0.303      0.317      0.186

      Epoch    GPU_mem   box_loss   cls_loss   dfl_loss  Instances       Size
                   all        367       8260      0.368        0.3      0.307      0.183

      Epoch    GPU_mem   box_loss   cls_loss   dfl_loss  Instances       Size
                   all        367       8260      0.467      0.312      0.317      0.194

      Epoch    GPU_mem   box_loss   cls_loss   dfl_loss  Instances       Size
                   all        367       8260      0.501      0.346       0.33        0.2

      Epoch    GPU_mem   box_loss   cls_loss   dfl_loss  Instances       Size
                   all        367       8260      0.433      0.298      0.323      0.191

      Epoch    GPU_mem   box_loss   cls_loss   dfl_loss  Instances       Size
                   all        367       8260      0.415      0.316      0.316      0.194

      Epoch    GPU_mem   box_loss   cls_loss   dfl_loss  Instances       Size
                   all        367       8260      0.463      0.348      0.337      0.201

      Epoch    GPU_mem   box_loss   cls_loss   dfl_loss  Instances       Size
                   all        367       8260      0.499      0.344      0.327      0.196

      Epoch    GPU_mem   box_loss   cls_loss   dfl_loss  Instances       Size
                   all        367       8260      0.531      0.341      0.328      0.188

      Epoch    GPU_mem   box_loss   cls_loss   dfl_loss  Instances       Size
                   all        367       8260      0.636      0.306       0.32      0.194

      Epoch    GPU_mem   box_loss   cls_loss   dfl_loss  Instances       Size
                   all        367       8260      0.459      0.362      0.351      0.212

      Epoch    GPU_mem   box_loss   cls_loss   dfl_loss  Instances       Size
                   all        367       8260      0.424      0.342      0.327      0.192

      Epoch    GPU_mem   box_loss   cls_loss   dfl_loss  Instances       Size
                   all        367       8260      0.438      0.333      0.321      0.195

      Epoch    GPU_mem   box_loss   cls_loss   dfl_loss  Instances       Size
                   all        367       8260      0.564      0.347      0.349       0.21

      Epoch    GPU_mem   box_loss   cls_loss   dfl_loss  Instances       Size
                   all        367       8260      0.444      0.312      0.326      0.198

      Epoch    GPU_mem   box_loss   cls_loss   dfl_loss  Instances       Size
                   all        367       8260      0.491      0.348      0.337      0.207

      Epoch    GPU_mem   box_loss   cls_loss   dfl_loss  Instances       Size
                   all        367       8260      0.433      0.325      0.326      0.201

      Epoch    GPU_mem   box_loss   cls_loss   dfl_loss  Instances       Size
                   all        367       8260      0.444      0.311      0.337      0.206

      Epoch    GPU_mem   box_loss   cls_loss   dfl_loss  Instances       Size
                   all        367       8260      0.414      0.361      0.328      0.202
Closing dataloader mosaic

      Epoch    GPU_mem   box_loss   cls_loss   dfl_loss  Instances       Size
                   all        367       8260      0.369      0.331      0.322      0.197

      Epoch    GPU_mem   box_loss   cls_loss   dfl_loss  Instances       Size
                   all        367       8260      0.683       0.31      0.327      0.202

      Epoch    GPU_mem   box_loss   cls_loss   dfl_loss  Instances       Size
                   all        367       8260      0.673      0.307      0.333      0.206

      Epoch    GPU_mem   box_loss   cls_loss   dfl_loss  Instances       Size
                   all        367       8260      0.529      0.342      0.337      0.211

      Epoch    GPU_mem   box_loss   cls_loss   dfl_loss  Instances       Size
