EDNet 1.0 ✅ Python-3.10.4 ✅ torch-2.8.0+cu128 ✅CUDA:0 (NVIDIA A100-SXM4-40GB, 40441MiB)
[34m[1mengine/trainer: [0mtask=detect, mode=train, model=/home/ddwilde/scriptie/runs/dota_lower/stage2-lower/weights/best.pt, data=/home/ddwilde/scriptie/yaml/DOTA-stage3.yaml, epochs=50, time=None, patience=100, batch=8, imgsz=640, save=True, save_period=-1, cache=False, device=None, workers=8, project=/home/ddwilde/scriptie/runs/dota_lower, name=stage3-lower, exist_ok=False, pretrained=True, optimizer=auto, verbose=True, seed=0, deterministic=True, single_cls=False, rect=False, cos_lr=False, close_mosaic=10, resume=False, amp=True, fraction=1.0, profile=False, freeze=None, multi_scale=False, lora={'enable': False, 'rank': 8, 'alpha': 16.0, 'dropout': 0.0, 'feature_pyramid_indices': [16, 22, 25], 'include_detection_head': True, 'freeze_backbone': True, 'adapter_dir': 'adapters', 'init_adapter': None}, continual={'enable': False, 'batches': [], 'adapter_strategy': 'last', 'save_history': True}, replay={'enable': False, 'tap_layers': {'P3': 16, 'P4': 25}, 'tiny_max_pixels': 128, 'context_scale': 1.5, 'buffer_per_class': 64, 'sample_per_batch': 16, 'loss_weight': 1.0, 'scale_weighting': 'stride', 'store_dir': 'replay', 'buffer_file': 'buffer.pt', 'init_buffer': None, 'carryover_growth': 1.5, 'memory_dir': None, 'memory_ratio': 0.25}, overlap_mask=True, mask_ratio=4, dropout=0.0, val=True, split=val, save_json=False, save_hybrid=False, conf=None, iou=0.7, max_det=300, half=False, dnn=False, plots=True, source=None, vid_stride=1, stream_buffer=False, visualize=False, augment=False, agnostic_nms=False, classes=None, retina_masks=False, embed=None, show=False, save_frames=False, save_txt=False, save_conf=False, save_crop=False, show_labels=True, show_conf=True, show_boxes=True, line_width=None, format=torchscript, keras=False, optimize=False, int8=False, dynamic=False, simplify=False, opset=None, workspace=4, nms=False, lr0=0.01, lrf=0.01, momentum=0.937, weight_decay=0.0005, warmup_epochs=3.0, warmup_momentum=0.8, warmup_bias_lr=0.1, box=7.5, cls=0.5, dfl=1.5, pose=12.0, kobj=1.0, label_smoothing=0.0, nbs=64, hsv_h=0.015, hsv_s=0.7, hsv_v=0.4, degrees=0.0, translate=0.1, scale=0.5, shear=0.0, perspective=0.0, flipud=0.0, fliplr=0.5, bgr=0.0, mosaic=1.0, mixup=0.0, copy_paste=0.0, auto_augment=randaugment, erasing=0.4, crop_fraction=1.0, cfg=None, tracker=botsort.yaml, save_dir=/home/ddwilde/scriptie/runs/dota_lower/stage3-lower

                   from  n    params  module                                       arguments                     
  0                  -1  1       928  ednet.nn.modules.conv.Conv                   [3, 32, 3, 2]                 
  1                  -1  1     18560  ednet.nn.modules.conv.Conv                   [32, 64, 3, 2]                
  2                  -1  1     29056  ednet.nn.modules.block.C2f                   [64, 64, 1, True]             
  3                  -1  1     73984  ednet.nn.modules.conv.Conv                   [64, 128, 3, 2]               
  4                  -1  2    197632  ednet.nn.modules.block.C2f                   [128, 128, 2, True]           
  5                  -1  1    295424  ednet.nn.modules.conv.Conv                   [128, 256, 3, 2]              
  6                  -1  2    420864  ednet.nn.modules.block.C2f_FCA               [256, 256, 2, True]           
  7                  -1  1   1180672  ednet.nn.modules.conv.Conv                   [256, 512, 3, 2]              
  8                  -1  1   1095680  ednet.nn.modules.block.C2f_FCA               [512, 512, 1, True]           
  9                  -1  1    656896  ednet.nn.modules.block.SPPF                  [512, 512, 5]                 
 10                  -1  1    990976  ednet.nn.modules.block.PSA                   [512, 512]                    
 11                  -1  1         0  torch.nn.modules.upsampling.Upsample         [None, 2, 'nearest']          
 12             [-1, 6]  1         0  ednet.nn.modules.conv.Concat                 [1]                           
 13                  -1  1    591360  ednet.nn.modules.block.C2f                   [768, 256, 1]                 
 14                  -1  1         0  torch.nn.modules.upsampling.Upsample         [None, 2, 'nearest']          
 15             [-1, 4]  1         0  ednet.nn.modules.conv.Concat                 [1]                           
 16                  -1  1    148224  ednet.nn.modules.block.C2f                   [384, 128, 1]                 
 17                  -1  1         0  torch.nn.modules.upsampling.Upsample         [None, 2, 'nearest']          
 18             [-1, 2]  1         0  ednet.nn.modules.conv.Concat                 [1]                           
 19                  -1  1     37248  ednet.nn.modules.block.C2f                   [192, 64, 1]                  
 20                  -1  1     36992  ednet.nn.modules.conv.Conv                   [64, 64, 3, 2]                
 21            [-1, 16]  1         0  ednet.nn.modules.conv.Concat                 [1]                           
 22                  -1  1    123648  ednet.nn.modules.block.C2f                   [192, 128, 1]                 
 23                  -1  1    147712  ednet.nn.modules.conv.Conv                   [128, 128, 3, 2]              
 24            [-1, 13]  1         0  ednet.nn.modules.conv.Concat                 [1]                           
 25                  -1  1    493056  ednet.nn.modules.block.C2f                   [384, 256, 1]                 
 26                  -1  1     68864  ednet.nn.modules.block.SCDown                [256, 256, 3, 2]              
 27             [-1, 9]  1         0  ednet.nn.modules.conv.Concat                 [1]                           
 28                  -1  1   1089536  ednet.nn.modules.block.C2fCIB                [768, 512, 1, True, True]     
 29    [19, 22, 25, 28]  1   1628424  ednet.nn.modules.head.v10Detect              [15, [64, 128, 256, 512]]     
ednet-s summary: 510 layers, 9,325,736 parameters, 9,325,720 gradients

Transferred 753/753 items from pretrained weights
[34m[1mTensorBoard: [0mStart with 'tensorboard --logdir /home/ddwilde/scriptie/runs/dota_lower/stage3-lower', view at http://localhost:6006/
Freezing layer 'model.29.dfl.conv.weight'
[34m[1mAMP: [0mrunning Automatic Mixed Precision (AMP) checks with YOLOv8n...
[34m[1mAMP: [0mchecks passed ✅
Plotting labels to /home/ddwilde/scriptie/runs/dota_lower/stage3-lower/labels.jpg... 
[34m[1moptimizer:[0m 'optimizer=auto' found, ignoring 'lr0=0.01' and 'momentum=0.937' and determining best 'optimizer', 'lr0' and 'momentum' automatically... 
[34m[1moptimizer:[0m AdamW(lr=0.000526, momentum=0.9) with parameter groups 117 weight(decay=0.0), 146 weight(decay=0.0005), 139 bias(decay=0.0)
[34m[1mTensorBoard: [0mmodel graph visualization added ✅
Image sizes 640 train, 640 val
Using 8 dataloader workers
Logging results to [1m/home/ddwilde/scriptie/runs/dota_lower/stage3-lower[0m
Starting training for 50 epochs...

      Epoch    GPU_mem   box_loss   cls_loss   dfl_loss  Instances       Size
                   all        367      24440     0.0169       0.11     0.0578     0.0374

      Epoch    GPU_mem   box_loss   cls_loss   dfl_loss  Instances       Size
                   all        367      24440     0.0266     0.0258     0.0228     0.0122

      Epoch    GPU_mem   box_loss   cls_loss   dfl_loss  Instances       Size
                   all        367      24440      0.301     0.0241     0.0218     0.0085

      Epoch    GPU_mem   box_loss   cls_loss   dfl_loss  Instances       Size
                   all        367      24440      0.187     0.0442     0.0351     0.0162

      Epoch    GPU_mem   box_loss   cls_loss   dfl_loss  Instances       Size
                   all        367      24440      0.216     0.0554     0.0656     0.0324

      Epoch    GPU_mem   box_loss   cls_loss   dfl_loss  Instances       Size
                   all        367      24440      0.358     0.0615      0.067     0.0324

      Epoch    GPU_mem   box_loss   cls_loss   dfl_loss  Instances       Size
                   all        367      24440      0.233     0.0642     0.0727     0.0349

      Epoch    GPU_mem   box_loss   cls_loss   dfl_loss  Instances       Size
                   all        367      24440       0.29     0.0628     0.0742     0.0352

      Epoch    GPU_mem   box_loss   cls_loss   dfl_loss  Instances       Size
                   all        367      24440      0.231     0.0839     0.0903     0.0446

      Epoch    GPU_mem   box_loss   cls_loss   dfl_loss  Instances       Size
                   all        367      24440      0.269     0.0955     0.0968     0.0504

      Epoch    GPU_mem   box_loss   cls_loss   dfl_loss  Instances       Size
                   all        367      24440      0.278     0.0966     0.0988     0.0488

      Epoch    GPU_mem   box_loss   cls_loss   dfl_loss  Instances       Size
                   all        367      24440      0.276     0.0978      0.101     0.0537

      Epoch    GPU_mem   box_loss   cls_loss   dfl_loss  Instances       Size
                   all        367      24440       0.27      0.102      0.102     0.0527

      Epoch    GPU_mem   box_loss   cls_loss   dfl_loss  Instances       Size
                   all        367      24440      0.293      0.104       0.12     0.0595

      Epoch    GPU_mem   box_loss   cls_loss   dfl_loss  Instances       Size
                   all        367      24440      0.271      0.109      0.109     0.0543

      Epoch    GPU_mem   box_loss   cls_loss   dfl_loss  Instances       Size
                   all        367      24440      0.303      0.105      0.114     0.0604

      Epoch    GPU_mem   box_loss   cls_loss   dfl_loss  Instances       Size
                   all        367      24440      0.292       0.11      0.114      0.059

      Epoch    GPU_mem   box_loss   cls_loss   dfl_loss  Instances       Size
                   all        367      24440      0.223      0.115      0.118      0.061

      Epoch    GPU_mem   box_loss   cls_loss   dfl_loss  Instances       Size
                   all        367      24440      0.301      0.108      0.116     0.0585

      Epoch    GPU_mem   box_loss   cls_loss   dfl_loss  Instances       Size
                   all        367      24440       0.31      0.113      0.123     0.0637

      Epoch    GPU_mem   box_loss   cls_loss   dfl_loss  Instances       Size
                   all        367      24440      0.316      0.116      0.125     0.0646

      Epoch    GPU_mem   box_loss   cls_loss   dfl_loss  Instances       Size
                   all        367      24440        0.3      0.119      0.124     0.0634

      Epoch    GPU_mem   box_loss   cls_loss   dfl_loss  Instances       Size
                   all        367      24440      0.315       0.12      0.129     0.0667

      Epoch    GPU_mem   box_loss   cls_loss   dfl_loss  Instances       Size
                   all        367      24440      0.314      0.117      0.129     0.0659

      Epoch    GPU_mem   box_loss   cls_loss   dfl_loss  Instances       Size
                   all        367      24440      0.315      0.122       0.13     0.0676

      Epoch    GPU_mem   box_loss   cls_loss   dfl_loss  Instances       Size
                   all        367      24440      0.312      0.125      0.131     0.0668

      Epoch    GPU_mem   box_loss   cls_loss   dfl_loss  Instances       Size
                   all        367      24440      0.324      0.121      0.131     0.0684

      Epoch    GPU_mem   box_loss   cls_loss   dfl_loss  Instances       Size
                   all        367      24440      0.384      0.125      0.133     0.0682

      Epoch    GPU_mem   box_loss   cls_loss   dfl_loss  Instances       Size
                   all        367      24440      0.384      0.124      0.133     0.0687

      Epoch    GPU_mem   box_loss   cls_loss   dfl_loss  Instances       Size
                   all        367      24440      0.325      0.123      0.134     0.0697

      Epoch    GPU_mem   box_loss   cls_loss   dfl_loss  Instances       Size
                   all        367      24440      0.256      0.123      0.135     0.0699

      Epoch    GPU_mem   box_loss   cls_loss   dfl_loss  Instances       Size
                   all        367      24440      0.322      0.125      0.134     0.0677

      Epoch    GPU_mem   box_loss   cls_loss   dfl_loss  Instances       Size
                   all        367      24440       0.32      0.124      0.136     0.0694

      Epoch    GPU_mem   box_loss   cls_loss   dfl_loss  Instances       Size
                   all        367      24440      0.324      0.126      0.139     0.0718

      Epoch    GPU_mem   box_loss   cls_loss   dfl_loss  Instances       Size
                   all        367      24440      0.321      0.128      0.138     0.0699

      Epoch    GPU_mem   box_loss   cls_loss   dfl_loss  Instances       Size
                   all        367      24440      0.395      0.126      0.137     0.0704

      Epoch    GPU_mem   box_loss   cls_loss   dfl_loss  Instances       Size
                   all        367      24440      0.261      0.129       0.14     0.0728

      Epoch    GPU_mem   box_loss   cls_loss   dfl_loss  Instances       Size
                   all        367      24440      0.263      0.127       0.14     0.0719

      Epoch    GPU_mem   box_loss   cls_loss   dfl_loss  Instances       Size
                   all        367      24440       0.26       0.13      0.142     0.0736

      Epoch    GPU_mem   box_loss   cls_loss   dfl_loss  Instances       Size
                   all        367      24440      0.256      0.126      0.138     0.0719
Closing dataloader mosaic

      Epoch    GPU_mem   box_loss   cls_loss   dfl_loss  Instances       Size
                   all        367      24440      0.264      0.127      0.141     0.0744

      Epoch    GPU_mem   box_loss   cls_loss   dfl_loss  Instances       Size
                   all        367      24440      0.266      0.129      0.143     0.0756

      Epoch    GPU_mem   box_loss   cls_loss   dfl_loss  Instances       Size
                   all        367      24440      0.261       0.13      0.143     0.0749

      Epoch    GPU_mem   box_loss   cls_loss   dfl_loss  Instances       Size
                   all        367      24440      0.262      0.129      0.142      0.075

      Epoch    GPU_mem   box_loss   cls_loss   dfl_loss  Instances       Size
                   all        367      24440      0.258      0.129      0.144     0.0756

      Epoch    GPU_mem   box_loss   cls_loss   dfl_loss  Instances       Size
                   all        367      24440      0.262      0.129      0.143     0.0758

      Epoch    GPU_mem   box_loss   cls_loss   dfl_loss  Instances       Size
                   all        367      24440       0.26       0.13      0.144      0.076

      Epoch    GPU_mem   box_loss   cls_loss   dfl_loss  Instances       Size
                   all        367      24440      0.264       0.13      0.144     0.0764

      Epoch    GPU_mem   box_loss   cls_loss   dfl_loss  Instances       Size
                   all        367      24440      0.259      0.131      0.145     0.0773

      Epoch    GPU_mem   box_loss   cls_loss   dfl_loss  Instances       Size
                   all        367      24440      0.259       0.13      0.144     0.0765

50 epochs completed in 0.568 hours.
Optimizer stripped from /home/ddwilde/scriptie/runs/dota_lower/stage3-lower/weights/last.pt, 19.1MB
Optimizer stripped from /home/ddwilde/scriptie/runs/dota_lower/stage3-lower/weights/best.pt, 19.1MB

Validating /home/ddwilde/scriptie/runs/dota_lower/stage3-lower/weights/best.pt...
EDNet 1.0 ✅ Python-3.10.4 ✅ torch-2.8.0+cu128 ✅CUDA:0 (NVIDIA A100-SXM4-40GB, 40441MiB)
ednet-s summary (fused): 394 layers, 9,301,768 parameters, 0 gradients
                   all        367      24440      0.259      0.131      0.145     0.0772
                 plane         49       1783      0.813      0.619      0.662      0.412
                  ship         84       8385      0.766      0.537      0.591      0.318
          storage-tank         43       2345      0.698      0.218      0.305      0.159
      baseball-diamond         46        185          0          0          0          0
          tennis-court         75        639          0          0          0          0
      basketball-court         28        110          0          0          0          0
    ground-track-field         58        119          0          0          0          0
                harbor         90       1684      0.605      0.591      0.561      0.253
                bridge         61        406          1    0.00318     0.0583     0.0172
         large-vehicle         83       3527          0          0          0          0
         small-vehicle         99       4549          0          0          0          0
            helicopter          7         42          0          0          0          0
            roundabout         49        142          0          0          0          0
     soccer-ball-field         52        127          0          0          0          0
         swimming-pool         34        397          0          0          0          0
Speed: 0.1ms preprocess, 1.6ms inference, 0.0ms loss, 0.1ms postprocess per image
Results saved to [1m/home/ddwilde/scriptie/runs/dota_lower/stage3-lower[0m
Training finished. Results saved in: /home/ddwilde/scriptie/runs/dota_lower/stage3-lower
