usage: train.py [-h] --cfg CFG --data DATA [--epochs EPOCHS] [--imgsz IMGSZ]
                [--weights WEIGHTS] [--batch-size BATCH_SIZE]
                [--project PROJECT] [--name NAME] [--workers WORKERS]
                [--override OVERRIDE]
train.py: error: the following arguments are required: --cfg, --data
/var/spool/slurm/slurmd/job17660765/slurm_script: line 23: --cfg: command not found
/var/spool/slurm/slurmd/job17660765/slurm_script: line 24: --data: command not found
/var/spool/slurm/slurmd/job17660765/slurm_script: line 25: --epochs: command not found
Traceback (most recent call last):
  File "/gpfs/home6/ddwilde/scriptie/train.py", line 87, in <module>
    main(opt)
  File "/gpfs/home6/ddwilde/scriptie/train.py", line 63, in main
    model = EDNet(opt.weights)
  File "/gpfs/home6/ddwilde/scriptie/ednet/models/yolo/model.py", line 47, in __init__
    super().__init__(model=model or fixed_model_path, task=task, verbose=verbose)
  File "/gpfs/home6/ddwilde/scriptie/ednet/models/yolo/model.py", line 14, in __init__
    super().__init__(model=model, task=task, verbose=verbose)
  File "/gpfs/home6/ddwilde/scriptie/ednet/engine/model.py", line 132, in __init__
    self._load(model, task=task)
  File "/gpfs/home6/ddwilde/scriptie/ednet/engine/model.py", line 251, in _load
    self.model, self.ckpt = attempt_load_one_weight(weights)
  File "/gpfs/home6/ddwilde/scriptie/ednet/nn/tasks.py", line 659, in attempt_load_one_weight
    ckpt, weight = torch_safe_load(weight)  # load ckpt
  File "/gpfs/home6/ddwilde/scriptie/ednet/nn/tasks.py", line 580, in torch_safe_load
    ckpt = torch.load(file, map_location="cpu")
  File "/gpfs/home6/ddwilde/scriptie/ednet/utils/patches.py", line 85, in torch_load
    return _torch_load(*args, **kwargs)
  File "/home/ddwilde/ednet_env/lib/python3.10/site-packages/torch/serialization.py", line 1484, in load
    with _open_file_like(f, "rb") as opened_file:
  File "/home/ddwilde/ednet_env/lib/python3.10/site-packages/torch/serialization.py", line 759, in _open_file_like
    return _open_file(name_or_buffer, mode)
  File "/home/ddwilde/ednet_env/lib/python3.10/site-packages/torch/serialization.py", line 740, in __init__
    super().__init__(open(name, mode))
FileNotFoundError: [Errno 2] No such file or directory: '/home/ddwilde/scriptie/runs/dota_saab/stage1-saab2/weights/best.pt'
Traceback (most recent call last):
  File "/gpfs/home6/ddwilde/scriptie/train.py", line 87, in <module>
    main(opt)
  File "/gpfs/home6/ddwilde/scriptie/train.py", line 63, in main
    model = EDNet(opt.weights)
  File "/gpfs/home6/ddwilde/scriptie/ednet/models/yolo/model.py", line 47, in __init__
    super().__init__(model=model or fixed_model_path, task=task, verbose=verbose)
  File "/gpfs/home6/ddwilde/scriptie/ednet/models/yolo/model.py", line 14, in __init__
    super().__init__(model=model, task=task, verbose=verbose)
  File "/gpfs/home6/ddwilde/scriptie/ednet/engine/model.py", line 132, in __init__
    self._load(model, task=task)
  File "/gpfs/home6/ddwilde/scriptie/ednet/engine/model.py", line 251, in _load
    self.model, self.ckpt = attempt_load_one_weight(weights)
  File "/gpfs/home6/ddwilde/scriptie/ednet/nn/tasks.py", line 659, in attempt_load_one_weight
    ckpt, weight = torch_safe_load(weight)  # load ckpt
  File "/gpfs/home6/ddwilde/scriptie/ednet/nn/tasks.py", line 580, in torch_safe_load
    ckpt = torch.load(file, map_location="cpu")
  File "/gpfs/home6/ddwilde/scriptie/ednet/utils/patches.py", line 85, in torch_load
    return _torch_load(*args, **kwargs)
  File "/home/ddwilde/ednet_env/lib/python3.10/site-packages/torch/serialization.py", line 1484, in load
    with _open_file_like(f, "rb") as opened_file:
  File "/home/ddwilde/ednet_env/lib/python3.10/site-packages/torch/serialization.py", line 759, in _open_file_like
    return _open_file(name_or_buffer, mode)
  File "/home/ddwilde/ednet_env/lib/python3.10/site-packages/torch/serialization.py", line 740, in __init__
    super().__init__(open(name, mode))
FileNotFoundError: [Errno 2] No such file or directory: '/home/ddwilde/scriptie/runs/dota_saab/stage2-saab2/weights/best.pt'
