Traceback (most recent call last):
  File "/gpfs/home6/ddwilde/scriptie/ednet/engine/trainer.py", line 579, in get_dataset
    data = check_det_dataset(self.args.data)
  File "/gpfs/home6/ddwilde/scriptie/ednet/data/utils.py", line 327, in check_det_dataset
    raise FileNotFoundError(m)
FileNotFoundError: 
Dataset '/home/ddwilde/scriptie/yaml/DOTA-stage1.yaml' images not found ⚠️, missing path '/gpfs/home6/ddwilde/scriptie/datasets/dota-yolo-stage1/val/images'
Note dataset download directory is '/gpfs/home6/ddwilde/datasets'. You can update this in '/home/ddwilde/.config/Ultralytics/settings.yaml'

The above exception was the direct cause of the following exception:

Traceback (most recent call last):
  File "/gpfs/home6/ddwilde/scriptie/train.py", line 87, in <module>
    main(opt)
  File "/gpfs/home6/ddwilde/scriptie/train.py", line 78, in main
    results = model.train(**train_params)
  File "/gpfs/home6/ddwilde/scriptie/ednet/engine/model.py", line 761, in train
    self.trainer = (trainer or self._smart_load("trainer"))(overrides=args, _callbacks=self.callbacks)
  File "/gpfs/home6/ddwilde/scriptie/ednet/engine/trainer.py", line 134, in __init__
    self.trainset, self.testset = self.get_dataset()
  File "/gpfs/home6/ddwilde/scriptie/ednet/engine/trainer.py", line 583, in get_dataset
    raise RuntimeError(emojis(f"Dataset '{clean_url(self.args.data)}' error ❌ {e}")) from e
RuntimeError: Dataset '/home/ddwilde/scriptie/yaml/DOTA-stage1.yaml' error ❌ 
Dataset '/home/ddwilde/scriptie/yaml/DOTA-stage1.yaml' images not found ⚠️, missing path '/gpfs/home6/ddwilde/scriptie/datasets/dota-yolo-stage1/val/images'
Note dataset download directory is '/gpfs/home6/ddwilde/datasets'. You can update this in '/home/ddwilde/.config/Ultralytics/settings.yaml'
mv: cannot stat '/home/ddwilde/scriptie/datasets/dota-yolo-stage1/test/images/': No such file or directory
mv: cannot stat '/home/ddwilde/scriptie/datasets/dota-yolo-stage1/train/images/': No such file or directory
mv: cannot stat '/home/ddwilde/scriptie/datasets/dota-yolo-stage1/val/images/': No such file or directory
[2026-01-05T09:28:07.130] error: *** JOB 18049396 ON gcn6 CANCELLED AT 2026-01-05T09:28:07 DUE to SIGNAL Terminated ***
