Exception ignored in: <function DetectionPreLogitTapper.__del__ at 0x145ef379c5e0>
Traceback (most recent call last):
  File "/gpfs/home6/ddwilde/scriptie/ednet/engine/replay.py", line 187, in __del__
    self.close()
  File "/gpfs/home6/ddwilde/scriptie/ednet/engine/replay.py", line 184, in close
    self.deactivate()
  File "/gpfs/home6/ddwilde/scriptie/ednet/engine/replay.py", line 171, in deactivate
    for handle in self._hooks:
AttributeError: 'DetectionPreLogitTapper' object has no attribute '_hooks'
Traceback (most recent call last):
  File "/gpfs/home6/ddwilde/scriptie/train.py", line 87, in <module>
    main(opt)
  File "/gpfs/home6/ddwilde/scriptie/train.py", line 78, in main
    results = model.train(**train_params)
  File "/gpfs/home6/ddwilde/scriptie/ednet/engine/model.py", line 763, in train
    self.trainer.model = self.trainer.get_model(weights=self.model if self.ckpt else None, cfg=self.model.yaml)
  File "/gpfs/home6/ddwilde/scriptie/ednet/models/yolo/detect/train.py", line 159, in get_model
    self.feature_tapper = DetectionPreLogitTapper(
TypeError: DetectionPreLogitTapper.__init__() got an unexpected keyword argument 'level_indices'
Exception ignored in: <function DetectionPreLogitTapper.__del__ at 0x145ac0a00790>
Traceback (most recent call last):
  File "/gpfs/home6/ddwilde/scriptie/ednet/engine/replay.py", line 187, in __del__
    self.close()
  File "/gpfs/home6/ddwilde/scriptie/ednet/engine/replay.py", line 184, in close
    self.deactivate()
  File "/gpfs/home6/ddwilde/scriptie/ednet/engine/replay.py", line 171, in deactivate
    for handle in self._hooks:
AttributeError: 'DetectionPreLogitTapper' object has no attribute '_hooks'
Traceback (most recent call last):
  File "/gpfs/home6/ddwilde/scriptie/train.py", line 87, in <module>
    main(opt)
  File "/gpfs/home6/ddwilde/scriptie/train.py", line 78, in main
    results = model.train(**train_params)
  File "/gpfs/home6/ddwilde/scriptie/ednet/engine/model.py", line 763, in train
    self.trainer.model = self.trainer.get_model(weights=self.model if self.ckpt else None, cfg=self.model.yaml)
  File "/gpfs/home6/ddwilde/scriptie/ednet/models/yolo/detect/train.py", line 159, in get_model
    self.feature_tapper = DetectionPreLogitTapper(
TypeError: DetectionPreLogitTapper.__init__() got an unexpected keyword argument 'level_indices'
Exception ignored in: <function DetectionPreLogitTapper.__del__ at 0x1539f0144790>
Traceback (most recent call last):
  File "/gpfs/home6/ddwilde/scriptie/ednet/engine/replay.py", line 187, in __del__
    self.close()
  File "/gpfs/home6/ddwilde/scriptie/ednet/engine/replay.py", line 184, in close
    self.deactivate()
  File "/gpfs/home6/ddwilde/scriptie/ednet/engine/replay.py", line 171, in deactivate
    for handle in self._hooks:
AttributeError: 'DetectionPreLogitTapper' object has no attribute '_hooks'
Traceback (most recent call last):
  File "/gpfs/home6/ddwilde/scriptie/train.py", line 87, in <module>
    main(opt)
  File "/gpfs/home6/ddwilde/scriptie/train.py", line 78, in main
    results = model.train(**train_params)
  File "/gpfs/home6/ddwilde/scriptie/ednet/engine/model.py", line 763, in train
    self.trainer.model = self.trainer.get_model(weights=self.model if self.ckpt else None, cfg=self.model.yaml)
  File "/gpfs/home6/ddwilde/scriptie/ednet/models/yolo/detect/train.py", line 159, in get_model
    self.feature_tapper = DetectionPreLogitTapper(
TypeError: DetectionPreLogitTapper.__init__() got an unexpected keyword argument 'level_indices'
