EDNet 1.0 ✅ Python-3.10.4 ✅ torch-2.8.0+cu128 ✅CUDA:0 (NVIDIA A100-SXM4-40GB, 40441MiB)
[34m[1mengine/trainer: [0mtask=detect, mode=train, model=/home/ddwilde/scriptie/pretrained/small.pt, data=/home/ddwilde/scriptie/yaml/DOTA.yaml, epochs=50, time=None, patience=100, batch=4, imgsz=640, save=True, save_period=-1, cache=False, device=None, workers=8, project=/home/ddwilde/scriptie/runs/dota_saab_upper, name=upper-saab2, exist_ok=False, pretrained=True, optimizer=auto, verbose=True, seed=0, deterministic=True, single_cls=False, rect=False, cos_lr=False, close_mosaic=10, resume=False, amp=True, fraction=1.0, profile=False, freeze=None, multi_scale=False, lora={'enable': False, 'rank': 8, 'alpha': 16.0, 'dropout': 0.0, 'feature_pyramid_indices': [16, 22, 25], 'include_detection_head': True, 'freeze_backbone': True, 'adapter_dir': 'adapters', 'init_adapter': None}, continual={'enable': False, 'batches': [], 'adapter_strategy': 'last', 'save_history': True}, replay={'enable': False, 'tap_layers': {'P3': 16, 'P4': 25}, 'tiny_max_pixels': 128, 'context_scale': 1.5, 'buffer_per_class': 64, 'sample_per_batch': 16, 'loss_weight': 1.0, 'scale_weighting': 'stride', 'store_dir': 'replay', 'buffer_file': 'buffer.pt', 'init_buffer': None, 'carryover_growth': 1.5, 'memory_dir': None, 'memory_ratio': 0.25}, stage={'active_classes': [0, 1, 9, 10, 11]}, overlap_mask=True, mask_ratio=4, dropout=0.0, val=True, split=val, save_json=False, save_hybrid=False, conf=None, iou=0.7, max_det=300, half=False, dnn=False, plots=True, source=None, vid_stride=1, stream_buffer=False, visualize=False, augment=False, agnostic_nms=False, classes=None, retina_masks=False, embed=None, show=False, save_frames=False, save_txt=False, save_conf=False, save_crop=False, show_labels=True, show_conf=True, show_boxes=True, line_width=None, format=torchscript, keras=False, optimize=False, int8=False, dynamic=False, simplify=False, opset=None, workspace=4, nms=False, lr0=0.01, lrf=0.01, momentum=0.937, weight_decay=0.0005, warmup_epochs=3.0, warmup_momentum=0.8, warmup_bias_lr=0.1, box=7.5, cls=0.5, dfl=1.5, pose=12.0, kobj=1.0, label_smoothing=0.0, nbs=64, hsv_h=0.015, hsv_s=0.7, hsv_v=0.4, degrees=0.0, translate=0.1, scale=0.5, shear=0.0, perspective=0.0, flipud=0.0, fliplr=0.5, bgr=0.0, mosaic=1.0, mixup=0.0, copy_paste=0.0, auto_augment=randaugment, erasing=0.4, crop_fraction=1.0, cfg=None, tracker=botsort.yaml, save_dir=/home/ddwilde/scriptie/runs/dota_saab_upper/upper-saab2
Overriding model.yaml nc=10 with nc=15

                   from  n    params  module                                       arguments                     
  0                  -1  1       928  ednet.nn.modules.conv.Conv                   [3, 32, 3, 2]                 
  1                  -1  1     18560  ednet.nn.modules.conv.Conv                   [32, 64, 3, 2]                
  2                  -1  1     29056  ednet.nn.modules.block.C2f                   [64, 64, 1, True]             
  3                  -1  1     73984  ednet.nn.modules.conv.Conv                   [64, 128, 3, 2]               
  4                  -1  2    197632  ednet.nn.modules.block.C2f                   [128, 128, 2, True]           
  5                  -1  1    295424  ednet.nn.modules.conv.Conv                   [128, 256, 3, 2]              
  6                  -1  2    420864  ednet.nn.modules.block.C2f_FCA               [256, 256, 2, True]           
  7                  -1  1   1180672  ednet.nn.modules.conv.Conv                   [256, 512, 3, 2]              
  8                  -1  1   1095680  ednet.nn.modules.block.C2f_FCA               [512, 512, 1, True]           
  9                  -1  1    656896  ednet.nn.modules.block.SPPF                  [512, 512, 5]                 
 10                  -1  1    990976  ednet.nn.modules.block.PSA                   [512, 512]                    
 11                  -1  1         0  torch.nn.modules.upsampling.Upsample         [None, 2, 'nearest']          
 12             [-1, 6]  1         0  ednet.nn.modules.conv.Concat                 [1]                           
 13                  -1  1    591360  ednet.nn.modules.block.C2f                   [768, 256, 1]                 
 14                  -1  1         0  torch.nn.modules.upsampling.Upsample         [None, 2, 'nearest']          
 15             [-1, 4]  1         0  ednet.nn.modules.conv.Concat                 [1]                           
 16                  -1  1    148224  ednet.nn.modules.block.C2f                   [384, 128, 1]                 
 17                  -1  1         0  torch.nn.modules.upsampling.Upsample         [None, 2, 'nearest']          
 18             [-1, 2]  1         0  ednet.nn.modules.conv.Concat                 [1]                           
 19                  -1  1     37248  ednet.nn.modules.block.C2f                   [192, 64, 1]                  
 20                  -1  1     36992  ednet.nn.modules.conv.Conv                   [64, 64, 3, 2]                
 21            [-1, 16]  1         0  ednet.nn.modules.conv.Concat                 [1]                           
 22                  -1  1    123648  ednet.nn.modules.block.C2f                   [192, 128, 1]                 
 23                  -1  1    147712  ednet.nn.modules.conv.Conv                   [128, 128, 3, 2]              
 24            [-1, 13]  1         0  ednet.nn.modules.conv.Concat                 [1]                           
 25                  -1  1    493056  ednet.nn.modules.block.C2f                   [384, 256, 1]                 
 26                  -1  1     68864  ednet.nn.modules.block.SCDown                [256, 256, 3, 2]              
 27             [-1, 9]  1         0  ednet.nn.modules.conv.Concat                 [1]                           
 28                  -1  1   1089536  ednet.nn.modules.block.C2fCIB                [768, 512, 1, True, True]     
 29    [19, 22, 25, 28]  1   1628424  ednet.nn.modules.head.v10Detect              [15, [64, 128, 256, 512]]     
ednet-s summary: 510 layers, 9,325,736 parameters, 9,325,720 gradients

Active classes for this stage: (0, 1, 9, 10, 11)
Transferred 737/753 items from pretrained weights
[34m[1mTensorBoard: [0mStart with 'tensorboard --logdir /home/ddwilde/scriptie/runs/dota_saab_upper/upper-saab2', view at http://localhost:6006/
Freezing layer 'model.29.dfl.conv.weight'
[34m[1mAMP: [0mrunning Automatic Mixed Precision (AMP) checks with YOLOv8n...
[34m[1mAMP: [0mchecks passed ✅
Plotting labels to /home/ddwilde/scriptie/runs/dota_saab_upper/upper-saab2/labels.jpg... 
[34m[1moptimizer:[0m 'optimizer=auto' found, ignoring 'lr0=0.01' and 'momentum=0.937' and determining best 'optimizer', 'lr0' and 'momentum' automatically... 
[34m[1moptimizer:[0m AdamW(lr=0.000526, momentum=0.9) with parameter groups 117 weight(decay=0.0), 146 weight(decay=0.0005), 139 bias(decay=0.0)
[34m[1mTensorBoard: [0mmodel graph visualization added ✅
Image sizes 640 train, 640 val
Using 8 dataloader workers
Logging results to [1m/home/ddwilde/scriptie/runs/dota_saab_upper/upper-saab2[0m
Starting training for 50 epochs...

      Epoch    GPU_mem   box_loss   cls_loss   dfl_loss  Instances       Size
Limiting positives to classes (0, 1, 9, 10, 11)
Limiting positives to classes (0, 1, 9, 10, 11)
Limiting positives to classes (0, 1, 9, 10, 11)
Limiting positives to classes (0, 1, 9, 10, 11)
                   all        365      24440      0.589     0.0464     0.0343     0.0149

      Epoch    GPU_mem   box_loss   cls_loss   dfl_loss  Instances       Size
                   all        365      24440      0.495     0.0849     0.0637     0.0312

      Epoch    GPU_mem   box_loss   cls_loss   dfl_loss  Instances       Size
                   all        365      24440      0.587      0.104     0.0902     0.0447

      Epoch    GPU_mem   box_loss   cls_loss   dfl_loss  Instances       Size
                   all        365      24440      0.604      0.116      0.104     0.0515

      Epoch    GPU_mem   box_loss   cls_loss   dfl_loss  Instances       Size
                   all        365      24440      0.342      0.121      0.111     0.0583

      Epoch    GPU_mem   box_loss   cls_loss   dfl_loss  Instances       Size
                   all        365      24440      0.483      0.123      0.116     0.0568

      Epoch    GPU_mem   box_loss   cls_loss   dfl_loss  Instances       Size
                   all        365      24440      0.302      0.133      0.131     0.0678

      Epoch    GPU_mem   box_loss   cls_loss   dfl_loss  Instances       Size
                   all        365      24440      0.307      0.134      0.136     0.0727

      Epoch    GPU_mem   box_loss   cls_loss   dfl_loss  Instances       Size
                   all        365      24440       0.21       0.13      0.121     0.0637

      Epoch    GPU_mem   box_loss   cls_loss   dfl_loss  Instances       Size
                   all        365      24440      0.239      0.136      0.136     0.0711

      Epoch    GPU_mem   box_loss   cls_loss   dfl_loss  Instances       Size
                   all        365      24440      0.245      0.139      0.139     0.0755

      Epoch    GPU_mem   box_loss   cls_loss   dfl_loss  Instances       Size
                   all        365      24440      0.174       0.14      0.139     0.0735

      Epoch    GPU_mem   box_loss   cls_loss   dfl_loss  Instances       Size
                   all        365      24440      0.317      0.144      0.148     0.0826

      Epoch    GPU_mem   box_loss   cls_loss   dfl_loss  Instances       Size
                   all        365      24440       0.24      0.144      0.142     0.0765

      Epoch    GPU_mem   box_loss   cls_loss   dfl_loss  Instances       Size
                   all        365      24440      0.257      0.142       0.15     0.0843

      Epoch    GPU_mem   box_loss   cls_loss   dfl_loss  Instances       Size
                   all        365      24440      0.257      0.146      0.152     0.0847

      Epoch    GPU_mem   box_loss   cls_loss   dfl_loss  Instances       Size
                   all        365      24440      0.251      0.147      0.149      0.083

      Epoch    GPU_mem   box_loss   cls_loss   dfl_loss  Instances       Size
                   all        365      24440      0.326      0.145      0.154      0.086

      Epoch    GPU_mem   box_loss   cls_loss   dfl_loss  Instances       Size
                   all        365      24440      0.258      0.147      0.154     0.0837

      Epoch    GPU_mem   box_loss   cls_loss   dfl_loss  Instances       Size
                   all        365      24440      0.261      0.148      0.156     0.0854

      Epoch    GPU_mem   box_loss   cls_loss   dfl_loss  Instances       Size
                   all        365      24440       0.26      0.147      0.154     0.0864

      Epoch    GPU_mem   box_loss   cls_loss   dfl_loss  Instances       Size
                   all        365      24440      0.261      0.148      0.156     0.0885

      Epoch    GPU_mem   box_loss   cls_loss   dfl_loss  Instances       Size
                   all        365      24440      0.265      0.152      0.159     0.0916

      Epoch    GPU_mem   box_loss   cls_loss   dfl_loss  Instances       Size
                   all        365      24440      0.261      0.151      0.158     0.0893

      Epoch    GPU_mem   box_loss   cls_loss   dfl_loss  Instances       Size
                   all        365      24440      0.264      0.154      0.161     0.0934

      Epoch    GPU_mem   box_loss   cls_loss   dfl_loss  Instances       Size
                   all        365      24440      0.261       0.15       0.16     0.0904

      Epoch    GPU_mem   box_loss   cls_loss   dfl_loss  Instances       Size
                   all        365      24440      0.264      0.148       0.16      0.092

      Epoch    GPU_mem   box_loss   cls_loss   dfl_loss  Instances       Size
                   all        365      24440      0.263       0.15      0.159     0.0897

      Epoch    GPU_mem   box_loss   cls_loss   dfl_loss  Instances       Size
                   all        365      24440      0.267      0.154      0.163     0.0937

      Epoch    GPU_mem   box_loss   cls_loss   dfl_loss  Instances       Size
                   all        365      24440      0.266      0.152       0.16     0.0943

      Epoch    GPU_mem   box_loss   cls_loss   dfl_loss  Instances       Size
                   all        365      24440      0.266      0.153      0.163     0.0936

      Epoch    GPU_mem   box_loss   cls_loss   dfl_loss  Instances       Size
                   all        365      24440      0.267      0.152      0.162     0.0949

      Epoch    GPU_mem   box_loss   cls_loss   dfl_loss  Instances       Size
                   all        365      24440      0.269      0.152      0.163     0.0939

      Epoch    GPU_mem   box_loss   cls_loss   dfl_loss  Instances       Size
                   all        365      24440      0.265      0.153      0.162     0.0937

      Epoch    GPU_mem   box_loss   cls_loss   dfl_loss  Instances       Size
                   all        365      24440       0.27      0.154      0.163     0.0951

      Epoch    GPU_mem   box_loss   cls_loss   dfl_loss  Instances       Size
                   all        365      24440       0.27      0.156      0.165     0.0964

      Epoch    GPU_mem   box_loss   cls_loss   dfl_loss  Instances       Size
                   all        365      24440       0.27      0.155      0.166     0.0976

      Epoch    GPU_mem   box_loss   cls_loss   dfl_loss  Instances       Size
                   all        365      24440      0.269      0.153      0.165     0.0969

      Epoch    GPU_mem   box_loss   cls_loss   dfl_loss  Instances       Size
                   all        365      24440      0.268      0.154      0.164     0.0964

      Epoch    GPU_mem   box_loss   cls_loss   dfl_loss  Instances       Size
                   all        365      24440       0.27      0.154      0.166     0.0978
Closing dataloader mosaic

      Epoch    GPU_mem   box_loss   cls_loss   dfl_loss  Instances       Size
                   all        365      24440      0.271      0.153      0.165     0.0981

      Epoch    GPU_mem   box_loss   cls_loss   dfl_loss  Instances       Size
                   all        365      24440      0.269      0.154      0.164     0.0964

      Epoch    GPU_mem   box_loss   cls_loss   dfl_loss  Instances       Size
                   all        365      24440      0.267      0.155      0.164     0.0972

      Epoch    GPU_mem   box_loss   cls_loss   dfl_loss  Instances       Size
                   all        365      24440      0.269      0.156      0.166     0.0988

      Epoch    GPU_mem   box_loss   cls_loss   dfl_loss  Instances       Size
                   all        365      24440      0.267      0.155      0.165     0.0978

      Epoch    GPU_mem   box_loss   cls_loss   dfl_loss  Instances       Size
                   all        365      24440      0.269      0.154      0.165     0.0992

      Epoch    GPU_mem   box_loss   cls_loss   dfl_loss  Instances       Size
                   all        365      24440      0.267      0.156      0.166     0.0986

      Epoch    GPU_mem   box_loss   cls_loss   dfl_loss  Instances       Size
                   all        365      24440      0.268      0.156      0.166     0.0995

      Epoch    GPU_mem   box_loss   cls_loss   dfl_loss  Instances       Size
                   all        365      24440       0.27      0.155      0.166     0.0992

      Epoch    GPU_mem   box_loss   cls_loss   dfl_loss  Instances       Size
                   all        365      24440       0.27      0.156      0.166        0.1

50 epochs completed in 0.756 hours.
Optimizer stripped from /home/ddwilde/scriptie/runs/dota_saab_upper/upper-saab2/weights/last.pt, 19.1MB
Optimizer stripped from /home/ddwilde/scriptie/runs/dota_saab_upper/upper-saab2/weights/best.pt, 19.1MB

Validating /home/ddwilde/scriptie/runs/dota_saab_upper/upper-saab2/weights/best.pt...
EDNet 1.0 ✅ Python-3.10.4 ✅ torch-2.8.0+cu128 ✅CUDA:0 (NVIDIA A100-SXM4-40GB, 40441MiB)
ednet-s summary (fused): 394 layers, 9,301,768 parameters, 0 gradients
                   all        365      24440      0.269      0.156      0.166     0.0999
                 plane         49       1783      0.792      0.603      0.627      0.376
                  ship         84       8385      0.834      0.511      0.573      0.303
          storage-tank         43       2345          0          0          0          0
      baseball-diamond         46        185          0          0          0          0
          tennis-court         75        639          0          0          0          0
      basketball-court         28        110          0          0          0          0
    ground-track-field         58        119          0          0          0          0
                harbor         90       1684          0          0          0          0
                bridge         61        406          0          0          0          0
         large-vehicle         83       3527      0.789      0.727      0.765      0.523
         small-vehicle         99       4549      0.627      0.496      0.513      0.286
            helicopter          7         42          1          0      0.018     0.0112
            roundabout         49        142          0          0          0          0
     soccer-ball-field         52        127          0          0          0          0
         swimming-pool         34        397          0          0          0          0
Speed: 0.1ms preprocess, 1.9ms inference, 0.0ms loss, 0.1ms postprocess per image
Results saved to [1m/home/ddwilde/scriptie/runs/dota_saab_upper/upper-saab2[0m
Training finished. Results saved in: /home/ddwilde/scriptie/runs/dota_saab_upper/upper-saab2
