EDNet 1.0 ✅ Python-3.10.4 ✅ torch-2.8.0+cu128 ✅CUDA:0 (NVIDIA A100-SXM4-40GB, 40441MiB)
[34m[1mengine/trainer: [0mtask=detect, mode=train, model=/home/ddwilde/scriptie/pretrained/small.pt, data=/home/ddwilde/scriptie/yaml/DOTA.yaml, epochs=50, time=None, patience=100, batch=4, imgsz=640, save=True, save_period=-1, cache=False, device=None, workers=8, project=/home/ddwilde/scriptie/runs/dota_saab_upper, name=upper-saab, exist_ok=False, pretrained=True, optimizer=auto, verbose=True, seed=0, deterministic=True, single_cls=False, rect=False, cos_lr=False, close_mosaic=10, resume=False, amp=True, fraction=1.0, profile=False, freeze=None, multi_scale=False, lora={'enable': False, 'rank': 8, 'alpha': 16.0, 'dropout': 0.0, 'feature_pyramid_indices': [16, 22, 25], 'include_detection_head': True, 'freeze_backbone': True, 'adapter_dir': 'adapters', 'init_adapter': None}, continual={'enable': False, 'batches': [], 'adapter_strategy': 'last', 'save_history': True}, replay={'enable': False, 'tap_layers': {'P3': 16, 'P4': 25}, 'tiny_max_pixels': 128, 'context_scale': 1.5, 'buffer_per_class': 64, 'sample_per_batch': 16, 'loss_weight': 1.0, 'scale_weighting': 'stride', 'store_dir': 'replay', 'buffer_file': 'buffer.pt', 'init_buffer': None, 'carryover_growth': 1.5, 'memory_dir': None, 'memory_ratio': 0.25}, stage={'active_classes': None, 'prev_classes': None}, overlap_mask=True, mask_ratio=4, dropout=0.0, val=True, split=val, save_json=False, save_hybrid=False, conf=None, iou=0.7, max_det=300, half=False, dnn=False, plots=True, source=None, vid_stride=1, stream_buffer=False, visualize=False, augment=False, agnostic_nms=False, classes=None, retina_masks=False, embed=None, show=False, save_frames=False, save_txt=False, save_conf=False, save_crop=False, show_labels=True, show_conf=True, show_boxes=True, line_width=None, format=torchscript, keras=False, optimize=False, int8=False, dynamic=False, simplify=False, opset=None, workspace=4, nms=False, lr0=0.01, lrf=0.01, momentum=0.937, weight_decay=0.0005, warmup_epochs=3.0, warmup_momentum=0.8, warmup_bias_lr=0.1, box=7.5, cls=0.5, dfl=1.5, pose=12.0, kobj=1.0, label_smoothing=0.0, nbs=64, hsv_h=0.015, hsv_s=0.7, hsv_v=0.4, degrees=0.0, translate=0.1, scale=0.5, shear=0.0, perspective=0.0, flipud=0.0, fliplr=0.5, bgr=0.0, mosaic=1.0, mixup=0.0, copy_paste=0.0, auto_augment=randaugment, erasing=0.4, crop_fraction=1.0, cfg=None, tracker=botsort.yaml, save_dir=/home/ddwilde/scriptie/runs/dota_saab_upper/upper-saab
Overriding model.yaml nc=10 with nc=15

                   from  n    params  module                                       arguments                     
  0                  -1  1       928  ednet.nn.modules.conv.Conv                   [3, 32, 3, 2]                 
  1                  -1  1     18560  ednet.nn.modules.conv.Conv                   [32, 64, 3, 2]                
  2                  -1  1     29056  ednet.nn.modules.block.C2f                   [64, 64, 1, True]             
  3                  -1  1     73984  ednet.nn.modules.conv.Conv                   [64, 128, 3, 2]               
  4                  -1  2    197632  ednet.nn.modules.block.C2f                   [128, 128, 2, True]           
  5                  -1  1    295424  ednet.nn.modules.conv.Conv                   [128, 256, 3, 2]              
  6                  -1  2    420864  ednet.nn.modules.block.C2f_FCA               [256, 256, 2, True]           
  7                  -1  1   1180672  ednet.nn.modules.conv.Conv                   [256, 512, 3, 2]              
  8                  -1  1   1095680  ednet.nn.modules.block.C2f_FCA               [512, 512, 1, True]           
  9                  -1  1    656896  ednet.nn.modules.block.SPPF                  [512, 512, 5]                 
 10                  -1  1    990976  ednet.nn.modules.block.PSA                   [512, 512]                    
 11                  -1  1         0  torch.nn.modules.upsampling.Upsample         [None, 2, 'nearest']          
 12             [-1, 6]  1         0  ednet.nn.modules.conv.Concat                 [1]                           
 13                  -1  1    591360  ednet.nn.modules.block.C2f                   [768, 256, 1]                 
 14                  -1  1         0  torch.nn.modules.upsampling.Upsample         [None, 2, 'nearest']          
 15             [-1, 4]  1         0  ednet.nn.modules.conv.Concat                 [1]                           
 16                  -1  1    148224  ednet.nn.modules.block.C2f                   [384, 128, 1]                 
 17                  -1  1         0  torch.nn.modules.upsampling.Upsample         [None, 2, 'nearest']          
 18             [-1, 2]  1         0  ednet.nn.modules.conv.Concat                 [1]                           
 19                  -1  1     37248  ednet.nn.modules.block.C2f                   [192, 64, 1]                  
 20                  -1  1     36992  ednet.nn.modules.conv.Conv                   [64, 64, 3, 2]                
 21            [-1, 16]  1         0  ednet.nn.modules.conv.Concat                 [1]                           
 22                  -1  1    123648  ednet.nn.modules.block.C2f                   [192, 128, 1]                 
 23                  -1  1    147712  ednet.nn.modules.conv.Conv                   [128, 128, 3, 2]              
 24            [-1, 13]  1         0  ednet.nn.modules.conv.Concat                 [1]                           
 25                  -1  1    493056  ednet.nn.modules.block.C2f                   [384, 256, 1]                 
 26                  -1  1     68864  ednet.nn.modules.block.SCDown                [256, 256, 3, 2]              
 27             [-1, 9]  1         0  ednet.nn.modules.conv.Concat                 [1]                           
 28                  -1  1   1089536  ednet.nn.modules.block.C2fCIB                [768, 512, 1, True, True]     
 29    [19, 22, 25, 28]  1   1628424  ednet.nn.modules.head.v10Detect              [15, [64, 128, 256, 512]]     
ednet-s summary: 510 layers, 9,325,736 parameters, 9,325,720 gradients

Transferred 737/753 items from pretrained weights
[34m[1mTensorBoard: [0mStart with 'tensorboard --logdir /home/ddwilde/scriptie/runs/dota_saab_upper/upper-saab', view at http://localhost:6006/
Freezing layer 'model.29.dfl.conv.weight'
[34m[1mAMP: [0mrunning Automatic Mixed Precision (AMP) checks with YOLOv8n...
[34m[1mAMP: [0mchecks passed ✅
Plotting labels to /home/ddwilde/scriptie/runs/dota_saab_upper/upper-saab/labels.jpg... 
[34m[1moptimizer:[0m 'optimizer=auto' found, ignoring 'lr0=0.01' and 'momentum=0.937' and determining best 'optimizer', 'lr0' and 'momentum' automatically... 
[34m[1moptimizer:[0m AdamW(lr=0.000526, momentum=0.9) with parameter groups 117 weight(decay=0.0), 146 weight(decay=0.0005), 139 bias(decay=0.0)
[34m[1mTensorBoard: [0mmodel graph visualization added ✅
Image sizes 640 train, 640 val
Using 8 dataloader workers
Logging results to [1m/home/ddwilde/scriptie/runs/dota_saab_upper/upper-saab[0m
Starting training for 50 epochs...

      Epoch    GPU_mem   box_loss   cls_loss   dfl_loss  Instances       Size
                   all        365      24440      0.542     0.0726     0.0502     0.0294

      Epoch    GPU_mem   box_loss   cls_loss   dfl_loss  Instances       Size
                   all        365      24440      0.409      0.132      0.106     0.0598

      Epoch    GPU_mem   box_loss   cls_loss   dfl_loss  Instances       Size
                   all        365      24440      0.416      0.162      0.148     0.0831

      Epoch    GPU_mem   box_loss   cls_loss   dfl_loss  Instances       Size
                   all        365      24440      0.528       0.17      0.164     0.0947

      Epoch    GPU_mem   box_loss   cls_loss   dfl_loss  Instances       Size
                   all        365      24440      0.406      0.192      0.188      0.109

      Epoch    GPU_mem   box_loss   cls_loss   dfl_loss  Instances       Size
                   all        365      24440       0.42      0.211      0.198      0.116

      Epoch    GPU_mem   box_loss   cls_loss   dfl_loss  Instances       Size
                   all        365      24440      0.419      0.218      0.213       0.12

      Epoch    GPU_mem   box_loss   cls_loss   dfl_loss  Instances       Size
                   all        365      24440      0.368      0.235      0.226      0.133

      Epoch    GPU_mem   box_loss   cls_loss   dfl_loss  Instances       Size
                   all        365      24440      0.364      0.246      0.223      0.127

      Epoch    GPU_mem   box_loss   cls_loss   dfl_loss  Instances       Size
                   all        365      24440      0.423      0.245      0.243      0.139

      Epoch    GPU_mem   box_loss   cls_loss   dfl_loss  Instances       Size
                   all        365      24440      0.477      0.261      0.259      0.151

      Epoch    GPU_mem   box_loss   cls_loss   dfl_loss  Instances       Size
                   all        365      24440      0.502       0.26      0.258      0.151

      Epoch    GPU_mem   box_loss   cls_loss   dfl_loss  Instances       Size
                   all        365      24440      0.472      0.272      0.267      0.158

      Epoch    GPU_mem   box_loss   cls_loss   dfl_loss  Instances       Size
                   all        365      24440      0.516      0.279       0.27      0.157

      Epoch    GPU_mem   box_loss   cls_loss   dfl_loss  Instances       Size
                   all        365      24440      0.529       0.29      0.287      0.167

      Epoch    GPU_mem   box_loss   cls_loss   dfl_loss  Instances       Size
                   all        365      24440      0.613      0.287      0.291      0.168

      Epoch    GPU_mem   box_loss   cls_loss   dfl_loss  Instances       Size
                   all        365      24440      0.623      0.304      0.297      0.172

      Epoch    GPU_mem   box_loss   cls_loss   dfl_loss  Instances       Size
                   all        365      24440      0.561      0.306      0.304      0.173

      Epoch    GPU_mem   box_loss   cls_loss   dfl_loss  Instances       Size
                   all        365      24440      0.573      0.314      0.308      0.178

      Epoch    GPU_mem   box_loss   cls_loss   dfl_loss  Instances       Size
                   all        365      24440       0.61      0.316      0.318      0.181

      Epoch    GPU_mem   box_loss   cls_loss   dfl_loss  Instances       Size
                   all        365      24440      0.599       0.32      0.318      0.186

      Epoch    GPU_mem   box_loss   cls_loss   dfl_loss  Instances       Size
                   all        365      24440      0.603      0.317      0.318      0.188

      Epoch    GPU_mem   box_loss   cls_loss   dfl_loss  Instances       Size
                   all        365      24440      0.578      0.326       0.33      0.195

      Epoch    GPU_mem   box_loss   cls_loss   dfl_loss  Instances       Size
                   all        365      24440      0.616      0.321      0.326      0.193

      Epoch    GPU_mem   box_loss   cls_loss   dfl_loss  Instances       Size
                   all        365      24440      0.604      0.321       0.33      0.199

      Epoch    GPU_mem   box_loss   cls_loss   dfl_loss  Instances       Size
                   all        365      24440      0.608      0.325      0.331      0.194

      Epoch    GPU_mem   box_loss   cls_loss   dfl_loss  Instances       Size
                   all        365      24440      0.603       0.32      0.341      0.201

      Epoch    GPU_mem   box_loss   cls_loss   dfl_loss  Instances       Size
                   all        365      24440      0.625      0.333      0.347      0.205

      Epoch    GPU_mem   box_loss   cls_loss   dfl_loss  Instances       Size
                   all        365      24440      0.643      0.329      0.346      0.202

      Epoch    GPU_mem   box_loss   cls_loss   dfl_loss  Instances       Size
                   all        365      24440      0.642       0.34      0.352       0.21

      Epoch    GPU_mem   box_loss   cls_loss   dfl_loss  Instances       Size
                   all        365      24440       0.62      0.352      0.354       0.21

      Epoch    GPU_mem   box_loss   cls_loss   dfl_loss  Instances       Size
                   all        365      24440      0.627      0.344      0.353      0.209

      Epoch    GPU_mem   box_loss   cls_loss   dfl_loss  Instances       Size
                   all        365      24440      0.632      0.342      0.354      0.209

      Epoch    GPU_mem   box_loss   cls_loss   dfl_loss  Instances       Size
                   all        365      24440      0.617      0.357      0.357      0.214

      Epoch    GPU_mem   box_loss   cls_loss   dfl_loss  Instances       Size
                   all        365      24440      0.624       0.36      0.358      0.213

      Epoch    GPU_mem   box_loss   cls_loss   dfl_loss  Instances       Size
                   all        365      24440      0.658       0.34      0.357      0.212

      Epoch    GPU_mem   box_loss   cls_loss   dfl_loss  Instances       Size
                   all        365      24440       0.65      0.346      0.363      0.218

      Epoch    GPU_mem   box_loss   cls_loss   dfl_loss  Instances       Size
                   all        365      24440      0.619      0.356      0.361      0.218

      Epoch    GPU_mem   box_loss   cls_loss   dfl_loss  Instances       Size
                   all        365      24440      0.645      0.354      0.365      0.221

      Epoch    GPU_mem   box_loss   cls_loss   dfl_loss  Instances       Size
                   all        365      24440       0.64      0.363      0.369      0.222
Closing dataloader mosaic

      Epoch    GPU_mem   box_loss   cls_loss   dfl_loss  Instances       Size
                   all        365      24440      0.637      0.352      0.361      0.218

      Epoch    GPU_mem   box_loss   cls_loss   dfl_loss  Instances       Size
                   all        365      24440       0.63      0.357      0.365       0.22

      Epoch    GPU_mem   box_loss   cls_loss   dfl_loss  Instances       Size
                   all        365      24440      0.633      0.361      0.367      0.221

      Epoch    GPU_mem   box_loss   cls_loss   dfl_loss  Instances       Size
                   all        365      24440      0.645      0.358      0.372      0.226

      Epoch    GPU_mem   box_loss   cls_loss   dfl_loss  Instances       Size
                   all        365      24440      0.654      0.359      0.364      0.221

      Epoch    GPU_mem   box_loss   cls_loss   dfl_loss  Instances       Size
                   all        365      24440      0.632      0.367      0.373      0.227

      Epoch    GPU_mem   box_loss   cls_loss   dfl_loss  Instances       Size
                   all        365      24440      0.651      0.363      0.372      0.226

      Epoch    GPU_mem   box_loss   cls_loss   dfl_loss  Instances       Size
                   all        365      24440      0.652      0.364      0.376       0.23

      Epoch    GPU_mem   box_loss   cls_loss   dfl_loss  Instances       Size
                   all        365      24440      0.668      0.363      0.375       0.23

      Epoch    GPU_mem   box_loss   cls_loss   dfl_loss  Instances       Size
                   all        365      24440      0.684      0.363      0.373      0.228

50 epochs completed in 0.729 hours.
Optimizer stripped from /home/ddwilde/scriptie/runs/dota_saab_upper/upper-saab/weights/last.pt, 19.1MB
Optimizer stripped from /home/ddwilde/scriptie/runs/dota_saab_upper/upper-saab/weights/best.pt, 19.1MB

Validating /home/ddwilde/scriptie/runs/dota_saab_upper/upper-saab/weights/best.pt...
EDNet 1.0 ✅ Python-3.10.4 ✅ torch-2.8.0+cu128 ✅CUDA:0 (NVIDIA A100-SXM4-40GB, 40441MiB)
ednet-s summary (fused): 394 layers, 9,301,768 parameters, 0 gradients
                   all        365      24440      0.651      0.365      0.376      0.229
                 plane         49       1783      0.781      0.607      0.638      0.392
                  ship         84       8385      0.809       0.52      0.589       0.32
          storage-tank         43       2345      0.714      0.195      0.285      0.147
      baseball-diamond         46        185      0.516      0.236      0.259      0.141
          tennis-court         75        639      0.792      0.876      0.903       0.77
      basketball-court         28        110      0.701      0.404        0.4      0.267
    ground-track-field         58        119       0.54      0.178      0.179      0.107
                harbor         90       1684      0.576      0.567      0.515      0.228
                bridge         61        406          1          0     0.0295     0.0115
         large-vehicle         83       3527      0.733      0.757      0.759      0.517
         small-vehicle         99       4549      0.452      0.565      0.509      0.278
            helicopter          7         42          1          0     0.0191       0.01
            roundabout         49        142      0.302     0.0282     0.0329     0.0205
     soccer-ball-field         52        127      0.378      0.181      0.162      0.109
         swimming-pool         34        397      0.476      0.364      0.354      0.124
Speed: 0.1ms preprocess, 1.9ms inference, 0.0ms loss, 0.1ms postprocess per image
Results saved to [1m/home/ddwilde/scriptie/runs/dota_saab_upper/upper-saab[0m
Training finished. Results saved in: /home/ddwilde/scriptie/runs/dota_saab_upper/upper-saab
