Epoch 1
  [loss hits: which prototype was nearest each embedding]
    level=P2 cls=0 | coarse:14335, fine_0:98, fine_1:9336, fine_2:4012, fine_3:1547
    level=P2 cls=1 | coarse:346, fine_0:26, fine_1:5378, fine_2:4602, fine_3:2018
    level=P3 cls=0 | coarse:879, fine_0:547, fine_1:207, fine_2:10, fine_3:607
    level=P3 cls=1 | coarse:3194, fine_0:507, fine_1:2277, fine_2:561, fine_3:2739
    level=P4 cls=0 | coarse:1, fine_0:2, fine_1:9, fine_2:4, fine_3:2
    level=P4 cls=1 | coarse:618, fine_0:38, fine_1:282, fine_2:247, fine_3:541
  [fine-win rate] 35597/54970 embeddings preferred a fine proto over the coarse (64.8%)

Epoch 2
  [loss hits: which prototype was nearest each embedding]
    level=P2 cls=0 | coarse:7544, fine_0:4824, fine_1:15370, fine_2:1248, fine_3:6392
    level=P2 cls=1 | coarse:144, fine_0:38, fine_1:5667, fine_2:4203, fine_3:2654
    level=P3 cls=0 | coarse:1147, fine_0:499, fine_1:43, fine_2:29, fine_3:748
    level=P3 cls=1 | coarse:3289, fine_0:77, fine_1:3758, fine_2:722, fine_3:2140
    level=P4 cls=0 | coarse:7, fine_0:4, fine_1:1, fine_3:16
    level=P4 cls=1 | coarse:825, fine_0:20, fine_1:6, fine_2:3, fine_3:844
  [fine-win rate] 49306/62262 embeddings preferred a fine proto over the coarse (79.2%)

Epoch 3
  [loss hits: which prototype was nearest each embedding]
    level=P2 cls=0 | coarse:6570, fine_0:7150, fine_1:16813, fine_2:899, fine_3:700
    level=P2 cls=1 | coarse:255, fine_0:78, fine_1:7059, fine_2:5479, fine_3:2379
    level=P3 cls=0 | coarse:738, fine_0:439, fine_1:13, fine_2:71, fine_3:431
    level=P3 cls=1 | coarse:2887, fine_0:47, fine_1:3024, fine_2:1908, fine_3:3028
    level=P4 cls=0 | coarse:9, fine_3:13
    level=P4 cls=1 | coarse:751, fine_0:121, fine_1:7, fine_2:3, fine_3:874
  [fine-win rate] 50536/61746 embeddings preferred a fine proto over the coarse (81.8%)

Epoch 4
  [loss hits: which prototype was nearest each embedding]
    level=P2 cls=0 | coarse:5751, fine_0:6248, fine_1:12835, fine_2:801, fine_3:265
    level=P2 cls=1 | coarse:43, fine_0:23, fine_1:5666, fine_2:4978, fine_3:1788
    level=P3 cls=0 | coarse:1089, fine_0:813, fine_1:21, fine_2:75, fine_3:528
    level=P3 cls=1 | coarse:2830, fine_0:18, fine_1:2437, fine_2:847, fine_3:2816
    level=P4 cls=0 | coarse:21, fine_3:21
    level=P4 cls=1 | coarse:914, fine_0:168, fine_1:6, fine_2:3, fine_3:1085
  [fine-win rate] 41442/52090 embeddings preferred a fine proto over the coarse (79.6%)

Epoch 5
  [loss hits: which prototype was nearest each embedding]
    level=P2 cls=0 | coarse:6915, fine_0:7881, fine_1:17721, fine_2:1022, fine_3:241
    level=P2 cls=1 | coarse:140, fine_0:98, fine_1:7437, fine_2:4487, fine_3:2118
    level=P3 cls=0 | coarse:770, fine_0:757, fine_1:40, fine_2:167, fine_3:534
    level=P3 cls=1 | coarse:2701, fine_0:53, fine_1:1506, fine_2:1133, fine_3:3611
    level=P4 cls=0 | coarse:14, fine_0:1, fine_1:1, fine_3:18
    level=P4 cls=1 | coarse:638, fine_0:101, fine_1:1, fine_2:1, fine_3:739
  [fine-win rate] 49668/60846 embeddings preferred a fine proto over the coarse (81.6%)

Epoch 6
  [loss hits: which prototype was nearest each embedding]
    level=P2 cls=0 | coarse:6492, fine_0:7838, fine_1:15641, fine_2:904, fine_3:159
    level=P2 cls=1 | coarse:38, fine_0:30, fine_1:6135, fine_2:5291, fine_3:2034
    level=P3 cls=0 | coarse:322, fine_0:548, fine_1:16, fine_2:254, fine_3:438
    level=P3 cls=1 | coarse:3394, fine_0:21, fine_1:2227, fine_2:661, fine_3:4561
    level=P4 cls=0 | coarse:30, fine_3:30
    level=P4 cls=1 | coarse:850, fine_0:48, fine_3:898
  [fine-win rate] 47734/58860 embeddings preferred a fine proto over the coarse (81.1%)

