Epoch 1
  [loss hits: which prototype was nearest each embedding]
    level=P2 cls=0 | coarse:3811, fine_0:909, fine_1:8140, fine_2:817, fine_3:973
    level=P2 cls=1 | coarse:3331, fine_0:191, fine_1:5687, fine_2:7269, fine_3:930
    level=P3 cls=0 | coarse:174, fine_0:1318, fine_1:39, fine_2:238, fine_3:143
    level=P3 cls=1 | coarse:3497, fine_0:630, fine_1:2069, fine_2:5629, fine_3:1331
    level=P4 cls=0 | coarse:5, fine_0:1, fine_2:12
    level=P4 cls=1 | coarse:621, fine_0:479, fine_1:340, fine_2:1340
  [fine-win rate] 38485/49924 embeddings preferred a fine proto over the coarse (77.1%)

Epoch 2
  [loss hits: which prototype was nearest each embedding]
    level=P2 cls=0 | coarse:6199, fine_0:702, fine_1:7864, fine_2:1156, fine_3:989
    level=P2 cls=1 | coarse:1984, fine_0:116, fine_1:8061, fine_2:6056, fine_3:123
    level=P3 cls=0 | coarse:194, fine_0:1542, fine_1:66, fine_2:113, fine_3:15
    level=P3 cls=1 | coarse:2850, fine_0:10, fine_1:3504, fine_2:6712, fine_3:328
    level=P4 cls=0 | coarse:6, fine_2:6
    level=P4 cls=1 | coarse:491, fine_0:793, fine_1:5, fine_2:1289
  [fine-win rate] 39450/51174 embeddings preferred a fine proto over the coarse (77.1%)

Epoch 3
  [loss hits: which prototype was nearest each embedding]
    level=P2 cls=0 | coarse:5833, fine_0:808, fine_1:5547, fine_2:1030, fine_3:474
    level=P2 cls=1 | coarse:1917, fine_0:161, fine_1:8151, fine_2:6191, fine_3:64
    level=P3 cls=0 | coarse:496, fine_0:1058, fine_1:203, fine_2:79, fine_3:14
    level=P3 cls=1 | coarse:1984, fine_0:8, fine_1:4579, fine_2:6949, fine_3:60
    level=P4 cls=0 | coarse:30, fine_0:1, fine_2:35
    level=P4 cls=1 | coarse:1132, fine_0:146, fine_1:1, fine_2:1277
  [fine-win rate] 36836/48228 embeddings preferred a fine proto over the coarse (76.4%)

Epoch 4
  [loss hits: which prototype was nearest each embedding]
    level=P2 cls=0 | coarse:7409, fine_0:594, fine_1:4084, fine_2:473, fine_3:302
    level=P2 cls=1 | coarse:1425, fine_0:102, fine_1:7742, fine_2:6344, fine_3:27
    level=P3 cls=0 | coarse:731, fine_0:1427, fine_1:185, fine_2:33, fine_3:14
    level=P3 cls=1 | coarse:981, fine_0:6, fine_1:6071, fine_2:7131, fine_3:45
    level=P4 cls=0 | coarse:20, fine_2:20
    level=P4 cls=1 | coarse:1387, fine_0:79, fine_1:6, fine_2:1472
  [fine-win rate] 36157/48110 embeddings preferred a fine proto over the coarse (75.2%)

Epoch 5
  [loss hits: which prototype was nearest each embedding]
    level=P2 cls=0 | coarse:8819, fine_0:838, fine_1:5968, fine_2:226, fine_3:369
    level=P2 cls=1 | coarse:1082, fine_0:91, fine_1:7731, fine_2:6672, fine_3:22
    level=P3 cls=0 | coarse:663, fine_0:993, fine_1:433, fine_2:27, fine_3:8
    level=P3 cls=1 | coarse:771, fine_0:5, fine_1:6203, fine_2:7062, fine_3:17
    level=P4 cls=0 | coarse:6, fine_2:6
    level=P4 cls=1 | coarse:1233, fine_0:89, fine_1:4, fine_2:1324
  [fine-win rate] 38088/50662 embeddings preferred a fine proto over the coarse (75.2%)

Epoch 6
  [loss hits: which prototype was nearest each embedding]
    level=P2 cls=0 | coarse:8294, fine_0:667, fine_1:4873, fine_2:188, fine_3:214
    level=P2 cls=1 | coarse:1374, fine_0:87, fine_1:7658, fine_2:6319, fine_3:22
    level=P3 cls=0 | coarse:391, fine_0:825, fine_1:491, fine_2:9, fine_3:10
    level=P3 cls=1 | coarse:779, fine_0:4, fine_1:6661, fine_2:7530, fine_3:12
    level=P4 cls=0 | coarse:30, fine_2:30
    level=P4 cls=1 | coarse:1533, fine_0:30, fine_1:1, fine_2:1564
  [fine-win rate] 37195/49596 embeddings preferred a fine proto over the coarse (75.0%)

Epoch 7
  [loss hits: which prototype was nearest each embedding]
    level=P2 cls=0 | coarse:7834, fine_0:773, fine_1:5559, fine_2:132, fine_3:180
    level=P2 cls=1 | coarse:1374, fine_0:70, fine_1:7531, fine_2:6171, fine_3:16
    level=P3 cls=0 | coarse:484, fine_0:1168, fine_1:735, fine_2:30, fine_3:9
    level=P3 cls=1 | coarse:899, fine_0:2, fine_1:6295, fine_2:7246, fine_3:12
    level=P4 cls=0 | coarse:19, fine_2:19
    level=P4 cls=1 | coarse:1498, fine_0:22, fine_2:1520
  [fine-win rate] 37490/49598 embeddings preferred a fine proto over the coarse (75.6%)

Epoch 8
  [loss hits: which prototype was nearest each embedding]
    level=P2 cls=0 | coarse:8698, fine_0:685, fine_1:6531, fine_2:149, fine_3:189
    level=P2 cls=1 | coarse:1521, fine_0:64, fine_1:9228, fine_2:7725, fine_3:20
    level=P3 cls=0 | coarse:636, fine_0:1151, fine_1:481, fine_2:22, fine_3:8
    level=P3 cls=1 | coarse:841, fine_1:5707, fine_2:6632, fine_3:12
    level=P4 cls=0 | coarse:8, fine_2:8
    level=P4 cls=1 | coarse:1302, fine_0:29, fine_1:1, fine_2:1332
  [fine-win rate] 39974/52980 embeddings preferred a fine proto over the coarse (75.5%)

Epoch 9
  [loss hits: which prototype was nearest each embedding]
    level=P2 cls=0 | coarse:7401, fine_0:479, fine_1:6589, fine_2:111, fine_3:192
    level=P2 cls=1 | coarse:1144, fine_0:33, fine_1:7697, fine_2:6551, fine_3:13
    level=P3 cls=0 | coarse:474, fine_0:875, fine_1:466, fine_2:19, fine_3:6
    level=P3 cls=1 | coarse:714, fine_0:4, fine_1:6702, fine_2:7516, fine_3:20
    level=P4 cls=0 | coarse:35, fine_2:35
    level=P4 cls=1 | coarse:1702, fine_0:29, fine_2:1733
  [fine-win rate] 39070/50540 embeddings preferred a fine proto over the coarse (77.3%)

Epoch 10
  [loss hits: which prototype was nearest each embedding]
    level=P2 cls=0 | coarse:8698, fine_0:964, fine_1:6163, fine_2:86, fine_3:151
    level=P2 cls=1 | coarse:1239, fine_0:40, fine_1:7557, fine_2:6307, fine_3:19
    level=P3 cls=0 | coarse:560, fine_0:1175, fine_1:663, fine_2:12, fine_3:8
    level=P3 cls=1 | coarse:831, fine_0:2, fine_1:6174, fine_2:7109, fine_3:8
    level=P4 cls=0 | coarse:7, fine_0:1, fine_2:8
    level=P4 cls=1 | coarse:1423, fine_0:57, fine_2:1480
  [fine-win rate] 37984/50742 embeddings preferred a fine proto over the coarse (74.9%)

Epoch 11
  [loss hits: which prototype was nearest each embedding]
    level=P2 cls=0 | coarse:6818, fine_0:545, fine_1:6155, fine_2:85, fine_3:207
    level=P2 cls=1 | coarse:1198, fine_0:44, fine_1:8250, fine_2:7082, fine_3:22
    level=P3 cls=0 | coarse:335, fine_0:933, fine_1:712, fine_2:17, fine_3:5
    level=P3 cls=1 | coarse:774, fine_0:2, fine_1:5851, fine_2:6680, fine_3:29
    level=P4 cls=0 | coarse:24, fine_2:24
    level=P4 cls=1 | coarse:1750, fine_0:21, fine_1:4, fine_2:1772, fine_3:1
  [fine-win rate] 38441/49340 embeddings preferred a fine proto over the coarse (77.9%)

Epoch 12
  [loss hits: which prototype was nearest each embedding]
    level=P2 cls=0 | coarse:7948, fine_0:628, fine_1:6695, fine_2:83, fine_3:142
    level=P2 cls=1 | coarse:893, fine_0:38, fine_1:6663, fine_2:5757, fine_3:15
    level=P3 cls=0 | coarse:283, fine_0:914, fine_1:733, fine_2:8, fine_3:4
    level=P3 cls=1 | coarse:471, fine_0:3, fine_1:5836, fine_2:6369, fine_3:29
    level=P4 cls=0 | coarse:10, fine_2:10
    level=P4 cls=1 | coarse:1340, fine_0:4, fine_2:1344
  [fine-win rate] 35275/46220 embeddings preferred a fine proto over the coarse (76.3%)

Epoch 13
  [loss hits: which prototype was nearest each embedding]
    level=P2 cls=0 | coarse:6569, fine_0:448, fine_1:6798, fine_2:32, fine_3:109
    level=P2 cls=1 | coarse:1037, fine_0:44, fine_1:6775, fine_2:5760, fine_3:8
    level=P3 cls=0 | coarse:238, fine_0:1042, fine_1:897, fine_2:9, fine_3:12
    level=P3 cls=1 | coarse:586, fine_0:2, fine_1:6443, fine_2:7108, fine_3:11
    level=P4 cls=0 | coarse:34, fine_2:34
    level=P4 cls=1 | coarse:1519, fine_0:14, fine_1:2, fine_2:1535
  [fine-win rate] 37083/47066 embeddings preferred a fine proto over the coarse (78.8%)

Epoch 14
  [loss hits: which prototype was nearest each embedding]
    level=P2 cls=0 | coarse:6715, fine_0:543, fine_1:6582, fine_2:44, fine_3:88
    level=P2 cls=1 | coarse:1302, fine_0:34, fine_1:7412, fine_2:6100, fine_3:20
    level=P3 cls=0 | coarse:189, fine_0:961, fine_1:853, fine_2:7, fine_3:4
    level=P3 cls=1 | coarse:481, fine_0:4, fine_1:6673, fine_2:7201, fine_3:9
    level=P4 cls=0 | coarse:43, fine_0:4, fine_2:36, fine_3:1
    level=P4 cls=1 | coarse:1258, fine_0:7, fine_1:3, fine_2:1268
  [fine-win rate] 37854/47842 embeddings preferred a fine proto over the coarse (79.1%)

Epoch 15
  [loss hits: which prototype was nearest each embedding]
    level=P2 cls=0 | coarse:6034, fine_0:622, fine_1:6604, fine_2:49, fine_3:109
    level=P2 cls=1 | coarse:1141, fine_0:33, fine_1:8214, fine_2:7087, fine_3:15
    level=P3 cls=0 | coarse:278, fine_0:1381, fine_1:1176, fine_2:6, fine_3:1
    level=P3 cls=1 | coarse:607, fine_1:6127, fine_2:6759, fine_3:13
    level=P4 cls=0 | coarse:35, fine_2:35
    level=P4 cls=1 | coarse:1353, fine_0:9, fine_1:1, fine_2:1363
  [fine-win rate] 39604/49052 embeddings preferred a fine proto over the coarse (80.7%)

Epoch 16
  [loss hits: which prototype was nearest each embedding]
    level=P2 cls=0 | coarse:5893, fine_0:622, fine_1:7089, fine_2:39, fine_3:63
    level=P2 cls=1 | coarse:1280, fine_0:34, fine_1:8718, fine_2:7457, fine_3:11
    level=P3 cls=0 | coarse:213, fine_0:1155, fine_1:967, fine_2:8, fine_3:5
    level=P3 cls=1 | coarse:556, fine_0:2, fine_1:6701, fine_2:7297, fine_3:22
    level=P4 cls=0 | coarse:11, fine_2:11
    level=P4 cls=1 | coarse:1728, fine_0:12, fine_1:2, fine_2:1741, fine_3:1
  [fine-win rate] 41957/51638 embeddings preferred a fine proto over the coarse (81.3%)

Epoch 17
  [loss hits: which prototype was nearest each embedding]
    level=P2 cls=0 | coarse:7061, fine_0:720, fine_1:7750, fine_2:47, fine_3:56
    level=P2 cls=1 | coarse:923, fine_0:11, fine_1:8592, fine_2:7659, fine_3:9
    level=P3 cls=0 | coarse:164, fine_0:911, fine_1:787, fine_2:6
    level=P3 cls=1 | coarse:612, fine_1:6439, fine_2:7123, fine_3:12
    level=P4 cls=0 | coarse:26, fine_2:32
    level=P4 cls=1 | coarse:1338, fine_0:3, fine_1:2, fine_2:1341
  [fine-win rate] 41500/51624 embeddings preferred a fine proto over the coarse (80.4%)

Epoch 18
  [loss hits: which prototype was nearest each embedding]
    level=P2 cls=0 | coarse:6542, fine_0:601, fine_1:7718, fine_2:16, fine_3:51
    level=P2 cls=1 | coarse:732, fine_0:16, fine_1:7146, fine_2:6425, fine_3:7
    level=P3 cls=0 | coarse:85, fine_0:1049, fine_1:1014, fine_2:5, fine_3:3
    level=P3 cls=1 | coarse:508, fine_0:3, fine_1:7080, fine_2:7679, fine_3:10
    level=P4 cls=0 | coarse:27, fine_2:35
    level=P4 cls=1 | coarse:1362, fine_0:3, fine_2:1365
  [fine-win rate] 40226/49482 embeddings preferred a fine proto over the coarse (81.3%)

Epoch 19
  [loss hits: which prototype was nearest each embedding]
    level=P2 cls=0 | coarse:5170, fine_0:436, fine_1:7044, fine_2:17, fine_3:37
    level=P2 cls=1 | coarse:724, fine_0:6, fine_1:7680, fine_2:6949, fine_3:5
    level=P3 cls=0 | coarse:127, fine_0:1011, fine_1:933, fine_2:2, fine_3:1
    level=P3 cls=1 | coarse:338, fine_0:2, fine_1:6724, fine_2:7076, fine_3:6
    level=P4 cls=0 | coarse:15, fine_2:17
    level=P4 cls=1 | coarse:1510, fine_0:12, fine_1:1, fine_2:1523
  [fine-win rate] 39482/47366 embeddings preferred a fine proto over the coarse (83.4%)

Epoch 20
  [loss hits: which prototype was nearest each embedding]
    level=P2 cls=0 | coarse:6847, fine_0:672, fine_1:7921, fine_2:21, fine_3:67
    level=P2 cls=1 | coarse:747, fine_0:30, fine_1:8173, fine_2:7433, fine_3:9
    level=P3 cls=0 | coarse:117, fine_0:1008, fine_1:976, fine_2:5, fine_3:6
    level=P3 cls=1 | coarse:400, fine_0:2, fine_1:6976, fine_2:7418, fine_3:12
    level=P4 cls=0 | coarse:11, fine_2:11
    level=P4 cls=1 | coarse:1482, fine_0:2, fine_2:1484
  [fine-win rate] 42226/51830 embeddings preferred a fine proto over the coarse (81.5%)

Epoch 21
  [loss hits: which prototype was nearest each embedding]
    level=P2 cls=0 | coarse:5910, fine_0:563, fine_1:6954, fine_2:19, fine_3:50
    level=P2 cls=1 | coarse:812, fine_0:9, fine_1:7694, fine_2:6890, fine_3:5
    level=P3 cls=0 | coarse:92, fine_0:793, fine_1:737, fine_2:4
    level=P3 cls=1 | coarse:801, fine_0:2, fine_1:6832, fine_2:7710, fine_3:9
    level=P4 cls=0 | coarse:18, fine_2:18
    level=P4 cls=1 | coarse:1586, fine_0:1, fine_2:1587
  [fine-win rate] 39877/49096 embeddings preferred a fine proto over the coarse (81.2%)

Epoch 22
  [loss hits: which prototype was nearest each embedding]
    level=P2 cls=0 | coarse:6481, fine_0:631, fine_1:7524, fine_2:21, fine_3:45
    level=P2 cls=1 | coarse:599, fine_0:13, fine_1:6637, fine_2:6021, fine_3:6
    level=P3 cls=0 | coarse:80, fine_0:875, fine_1:827, fine_2:5, fine_3:3
    level=P3 cls=1 | coarse:399, fine_1:6393, fine_2:6873, fine_3:9
    level=P4 cls=0 | coarse:11, fine_2:11
    level=P4 cls=1 | coarse:1365, fine_0:2, fine_1:5, fine_2:1372
  [fine-win rate] 37273/46208 embeddings preferred a fine proto over the coarse (80.7%)

Epoch 23
  [loss hits: which prototype was nearest each embedding]
    level=P2 cls=0 | coarse:4624, fine_0:482, fine_1:7165, fine_2:17, fine_3:40
    level=P2 cls=1 | coarse:1023, fine_0:8, fine_1:7970, fine_2:6945, fine_3:4
    level=P3 cls=0 | coarse:61, fine_0:791, fine_1:763, fine_2:7, fine_3:2
    level=P3 cls=1 | coarse:395, fine_0:1, fine_1:6135, fine_2:6558, fine_3:15
    level=P4 cls=0 | coarse:10, fine_2:10
    level=P4 cls=1 | coarse:1527, fine_0:2, fine_2:1529
  [fine-win rate] 38444/46084 embeddings preferred a fine proto over the coarse (83.4%)

Epoch 24
  [loss hits: which prototype was nearest each embedding]
    level=P2 cls=0 | coarse:5472, fine_0:440, fine_1:7343, fine_2:19, fine_3:34
    level=P2 cls=1 | coarse:637, fine_0:17, fine_1:8043, fine_2:7406, fine_3:3
    level=P3 cls=0 | coarse:144, fine_0:1007, fine_1:900, fine_2:4, fine_3:3
    level=P3 cls=1 | coarse:339, fine_1:6215, fine_2:6603, fine_3:3
    level=P4 cls=0 | coarse:21, fine_2:21
    level=P4 cls=1 | coarse:1435, fine_0:4, fine_2:1439
  [fine-win rate] 39504/47552 embeddings preferred a fine proto over the coarse (83.1%)

Epoch 25
  [loss hits: which prototype was nearest each embedding]
    level=P2 cls=0 | coarse:5857, fine_0:494, fine_1:7758, fine_2:16, fine_3:43
    level=P2 cls=1 | coarse:1446, fine_0:8, fine_1:8121, fine_2:6670, fine_3:3
    level=P3 cls=0 | coarse:40, fine_0:794, fine_1:786, fine_2:2, fine_3:2
    level=P3 cls=1 | coarse:472, fine_0:1, fine_1:6729, fine_2:7221, fine_3:43
    level=P4 cls=0 | coarse:19, fine_2:23
    level=P4 cls=1 | coarse:1349, fine_1:1, fine_2:1349, fine_3:1
  [fine-win rate] 40065/49248 embeddings preferred a fine proto over the coarse (81.4%)

Epoch 26
  [loss hits: which prototype was nearest each embedding]
    level=P2 cls=0 | coarse:6469, fine_0:555, fine_1:7894, fine_2:13, fine_3:31
    level=P2 cls=1 | coarse:807, fine_0:24, fine_1:6429, fine_2:5631, fine_3:5
    level=P3 cls=0 | coarse:131, fine_0:1086, fine_1:1042, fine_2:4, fine_3:1
    level=P3 cls=1 | coarse:439, fine_0:1, fine_1:6818, fine_2:7310, fine_3:8
    level=P4 cls=0 | coarse:24, fine_2:30
    level=P4 cls=1 | coarse:1449, fine_0:1, fine_2:1450
  [fine-win rate] 38333/47652 embeddings preferred a fine proto over the coarse (80.4%)

Epoch 27
  [loss hits: which prototype was nearest each embedding]
    level=P2 cls=0 | coarse:4702, fine_0:452, fine_1:6852, fine_2:20, fine_3:40
    level=P2 cls=1 | coarse:785, fine_0:15, fine_1:7206, fine_2:6419, fine_3:3
    level=P3 cls=0 | coarse:53, fine_0:905, fine_1:885, fine_2:4, fine_3:3
    level=P3 cls=1 | coarse:335, fine_0:1, fine_1:6607, fine_2:7010, fine_3:9
    level=P4 cls=0 | coarse:7, fine_2:9
    level=P4 cls=1 | coarse:1539, fine_0:1, fine_2:1540
  [fine-win rate] 37981/45402 embeddings preferred a fine proto over the coarse (83.7%)

Epoch 28
  [loss hits: which prototype was nearest each embedding]
    level=P2 cls=0 | coarse:5609, fine_0:453, fine_1:7526, fine_2:12, fine_3:58
    level=P2 cls=1 | coarse:632, fine_0:29, fine_1:7777, fine_2:7159, fine_3:7
    level=P3 cls=0 | coarse:58, fine_0:1260, fine_1:1253, fine_2:4, fine_3:1
    level=P3 cls=1 | coarse:544, fine_0:1, fine_1:6581, fine_2:7183, fine_3:19
    level=P4 cls=0 | coarse:10, fine_2:10
    level=P4 cls=1 | coarse:1554, fine_2:1554
  [fine-win rate] 40887/49294 embeddings preferred a fine proto over the coarse (82.9%)

Epoch 29
  [loss hits: which prototype was nearest each embedding]
    level=P2 cls=0 | coarse:6799, fine_0:737, fine_1:8185, fine_2:13, fine_3:20
    level=P2 cls=1 | coarse:793, fine_0:11, fine_1:7341, fine_2:6543, fine_3:2
    level=P3 cls=0 | coarse:60, fine_0:1068, fine_1:1077, fine_2:5
    level=P3 cls=1 | coarse:446, fine_1:6529, fine_2:7025, fine_3:8
    level=P4 cls=0 | coarse:13, fine_2:13
    level=P4 cls=1 | coarse:1378, fine_0:2, fine_2:1380
  [fine-win rate] 39959/49448 embeddings preferred a fine proto over the coarse (80.8%)

Epoch 30
  [loss hits: which prototype was nearest each embedding]
    level=P2 cls=0 | coarse:5752, fine_0:439, fine_1:8186, fine_2:15, fine_3:36
    level=P2 cls=1 | coarse:491, fine_0:15, fine_1:7292, fine_2:6802, fine_3:4
    level=P3 cls=0 | coarse:71, fine_0:914, fine_1:871, fine_2:6, fine_3:2
    level=P3 cls=1 | coarse:498, fine_0:1, fine_1:7057, fine_2:7590, fine_3:8
    level=P4 cls=0 | coarse:12, fine_2:12
    level=P4 cls=1 | coarse:1590, fine_2:1590
  [fine-win rate] 40840/49254 embeddings preferred a fine proto over the coarse (82.9%)

Epoch 31
  [loss hits: which prototype was nearest each embedding]
    level=P2 cls=0 | coarse:6420, fine_0:503, fine_1:7469, fine_2:19, fine_3:55
    level=P2 cls=1 | coarse:613, fine_0:10, fine_1:7768, fine_2:7153, fine_3:6
    level=P3 cls=0 | coarse:57, fine_0:1107, fine_1:1106, fine_2:7, fine_3:1
    level=P3 cls=1 | coarse:461, fine_0:2, fine_1:6535, fine_2:7059, fine_3:9
    level=P4 cls=0 | coarse:10, fine_2:10
    level=P4 cls=1 | coarse:1359, fine_0:1, fine_2:1360
  [fine-win rate] 40180/49100 embeddings preferred a fine proto over the coarse (81.8%)

Epoch 32
  [loss hits: which prototype was nearest each embedding]
    level=P2 cls=0 | coarse:5264, fine_0:559, fine_1:7237, fine_2:4, fine_3:26
    level=P2 cls=1 | coarse:521, fine_0:7, fine_1:6922, fine_2:6397, fine_3:5
    level=P3 cls=0 | coarse:55, fine_0:962, fine_1:956, fine_2:4, fine_3:3
    level=P3 cls=1 | coarse:488, fine_0:2, fine_1:6496, fine_2:7059, fine_3:7
    level=P4 cls=0 | coarse:15, fine_2:15
    level=P4 cls=1 | coarse:1684, fine_0:2, fine_2:1686
  [fine-win rate] 38349/46376 embeddings preferred a fine proto over the coarse (82.7%)

Epoch 33
  [loss hits: which prototype was nearest each embedding]
    level=P2 cls=0 | coarse:6825, fine_0:590, fine_1:8087, fine_2:13, fine_3:31
    level=P2 cls=1 | coarse:472, fine_0:3, fine_1:7472, fine_2:6990, fine_3:5
    level=P3 cls=0 | coarse:53, fine_0:1073, fine_1:1062, fine_2:2
    level=P3 cls=1 | coarse:362, fine_1:6286, fine_2:6671, fine_3:13
    level=P4 cls=0 | coarse:22, fine_2:22
    level=P4 cls=1 | coarse:1404, fine_0:1, fine_2:1405
  [fine-win rate] 39726/48864 embeddings preferred a fine proto over the coarse (81.3%)

Epoch 34
  [loss hits: which prototype was nearest each embedding]
    level=P2 cls=0 | coarse:5553, fine_0:453, fine_1:7113, fine_2:21, fine_3:22
    level=P2 cls=1 | coarse:605, fine_0:8, fine_1:8160, fine_2:7540, fine_3:9
    level=P3 cls=0 | coarse:55, fine_0:1026, fine_1:1032, fine_2:6, fine_3:3
    level=P3 cls=1 | coarse:413, fine_0:2, fine_1:6737, fine_2:7154, fine_3:4
    level=P4 cls=0 | coarse:46, fine_2:46
    level=P4 cls=1 | coarse:1427, fine_0:4, fine_2:1431
  [fine-win rate] 40771/48870 embeddings preferred a fine proto over the coarse (83.4%)

Epoch 35
  [loss hits: which prototype was nearest each embedding]
    level=P2 cls=0 | coarse:5325, fine_0:389, fine_1:7195, fine_2:4, fine_3:11
    level=P2 cls=1 | coarse:404, fine_0:10, fine_1:8154, fine_2:7741, fine_3:3
    level=P3 cls=0 | coarse:30, fine_0:538, fine_1:545, fine_2:1, fine_3:2
    level=P3 cls=1 | coarse:251, fine_1:6460, fine_2:6732, fine_3:5
    level=P4 cls=0 | coarse:11, fine_2:11
    level=P4 cls=1 | coarse:1365, fine_0:2, fine_2:1367
  [fine-win rate] 39170/46556 embeddings preferred a fine proto over the coarse (84.1%)

Epoch 36
  [loss hits: which prototype was nearest each embedding]
    level=P2 cls=0 | coarse:5922, fine_0:434, fine_1:8214, fine_2:11, fine_3:25
    level=P2 cls=1 | coarse:413, fine_0:12, fine_1:8919, fine_2:8517, fine_3:9
    level=P3 cls=0 | coarse:44, fine_0:662, fine_1:663, fine_3:1
    level=P3 cls=1 | coarse:310, fine_1:6373, fine_2:6720, fine_3:9
    level=P4 cls=0 | coarse:44, fine_2:44
    level=P4 cls=1 | coarse:1695, fine_2:1695
  [fine-win rate] 42308/50736 embeddings preferred a fine proto over the coarse (83.4%)

Epoch 37
  [loss hits: which prototype was nearest each embedding]
    level=P2 cls=0 | coarse:6032, fine_0:516, fine_1:8095, fine_2:8, fine_3:19
    level=P2 cls=1 | coarse:354, fine_0:9, fine_1:7673, fine_2:7314, fine_3:2
    level=P3 cls=0 | coarse:33, fine_0:790, fine_1:790, fine_3:1
    level=P3 cls=1 | coarse:321, fine_0:2, fine_1:6260, fine_2:6610, fine_3:5
    level=P4 cls=0 | coarse:19, fine_2:19
    level=P4 cls=1 | coarse:1440, fine_0:1, fine_2:1441
  [fine-win rate] 39555/47754 embeddings preferred a fine proto over the coarse (82.8%)

Epoch 38
  [loss hits: which prototype was nearest each embedding]
    level=P2 cls=0 | coarse:5804, fine_0:578, fine_1:8053, fine_2:8, fine_3:21
    level=P2 cls=1 | coarse:664, fine_0:8, fine_1:8049, fine_2:7386, fine_3:3
    level=P3 cls=0 | coarse:34, fine_0:924, fine_1:913, fine_3:1
    level=P3 cls=1 | coarse:354, fine_0:2, fine_1:6707, fine_2:7080, fine_3:13
    level=P4 cls=0 | coarse:7, fine_2:7
    level=P4 cls=1 | coarse:1200, fine_0:1, fine_2:1201
  [fine-win rate] 40955/49018 embeddings preferred a fine proto over the coarse (83.6%)

Epoch 39
  [loss hits: which prototype was nearest each embedding]
    level=P2 cls=0 | coarse:6926, fine_0:511, fine_1:8821, fine_2:8, fine_3:22
    level=P2 cls=1 | coarse:497, fine_0:2, fine_1:6997, fine_2:6495, fine_3:5
    level=P3 cls=0 | coarse:22, fine_0:1009, fine_1:1011, fine_2:2
    level=P3 cls=1 | coarse:294, fine_1:6926, fine_2:7264, fine_3:8
    level=P4 cls=0 | coarse:24, fine_2:26
    level=P4 cls=1 | coarse:1691, fine_2:1691
  [fine-win rate] 40798/50252 embeddings preferred a fine proto over the coarse (81.2%)

Epoch 40
  [loss hits: which prototype was nearest each embedding]
    level=P2 cls=0 | coarse:6766, fine_0:622, fine_1:8514, fine_2:5, fine_3:15
    level=P2 cls=1 | coarse:587, fine_0:4, fine_1:7767, fine_2:7173, fine_3:3
    level=P3 cls=0 | coarse:33, fine_0:954, fine_1:937, fine_3:2
    level=P3 cls=1 | coarse:282, fine_1:6598, fine_2:6906, fine_3:16
    level=P4 cls=0 | coarse:20, fine_2:22
    level=P4 cls=1 | coarse:1458, fine_2:1458
  [fine-win rate] 40996/50142 embeddings preferred a fine proto over the coarse (81.8%)

Epoch 41
  [loss hits: which prototype was nearest each embedding]
    level=P2 cls=0 | coarse:3363, fine_0:196, fine_1:4854, fine_2:1, fine_3:6
    level=P2 cls=1 | coarse:157, fine_0:4, fine_1:3216, fine_2:3061
    level=P3 cls=0 | coarse:76, fine_0:837, fine_1:808, fine_2:5
    level=P3 cls=1 | coarse:177, fine_0:1, fine_1:5042, fine_2:5234
    level=P4 cls=0 | coarse:27, fine_2:27
    level=P4 cls=1 | coarse:1610, fine_0:5, fine_2:1619
  [fine-win rate] 24916/30326 embeddings preferred a fine proto over the coarse (82.2%)

Epoch 42
  [loss hits: which prototype was nearest each embedding]
    level=P2 cls=0 | coarse:3471, fine_0:346, fine_1:4606, fine_2:7, fine_3:16
    level=P2 cls=1 | coarse:145, fine_0:2, fine_1:3649, fine_2:3505, fine_3:1
    level=P3 cls=0 | coarse:29, fine_0:927, fine_1:920, fine_2:2, fine_3:4
    level=P3 cls=1 | coarse:237, fine_1:4610, fine_2:4863, fine_3:2
    level=P4 cls=0 | coarse:33, fine_2:33
    level=P4 cls=1 | coarse:1594, fine_2:1594
  [fine-win rate] 25087/30596 embeddings preferred a fine proto over the coarse (82.0%)

Epoch 43
  [loss hits: which prototype was nearest each embedding]
    level=P2 cls=0 | coarse:3714, fine_0:225, fine_1:4595, fine_2:7, fine_3:3
    level=P2 cls=1 | coarse:152, fine_1:3587, fine_2:3432, fine_3:1
    level=P3 cls=0 | coarse:25, fine_0:825, fine_1:817, fine_2:2, fine_3:1
    level=P3 cls=1 | coarse:188, fine_1:4819, fine_2:5023, fine_3:2
    level=P4 cls=0 | coarse:51, fine_2:51
    level=P4 cls=1 | coarse:1447, fine_0:4, fine_2:1451
  [fine-win rate] 24845/30422 embeddings preferred a fine proto over the coarse (81.7%)

Epoch 44
  [loss hits: which prototype was nearest each embedding]
    level=P2 cls=0 | coarse:3512, fine_0:244, fine_1:4260, fine_2:4, fine_3:2
    level=P2 cls=1 | coarse:156, fine_0:1, fine_1:3333, fine_2:3178
    level=P3 cls=0 | coarse:31, fine_0:1160, fine_1:1147, fine_3:4
    level=P3 cls=1 | coarse:184, fine_1:4872, fine_2:5067, fine_3:1
    level=P4 cls=0 | coarse:18, fine_2:18
    level=P4 cls=1 | coarse:1709, fine_0:6, fine_2:1715
  [fine-win rate] 25012/30622 embeddings preferred a fine proto over the coarse (81.7%)

Epoch 45
  [loss hits: which prototype was nearest each embedding]
    level=P2 cls=0 | coarse:3083, fine_0:228, fine_1:4346, fine_2:4, fine_3:5
    level=P2 cls=1 | coarse:173, fine_1:3212, fine_2:3037
    level=P3 cls=0 | coarse:38, fine_0:1210, fine_1:1206
    level=P3 cls=1 | coarse:225, fine_1:5208, fine_2:5436, fine_3:13
    level=P4 cls=0 | coarse:36, fine_2:36
    level=P4 cls=1 | coarse:1443, fine_0:1, fine_1:1, fine_2:1445
  [fine-win rate] 25388/30386 embeddings preferred a fine proto over the coarse (83.6%)

Epoch 46
  [loss hits: which prototype was nearest each embedding]
    level=P2 cls=0 | coarse:3537, fine_0:265, fine_1:4481, fine_2:4, fine_3:5
    level=P2 cls=1 | coarse:110, fine_0:1, fine_1:3306, fine_2:3196, fine_3:1
    level=P3 cls=0 | coarse:21, fine_0:1072, fine_1:1064, fine_2:2, fine_3:1
    level=P3 cls=1 | coarse:186, fine_1:5117, fine_2:5309, fine_3:4
    level=P4 cls=0 | coarse:7, fine_2:7
    level=P4 cls=1 | coarse:1479, fine_0:5, fine_2:1484
  [fine-win rate] 25324/30664 embeddings preferred a fine proto over the coarse (82.6%)

Epoch 47
  [loss hits: which prototype was nearest each embedding]
    level=P2 cls=0 | coarse:3521, fine_0:244, fine_1:4797, fine_2:5, fine_3:5
    level=P2 cls=1 | coarse:206, fine_0:3, fine_1:3434, fine_2:3229
    level=P3 cls=0 | coarse:30, fine_0:961, fine_1:948, fine_2:1, fine_3:6
    level=P3 cls=1 | coarse:201, fine_1:5186, fine_2:5403
    level=P4 cls=0 | coarse:13, fine_2:13
    level=P4 cls=1 | coarse:1256, fine_0:4, fine_2:1260
  [fine-win rate] 25499/30726 embeddings preferred a fine proto over the coarse (83.0%)

Epoch 48
  [loss hits: which prototype was nearest each embedding]
    level=P2 cls=0 | coarse:3654, fine_0:247, fine_1:5077, fine_2:5, fine_3:3
    level=P2 cls=1 | coarse:243, fine_0:1, fine_1:3310, fine_2:3063, fine_3:1
    level=P3 cls=0 | coarse:32, fine_0:711, fine_1:688, fine_3:5
    level=P3 cls=1 | coarse:240, fine_1:5074, fine_2:5331, fine_3:1
    level=P4 cls=0 | coarse:5, fine_2:5
    level=P4 cls=1 | coarse:1416, fine_0:2, fine_2:1418
  [fine-win rate] 24942/30532 embeddings preferred a fine proto over the coarse (81.7%)

Epoch 49
  [loss hits: which prototype was nearest each embedding]
    level=P2 cls=0 | coarse:3409, fine_0:210, fine_1:4523, fine_2:4, fine_3:6
    level=P2 cls=1 | coarse:195, fine_0:1, fine_1:3306, fine_2:3110
    level=P3 cls=0 | coarse:34, fine_0:1029, fine_1:1018, fine_3:1
    level=P3 cls=1 | coarse:195, fine_1:5005, fine_2:5231, fine_3:3
    level=P4 cls=0 | coarse:27, fine_2:27
    level=P4 cls=1 | coarse:1556, fine_0:3, fine_2:1559
  [fine-win rate] 25036/30452 embeddings preferred a fine proto over the coarse (82.2%)

Epoch 50
  [loss hits: which prototype was nearest each embedding]
    level=P2 cls=0 | coarse:3466, fine_0:169, fine_1:4526, fine_2:5, fine_3:4
    level=P2 cls=1 | coarse:194, fine_0:4, fine_1:3445, fine_2:3252, fine_3:3
    level=P3 cls=0 | coarse:22, fine_0:1037, fine_1:1036, fine_2:3
    level=P3 cls=1 | coarse:249, fine_1:4598, fine_2:4890, fine_3:1
    level=P4 cls=0 | coarse:17, fine_2:17
    level=P4 cls=1 | coarse:1704, fine_0:5, fine_2:1709
  [fine-win rate] 24704/30356 embeddings preferred a fine proto over the coarse (81.4%)

