Epoch 1
  [loss hits: which prototype was nearest each embedding]
    level=P2 cls=0 | coarse:7716, fine_0:3009, fine_1:3853, fine_2:1801, fine_3:6137
    level=P2 cls=1 | coarse:6527, fine_0:581, fine_1:2724, fine_2:4614, fine_3:1142
    level=P3 cls=0 | coarse:2, fine_0:5, fine_1:2, fine_2:4, fine_3:3
    level=P3 cls=1 | coarse:832, fine_0:194, fine_1:435, fine_2:1080, fine_3:399
    level=P4 cls=1 | coarse:28, fine_0:5, fine_1:73, fine_2:98
  [fine-win rate] 26159/41264 embeddings preferred a fine proto over the coarse (63.4%)

Epoch 2
  [loss hits: which prototype was nearest each embedding]
    level=P2 cls=0 | coarse:9033, fine_0:3709, fine_1:2947, fine_2:1883, fine_3:3944
    level=P2 cls=1 | coarse:5444, fine_0:350, fine_1:3736, fine_2:5728, fine_3:510
    level=P3 cls=0 | coarse:65, fine_0:223, fine_1:77, fine_2:65, fine_3:8
    level=P3 cls=1 | coarse:922, fine_1:618, fine_2:1049, fine_3:207
    level=P4 cls=1 | coarse:29, fine_0:60, fine_1:13, fine_2:94
  [fine-win rate] 25221/40714 embeddings preferred a fine proto over the coarse (61.9%)

Epoch 3
  [loss hits: which prototype was nearest each embedding]
    level=P2 cls=0 | coarse:6856, fine_0:6279, fine_1:1497, fine_2:1386, fine_3:3564
    level=P2 cls=1 | coarse:4357, fine_0:548, fine_1:3790, fine_2:5840, fine_3:693
    level=P3 cls=0 | coarse:30, fine_0:136, fine_1:129, fine_2:49, fine_3:6
    level=P3 cls=1 | coarse:1242, fine_0:15, fine_1:588, fine_2:1472, fine_3:331
    level=P4 cls=1 | coarse:40, fine_0:16, fine_1:4, fine_2:60
  [fine-win rate] 26403/38928 embeddings preferred a fine proto over the coarse (67.8%)

Epoch 4
  [loss hits: which prototype was nearest each embedding]
    level=P2 cls=0 | coarse:9101, fine_0:5103, fine_1:1263, fine_2:1355, fine_3:3462
    level=P2 cls=1 | coarse:3526, fine_0:469, fine_1:5679, fine_2:5610, fine_3:314
    level=P3 cls=0 | fine_0:1, fine_1:1
    level=P3 cls=1 | coarse:1295, fine_0:8, fine_1:328, fine_2:546, fine_3:719
    level=P4 cls=1 | coarse:1, fine_2:1
  [fine-win rate] 24859/38782 embeddings preferred a fine proto over the coarse (64.1%)

Epoch 5
  [loss hits: which prototype was nearest each embedding]
    level=P2 cls=0 | coarse:8663, fine_0:8138, fine_1:785, fine_2:946, fine_3:2716
    level=P2 cls=1 | coarse:2847, fine_0:188, fine_1:4108, fine_2:5720, fine_3:413
    level=P3 cls=0 | coarse:15, fine_0:75, fine_1:142, fine_2:26, fine_3:28
    level=P3 cls=1 | coarse:668, fine_0:13, fine_1:512, fine_2:451, fine_3:362
    level=P4 cls=1 | coarse:14, fine_0:9, fine_1:4, fine_2:23, fine_3:2
  [fine-win rate] 24661/36868 embeddings preferred a fine proto over the coarse (66.9%)

Epoch 6
  [loss hits: which prototype was nearest each embedding]
    level=P2 cls=0 | coarse:10247, fine_0:7211, fine_1:910, fine_2:1108, fine_3:2862
    level=P2 cls=1 | coarse:3077, fine_0:471, fine_1:4703, fine_2:7669, fine_3:446
    level=P3 cls=0 | coarse:22, fine_0:15, fine_1:18, fine_2:29, fine_3:16
    level=P3 cls=1 | coarse:1417, fine_0:3, fine_1:189, fine_2:1139, fine_3:492
    level=P4 cls=1 | coarse:33, fine_0:66, fine_1:1, fine_2:100
  [fine-win rate] 27448/42244 embeddings preferred a fine proto over the coarse (65.0%)

Epoch 7
  [loss hits: which prototype was nearest each embedding]
    level=P2 cls=0 | coarse:10230, fine_0:7722, fine_1:1485, fine_2:652, fine_3:1727
    level=P2 cls=1 | coarse:3710, fine_0:441, fine_1:3814, fine_2:7713, fine_3:918
    level=P3 cls=0 | coarse:3, fine_0:13, fine_1:16, fine_2:10, fine_3:2
    level=P3 cls=1 | coarse:1524, fine_0:1, fine_1:445, fine_2:1517, fine_3:555
    level=P4 cls=1 | coarse:73, fine_0:46, fine_1:17, fine_2:121, fine_3:3
  [fine-win rate] 27218/42758 embeddings preferred a fine proto over the coarse (63.7%)

Epoch 8
  [loss hits: which prototype was nearest each embedding]
    level=P2 cls=0 | coarse:11973, fine_0:7410, fine_1:1279, fine_2:847, fine_3:3217
    level=P2 cls=1 | coarse:2368, fine_0:377, fine_1:4070, fine_2:6364, fine_3:319
    level=P3 cls=0 | coarse:10, fine_0:18, fine_1:45, fine_2:9, fine_3:10
    level=P3 cls=1 | coarse:1021, fine_0:12, fine_1:481, fine_2:1208, fine_3:344
    level=P4 cls=1 | coarse:7, fine_0:47, fine_2:54
  [fine-win rate] 26111/41490 embeddings preferred a fine proto over the coarse (62.9%)

Epoch 9
  [loss hits: which prototype was nearest each embedding]
    level=P2 cls=0 | coarse:8668, fine_0:7128, fine_1:1060, fine_2:579, fine_3:1785
    level=P2 cls=1 | coarse:2316, fine_0:413, fine_1:2448, fine_2:6304, fine_3:809
    level=P3 cls=0 | coarse:3, fine_0:10, fine_1:11, fine_2:15, fine_3:5
    level=P3 cls=1 | coarse:628, fine_0:1, fine_1:881, fine_2:1369, fine_3:103
    level=P4 cls=1 | fine_0:1, fine_2:1
  [fine-win rate] 22923/34538 embeddings preferred a fine proto over the coarse (66.4%)

Epoch 10
  [loss hits: which prototype was nearest each embedding]
    level=P2 cls=0 | coarse:9841, fine_0:8373, fine_1:1285, fine_2:583, fine_3:2414
    level=P2 cls=1 | coarse:2497, fine_0:222, fine_1:3285, fine_2:6442, fine_3:486
    level=P3 cls=0 | coarse:48, fine_0:104, fine_1:150, fine_2:61, fine_3:15
    level=P3 cls=1 | coarse:757, fine_1:318, fine_2:881, fine_3:168
    level=P4 cls=1 | coarse:1, fine_0:54, fine_2:55
  [fine-win rate] 24896/38040 embeddings preferred a fine proto over the coarse (65.4%)

Epoch 11
  [loss hits: which prototype was nearest each embedding]
    level=P2 cls=0 | coarse:9495, fine_0:6470, fine_1:1704, fine_2:378, fine_3:1625
    level=P2 cls=1 | coarse:3229, fine_0:129, fine_1:4868, fine_2:6793, fine_3:277
    level=P3 cls=0 | coarse:25, fine_0:19, fine_1:74, fine_2:27, fine_3:9
    level=P3 cls=1 | coarse:1090, fine_0:2, fine_1:390, fine_2:1085, fine_3:291
    level=P4 cls=1 | coarse:122, fine_0:154, fine_2:276
  [fine-win rate] 24571/38532 embeddings preferred a fine proto over the coarse (63.8%)

Epoch 12
  [loss hits: which prototype was nearest each embedding]
    level=P2 cls=0 | coarse:12130, fine_0:5583, fine_1:1614, fine_2:445, fine_3:2092
    level=P2 cls=1 | coarse:1342, fine_0:321, fine_1:3202, fine_2:4010, fine_3:339
    level=P3 cls=0 | coarse:21, fine_0:28, fine_1:81, fine_2:39, fine_3:1
    level=P3 cls=1 | coarse:1172, fine_0:6, fine_1:230, fine_2:1384, fine_3:324
    level=P4 cls=1 | coarse:49, fine_0:10, fine_2:59
  [fine-win rate] 19768/34482 embeddings preferred a fine proto over the coarse (57.3%)

Epoch 13
  [loss hits: which prototype was nearest each embedding]
    level=P2 cls=0 | coarse:8368, fine_0:7118, fine_1:1073, fine_2:501, fine_3:1870
    level=P2 cls=1 | coarse:2958, fine_0:155, fine_1:4764, fine_2:6353, fine_3:304
    level=P3 cls=0 | coarse:92, fine_0:147, fine_1:280, fine_2:121, fine_3:18
    level=P3 cls=1 | coarse:1671, fine_0:3, fine_1:168, fine_2:1550, fine_3:300
    level=P4 cls=1 | coarse:1, fine_0:8, fine_2:9
  [fine-win rate] 24742/37832 embeddings preferred a fine proto over the coarse (65.4%)

Epoch 14
  [loss hits: which prototype was nearest each embedding]
    level=P2 cls=0 | coarse:7827, fine_0:6798, fine_1:798, fine_2:328, fine_3:1237
    level=P2 cls=1 | coarse:2549, fine_0:155, fine_1:5670, fine_2:6353, fine_3:155
    level=P3 cls=0 | coarse:24, fine_0:60, fine_1:124, fine_2:63, fine_3:5
    level=P3 cls=1 | coarse:2044, fine_0:2, fine_1:206, fine_2:1843, fine_3:713
    level=P4 cls=1 | coarse:23, fine_0:32, fine_2:55
  [fine-win rate] 24597/37064 embeddings preferred a fine proto over the coarse (66.4%)

Epoch 15
  [loss hits: which prototype was nearest each embedding]
    level=P2 cls=0 | coarse:8304, fine_0:6538, fine_1:1048, fine_2:200, fine_3:1188
    level=P2 cls=1 | coarse:2637, fine_0:300, fine_1:5366, fine_2:7791, fine_3:302
    level=P3 cls=0 | coarse:29, fine_0:125, fine_1:110, fine_2:74, fine_3:2
    level=P3 cls=1 | coarse:956, fine_1:241, fine_2:1266, fine_3:51
    level=P4 cls=1 | coarse:8, fine_0:48, fine_2:56
  [fine-win rate] 24706/36640 embeddings preferred a fine proto over the coarse (67.4%)

Epoch 16
  [loss hits: which prototype was nearest each embedding]
    level=P2 cls=0 | coarse:8769, fine_0:6068, fine_1:1216, fine_2:245, fine_3:1328
    level=P2 cls=1 | coarse:2509, fine_0:225, fine_1:5469, fine_2:10293, fine_3:272
    level=P3 cls=0 | coarse:26, fine_0:42, fine_1:25, fine_2:18, fine_3:1
    level=P3 cls=1 | coarse:1038, fine_0:2, fine_1:303, fine_2:1169, fine_3:238
    level=P4 cls=1 | coarse:25, fine_0:39, fine_2:64
  [fine-win rate] 27017/39384 embeddings preferred a fine proto over the coarse (68.6%)

Epoch 17
  [loss hits: which prototype was nearest each embedding]
    level=P2 cls=0 | coarse:9376, fine_0:7703, fine_1:2137, fine_2:290, fine_3:1106
    level=P2 cls=1 | coarse:1675, fine_0:213, fine_1:4661, fine_2:10233, fine_3:250
    level=P3 cls=0 | coarse:2, fine_0:5, fine_1:5, fine_2:6, fine_3:2
    level=P3 cls=1 | coarse:710, fine_0:1, fine_1:629, fine_2:1221, fine_3:277
    level=P4 cls=1 | coarse:9, fine_0:25, fine_2:34
  [fine-win rate] 28798/40570 embeddings preferred a fine proto over the coarse (71.0%)

Epoch 18
  [loss hits: which prototype was nearest each embedding]
    level=P2 cls=0 | coarse:10706, fine_0:8209, fine_1:914, fine_2:301, fine_3:1608
    level=P2 cls=1 | coarse:1850, fine_0:262, fine_1:6854, fine_2:7623, fine_3:189
    level=P3 cls=0 | coarse:41, fine_0:19, fine_1:26, fine_2:21, fine_3:5
    level=P3 cls=1 | coarse:985, fine_0:2, fine_1:702, fine_2:1817, fine_3:236
    level=P4 cls=1 | coarse:1, fine_0:2, fine_2:3
  [fine-win rate] 28793/42376 embeddings preferred a fine proto over the coarse (67.9%)

Epoch 19
  [loss hits: which prototype was nearest each embedding]
    level=P2 cls=0 | coarse:8226, fine_0:6997, fine_1:1273, fine_2:169, fine_3:895
    level=P2 cls=1 | coarse:1328, fine_0:148, fine_1:3161, fine_2:5867, fine_3:270
    level=P3 cls=0 | coarse:2, fine_0:3, fine_1:3, fine_2:1, fine_3:1
    level=P3 cls=1 | coarse:358, fine_0:10, fine_1:1092, fine_2:1261, fine_3:213
    level=P4 cls=1 | coarse:1, fine_0:5, fine_2:6
  [fine-win rate] 21375/31290 embeddings preferred a fine proto over the coarse (68.3%)

Epoch 20
  [loss hits: which prototype was nearest each embedding]
    level=P2 cls=0 | coarse:10107, fine_0:6217, fine_1:950, fine_2:202, fine_3:1186
    level=P2 cls=1 | coarse:1800, fine_0:280, fine_1:4303, fine_2:7670, fine_3:137
    level=P3 cls=0 | coarse:8, fine_0:9, fine_1:7, fine_2:5, fine_3:1
    level=P3 cls=1 | coarse:711, fine_0:2, fine_1:1448, fine_2:1645, fine_3:492
    level=P4 cls=1 | coarse:1, fine_2:1
  [fine-win rate] 24555/37182 embeddings preferred a fine proto over the coarse (66.0%)

Epoch 21
  [loss hits: which prototype was nearest each embedding]
    level=P2 cls=0 | coarse:11708, fine_0:9493, fine_1:1374, fine_2:237, fine_3:1154
    level=P2 cls=1 | coarse:1842, fine_0:115, fine_1:5295, fine_2:8890, fine_3:288
    level=P3 cls=0 | coarse:27, fine_0:4, fine_1:59, fine_2:32, fine_3:2
    level=P3 cls=1 | coarse:597, fine_0:4, fine_1:1650, fine_2:2031, fine_3:300
    level=P4 cls=1 | coarse:3, fine_2:3
  [fine-win rate] 30931/45108 embeddings preferred a fine proto over the coarse (68.6%)

Epoch 22
  [loss hits: which prototype was nearest each embedding]
    level=P2 cls=0 | coarse:9195, fine_0:6245, fine_1:1680, fine_2:199, fine_3:989
    level=P2 cls=1 | coarse:1604, fine_0:184, fine_1:3770, fine_2:6367, fine_3:223
    level=P3 cls=0 | coarse:22, fine_0:4, fine_1:33, fine_2:11, fine_3:4
    level=P3 cls=1 | coarse:966, fine_1:604, fine_2:1514, fine_3:248
    level=P4 cls=1 | fine_0:5, fine_2:5
  [fine-win rate] 22085/33872 embeddings preferred a fine proto over the coarse (65.2%)

